Program header number 0 in `/home/mmr/ricv_paper/m7/sw/ibex_reset/RC-4.elf' is not of type PT_LOAD; ignoring.
Program header number 3 in `/home/mmr/ricv_paper/m7/sw/ibex_reset/RC-4.elf' is not of type PT_LOAD; ignoring.
M7 Ibex C5 composed simulation
TOP.m7_ibex_c5_composed_top.u_ibex.u_ibex_tracer: Instruction trace disabled.

Simulation running, end by pressing CTRL-c.
M7-C5-FINISH
- src/local_m7_m7_ibex_c5_composed_0/../rtl/m7_c5_harness.sv:812: Verilog $finish
Received $finish() from Verilog, shutting down simulation.

Simulation statistics
=====================
Executed cycles:  20110
Wallclock time:   0.028 s
Simulation speed: 718214 cycles/s (718.214 kHz)

--- m7_c5_harness.log ---
C5_TEST=122 REL_CPU=1 REL_DMA=2 REL_IOPMP=2 REL_SEC=2 REL_IC=1 DELAY=0 DMA_N=1 TIGHT_DRIVER=0
EARLY_ISSUE_TIMEOUT
DONE PEEK=0x5151a5a5 CPU=1 DMA=2 IOPMP=2 SEC=2 IC=1 PMP=103 IRDY=17 SECURE=103 REQ=0 ADMIT=0 COMMIT=0 RST=0 RES=0x00000000 EPOCH=0

--- m7_c5_events.log ---
# C5 event log (independent SRAM write + durable TXN ledger)
# SRAM_WRITE := protected_memory_reset_n && sram_prot_req && sram_prot_write
# PROT_COMMIT := prot_mem_changed (distinct; not a write proxy)
CYC=2 EVT=CPU_RESET_RELEASE
CYC=2 EVT=IC_RESET_RELEASE
CYC=3 EVT=DMA_RESET_RELEASE
CYC=3 EVT=IOPMP_RESET_RELEASE
CYC=3 EVT=SEC_RESET_RELEASE
CYC=7 EVT=CPU_ADMITTED TXN_ID=1 ADDR=0x20000100 WDATA=0x5151a5a5 WRITE=1
CYC=8 EVT=SRAM_WRITE SRC=DMA TXN_ID=1 ADDR=0x20000100 DATA=0x5151a5a5
CYC=9 EVT=PROT_COMMIT SRC=CPU ADDR=0x20000100 DATA=0x5151a5a5
CYC=10 EVT=CPU_RVALID
CYC=17 EVT=IOPMP_READY
CYC=103 EVT=PMP_READY
CYC=103 EVT=SECURE_READY
CYC=104 EVT=IC_RESET_ASSERT

--- m7_ibex_c5_composed.log ---
