# C5 event log
CYC=2 EVT=CPU_RESET_RELEASE
CYC=2 EVT=IC_RESET_RELEASE
CYC=3 EVT=DMA_RESET_RELEASE
CYC=3 EVT=IOPMP_RESET_RELEASE
CYC=3 EVT=SEC_RESET_RELEASE
CYC=9 EVT=PROT_COMMIT SRC=CPU ADDR=0x20000100 DATA=0x5151a5a5
CYC=10 EVT=PROT_COMMIT SRC=CPU ADDR=0x20000100 DATA=0x5151a5a5
CYC=10 EVT=CPU_RVALID
CYC=11 EVT=PROT_COMMIT SRC=CPU ADDR=0x20000100 DATA=0x5151a5a5
CYC=101 EVT=PMP_READY
CYC=103 EVT=CPU_RESET_ASSERT
CYC=103 EVT=DMA_RESET_ASSERT
CYC=103 EVT=IOPMP_RESET_ASSERT
CYC=103 EVT=SEC_RESET_ASSERT
CYC=103 EVT=IC_RESET_ASSERT
CYC=118 EVT=CPU_RESET_RELEASE
CYC=120 EVT=DMA_RESET_RELEASE
CYC=126 EVT=IC_RESET_RELEASE
CYC=133 EVT=SEC_RESET_RELEASE
CYC=138 EVT=IOPMP_RESET_RELEASE
CYC=142 EVT=DMA_ADMITTED RID=0x02 ADDR=0x20000100 WDATA=0xdada00ee WRITE=1
CYC=145 EVT=DMA_TARGET_ACCEPTED ADDR=0x20000100
CYC=147 EVT=PROT_COMMIT SRC=DMA ADDR=0x20000100 DATA=0xdada00ee
CYC=148 EVT=PROT_COMMIT SRC=DMA ADDR=0x20000100 DATA=0xdada00ee
CYC=149 EVT=PROT_COMMIT SRC=DMA ADDR=0x20000100 DATA=0xdada00ee
CYC=149 EVT=DMA_COMPLETED ERR=0
CYC=151 EVT=PROT_COMMIT SRC=DMA ADDR=0x20000100 DATA=0xdada00ee
CYC=156 EVT=IOPMP_READY
CYC=156 EVT=SECURE_READY
CYC=162 EVT=DMA_DENIED RID=0x02 ADDR=0x20000100 WDATA=0xdada00ff WRITE=1
CYC=162 EVT=DMA_COMPLETED ERR=1
CYC=163 EVT=DMA_COMPLETED ERR=1
CYC=169 EVT=DMA_ADMITTED RID=0x01 ADDR=0x20000100 WDATA=0xa11d00c5 WRITE=1
CYC=172 EVT=DMA_TARGET_ACCEPTED ADDR=0x20000100
CYC=174 EVT=PROT_COMMIT SRC=DMA ADDR=0x20000100 DATA=0xa11d00c5
CYC=175 EVT=PROT_COMMIT SRC=DMA ADDR=0x20000100 DATA=0xa11d00c5
CYC=176 EVT=PROT_COMMIT SRC=DMA ADDR=0x20000100 DATA=0xa11d00c5
CYC=176 EVT=DMA_COMPLETED ERR=0
CYC=178 EVT=PROT_COMMIT SRC=DMA ADDR=0x20000100 DATA=0xa11d00c5
CYC=1156 EVT=CPU_REQ_GNT ADDR=0x20000100 WE=0 WDATA=0x00000000
CYC=1159 EVT=CPU_RVALID
