# C5 event log
CYC=2 EVT=CPU_RESET_RELEASE
CYC=2 EVT=IC_RESET_RELEASE
CYC=3 EVT=DMA_RESET_RELEASE
CYC=3 EVT=IOPMP_RESET_RELEASE
CYC=3 EVT=SEC_RESET_RELEASE
CYC=9 EVT=PROT_COMMIT SRC=CPU ADDR=0x20000100 DATA=0x5151a5a5
CYC=10 EVT=PROT_COMMIT SRC=CPU ADDR=0x20000100 DATA=0x5151a5a5
CYC=10 EVT=CPU_RVALID
CYC=11 EVT=PROT_COMMIT SRC=CPU ADDR=0x20000100 DATA=0x5151a5a5
CYC=101 EVT=PMP_READY
CYC=103 EVT=CPU_RESET_ASSERT
CYC=103 EVT=DMA_RESET_ASSERT
CYC=103 EVT=IOPMP_RESET_ASSERT
CYC=103 EVT=SEC_RESET_ASSERT
CYC=103 EVT=IC_RESET_ASSERT
CYC=118 EVT=DMA_RESET_RELEASE
CYC=128 EVT=CPU_RESET_RELEASE
CYC=133 EVT=IOPMP_RESET_RELEASE
CYC=136 EVT=SEC_RESET_RELEASE
CYC=140 EVT=IC_RESET_RELEASE
CYC=144 EVT=DMA_DENIED RID=0x02 ADDR=0x20000100 WDATA=0xdada00ee WRITE=1
CYC=144 EVT=DMA_COMPLETED ERR=1
CYC=145 EVT=DMA_COMPLETED ERR=1
CYC=151 EVT=IOPMP_READY
CYC=151 EVT=SECURE_READY
CYC=157 EVT=DMA_DENIED RID=0x02 ADDR=0x20000100 WDATA=0xdada00ff WRITE=1
CYC=157 EVT=DMA_COMPLETED ERR=1
CYC=158 EVT=DMA_COMPLETED ERR=1
CYC=164 EVT=DMA_ADMITTED RID=0x01 ADDR=0x20000100 WDATA=0xa11d00c5 WRITE=1
CYC=167 EVT=DMA_TARGET_ACCEPTED ADDR=0x20000100
CYC=169 EVT=PROT_COMMIT SRC=DMA ADDR=0x20000100 DATA=0xa11d00c5
CYC=170 EVT=PROT_COMMIT SRC=DMA ADDR=0x20000100 DATA=0xa11d00c5
CYC=171 EVT=PROT_COMMIT SRC=DMA ADDR=0x20000100 DATA=0xa11d00c5
CYC=171 EVT=DMA_COMPLETED ERR=0
CYC=173 EVT=PROT_COMMIT SRC=DMA ADDR=0x20000100 DATA=0xa11d00c5
CYC=1166 EVT=CPU_REQ_GNT ADDR=0x20000100 WE=0 WDATA=0x00000000
CYC=1169 EVT=CPU_RVALID
