# C5 event log (independent SRAM write + durable TXN ledger)
# SRAM_WRITE := protected_memory_reset_n && sram_prot_req && sram_prot_write
# PROT_COMMIT := prot_mem_changed (distinct; not a write proxy)
CYC=2 EVT=IC_RESET_RELEASE
CYC=3 EVT=DMA_RESET_RELEASE
CYC=3 EVT=IOPMP_RESET_RELEASE
CYC=3 EVT=SEC_RESET_RELEASE
CYC=7 EVT=CPU_ADMITTED TXN_ID=1 ADDR=0x20000100 WDATA=0x5151a5a5 WRITE=1
CYC=9 EVT=DELAY_ACCEPTED TXN_ID=1 SRC=CPU
CYC=18 EVT=SRAM_WRITE SRC=CPU TXN_ID=1 ADDR=0x20000100 DATA=0x5151a5a5
CYC=19 EVT=PROT_COMMIT SRC=CPU ADDR=0x20000100 DATA=0x5151a5a5
CYC=21 EVT=CPU_RVALID
CYC=25 EVT=IOPMP_READY
CYC=29 EVT=DMA_RESET_ASSERT
CYC=29 EVT=DMA_ADMITTED TXN_ID=2 RID=0x01 ADDR=0x20000100 WDATA=0x11111111 WRITE=1 AUTH=1 DMA_RST=0 IOPMP_RST=1 IC_RST=1 SRC=txn_snap
CYC=32 EVT=ARB_DMA_GNT iopmp_req_out=1 addr=0x20000100 wdata=0x11111111 write=1
CYC=32 EVT=DMA_TARGET_ACCEPTED TXN_ID=2 IOPMP_ADDR=0x20000100 WRITE=1 WDATA=0x11111111
CYC=34 EVT=DELAY_ACCEPTED TXN_ID=2 SRC=DMA LIVE_ADMIT=1
CYC=43 EVT=SRAM_WRITE SRC=DMA TXN_ID=2 ADDR=0x20000100 DATA=0x11111111
CYC=44 EVT=PROT_COMMIT SRC=DMA ADDR=0x20000100 DATA=0x11111111
CYC=47 EVT=DMA_COMPLETED TXN_ID=2 ERR=0
