
==========================================================================
floorplan final report_tns
--------------------------------------------------------------------------
tns max -24131.17

==========================================================================
floorplan final report_wns
--------------------------------------------------------------------------
wns max -17.18

==========================================================================
floorplan final report_worst_slack
--------------------------------------------------------------------------
worst slack max -17.18

==========================================================================
floorplan final report_clock_min_period
--------------------------------------------------------------------------
core_clock period_min = 27.18 fmax = 36.79
vclk_core_clock period_min = 0.00 fmax = inf

==========================================================================
floorplan final report_checks -path_delay min
--------------------------------------------------------------------------
Startpoint: rst_n (input port clocked by vclk_core_clock)
Endpoint: u.u_bus.decode_err_resp$_DFF_PN0_
          (removal check against rising-edge clock core_clock)
Path Group: asynchronous
Path Type: min

Fanout     Cap    Slew   Delay    Time   Description
-----------------------------------------------------------------------------
                  0.00    0.00    0.00   clock vclk_core_clock (rise edge)
                          1.10    1.10   clock network delay (ideal)
                          2.00    3.09 ^ input external delay
  2137    7.76    0.00    0.00    3.09 ^ rst_n (in)
                                         rst_n (net)
                  0.00    0.00    3.09 ^ u.u_bus.decode_err_resp$_DFF_PN0_/RESET_B (sky130_fd_sc_hd__dfrtp_1)
                                  3.09   data arrival time

                  0.00    0.00    0.00   clock core_clock (rise edge)
                          1.10    1.10   clock network delay (ideal)
                          0.00    1.10   clock reconvergence pessimism
                                  1.10 ^ u.u_bus.decode_err_resp$_DFF_PN0_/CLK (sky130_fd_sc_hd__dfrtp_1)
                          0.30    1.39   library removal time
                                  1.39   data required time
-----------------------------------------------------------------------------
                                  1.39   data required time
                                 -3.09   data arrival time
-----------------------------------------------------------------------------
                                  1.70   slack (MET)


Startpoint: u.u_ibex.core_clock_gate_i.en_latch$_DLATCH_N_
            (negative level-sensitive latch clocked by core_clock)
Endpoint: _29446_ (rising clock gating-check end-point clocked by core_clock)
Path Group: gated clock
Path Type: min

Fanout     Cap    Slew   Delay    Time   Description
-----------------------------------------------------------------------------
                  0.00    5.00    5.00   clock core_clock (fall edge)
                          1.10    6.10   clock network delay (ideal)
                  0.00    0.00    6.10 v u.u_ibex.core_clock_gate_i.en_latch$_DLATCH_N_/GATE_N (sky130_fd_sc_hd__dlxtn_1)
     1    0.00    0.02    0.23    6.32 v u.u_ibex.core_clock_gate_i.en_latch$_DLATCH_N_/Q (sky130_fd_sc_hd__dlxtn_1)
                                         u.u_ibex.core_clock_gate_i.en_latch (net)
                  0.02    0.00    6.32 v _29446_/B (sky130_fd_sc_hd__and2_0)
                                  6.32   data arrival time

                  0.00    5.00    5.00   clock core_clock (fall edge)
                          1.10    6.10   clock network delay (ideal)
                          0.00    6.10   clock reconvergence pessimism
                                  6.10 v _29446_/A (sky130_fd_sc_hd__and2_0)
                          0.00    6.10   clock gating hold time
                                  6.10   data required time
-----------------------------------------------------------------------------
                                  6.10   data required time
                                 -6.32   data arrival time
-----------------------------------------------------------------------------
                                  0.23   slack (MET)


Startpoint: u.u_ibex.u_ibex_core.id_stage_i.controller_i.ctrl_fsm_cs[0]$_DFF_PN1_
            (rising edge-triggered flip-flop clocked by core_clock)
Endpoint: u.u_ibex.u_ibex_core.id_stage_i.controller_i.ctrl_fsm_cs[5]$_DFF_PN0_
          (rising edge-triggered flip-flop clocked by core_clock)
Path Group: core_clock
Path Type: min

Fanout     Cap    Slew   Delay    Time   Description
-----------------------------------------------------------------------------
                  0.00    0.00    0.00   clock core_clock (rise edge)
                          1.10    1.10   clock network delay (ideal)
                  0.00    0.00    1.10 ^ u.u_ibex.u_ibex_core.id_stage_i.controller_i.ctrl_fsm_cs[0]$_DFF_PN1_/CLK (sky130_fd_sc_hd__dfstp_2)
     3    0.01    0.03    0.35    1.44 v u.u_ibex.u_ibex_core.id_stage_i.controller_i.ctrl_fsm_cs[0]$_DFF_PN1_/Q (sky130_fd_sc_hd__dfstp_2)
                                         _02925_ (net)
                  0.03    0.00    1.44 v u.u_ibex.u_ibex_core.id_stage_i.controller_i.ctrl_fsm_cs[5]$_DFF_PN0_/D (sky130_fd_sc_hd__dfrtp_1)
                                  1.44   data arrival time

                  0.00    0.00    0.00   clock core_clock (rise edge)
                          1.10    1.10   clock network delay (ideal)
                          0.00    1.10   clock reconvergence pessimism
                                  1.10 ^ u.u_ibex.u_ibex_core.id_stage_i.controller_i.ctrl_fsm_cs[5]$_DFF_PN0_/CLK (sky130_fd_sc_hd__dfrtp_1)
                         -0.05    1.05   library hold time
                                  1.05   data required time
-----------------------------------------------------------------------------
                                  1.05   data required time
                                 -1.44   data arrival time
-----------------------------------------------------------------------------
                                  0.40   slack (MET)


Startpoint: u.u_ibex.core_busy_q[0]$_DFF_PN0_
            (rising edge-triggered flip-flop clocked by core_clock)
Endpoint: core_sleep_o (output port clocked by vclk_core_clock)
Path Group: vclk_core_clock
Path Type: min

Fanout     Cap    Slew   Delay    Time   Description
-----------------------------------------------------------------------------
                  0.00    0.00    0.00   clock core_clock (rise edge)
                          1.10    1.10   clock network delay (ideal)
                  0.00    0.00    1.10 ^ u.u_ibex.core_busy_q[0]$_DFF_PN0_/CLK (sky130_fd_sc_hd__dfrtp_1)
     2    0.01    0.07    0.31    1.41 ^ u.u_ibex.core_busy_q[0]$_DFF_PN0_/Q (sky130_fd_sc_hd__dfrtp_1)
                                         u.u_ibex.clock_en (net)
                  0.07    0.00    1.41 ^ _28231_/A (sky130_fd_sc_hd__clkinv_1)
     1    0.00    0.02    0.04    1.45 v _28231_/Y (sky130_fd_sc_hd__clkinv_1)
                                         core_sleep_o (net)
                  0.02    0.00    1.45 v core_sleep_o (out)
                                  1.45   data arrival time

                  0.00    0.00    0.00   clock vclk_core_clock (rise edge)
                          1.10    1.10   clock network delay (ideal)
                          0.00    1.10   clock reconvergence pessimism
                         -2.00   -0.90   output external delay
                                 -0.90   data required time
-----------------------------------------------------------------------------
                                 -0.90   data required time
                                 -1.45   data arrival time
-----------------------------------------------------------------------------
                                  2.35   slack (MET)



==========================================================================
floorplan final report_checks -path_delay max
--------------------------------------------------------------------------
Startpoint: rst_n (input port clocked by vclk_core_clock)
Endpoint: u.u_ibex.u_ibex_core.cs_registers_i.priv_mode_id_o[0]$_DFFE_PN1P_
          (recovery check against rising-edge clock core_clock)
Path Group: asynchronous
Path Type: max

Fanout     Cap    Slew   Delay    Time   Description
-----------------------------------------------------------------------------
                  0.00    0.00    0.00   clock vclk_core_clock (rise edge)
                          1.10    1.10   clock network delay (ideal)
                          2.00    3.09 ^ input external delay
  2137    7.76    0.00    0.00    3.09 ^ rst_n (in)
                                         rst_n (net)
                  0.00    0.00    3.09 ^ u.u_ibex.u_ibex_core.cs_registers_i.priv_mode_id_o[0]$_DFFE_PN1P_/SET_B (sky130_fd_sc_hd__dfstp_2)
                                  3.09   data arrival time

                  0.00   10.00   10.00   clock core_clock (rise edge)
                          1.10   11.10   clock network delay (ideal)
                          0.00   11.10   clock reconvergence pessimism
                                 11.10 ^ u.u_ibex.u_ibex_core.cs_registers_i.priv_mode_id_o[0]$_DFFE_PN1P_/CLK (sky130_fd_sc_hd__dfstp_2)
                          0.13   11.22   library recovery time
                                 11.22   data required time
-----------------------------------------------------------------------------
                                 11.22   data required time
                                 -3.09   data arrival time
-----------------------------------------------------------------------------
                                  8.13   slack (MET)


Startpoint: u.u_ibex.core_clock_gate_i.en_latch$_DLATCH_N_
            (negative level-sensitive latch clocked by core_clock)
Endpoint: _29446_ (rising clock gating-check end-point clocked by core_clock)
Path Group: gated clock
Path Type: max

Fanout     Cap    Slew   Delay    Time   Description
-----------------------------------------------------------------------------
                  0.00    5.00    5.00   clock core_clock (fall edge)
                          1.10    6.10   clock network delay (ideal)
                  0.00    0.00    6.10 v u.u_ibex.core_clock_gate_i.en_latch$_DLATCH_N_/GATE_N (sky130_fd_sc_hd__dlxtn_1)
     1    0.00    0.03    0.36    6.46 ^ u.u_ibex.core_clock_gate_i.en_latch$_DLATCH_N_/Q (sky130_fd_sc_hd__dlxtn_1)
                                         u.u_ibex.core_clock_gate_i.en_latch (net)
                  0.03    0.00    6.46 ^ _29446_/B (sky130_fd_sc_hd__and2_0)
                                  6.46   data arrival time

                  0.00   10.00   10.00   clock core_clock (rise edge)
                          1.10   11.10   clock network delay (ideal)
                          0.00   11.10   clock reconvergence pessimism
                                 11.10 ^ _29446_/A (sky130_fd_sc_hd__and2_0)
                          0.00   11.10   clock gating setup time
                                 11.10   data required time
-----------------------------------------------------------------------------
                                 11.10   data required time
                                 -6.46   data arrival time
-----------------------------------------------------------------------------
                                  4.64   slack (MET)


Startpoint: u.u_ibex.u_ibex_core.if_stage_i.instr_rdata_alu_id_o[21]$_DFFE_PP_
            (rising edge-triggered flip-flop clocked by core_clock)
Endpoint: u.u_timer.mtime_q[23]$_DFFE_PN0P_
          (rising edge-triggered flip-flop clocked by core_clock)
Path Group: core_clock
Path Type: max

Fanout     Cap    Slew   Delay    Time   Description
-----------------------------------------------------------------------------
                  0.00    0.00    0.00   clock core_clock (rise edge)
                          1.10    1.10   clock network delay (ideal)
                  0.00    0.00    1.10 ^ u.u_ibex.u_ibex_core.if_stage_i.instr_rdata_alu_id_o[21]$_DFFE_PP_/CLK (sky130_fd_sc_hd__edfxtp_1)
   348    1.47   12.75    9.18   10.27 ^ u.u_ibex.u_ibex_core.if_stage_i.instr_rdata_alu_id_o[21]$_DFFE_PP_/Q (sky130_fd_sc_hd__edfxtp_1)
                                         _03041_ (net)
                 12.75    0.00   10.27 ^ _21600_/S0 (sky130_fd_sc_hd__mux4_2)
     1    0.00    0.20    1.23   11.50 v _21600_/X (sky130_fd_sc_hd__mux4_2)
                                         _05072_ (net)
                  0.20    0.00   11.50 v _21618_/A2 (sky130_fd_sc_hd__mux4_2)
     1    0.00    0.08    0.50   12.00 v _21618_/X (sky130_fd_sc_hd__mux4_2)
                                         _05090_ (net)
                  0.08    0.00   12.00 v _21623_/A1 (sky130_fd_sc_hd__mux2i_1)
     7    0.02    0.41    0.35   12.35 ^ _21623_/Y (sky130_fd_sc_hd__mux2i_1)
                                         _05095_ (net)
                  0.41    0.00   12.35 ^ _21627_/B (sky130_fd_sc_hd__nor2_1)
     1    0.00    0.07    0.07   12.41 v _21627_/Y (sky130_fd_sc_hd__nor2_1)
                                         _05099_ (net)
                  0.07    0.00   12.41 v _21630_/B1 (sky130_fd_sc_hd__a21oi_1)
    51    0.16    3.23    2.40   14.82 ^ _21630_/Y (sky130_fd_sc_hd__a21oi_1)
                                         _05102_ (net)
                  3.23    0.00   14.82 ^ _22048_/A2 (sky130_fd_sc_hd__o221ai_1)
     2    0.00    0.38    0.32   15.13 v _22048_/Y (sky130_fd_sc_hd__o221ai_1)
                                         _05520_ (net)
                  0.38    0.00   15.13 v u.u_ibex.u_ibex_core.alu_adder_result_ex\\ALU_33_0_33_0_33_unused_CO_X_Y[0]_HAN_CARLSON/_376_/A (sky130_fd_sc_hd__xor3_1)
     2    0.01    0.10    0.55   15.68 ^ u.u_ibex.u_ibex_core.alu_adder_result_ex\\ALU_33_0_33_0_33_unused_CO_X_Y[0]_HAN_CARLSON/_376_/X (sky130_fd_sc_hd__xor3_1)
                                         u.u_ibex.u_ibex_core.alu_adder_result_ex\\ALU_33_0_33_0_33_unused_CO_X_Y[0]_HAN_CARLSON/_090_ (net)
                  0.10    0.00   15.68 ^ u.u_ibex.u_ibex_core.alu_adder_result_ex\\ALU_33_0_33_0_33_unused_CO_X_Y[0]_HAN_CARLSON/_441_/C1 (sky130_fd_sc_hd__o211ai_1)
     3    0.01    0.11    0.12   15.80 v u.u_ibex.u_ibex_core.alu_adder_result_ex\\ALU_33_0_33_0_33_unused_CO_X_Y[0]_HAN_CARLSON/_441_/Y (sky130_fd_sc_hd__o211ai_1)
                                         u.u_ibex.u_ibex_core.alu_adder_result_ex\\ALU_33_0_33_0_33_unused_CO_X_Y[0]_HAN_CARLSON/_149_ (net)
                  0.11    0.00   15.80 v u.u_ibex.u_ibex_core.alu_adder_result_ex\\ALU_33_0_33_0_33_unused_CO_X_Y[0]_HAN_CARLSON/_491_/A2 (sky130_fd_sc_hd__a211oi_1)
     2    0.00    0.25    0.29   16.09 ^ u.u_ibex.u_ibex_core.alu_adder_result_ex\\ALU_33_0_33_0_33_unused_CO_X_Y[0]_HAN_CARLSON/_491_/Y (sky130_fd_sc_hd__a211oi_1)
                                         u.u_ibex.u_ibex_core.alu_adder_result_ex\\ALU_33_0_33_0_33_unused_CO_X_Y[0]_HAN_CARLSON/_192_ (net)
                  0.25    0.00   16.09 ^ u.u_ibex.u_ibex_core.alu_adder_result_ex\\ALU_33_0_33_0_33_unused_CO_X_Y[0]_HAN_CARLSON/_493_/A (sky130_fd_sc_hd__nor2_1)
     2    0.01    0.08    0.10   16.20 v u.u_ibex.u_ibex_core.alu_adder_result_ex\\ALU_33_0_33_0_33_unused_CO_X_Y[0]_HAN_CARLSON/_493_/Y (sky130_fd_sc_hd__nor2_1)
                                         u.u_ibex.u_ibex_core.alu_adder_result_ex\\ALU_33_0_33_0_33_unused_CO_X_Y[0]_HAN_CARLSON/_194_ (net)
                  0.08    0.00   16.20 v u.u_ibex.u_ibex_core.alu_adder_result_ex\\ALU_33_0_33_0_33_unused_CO_X_Y[0]_HAN_CARLSON/_497_/A (sky130_fd_sc_hd__xor2_1)
   113    0.34    6.35    4.67   20.86 ^ u.u_ibex.u_ibex_core.alu_adder_result_ex\\ALU_33_0_33_0_33_unused_CO_X_Y[0]_HAN_CARLSON/_497_/X (sky130_fd_sc_hd__xor2_1)
                                         data_addr_o[3] (net)
                  6.35    0.00   20.86 ^ _29988_/B (sky130_fd_sc_hd__xor2_1)
     2    0.00    0.77    0.25   21.11 v _29988_/X (sky130_fd_sc_hd__xor2_1)
                                         _13457_ (net)
                  0.77    0.00   21.11 v _29990_/A2 (sky130_fd_sc_hd__a21oi_1)
     1    0.00    0.17    0.34   21.45 ^ _29990_/Y (sky130_fd_sc_hd__a21oi_1)
                                         _13459_ (net)
                  0.17    0.00   21.45 ^ _29991_/B1 (sky130_fd_sc_hd__a21oi_1)
     1    0.00    0.06    0.05   21.50 v _29991_/Y (sky130_fd_sc_hd__a21oi_1)
                                         _13460_ (net)
                  0.06    0.00   21.50 v _30085_/C1 (sky130_fd_sc_hd__a221o_1)
     1    0.00    0.05    0.25   21.76 v _30085_/X (sky130_fd_sc_hd__a221o_1)
                                         _13554_ (net)
                  0.05    0.00   21.76 v _30086_/B1 (sky130_fd_sc_hd__a21oi_1)
     1    0.00    0.10    0.10   21.86 ^ _30086_/Y (sky130_fd_sc_hd__a21oi_1)
                                         _13555_ (net)
                  0.10    0.00   21.86 ^ _30087_/D1 (sky130_fd_sc_hd__o2111ai_1)
     1    0.00    0.08    0.09   21.95 v _30087_/Y (sky130_fd_sc_hd__o2111ai_1)
                                         _13556_ (net)
                  0.08    0.00   21.95 v _30092_/B (sky130_fd_sc_hd__or3_1)
     1    0.00    0.06    0.34   22.30 v _30092_/X (sky130_fd_sc_hd__or3_1)
                                         _13561_ (net)
                  0.06    0.00   22.30 v _30097_/C (sky130_fd_sc_hd__nor4_1)
     1    0.00    0.21    0.21   22.51 ^ _30097_/Y (sky130_fd_sc_hd__nor4_1)
                                         _13566_ (net)
                  0.21    0.00   22.51 ^ _30109_/B1 (sky130_fd_sc_hd__a31oi_1)
     3    0.01    0.09    0.09   22.60 v _30109_/Y (sky130_fd_sc_hd__a31oi_1)
                                         _13578_ (net)
                  0.09    0.00   22.60 v _30111_/A (sky130_fd_sc_hd__nor2_1)
     2    0.00    0.11    0.13   22.73 ^ _30111_/Y (sky130_fd_sc_hd__nor2_1)
                                         _13580_ (net)
                  0.11    0.00   22.73 ^ _30551_/A1 (sky130_fd_sc_hd__o311ai_0)
     1    0.00    0.11    0.13   22.86 v _30551_/Y (sky130_fd_sc_hd__o311ai_0)
                                         _14019_ (net)
                  0.11    0.00   22.86 v _30564_/A1 (sky130_fd_sc_hd__a21boi_0)
     1    0.00    0.13    0.16   23.02 ^ _30564_/Y (sky130_fd_sc_hd__a21boi_0)
                                         _14032_ (net)
                  0.13    0.00   23.02 ^ _30606_/A1 (sky130_fd_sc_hd__o211ai_1)
     1    0.00    0.06    0.11   23.13 v _30606_/Y (sky130_fd_sc_hd__o211ai_1)
                                         _14074_ (net)
                  0.06    0.00   23.13 v _30607_/B2 (sky130_fd_sc_hd__a32o_1)
     5    0.01    0.08    0.26   23.39 v _30607_/X (sky130_fd_sc_hd__a32o_1)
                                         _14075_ (net)
                  0.08    0.00   23.39 v _32605_/A1 (sky130_fd_sc_hd__a211oi_1)
    42    0.13    3.90    2.89   26.28 ^ _32605_/Y (sky130_fd_sc_hd__a211oi_1)
                                         _16071_ (net)
                  3.90    0.00   26.28 ^ _21857_/C (sky130_fd_sc_hd__nand3_1)
    20    0.05    0.90    1.20   27.48 v _21857_/Y (sky130_fd_sc_hd__nand3_1)
                                         _05329_ (net)
                  0.90    0.00   27.48 v _24586_/S (sky130_fd_sc_hd__mux2_1)
     1    0.00    0.06    0.59   28.07 v _24586_/X (sky130_fd_sc_hd__mux2_1)
                                         _08058_ (net)
                  0.06    0.00   28.07 v _24588_/A2 (sky130_fd_sc_hd__a21oi_1)
     1    0.00    0.09    0.13   28.20 ^ _24588_/Y (sky130_fd_sc_hd__a21oi_1)
                                         _08060_ (net)
                  0.09    0.00   28.20 ^ u.u_timer.mtime_q[23]$_DFFE_PN0P_/D (sky130_fd_sc_hd__dfrtp_1)
                                 28.20   data arrival time

                  0.00   10.00   10.00   clock core_clock (rise edge)
                          1.10   11.10   clock network delay (ideal)
                          0.00   11.10   clock reconvergence pessimism
                                 11.10 ^ u.u_timer.mtime_q[23]$_DFFE_PN0P_/CLK (sky130_fd_sc_hd__dfrtp_1)
                         -0.08   11.02   library setup time
                                 11.02   data required time
-----------------------------------------------------------------------------
                                 11.02   data required time
                                -28.20   data arrival time
-----------------------------------------------------------------------------
                                -17.18   slack (VIOLATED)


Startpoint: u.u_ibex.u_ibex_core.if_stage_i.instr_rdata_alu_id_o[21]$_DFFE_PP_
            (rising edge-triggered flip-flop clocked by core_clock)
Endpoint: data_req_o (output port clocked by vclk_core_clock)
Path Group: vclk_core_clock
Path Type: max

Fanout     Cap    Slew   Delay    Time   Description
-----------------------------------------------------------------------------
                  0.00    0.00    0.00   clock core_clock (rise edge)
                          1.10    1.10   clock network delay (ideal)
                  0.00    0.00    1.10 ^ u.u_ibex.u_ibex_core.if_stage_i.instr_rdata_alu_id_o[21]$_DFFE_PP_/CLK (sky130_fd_sc_hd__edfxtp_1)
   348    1.47   12.75    9.18   10.27 ^ u.u_ibex.u_ibex_core.if_stage_i.instr_rdata_alu_id_o[21]$_DFFE_PP_/Q (sky130_fd_sc_hd__edfxtp_1)
                                         _03041_ (net)
                 12.75    0.00   10.27 ^ _21600_/S0 (sky130_fd_sc_hd__mux4_2)
     1    0.00    0.20    1.23   11.50 v _21600_/X (sky130_fd_sc_hd__mux4_2)
                                         _05072_ (net)
                  0.20    0.00   11.50 v _21618_/A2 (sky130_fd_sc_hd__mux4_2)
     1    0.00    0.08    0.50   12.00 v _21618_/X (sky130_fd_sc_hd__mux4_2)
                                         _05090_ (net)
                  0.08    0.00   12.00 v _21623_/A1 (sky130_fd_sc_hd__mux2i_1)
     7    0.02    0.41    0.35   12.35 ^ _21623_/Y (sky130_fd_sc_hd__mux2i_1)
                                         _05095_ (net)
                  0.41    0.00   12.35 ^ _21627_/B (sky130_fd_sc_hd__nor2_1)
     1    0.00    0.07    0.07   12.41 v _21627_/Y (sky130_fd_sc_hd__nor2_1)
                                         _05099_ (net)
                  0.07    0.00   12.41 v _21630_/B1 (sky130_fd_sc_hd__a21oi_1)
    51    0.16    3.23    2.40   14.82 ^ _21630_/Y (sky130_fd_sc_hd__a21oi_1)
                                         _05102_ (net)
                  3.23    0.00   14.82 ^ _22048_/A2 (sky130_fd_sc_hd__o221ai_1)
     2    0.00    0.38    0.32   15.13 v _22048_/Y (sky130_fd_sc_hd__o221ai_1)
                                         _05520_ (net)
                  0.38    0.00   15.13 v u.u_ibex.u_ibex_core.alu_adder_result_ex\\ALU_33_0_33_0_33_unused_CO_X_Y[0]_HAN_CARLSON/_376_/A (sky130_fd_sc_hd__xor3_1)
     2    0.01    0.10    0.55   15.68 ^ u.u_ibex.u_ibex_core.alu_adder_result_ex\\ALU_33_0_33_0_33_unused_CO_X_Y[0]_HAN_CARLSON/_376_/X (sky130_fd_sc_hd__xor3_1)
                                         u.u_ibex.u_ibex_core.alu_adder_result_ex\\ALU_33_0_33_0_33_unused_CO_X_Y[0]_HAN_CARLSON/_090_ (net)
                  0.10    0.00   15.68 ^ u.u_ibex.u_ibex_core.alu_adder_result_ex\\ALU_33_0_33_0_33_unused_CO_X_Y[0]_HAN_CARLSON/_441_/C1 (sky130_fd_sc_hd__o211ai_1)
     3    0.01    0.11    0.12   15.80 v u.u_ibex.u_ibex_core.alu_adder_result_ex\\ALU_33_0_33_0_33_unused_CO_X_Y[0]_HAN_CARLSON/_441_/Y (sky130_fd_sc_hd__o211ai_1)
                                         u.u_ibex.u_ibex_core.alu_adder_result_ex\\ALU_33_0_33_0_33_unused_CO_X_Y[0]_HAN_CARLSON/_149_ (net)
                  0.11    0.00   15.80 v u.u_ibex.u_ibex_core.alu_adder_result_ex\\ALU_33_0_33_0_33_unused_CO_X_Y[0]_HAN_CARLSON/_491_/A2 (sky130_fd_sc_hd__a211oi_1)
     2    0.00    0.25    0.29   16.09 ^ u.u_ibex.u_ibex_core.alu_adder_result_ex\\ALU_33_0_33_0_33_unused_CO_X_Y[0]_HAN_CARLSON/_491_/Y (sky130_fd_sc_hd__a211oi_1)
                                         u.u_ibex.u_ibex_core.alu_adder_result_ex\\ALU_33_0_33_0_33_unused_CO_X_Y[0]_HAN_CARLSON/_192_ (net)
                  0.25    0.00   16.09 ^ u.u_ibex.u_ibex_core.alu_adder_result_ex\\ALU_33_0_33_0_33_unused_CO_X_Y[0]_HAN_CARLSON/_493_/A (sky130_fd_sc_hd__nor2_1)
     2    0.01    0.08    0.10   16.20 v u.u_ibex.u_ibex_core.alu_adder_result_ex\\ALU_33_0_33_0_33_unused_CO_X_Y[0]_HAN_CARLSON/_493_/Y (sky130_fd_sc_hd__nor2_1)
                                         u.u_ibex.u_ibex_core.alu_adder_result_ex\\ALU_33_0_33_0_33_unused_CO_X_Y[0]_HAN_CARLSON/_194_ (net)
                  0.08    0.00   16.20 v u.u_ibex.u_ibex_core.alu_adder_result_ex\\ALU_33_0_33_0_33_unused_CO_X_Y[0]_HAN_CARLSON/_497_/A (sky130_fd_sc_hd__xor2_1)
   113    0.34    6.35    4.67   20.86 ^ u.u_ibex.u_ibex_core.alu_adder_result_ex\\ALU_33_0_33_0_33_unused_CO_X_Y[0]_HAN_CARLSON/_497_/X (sky130_fd_sc_hd__xor2_1)
                                         data_addr_o[3] (net)
                  6.35    0.00   20.86 ^ _29988_/B (sky130_fd_sc_hd__xor2_1)
     2    0.00    0.77    0.25   21.11 v _29988_/X (sky130_fd_sc_hd__xor2_1)
                                         _13457_ (net)
                  0.77    0.00   21.11 v _29990_/A2 (sky130_fd_sc_hd__a21oi_1)
     1    0.00    0.17    0.34   21.45 ^ _29990_/Y (sky130_fd_sc_hd__a21oi_1)
                                         _13459_ (net)
                  0.17    0.00   21.45 ^ _29991_/B1 (sky130_fd_sc_hd__a21oi_1)
     1    0.00    0.06    0.05   21.50 v _29991_/Y (sky130_fd_sc_hd__a21oi_1)
                                         _13460_ (net)
                  0.06    0.00   21.50 v _30085_/C1 (sky130_fd_sc_hd__a221o_1)
     1    0.00    0.05    0.25   21.76 v _30085_/X (sky130_fd_sc_hd__a221o_1)
                                         _13554_ (net)
                  0.05    0.00   21.76 v _30086_/B1 (sky130_fd_sc_hd__a21oi_1)
     1    0.00    0.10    0.10   21.86 ^ _30086_/Y (sky130_fd_sc_hd__a21oi_1)
                                         _13555_ (net)
                  0.10    0.00   21.86 ^ _30087_/D1 (sky130_fd_sc_hd__o2111ai_1)
     1    0.00    0.08    0.09   21.95 v _30087_/Y (sky130_fd_sc_hd__o2111ai_1)
                                         _13556_ (net)
                  0.08    0.00   21.95 v _30092_/B (sky130_fd_sc_hd__or3_1)
     1    0.00    0.06    0.34   22.30 v _30092_/X (sky130_fd_sc_hd__or3_1)
                                         _13561_ (net)
                  0.06    0.00   22.30 v _30097_/C (sky130_fd_sc_hd__nor4_1)
     1    0.00    0.21    0.21   22.51 ^ _30097_/Y (sky130_fd_sc_hd__nor4_1)
                                         _13566_ (net)
                  0.21    0.00   22.51 ^ _30109_/B1 (sky130_fd_sc_hd__a31oi_1)
     3    0.01    0.09    0.09   22.60 v _30109_/Y (sky130_fd_sc_hd__a31oi_1)
                                         _13578_ (net)
                  0.09    0.00   22.60 v _30112_/A (sky130_fd_sc_hd__or2_0)
     1    0.00    0.05    0.23   22.82 v _30112_/X (sky130_fd_sc_hd__or2_0)
                                         _13581_ (net)
                  0.05    0.00   22.82 v _30548_/A1 (sky130_fd_sc_hd__a211o_1)
     1    0.00    0.05    0.25   23.07 v _30548_/X (sky130_fd_sc_hd__a211o_1)
                                         _14016_ (net)
                  0.05    0.00   23.07 v _30549_/A2 (sky130_fd_sc_hd__a21o_1)
     1    0.00    0.03    0.17   23.23 v _30549_/X (sky130_fd_sc_hd__a21o_1)
                                         _14017_ (net)
                  0.03    0.00   23.23 v _30606_/C1 (sky130_fd_sc_hd__o211ai_1)
     1    0.00    0.14    0.07   23.30 ^ _30606_/Y (sky130_fd_sc_hd__o211ai_1)
                                         _14074_ (net)
                  0.14    0.00   23.30 ^ _30607_/B2 (sky130_fd_sc_hd__a32o_1)
     5    0.01    0.14    0.21   23.51 ^ _30607_/X (sky130_fd_sc_hd__a32o_1)
                                         _14075_ (net)
                  0.14    0.00   23.51 ^ _30616_/A1 (sky130_fd_sc_hd__a21o_1)
    23    0.05    0.40    0.39   23.90 ^ _30616_/X (sky130_fd_sc_hd__a21o_1)
                                         _14083_ (net)
                  0.40    0.00   23.90 ^ _30615_/A (sky130_fd_sc_hd__clkinv_1)
     5    0.01    0.13    0.18   24.07 v _30615_/Y (sky130_fd_sc_hd__clkinv_1)
                                         data_req_o (net)
                  0.13    0.00   24.07 v data_req_o (out)
                                 24.07   data arrival time

                  0.00   10.00   10.00   clock vclk_core_clock (rise edge)
                          1.10   11.10   clock network delay (ideal)
                          0.00   11.10   clock reconvergence pessimism
                         -2.00    9.09   output external delay
                                  9.09   data required time
-----------------------------------------------------------------------------
                                  9.09   data required time
                                -24.07   data arrival time
-----------------------------------------------------------------------------
                                -14.98   slack (VIOLATED)



==========================================================================
floorplan final report_checks -unconstrained
--------------------------------------------------------------------------
Startpoint: rst_n (input port clocked by vclk_core_clock)
Endpoint: u.u_ibex.u_ibex_core.cs_registers_i.priv_mode_id_o[0]$_DFFE_PN1P_
          (recovery check against rising-edge clock core_clock)
Path Group: asynchronous
Path Type: max

Fanout     Cap    Slew   Delay    Time   Description
-----------------------------------------------------------------------------
                  0.00    0.00    0.00   clock vclk_core_clock (rise edge)
                          1.10    1.10   clock network delay (ideal)
                          2.00    3.09 ^ input external delay
  2137    7.76    0.00    0.00    3.09 ^ rst_n (in)
                                         rst_n (net)
                  0.00    0.00    3.09 ^ u.u_ibex.u_ibex_core.cs_registers_i.priv_mode_id_o[0]$_DFFE_PN1P_/SET_B (sky130_fd_sc_hd__dfstp_2)
                                  3.09   data arrival time

                  0.00   10.00   10.00   clock core_clock (rise edge)
                          1.10   11.10   clock network delay (ideal)
                          0.00   11.10   clock reconvergence pessimism
                                 11.10 ^ u.u_ibex.u_ibex_core.cs_registers_i.priv_mode_id_o[0]$_DFFE_PN1P_/CLK (sky130_fd_sc_hd__dfstp_2)
                          0.13   11.22   library recovery time
                                 11.22   data required time
-----------------------------------------------------------------------------
                                 11.22   data required time
                                 -3.09   data arrival time
-----------------------------------------------------------------------------
                                  8.13   slack (MET)


Startpoint: u.u_ibex.core_clock_gate_i.en_latch$_DLATCH_N_
            (negative level-sensitive latch clocked by core_clock)
Endpoint: _29446_ (rising clock gating-check end-point clocked by core_clock)
Path Group: gated clock
Path Type: max

Fanout     Cap    Slew   Delay    Time   Description
-----------------------------------------------------------------------------
                  0.00    5.00    5.00   clock core_clock (fall edge)
                          1.10    6.10   clock network delay (ideal)
                  0.00    0.00    6.10 v u.u_ibex.core_clock_gate_i.en_latch$_DLATCH_N_/GATE_N (sky130_fd_sc_hd__dlxtn_1)
     1    0.00    0.03    0.36    6.46 ^ u.u_ibex.core_clock_gate_i.en_latch$_DLATCH_N_/Q (sky130_fd_sc_hd__dlxtn_1)
                                         u.u_ibex.core_clock_gate_i.en_latch (net)
                  0.03    0.00    6.46 ^ _29446_/B (sky130_fd_sc_hd__and2_0)
                                  6.46   data arrival time

                  0.00   10.00   10.00   clock core_clock (rise edge)
                          1.10   11.10   clock network delay (ideal)
                          0.00   11.10   clock reconvergence pessimism
                                 11.10 ^ _29446_/A (sky130_fd_sc_hd__and2_0)
                          0.00   11.10   clock gating setup time
                                 11.10   data required time
-----------------------------------------------------------------------------
                                 11.10   data required time
                                 -6.46   data arrival time
-----------------------------------------------------------------------------
                                  4.64   slack (MET)


Startpoint: u.u_ibex.u_ibex_core.if_stage_i.instr_rdata_alu_id_o[21]$_DFFE_PP_
            (rising edge-triggered flip-flop clocked by core_clock)
Endpoint: u.u_timer.mtime_q[23]$_DFFE_PN0P_
          (rising edge-triggered flip-flop clocked by core_clock)
Path Group: core_clock
Path Type: max

Fanout     Cap    Slew   Delay    Time   Description
-----------------------------------------------------------------------------
                  0.00    0.00    0.00   clock core_clock (rise edge)
                          1.10    1.10   clock network delay (ideal)
                  0.00    0.00    1.10 ^ u.u_ibex.u_ibex_core.if_stage_i.instr_rdata_alu_id_o[21]$_DFFE_PP_/CLK (sky130_fd_sc_hd__edfxtp_1)
   348    1.47   12.75    9.18   10.27 ^ u.u_ibex.u_ibex_core.if_stage_i.instr_rdata_alu_id_o[21]$_DFFE_PP_/Q (sky130_fd_sc_hd__edfxtp_1)
                                         _03041_ (net)
                 12.75    0.00   10.27 ^ _21600_/S0 (sky130_fd_sc_hd__mux4_2)
     1    0.00    0.20    1.23   11.50 v _21600_/X (sky130_fd_sc_hd__mux4_2)
                                         _05072_ (net)
                  0.20    0.00   11.50 v _21618_/A2 (sky130_fd_sc_hd__mux4_2)
     1    0.00    0.08    0.50   12.00 v _21618_/X (sky130_fd_sc_hd__mux4_2)
                                         _05090_ (net)
                  0.08    0.00   12.00 v _21623_/A1 (sky130_fd_sc_hd__mux2i_1)
     7    0.02    0.41    0.35   12.35 ^ _21623_/Y (sky130_fd_sc_hd__mux2i_1)
                                         _05095_ (net)
                  0.41    0.00   12.35 ^ _21627_/B (sky130_fd_sc_hd__nor2_1)
     1    0.00    0.07    0.07   12.41 v _21627_/Y (sky130_fd_sc_hd__nor2_1)
                                         _05099_ (net)
                  0.07    0.00   12.41 v _21630_/B1 (sky130_fd_sc_hd__a21oi_1)
    51    0.16    3.23    2.40   14.82 ^ _21630_/Y (sky130_fd_sc_hd__a21oi_1)
                                         _05102_ (net)
                  3.23    0.00   14.82 ^ _22048_/A2 (sky130_fd_sc_hd__o221ai_1)
     2    0.00    0.38    0.32   15.13 v _22048_/Y (sky130_fd_sc_hd__o221ai_1)
                                         _05520_ (net)
                  0.38    0.00   15.13 v u.u_ibex.u_ibex_core.alu_adder_result_ex\\ALU_33_0_33_0_33_unused_CO_X_Y[0]_HAN_CARLSON/_376_/A (sky130_fd_sc_hd__xor3_1)
     2    0.01    0.10    0.55   15.68 ^ u.u_ibex.u_ibex_core.alu_adder_result_ex\\ALU_33_0_33_0_33_unused_CO_X_Y[0]_HAN_CARLSON/_376_/X (sky130_fd_sc_hd__xor3_1)
                                         u.u_ibex.u_ibex_core.alu_adder_result_ex\\ALU_33_0_33_0_33_unused_CO_X_Y[0]_HAN_CARLSON/_090_ (net)
                  0.10    0.00   15.68 ^ u.u_ibex.u_ibex_core.alu_adder_result_ex\\ALU_33_0_33_0_33_unused_CO_X_Y[0]_HAN_CARLSON/_441_/C1 (sky130_fd_sc_hd__o211ai_1)
     3    0.01    0.11    0.12   15.80 v u.u_ibex.u_ibex_core.alu_adder_result_ex\\ALU_33_0_33_0_33_unused_CO_X_Y[0]_HAN_CARLSON/_441_/Y (sky130_fd_sc_hd__o211ai_1)
                                         u.u_ibex.u_ibex_core.alu_adder_result_ex\\ALU_33_0_33_0_33_unused_CO_X_Y[0]_HAN_CARLSON/_149_ (net)
                  0.11    0.00   15.80 v u.u_ibex.u_ibex_core.alu_adder_result_ex\\ALU_33_0_33_0_33_unused_CO_X_Y[0]_HAN_CARLSON/_491_/A2 (sky130_fd_sc_hd__a211oi_1)
     2    0.00    0.25    0.29   16.09 ^ u.u_ibex.u_ibex_core.alu_adder_result_ex\\ALU_33_0_33_0_33_unused_CO_X_Y[0]_HAN_CARLSON/_491_/Y (sky130_fd_sc_hd__a211oi_1)
                                         u.u_ibex.u_ibex_core.alu_adder_result_ex\\ALU_33_0_33_0_33_unused_CO_X_Y[0]_HAN_CARLSON/_192_ (net)
                  0.25    0.00   16.09 ^ u.u_ibex.u_ibex_core.alu_adder_result_ex\\ALU_33_0_33_0_33_unused_CO_X_Y[0]_HAN_CARLSON/_493_/A (sky130_fd_sc_hd__nor2_1)
     2    0.01    0.08    0.10   16.20 v u.u_ibex.u_ibex_core.alu_adder_result_ex\\ALU_33_0_33_0_33_unused_CO_X_Y[0]_HAN_CARLSON/_493_/Y (sky130_fd_sc_hd__nor2_1)
                                         u.u_ibex.u_ibex_core.alu_adder_result_ex\\ALU_33_0_33_0_33_unused_CO_X_Y[0]_HAN_CARLSON/_194_ (net)
                  0.08    0.00   16.20 v u.u_ibex.u_ibex_core.alu_adder_result_ex\\ALU_33_0_33_0_33_unused_CO_X_Y[0]_HAN_CARLSON/_497_/A (sky130_fd_sc_hd__xor2_1)
   113    0.34    6.35    4.67   20.86 ^ u.u_ibex.u_ibex_core.alu_adder_result_ex\\ALU_33_0_33_0_33_unused_CO_X_Y[0]_HAN_CARLSON/_497_/X (sky130_fd_sc_hd__xor2_1)
                                         data_addr_o[3] (net)
                  6.35    0.00   20.86 ^ _29988_/B (sky130_fd_sc_hd__xor2_1)
     2    0.00    0.77    0.25   21.11 v _29988_/X (sky130_fd_sc_hd__xor2_1)
                                         _13457_ (net)
                  0.77    0.00   21.11 v _29990_/A2 (sky130_fd_sc_hd__a21oi_1)
     1    0.00    0.17    0.34   21.45 ^ _29990_/Y (sky130_fd_sc_hd__a21oi_1)
                                         _13459_ (net)
                  0.17    0.00   21.45 ^ _29991_/B1 (sky130_fd_sc_hd__a21oi_1)
     1    0.00    0.06    0.05   21.50 v _29991_/Y (sky130_fd_sc_hd__a21oi_1)
                                         _13460_ (net)
                  0.06    0.00   21.50 v _30085_/C1 (sky130_fd_sc_hd__a221o_1)
     1    0.00    0.05    0.25   21.76 v _30085_/X (sky130_fd_sc_hd__a221o_1)
                                         _13554_ (net)
                  0.05    0.00   21.76 v _30086_/B1 (sky130_fd_sc_hd__a21oi_1)
     1    0.00    0.10    0.10   21.86 ^ _30086_/Y (sky130_fd_sc_hd__a21oi_1)
                                         _13555_ (net)
                  0.10    0.00   21.86 ^ _30087_/D1 (sky130_fd_sc_hd__o2111ai_1)
     1    0.00    0.08    0.09   21.95 v _30087_/Y (sky130_fd_sc_hd__o2111ai_1)
                                         _13556_ (net)
                  0.08    0.00   21.95 v _30092_/B (sky130_fd_sc_hd__or3_1)
     1    0.00    0.06    0.34   22.30 v _30092_/X (sky130_fd_sc_hd__or3_1)
                                         _13561_ (net)
                  0.06    0.00   22.30 v _30097_/C (sky130_fd_sc_hd__nor4_1)
     1    0.00    0.21    0.21   22.51 ^ _30097_/Y (sky130_fd_sc_hd__nor4_1)
                                         _13566_ (net)
                  0.21    0.00   22.51 ^ _30109_/B1 (sky130_fd_sc_hd__a31oi_1)
     3    0.01    0.09    0.09   22.60 v _30109_/Y (sky130_fd_sc_hd__a31oi_1)
                                         _13578_ (net)
                  0.09    0.00   22.60 v _30111_/A (sky130_fd_sc_hd__nor2_1)
     2    0.00    0.11    0.13   22.73 ^ _30111_/Y (sky130_fd_sc_hd__nor2_1)
                                         _13580_ (net)
                  0.11    0.00   22.73 ^ _30551_/A1 (sky130_fd_sc_hd__o311ai_0)
     1    0.00    0.11    0.13   22.86 v _30551_/Y (sky130_fd_sc_hd__o311ai_0)
                                         _14019_ (net)
                  0.11    0.00   22.86 v _30564_/A1 (sky130_fd_sc_hd__a21boi_0)
     1    0.00    0.13    0.16   23.02 ^ _30564_/Y (sky130_fd_sc_hd__a21boi_0)
                                         _14032_ (net)
                  0.13    0.00   23.02 ^ _30606_/A1 (sky130_fd_sc_hd__o211ai_1)
     1    0.00    0.06    0.11   23.13 v _30606_/Y (sky130_fd_sc_hd__o211ai_1)
                                         _14074_ (net)
                  0.06    0.00   23.13 v _30607_/B2 (sky130_fd_sc_hd__a32o_1)
     5    0.01    0.08    0.26   23.39 v _30607_/X (sky130_fd_sc_hd__a32o_1)
                                         _14075_ (net)
                  0.08    0.00   23.39 v _32605_/A1 (sky130_fd_sc_hd__a211oi_1)
    42    0.13    3.90    2.89   26.28 ^ _32605_/Y (sky130_fd_sc_hd__a211oi_1)
                                         _16071_ (net)
                  3.90    0.00   26.28 ^ _21857_/C (sky130_fd_sc_hd__nand3_1)
    20    0.05    0.90    1.20   27.48 v _21857_/Y (sky130_fd_sc_hd__nand3_1)
                                         _05329_ (net)
                  0.90    0.00   27.48 v _24586_/S (sky130_fd_sc_hd__mux2_1)
     1    0.00    0.06    0.59   28.07 v _24586_/X (sky130_fd_sc_hd__mux2_1)
                                         _08058_ (net)
                  0.06    0.00   28.07 v _24588_/A2 (sky130_fd_sc_hd__a21oi_1)
     1    0.00    0.09    0.13   28.20 ^ _24588_/Y (sky130_fd_sc_hd__a21oi_1)
                                         _08060_ (net)
                  0.09    0.00   28.20 ^ u.u_timer.mtime_q[23]$_DFFE_PN0P_/D (sky130_fd_sc_hd__dfrtp_1)
                                 28.20   data arrival time

                  0.00   10.00   10.00   clock core_clock (rise edge)
                          1.10   11.10   clock network delay (ideal)
                          0.00   11.10   clock reconvergence pessimism
                                 11.10 ^ u.u_timer.mtime_q[23]$_DFFE_PN0P_/CLK (sky130_fd_sc_hd__dfrtp_1)
                         -0.08   11.02   library setup time
                                 11.02   data required time
-----------------------------------------------------------------------------
                                 11.02   data required time
                                -28.20   data arrival time
-----------------------------------------------------------------------------
                                -17.18   slack (VIOLATED)


Startpoint: u.u_ibex.u_ibex_core.if_stage_i.instr_rdata_alu_id_o[21]$_DFFE_PP_
            (rising edge-triggered flip-flop clocked by core_clock)
Endpoint: data_req_o (output port clocked by vclk_core_clock)
Path Group: vclk_core_clock
Path Type: max

Fanout     Cap    Slew   Delay    Time   Description
-----------------------------------------------------------------------------
                  0.00    0.00    0.00   clock core_clock (rise edge)
                          1.10    1.10   clock network delay (ideal)
                  0.00    0.00    1.10 ^ u.u_ibex.u_ibex_core.if_stage_i.instr_rdata_alu_id_o[21]$_DFFE_PP_/CLK (sky130_fd_sc_hd__edfxtp_1)
   348    1.47   12.75    9.18   10.27 ^ u.u_ibex.u_ibex_core.if_stage_i.instr_rdata_alu_id_o[21]$_DFFE_PP_/Q (sky130_fd_sc_hd__edfxtp_1)
                                         _03041_ (net)
                 12.75    0.00   10.27 ^ _21600_/S0 (sky130_fd_sc_hd__mux4_2)
     1    0.00    0.20    1.23   11.50 v _21600_/X (sky130_fd_sc_hd__mux4_2)
                                         _05072_ (net)
                  0.20    0.00   11.50 v _21618_/A2 (sky130_fd_sc_hd__mux4_2)
     1    0.00    0.08    0.50   12.00 v _21618_/X (sky130_fd_sc_hd__mux4_2)
                                         _05090_ (net)
                  0.08    0.00   12.00 v _21623_/A1 (sky130_fd_sc_hd__mux2i_1)
     7    0.02    0.41    0.35   12.35 ^ _21623_/Y (sky130_fd_sc_hd__mux2i_1)
                                         _05095_ (net)
                  0.41    0.00   12.35 ^ _21627_/B (sky130_fd_sc_hd__nor2_1)
     1    0.00    0.07    0.07   12.41 v _21627_/Y (sky130_fd_sc_hd__nor2_1)
                                         _05099_ (net)
                  0.07    0.00   12.41 v _21630_/B1 (sky130_fd_sc_hd__a21oi_1)
    51    0.16    3.23    2.40   14.82 ^ _21630_/Y (sky130_fd_sc_hd__a21oi_1)
                                         _05102_ (net)
                  3.23    0.00   14.82 ^ _22048_/A2 (sky130_fd_sc_hd__o221ai_1)
     2    0.00    0.38    0.32   15.13 v _22048_/Y (sky130_fd_sc_hd__o221ai_1)
                                         _05520_ (net)
                  0.38    0.00   15.13 v u.u_ibex.u_ibex_core.alu_adder_result_ex\\ALU_33_0_33_0_33_unused_CO_X_Y[0]_HAN_CARLSON/_376_/A (sky130_fd_sc_hd__xor3_1)
     2    0.01    0.10    0.55   15.68 ^ u.u_ibex.u_ibex_core.alu_adder_result_ex\\ALU_33_0_33_0_33_unused_CO_X_Y[0]_HAN_CARLSON/_376_/X (sky130_fd_sc_hd__xor3_1)
                                         u.u_ibex.u_ibex_core.alu_adder_result_ex\\ALU_33_0_33_0_33_unused_CO_X_Y[0]_HAN_CARLSON/_090_ (net)
                  0.10    0.00   15.68 ^ u.u_ibex.u_ibex_core.alu_adder_result_ex\\ALU_33_0_33_0_33_unused_CO_X_Y[0]_HAN_CARLSON/_441_/C1 (sky130_fd_sc_hd__o211ai_1)
     3    0.01    0.11    0.12   15.80 v u.u_ibex.u_ibex_core.alu_adder_result_ex\\ALU_33_0_33_0_33_unused_CO_X_Y[0]_HAN_CARLSON/_441_/Y (sky130_fd_sc_hd__o211ai_1)
                                         u.u_ibex.u_ibex_core.alu_adder_result_ex\\ALU_33_0_33_0_33_unused_CO_X_Y[0]_HAN_CARLSON/_149_ (net)
                  0.11    0.00   15.80 v u.u_ibex.u_ibex_core.alu_adder_result_ex\\ALU_33_0_33_0_33_unused_CO_X_Y[0]_HAN_CARLSON/_491_/A2 (sky130_fd_sc_hd__a211oi_1)
     2    0.00    0.25    0.29   16.09 ^ u.u_ibex.u_ibex_core.alu_adder_result_ex\\ALU_33_0_33_0_33_unused_CO_X_Y[0]_HAN_CARLSON/_491_/Y (sky130_fd_sc_hd__a211oi_1)
                                         u.u_ibex.u_ibex_core.alu_adder_result_ex\\ALU_33_0_33_0_33_unused_CO_X_Y[0]_HAN_CARLSON/_192_ (net)
                  0.25    0.00   16.09 ^ u.u_ibex.u_ibex_core.alu_adder_result_ex\\ALU_33_0_33_0_33_unused_CO_X_Y[0]_HAN_CARLSON/_493_/A (sky130_fd_sc_hd__nor2_1)
     2    0.01    0.08    0.10   16.20 v u.u_ibex.u_ibex_core.alu_adder_result_ex\\ALU_33_0_33_0_33_unused_CO_X_Y[0]_HAN_CARLSON/_493_/Y (sky130_fd_sc_hd__nor2_1)
                                         u.u_ibex.u_ibex_core.alu_adder_result_ex\\ALU_33_0_33_0_33_unused_CO_X_Y[0]_HAN_CARLSON/_194_ (net)
                  0.08    0.00   16.20 v u.u_ibex.u_ibex_core.alu_adder_result_ex\\ALU_33_0_33_0_33_unused_CO_X_Y[0]_HAN_CARLSON/_497_/A (sky130_fd_sc_hd__xor2_1)
   113    0.34    6.35    4.67   20.86 ^ u.u_ibex.u_ibex_core.alu_adder_result_ex\\ALU_33_0_33_0_33_unused_CO_X_Y[0]_HAN_CARLSON/_497_/X (sky130_fd_sc_hd__xor2_1)
                                         data_addr_o[3] (net)
                  6.35    0.00   20.86 ^ _29988_/B (sky130_fd_sc_hd__xor2_1)
     2    0.00    0.77    0.25   21.11 v _29988_/X (sky130_fd_sc_hd__xor2_1)
                                         _13457_ (net)
                  0.77    0.00   21.11 v _29990_/A2 (sky130_fd_sc_hd__a21oi_1)
     1    0.00    0.17    0.34   21.45 ^ _29990_/Y (sky130_fd_sc_hd__a21oi_1)
                                         _13459_ (net)
                  0.17    0.00   21.45 ^ _29991_/B1 (sky130_fd_sc_hd__a21oi_1)
     1    0.00    0.06    0.05   21.50 v _29991_/Y (sky130_fd_sc_hd__a21oi_1)
                                         _13460_ (net)
                  0.06    0.00   21.50 v _30085_/C1 (sky130_fd_sc_hd__a221o_1)
     1    0.00    0.05    0.25   21.76 v _30085_/X (sky130_fd_sc_hd__a221o_1)
                                         _13554_ (net)
                  0.05    0.00   21.76 v _30086_/B1 (sky130_fd_sc_hd__a21oi_1)
     1    0.00    0.10    0.10   21.86 ^ _30086_/Y (sky130_fd_sc_hd__a21oi_1)
                                         _13555_ (net)
                  0.10    0.00   21.86 ^ _30087_/D1 (sky130_fd_sc_hd__o2111ai_1)
     1    0.00    0.08    0.09   21.95 v _30087_/Y (sky130_fd_sc_hd__o2111ai_1)
                                         _13556_ (net)
                  0.08    0.00   21.95 v _30092_/B (sky130_fd_sc_hd__or3_1)
     1    0.00    0.06    0.34   22.30 v _30092_/X (sky130_fd_sc_hd__or3_1)
                                         _13561_ (net)
                  0.06    0.00   22.30 v _30097_/C (sky130_fd_sc_hd__nor4_1)
     1    0.00    0.21    0.21   22.51 ^ _30097_/Y (sky130_fd_sc_hd__nor4_1)
                                         _13566_ (net)
                  0.21    0.00   22.51 ^ _30109_/B1 (sky130_fd_sc_hd__a31oi_1)
     3    0.01    0.09    0.09   22.60 v _30109_/Y (sky130_fd_sc_hd__a31oi_1)
                                         _13578_ (net)
                  0.09    0.00   22.60 v _30112_/A (sky130_fd_sc_hd__or2_0)
     1    0.00    0.05    0.23   22.82 v _30112_/X (sky130_fd_sc_hd__or2_0)
                                         _13581_ (net)
                  0.05    0.00   22.82 v _30548_/A1 (sky130_fd_sc_hd__a211o_1)
     1    0.00    0.05    0.25   23.07 v _30548_/X (sky130_fd_sc_hd__a211o_1)
                                         _14016_ (net)
                  0.05    0.00   23.07 v _30549_/A2 (sky130_fd_sc_hd__a21o_1)
     1    0.00    0.03    0.17   23.23 v _30549_/X (sky130_fd_sc_hd__a21o_1)
                                         _14017_ (net)
                  0.03    0.00   23.23 v _30606_/C1 (sky130_fd_sc_hd__o211ai_1)
     1    0.00    0.14    0.07   23.30 ^ _30606_/Y (sky130_fd_sc_hd__o211ai_1)
                                         _14074_ (net)
                  0.14    0.00   23.30 ^ _30607_/B2 (sky130_fd_sc_hd__a32o_1)
     5    0.01    0.14    0.21   23.51 ^ _30607_/X (sky130_fd_sc_hd__a32o_1)
                                         _14075_ (net)
                  0.14    0.00   23.51 ^ _30616_/A1 (sky130_fd_sc_hd__a21o_1)
    23    0.05    0.40    0.39   23.90 ^ _30616_/X (sky130_fd_sc_hd__a21o_1)
                                         _14083_ (net)
                  0.40    0.00   23.90 ^ _30615_/A (sky130_fd_sc_hd__clkinv_1)
     5    0.01    0.13    0.18   24.07 v _30615_/Y (sky130_fd_sc_hd__clkinv_1)
                                         data_req_o (net)
                  0.13    0.00   24.07 v data_req_o (out)
                                 24.07   data arrival time

                  0.00   10.00   10.00   clock vclk_core_clock (rise edge)
                          1.10   11.10   clock network delay (ideal)
                          0.00   11.10   clock reconvergence pessimism
                         -2.00    9.09   output external delay
                                  9.09   data required time
-----------------------------------------------------------------------------
                                  9.09   data required time
                                -24.07   data arrival time
-----------------------------------------------------------------------------
                                -14.98   slack (VIOLATED)



==========================================================================
floorplan final report_power
--------------------------------------------------------------------------
Group                  Internal  Switching    Leakage      Total
                          Power      Power      Power      Power (Watts)
----------------------------------------------------------------
Sequential             2.51e-03   3.95e-04   2.66e-08   2.91e-03  25.1%
Combinational          4.24e-03   4.30e-03   5.48e-08   8.54e-03  73.6%
Clock                 -6.50e-07   1.61e-04   1.87e-12   1.60e-04   1.4%
Macro                  0.00e+00   0.00e+00   0.00e+00   0.00e+00   0.0%
Pad                    0.00e+00   0.00e+00   0.00e+00   0.00e+00   0.0%
----------------------------------------------------------------
Total                  6.76e-03   4.85e-03   8.13e-08   1.16e-02 100.0%
                          58.2%      41.8%       0.0%
