Program header number 0 in `/home/mmr/ricv_paper/m7/sw/ibex_pmp/PERF-CPU-02.elf' is not of type PT_LOAD; ignoring.
Program header number 3 in `/home/mmr/ricv_paper/m7/sw/ibex_pmp/PERF-CPU-02.elf' is not of type PT_LOAD; ignoring.
Simulation of Ibex
==================

Tracing can be toggled by sending SIGUSR1 to this process:
$ kill -USR1 2687869

Simulation running, end by pressing CTRL-c.
TOP.ibex_simple_system.u_top.u_ibex_tracer.unnamedblk2.unnamedblk3: Writing execution trace to trace_core_00000000.log
Terminating simulation by software request.
- src/lowrisc_ibex_sim_shared_0/rtl/sim/simulator_ctrl.sv:93: Verilog $finish
Received $finish() from Verilog, shutting down simulation.

Simulation statistics
=====================
Executed cycles:  1122
Wallclock time:   0.004 s
Simulation speed: 280500 cycles/s (280.5 kHz)

Performance Counters
====================
Cycles:               1118
Instructions Retired: 669

--- ibex_simple_system.log ---
M7-CYC-REQ: 0x00000088
M7-CYC-DONE: 0x0000008D
M7-CYC-DELTA: 0x00000005
M7-RESULT: PASS
