Program header number 0 in `/home/mmr/ricv_paper/m7/sw/ibex_reset/RC-5.elf' is not of type PT_LOAD; ignoring.
Program header number 3 in `/home/mmr/ricv_paper/m7/sw/ibex_reset/RC-5.elf' is not of type PT_LOAD; ignoring.
M7 Ibex C5 composed simulation
TOP.m7_ibex_c5_composed_top.u_ibex.u_ibex_tracer: Instruction trace disabled.

Simulation running, end by pressing CTRL-c.
Terminating simulation by software request.
- src/lowrisc_ibex_sim_shared_0/rtl/sim/simulator_ctrl.sv:93: Verilog $finish
Received $finish() from Verilog, shutting down simulation.

Simulation statistics
=====================
Executed cycles:  1481
Wallclock time:   0.003 s
Simulation speed: 493667 cycles/s (493.667 kHz)

--- m7_c5_events.log ---
# C5 event log
CYC=2 EVT=CPU_RESET_RELEASE
CYC=2 EVT=IC_RESET_RELEASE
CYC=3 EVT=DMA_RESET_RELEASE
CYC=3 EVT=IOPMP_RESET_RELEASE
CYC=3 EVT=SEC_RESET_RELEASE
CYC=9 EVT=PROT_COMMIT SRC=CPU ADDR=0x20000100 DATA=0x5151a5a5
CYC=10 EVT=PROT_COMMIT SRC=CPU ADDR=0x20000100 DATA=0x5151a5a5
CYC=10 EVT=CPU_RVALID
CYC=11 EVT=PROT_COMMIT SRC=CPU ADDR=0x20000100 DATA=0x5151a5a5
CYC=101 EVT=PMP_READY
CYC=103 EVT=CPU_RESET_ASSERT
CYC=103 EVT=DMA_RESET_ASSERT
CYC=103 EVT=IOPMP_RESET_ASSERT
CYC=103 EVT=SEC_RESET_ASSERT
CYC=103 EVT=IC_RESET_ASSERT
CYC=116 EVT=IC_RESET_RELEASE
CYC=118 EVT=CPU_RESET_RELEASE
CYC=120 EVT=IOPMP_RESET_RELEASE
CYC=120 EVT=SEC_RESET_RELEASE
CYC=122 EVT=DMA_RESET_RELEASE
CYC=126 EVT=DMA_DENIED RID=0x02 ADDR=0x20000100 WDATA=0xdada00ee WRITE=1
CYC=126 EVT=DMA_COMPLETED ERR=1
CYC=127 EVT=DMA_COMPLETED ERR=1
CYC=133 EVT=IOPMP_READY
CYC=133 EVT=SECURE_READY
CYC=139 EVT=DMA_DENIED RID=0x02 ADDR=0x20000100 WDATA=0xdada00ff WRITE=1
CYC=139 EVT=DMA_COMPLETED ERR=1
CYC=140 EVT=DMA_COMPLETED ERR=1
CYC=146 EVT=DMA_ADMITTED RID=0x01 ADDR=0x20000100 WDATA=0xa11d00c5 WRITE=1
CYC=149 EVT=DMA_TARGET_ACCEPTED ADDR=0x20000100
CYC=151 EVT=PROT_COMMIT SRC=DMA ADDR=0x20000100 DATA=0xa11d00c5
CYC=152 EVT=PROT_COMMIT SRC=DMA ADDR=0x20000100 DATA=0xa11d00c5
CYC=153 EVT=PROT_COMMIT SRC=DMA ADDR=0x20000100 DATA=0xa11d00c5
CYC=153 EVT=DMA_COMPLETED ERR=0
CYC=155 EVT=PROT_COMMIT SRC=DMA ADDR=0x20000100 DATA=0xa11d00c5
CYC=1156 EVT=CPU_REQ_GNT ADDR=0x20000100 WE=0 WDATA=0x00000000
CYC=1159 EVT=CPU_RVALID

--- m7_c5_harness.log ---
C5_TEST=200 REL_CPU=10 REL_DMA=14 REL_IOPMP=12 REL_SEC=12 REL_IC=8 DELAY=0
ORD_EPOCH_BASE=107
EARLY ERR=1 PEEK=0x5151a5a5 SECURE=0 EN=1 RULEV=0
POST_UNAUTH ERR=1 PEEK=0x5151a5a5
POST_AUTH ERR=0 PEEK=0xa11d00c5
DONE PEEK=0xa11d00c5 CPU=117 DMA=121 IOPMP=119 SEC=119 IC=115 PMP=101 IRDY=133 SECURE=133 REQ=143 ADMIT=146 COMMIT=151 RST=0 RES=0xdead0001 EPOCH=107

--- m7_ibex_c5_composed.log ---
M7-RC-TRAP
MCAUSE: 0x00000007
MEPc: 0x0010018A
MTVAL: 0x20000100
MEM_AFTER: 0xA11D00C5
M7-RC-RESULT: PASS
