Program header number 0 in `/home/mmr/ricv_paper/m7/sw/ibex_reset/RC-5.elf' is not of type PT_LOAD; ignoring.
Program header number 3 in `/home/mmr/ricv_paper/m7/sw/ibex_reset/RC-5.elf' is not of type PT_LOAD; ignoring.
M7 Ibex C5 composed simulation
TOP.m7_ibex_c5_composed_top.u_ibex.u_ibex_tracer: Instruction trace disabled.

Simulation running, end by pressing CTRL-c.
M7-C5-FINISH
- src/local_m7_m7_ibex_c5_composed_0/../rtl/m7_c5_harness.sv:807: Verilog $finish
Received $finish() from Verilog, shutting down simulation.

Simulation statistics
=====================
Executed cycles:  258
Wallclock time:   0 s
Simulation speed: inf cycles/s (inf kHz)

---m7_c5_events.log---
# C5 event log
CYC=2 EVT=IC_RESET_RELEASE
CYC=3 EVT=DMA_RESET_RELEASE
CYC=3 EVT=IOPMP_RESET_RELEASE
CYC=3 EVT=SEC_RESET_RELEASE
CYC=9 EVT=PROT_COMMIT SRC=CPU ADDR=0x20000100 DATA=0x5151a5a5
CYC=10 EVT=PROT_COMMIT SRC=CPU ADDR=0x20000100 DATA=0x5151a5a5
CYC=10 EVT=CPU_RVALID
CYC=11 EVT=PROT_COMMIT SRC=CPU ADDR=0x20000100 DATA=0x5151a5a5
CYC=15 EVT=IOPMP_READY
CYC=20 EVT=DMA_ADMITTED RID=0x01 ADDR=0x20000100 WDATA=0xa11d00c5 WRITE=1
CYC=23 EVT=DMA_TARGET_ACCEPTED ADDR=0x20000100
CYC=25 EVT=PROT_COMMIT SRC=DMA ADDR=0x20000100 DATA=0xa11d00c5
CYC=26 EVT=PROT_COMMIT SRC=DMA ADDR=0x20000100 DATA=0xa11d00c5
CYC=27 EVT=PROT_COMMIT SRC=DMA ADDR=0x20000100 DATA=0xa11d00c5
CYC=27 EVT=DMA_COMPLETED ERR=0
CYC=29 EVT=PROT_COMMIT SRC=DMA ADDR=0x20000100 DATA=0xa11d00c5
CYC=35 EVT=DMA_ADMITTED RID=0x01 ADDR=0x20000100 WDATA=0xa11d00c5 WRITE=1
CYC=38 EVT=DMA_TARGET_ACCEPTED ADDR=0x20000100
CYC=40 EVT=PROT_COMMIT SRC=DMA ADDR=0x20000100 DATA=0xa11d00c5
CYC=41 EVT=PROT_COMMIT SRC=DMA ADDR=0x20000100 DATA=0xa11d00c5
CYC=42 EVT=PROT_COMMIT SRC=DMA ADDR=0x20000100 DATA=0xa11d00c5
CYC=42 EVT=DMA_COMPLETED ERR=0
CYC=44 EVT=PROT_COMMIT SRC=DMA ADDR=0x20000100 DATA=0xa11d00c5
CYC=50 EVT=DMA_ADMITTED RID=0x01 ADDR=0x20000100 WDATA=0xa11d00c5 WRITE=1
CYC=53 EVT=DMA_TARGET_ACCEPTED ADDR=0x20000100
CYC=55 EVT=PROT_COMMIT SRC=DMA ADDR=0x20000100 DATA=0xa11d00c5
CYC=56 EVT=PROT_COMMIT SRC=DMA ADDR=0x20000100 DATA=0xa11d00c5
CYC=57 EVT=PROT_COMMIT SRC=DMA ADDR=0x20000100 DATA=0xa11d00c5
CYC=57 EVT=DMA_COMPLETED ERR=0
CYC=59 EVT=PROT_COMMIT SRC=DMA ADDR=0x20000100 DATA=0xa11d00c5
CYC=65 EVT=DMA_ADMITTED RID=0x01 ADDR=0x20000100 WDATA=0xa11d00c5 WRITE=1
CYC=68 EVT=DMA_TARGET_ACCEPTED ADDR=0x20000100
CYC=70 EVT=PROT_COMMIT SRC=DMA ADDR=0x20000100 DATA=0xa11d00c5
CYC=71 EVT=PROT_COMMIT SRC=DMA ADDR=0x20000100 DATA=0xa11d00c5
CYC=72 EVT=PROT_COMMIT SRC=DMA ADDR=0x20000100 DATA=0xa11d00c5
CYC=72 EVT=DMA_COMPLETED ERR=0
CYC=74 EVT=PROT_COMMIT SRC=DMA ADDR=0x20000100 DATA=0xa11d00c5
CYC=80 EVT=DMA_ADMITTED RID=0x01 ADDR=0x20000100 WDATA=0xa11d00c5 WRITE=1
CYC=83 EVT=DMA_TARGET_ACCEPTED ADDR=0x20000100
CYC=85 EVT=PROT_COMMIT SRC=DMA ADDR=0x20000100 DATA=0xa11d00c5
CYC=86 EVT=PROT_COMMIT SRC=DMA ADDR=0x20000100 DATA=0xa11d00c5
CYC=87 EVT=PROT_COMMIT SRC=DMA ADDR=0x20000100 DATA=0xa11d00c5
CYC=87 EVT=DMA_COMPLETED ERR=0
CYC=89 EVT=PROT_COMMIT SRC=DMA ADDR=0x20000100 DATA=0xa11d00c5
CYC=95 EVT=DMA_ADMITTED RID=0x01 ADDR=0x20000100 WDATA=0xa11d00c5 WRITE=1
CYC=98 EVT=DMA_TARGET_ACCEPTED ADDR=0x20000100
CYC=100 EVT=PROT_COMMIT SRC=DMA ADDR=0x20000100 DATA=0xa11d00c5
CYC=101 EVT=PROT_COMMIT SRC=DMA ADDR=0x20000100 DATA=0xa11d00c5
CYC=102 EVT=PROT_COMMIT SRC=DMA ADDR=0x20000100 DATA=0xa11d00c5
CYC=102 EVT=DMA_COMPLETED ERR=0
CYC=104 EVT=PROT_COMMIT SRC=DMA ADDR=0x20000100 DATA=0xa11d00c5
CYC=110 EVT=DMA_ADMITTED RID=0x01 ADDR=0x20000100 WDATA=0xa11d00c5 WRITE=1
CYC=113 EVT=DMA_TARGET_ACCEPTED ADDR=0x20000100
CYC=115 EVT=PROT_COMMIT SRC=DMA ADDR=0x20000100 DATA=0xa11d00c5
CYC=116 EVT=PROT_COMMIT SRC=DMA ADDR=0x20000100 DATA=0xa11d00c5
CYC=117 EVT=PROT_COMMIT SRC=DMA ADDR=0x20000100 DATA=0xa11d00c5
CYC=117 EVT=DMA_COMPLETED ERR=0
CYC=119 EVT=PROT_COMMIT SRC=DMA ADDR=0x20000100 DATA=0xa11d00c5
CYC=125 EVT=DMA_ADMITTED RID=0x01 ADDR=0x20000100 WDATA=0xa11d00c5 WRITE=1
CYC=128 EVT=DMA_TARGET_ACCEPTED ADDR=0x20000100
CYC=130 EVT=PROT_COMMIT SRC=DMA ADDR=0x20000100 DATA=0xa11d00c5
CYC=131 EVT=PROT_COMMIT SRC=DMA ADDR=0x20000100 DATA=0xa11d00c5
CYC=132 EVT=PROT_COMMIT SRC=DMA ADDR=0x20000100 DATA=0xa11d00c5
CYC=132 EVT=DMA_COMPLETED ERR=0
CYC=134 EVT=PROT_COMMIT SRC=DMA ADDR=0x20000100 DATA=0xa11d00c5
CYC=140 EVT=DMA_ADMITTED RID=0x01 ADDR=0x20000100 WDATA=0xa11d00c5 WRITE=1
CYC=143 EVT=DMA_TARGET_ACCEPTED ADDR=0x20000100
CYC=145 EVT=PROT_COMMIT SRC=DMA ADDR=0x20000100 DATA=0xa11d00c5
CYC=146 EVT=PROT_COMMIT SRC=DMA ADDR=0x20000100 DATA=0xa11d00c5
CYC=147 EVT=PROT_COMMIT SRC=DMA ADDR=0x20000100 DATA=0xa11d00c5
CYC=147 EVT=DMA_COMPLETED ERR=0
CYC=149 EVT=PROT_COMMIT SRC=DMA ADDR=0x20000100 DATA=0xa11d00c5
CYC=155 EVT=DMA_ADMITTED RID=0x01 ADDR=0x20000100 WDATA=0xa11d00c5 WRITE=1
CYC=158 EVT=DMA_TARGET_ACCEPTED ADDR=0x20000100
CYC=160 EVT=PROT_COMMIT SRC=DMA ADDR=0x20000100 DATA=0xa11d00c5
CYC=161 EVT=PROT_COMMIT SRC=DMA ADDR=0x20000100 DATA=0xa11d00c5
CYC=162 EVT=PROT_COMMIT SRC=DMA ADDR=0x20000100 DATA=0xa11d00c5
CYC=162 EVT=DMA_COMPLETED ERR=0
CYC=164 EVT=PROT_COMMIT SRC=DMA ADDR=0x20000100 DATA=0xa11d00c5
CYC=170 EVT=DMA_ADMITTED RID=0x01 ADDR=0x20000100 WDATA=0xa11d00c5 WRITE=1
CYC=173 EVT=DMA_TARGET_ACCEPTED ADDR=0x20000100
CYC=175 EVT=PROT_COMMIT SRC=DMA ADDR=0x20000100 DATA=0xa11d00c5
CYC=176 EVT=PROT_COMMIT SRC=DMA ADDR=0x20000100 DATA=0xa11d00c5
CYC=177 EVT=PROT_COMMIT SRC=DMA ADDR=0x20000100 DATA=0xa11d00c5
CYC=177 EVT=DMA_COMPLETED ERR=0
CYC=179 EVT=PROT_COMMIT SRC=DMA ADDR=0x20000100 DATA=0xa11d00c5
CYC=185 EVT=DMA_ADMITTED RID=0x01 ADDR=0x20000100 WDATA=0xa11d00c5 WRITE=1
CYC=188 EVT=DMA_TARGET_ACCEPTED ADDR=0x20000100
CYC=190 EVT=PROT_COMMIT SRC=DMA ADDR=0x20000100 DATA=0xa11d00c5
CYC=191 EVT=PROT_COMMIT SRC=DMA ADDR=0x20000100 DATA=0xa11d00c5
CYC=192 EVT=PROT_COMMIT SRC=DMA ADDR=0x20000100 DATA=0xa11d00c5
CYC=192 EVT=DMA_COMPLETED ERR=0
CYC=194 EVT=PROT_COMMIT SRC=DMA ADDR=0x20000100 DATA=0xa11d00c5
CYC=200 EVT=DMA_ADMITTED RID=0x01 ADDR=0x20000100 WDATA=0xa11d00c5 WRITE=1
CYC=203 EVT=DMA_TARGET_ACCEPTED ADDR=0x20000100
CYC=205 EVT=PROT_COMMIT SRC=DMA ADDR=0x20000100 DATA=0xa11d00c5
CYC=206 EVT=PROT_COMMIT SRC=DMA ADDR=0x20000100 DATA=0xa11d00c5
CYC=207 EVT=PROT_COMMIT SRC=DMA ADDR=0x20000100 DATA=0xa11d00c5
CYC=207 EVT=DMA_COMPLETED ERR=0
CYC=209 EVT=PROT_COMMIT SRC=DMA ADDR=0x20000100 DATA=0xa11d00c5
CYC=215 EVT=DMA_ADMITTED RID=0x01 ADDR=0x20000100 WDATA=0xa11d00c5 WRITE=1
CYC=218 EVT=DMA_TARGET_ACCEPTED ADDR=0x20000100
CYC=220 EVT=PROT_COMMIT SRC=DMA ADDR=0x20000100 DATA=0xa11d00c5
CYC=221 EVT=PROT_COMMIT SRC=DMA ADDR=0x20000100 DATA=0xa11d00c5
CYC=222 EVT=PROT_COMMIT SRC=DMA ADDR=0x20000100 DATA=0xa11d00c5
CYC=222 EVT=DMA_COMPLETED ERR=0
CYC=224 EVT=PROT_COMMIT SRC=DMA ADDR=0x20000100 DATA=0xa11d00c5
CYC=230 EVT=DMA_ADMITTED RID=0x01 ADDR=0x20000100 WDATA=0xa11d00c5 WRITE=1
CYC=233 EVT=DMA_TARGET_ACCEPTED ADDR=0x20000100
CYC=235 EVT=PROT_COMMIT SRC=DMA ADDR=0x20000100 DATA=0xa11d00c5
CYC=236 EVT=PROT_COMMIT SRC=DMA ADDR=0x20000100 DATA=0xa11d00c5
CYC=237 EVT=PROT_COMMIT SRC=DMA ADDR=0x20000100 DATA=0xa11d00c5
CYC=237 EVT=DMA_COMPLETED ERR=0
CYC=239 EVT=PROT_COMMIT SRC=DMA ADDR=0x20000100 DATA=0xa11d00c5
CYC=245 EVT=DMA_ADMITTED RID=0x01 ADDR=0x20000100 WDATA=0xa11d00c5 WRITE=1
CYC=248 EVT=DMA_TARGET_ACCEPTED ADDR=0x20000100
CYC=250 EVT=PROT_COMMIT SRC=DMA ADDR=0x20000100 DATA=0xa11d00c5
CYC=251 EVT=PROT_COMMIT SRC=DMA ADDR=0x20000100 DATA=0xa11d00c5
CYC=252 EVT=PROT_COMMIT SRC=DMA ADDR=0x20000100 DATA=0xa11d00c5
CYC=252 EVT=DMA_COMPLETED ERR=0
CYC=254 EVT=PROT_COMMIT SRC=DMA ADDR=0x20000100 DATA=0xa11d00c5

---m7_c5_harness.log---
C5_TEST=900 REL_CPU=10 REL_DMA=20 REL_IOPMP=12 REL_SEC=12 REL_IC=8 DELAY=0 DMA_N=16
THRU_BEGIN DMA_N=16 CYC=15
THRU_XFER ERR=0 LEFT=15 CYC=28
THRU_XFER ERR=0 LEFT=14 CYC=43
THRU_XFER ERR=0 LEFT=13 CYC=58
THRU_XFER ERR=0 LEFT=12 CYC=73
THRU_XFER ERR=0 LEFT=11 CYC=88
THRU_XFER ERR=0 LEFT=10 CYC=103
THRU_XFER ERR=0 LEFT=9 CYC=118
THRU_XFER ERR=0 LEFT=8 CYC=133
THRU_XFER ERR=0 LEFT=7 CYC=148
THRU_XFER ERR=0 LEFT=6 CYC=163
THRU_XFER ERR=0 LEFT=5 CYC=178
THRU_XFER ERR=0 LEFT=4 CYC=193
THRU_XFER ERR=0 LEFT=3 CYC=208
THRU_XFER ERR=0 LEFT=2 CYC=223
THRU_XFER ERR=0 LEFT=1 CYC=238
THRU_XFER ERR=0 LEFT=0 CYC=253
THRU_DONE N=16 FIRST_REQ=17 LAST_DONE=253 TOTAL=236
DONE PEEK=0xa11d00c5 CPU=0 DMA=2 IOPMP=2 SEC=2 IC=1 PMP=0 IRDY=15 SECURE=0 REQ=242 ADMIT=20 COMMIT=25 RST=0 RES=0x600d0900 EPOCH=0
