Program header number 0 in `/home/mmr/ricv_paper/m7/sw/ibex_pmp/PERF-CPU-03.elf' is not of type PT_LOAD; ignoring.
Program header number 3 in `/home/mmr/ricv_paper/m7/sw/ibex_pmp/PERF-CPU-03.elf' is not of type PT_LOAD; ignoring.
Simulation of Ibex
==================

Tracing can be toggled by sending SIGUSR1 to this process:
$ kill -USR1 2687907

Simulation running, end by pressing CTRL-c.
TOP.ibex_simple_system.u_top.u_ibex_tracer.unnamedblk2.unnamedblk3: Writing execution trace to trace_core_00000000.log
Terminating simulation by software request.
- src/lowrisc_ibex_sim_shared_0/rtl/sim/simulator_ctrl.sv:93: Verilog $finish
Received $finish() from Verilog, shutting down simulation.

Simulation statistics
=====================
Executed cycles:  1702
Wallclock time:   0.012 s
Simulation speed: 141833 cycles/s (141.833 kHz)

Performance Counters
====================
Cycles:               1698
Instructions Retired: 1037

--- ibex_simple_system.log ---
M7-TRAP
MCAUSE: 0x00000005
MEPc: 0x00100190
MTVAL: 0x00180100
MEM_AFTER: 0x22222222
M7-CYC-REQ: 0x00000091
M7-CYC-TRAP: 0x000000AD
