
==========================================================================
resizer report_tns
--------------------------------------------------------------------------
tns max -396.57

==========================================================================
resizer report_wns
--------------------------------------------------------------------------
wns max -2.11

==========================================================================
resizer report_worst_slack
--------------------------------------------------------------------------
worst slack max -2.11

==========================================================================
resizer report_clock_min_period
--------------------------------------------------------------------------
core_clock period_min = 11.22 fmax = 89.12
vclk_core_clock period_min = 0.00 fmax = inf

==========================================================================
resizer report_checks -path_delay min
--------------------------------------------------------------------------
Startpoint: rst_n (input port clocked by vclk_core_clock)
Endpoint: u.g_comp.u_sec.rule0_base[0]$_DFFE_PN0P_
          (removal check against rising-edge clock core_clock)
Path Group: asynchronous
Path Type: min

Fanout     Cap    Slew   Delay    Time   Description
-----------------------------------------------------------------------------
                  0.00    0.00    0.00   clock vclk_core_clock (rise edge)
                          1.10    1.10   clock network delay (ideal)
                          2.00    3.09 ^ input external delay
     1    0.02    0.00    0.00    3.09 ^ rst_n (in)
                                         rst_n (net)
                  0.00    0.00    3.10 ^ input663/A (sky130_fd_sc_hd__buf_16)
    69    0.50    0.50    0.33    3.43 ^ input663/X (sky130_fd_sc_hd__buf_16)
                                         net907 (net)
                  0.50    0.01    3.43 ^ u.g_comp.u_sec.rule0_base[0]$_DFFE_PN0P_/RESET_B (sky130_fd_sc_hd__dfrtp_1)
                                  3.43   data arrival time

                  0.00    0.00    0.00   clock core_clock (rise edge)
                          1.10    1.10   clock network delay (ideal)
                          0.00    1.10   clock reconvergence pessimism
                                  1.10 ^ u.g_comp.u_sec.rule0_base[0]$_DFFE_PN0P_/CLK (sky130_fd_sc_hd__dfrtp_1)
                          0.43    1.53   library removal time
                                  1.53   data required time
-----------------------------------------------------------------------------
                                  1.53   data required time
                                 -3.43   data arrival time
-----------------------------------------------------------------------------
                                  1.91   slack (MET)


Startpoint: u.u_ibex.core_clock_gate_i.en_latch$_DLATCH_N_
            (negative level-sensitive latch clocked by core_clock)
Endpoint: _32228_ (rising clock gating-check end-point clocked by core_clock)
Path Group: gated clock
Path Type: min

Fanout     Cap    Slew   Delay    Time   Description
-----------------------------------------------------------------------------
                  0.00    5.00    5.00   clock core_clock (fall edge)
                          1.10    6.10   clock network delay (ideal)
                  0.00    0.00    6.10 v u.u_ibex.core_clock_gate_i.en_latch$_DLATCH_N_/GATE_N (sky130_fd_sc_hd__dlxtn_1)
     1    0.00    0.02    0.23    6.32 v u.u_ibex.core_clock_gate_i.en_latch$_DLATCH_N_/Q (sky130_fd_sc_hd__dlxtn_1)
                                         u.u_ibex.core_clock_gate_i.en_latch (net)
                  0.02    0.00    6.32 v _32228_/B (sky130_fd_sc_hd__and2_0)
                                  6.32   data arrival time

                  0.00    5.00    5.00   clock core_clock (fall edge)
                          1.10    6.10   clock network delay (ideal)
                          0.00    6.10   clock reconvergence pessimism
                                  6.10 v _32228_/A (sky130_fd_sc_hd__and2_0)
                          0.00    6.10   clock gating hold time
                                  6.10   data required time
-----------------------------------------------------------------------------
                                  6.10   data required time
                                 -6.32   data arrival time
-----------------------------------------------------------------------------
                                  0.23   slack (MET)


Startpoint: u.g_comp.u_ic.prot_req$_DFF_PN0_
            (rising edge-triggered flip-flop clocked by core_clock)
Endpoint: u.g_comp.u_prot.valid$_DFF_PN0_
          (rising edge-triggered flip-flop clocked by core_clock)
Path Group: core_clock
Path Type: min

Fanout     Cap    Slew   Delay    Time   Description
-----------------------------------------------------------------------------
                  0.00    0.00    0.00   clock core_clock (rise edge)
                          1.10    1.10   clock network delay (ideal)
                  0.00    0.00    1.10 ^ u.g_comp.u_ic.prot_req$_DFF_PN0_/CLK (sky130_fd_sc_hd__dfrtp_1)
     2    0.01    0.08    0.33    1.42 ^ u.g_comp.u_ic.prot_req$_DFF_PN0_/Q (sky130_fd_sc_hd__dfrtp_1)
                                         u.g_comp.u_ic.prot_req (net)
                  0.08    0.00    1.42 ^ u.g_comp.u_prot.valid$_DFF_PN0_/D (sky130_fd_sc_hd__dfrtp_1)
                                  1.42   data arrival time

                  0.00    0.00    0.00   clock core_clock (rise edge)
                          1.10    1.10   clock network delay (ideal)
                          0.00    1.10   clock reconvergence pessimism
                                  1.10 ^ u.g_comp.u_prot.valid$_DFF_PN0_/CLK (sky130_fd_sc_hd__dfrtp_1)
                         -0.05    1.05   library hold time
                                  1.05   data required time
-----------------------------------------------------------------------------
                                  1.05   data required time
                                 -1.42   data arrival time
-----------------------------------------------------------------------------
                                  0.38   slack (MET)


Startpoint: u.u_ibex.u_ibex_core.if_stage_i.gen_prefetch_buffer.prefetch_buffer_i.fetch_addr_q[30]$_DFFE_PP_
            (rising edge-triggered flip-flop clocked by core_clock)
Endpoint: instr_addr_o[30] (output port clocked by vclk_core_clock)
Path Group: vclk_core_clock
Path Type: min

Fanout     Cap    Slew   Delay    Time   Description
-----------------------------------------------------------------------------
                  0.00    0.00    0.00   clock core_clock (rise edge)
                          1.10    1.10   clock network delay (ideal)
                  0.00    0.00    1.10 ^ u.u_ibex.u_ibex_core.if_stage_i.gen_prefetch_buffer.prefetch_buffer_i.fetch_addr_q[30]$_DFFE_PP_/CLK (sky130_fd_sc_hd__edfxtp_1)
     1    0.00    0.05    0.30    1.39 ^ u.u_ibex.u_ibex_core.if_stage_i.gen_prefetch_buffer.prefetch_buffer_i.fetch_addr_q[30]$_DFFE_PP_/Q (sky130_fd_sc_hd__edfxtp_1)
                                         _04005_ (net)
                  0.05    0.00    1.39 ^ _36020_/A (sky130_fd_sc_hd__nand2_1)
     2    0.00    0.04    0.06    1.45 v _36020_/Y (sky130_fd_sc_hd__nand2_1)
                                         _18615_ (net)
                  0.04    0.00    1.45 v _36021_/B (sky130_fd_sc_hd__nand2_1)
     3    0.01    0.13    0.12    1.57 ^ _36021_/Y (sky130_fd_sc_hd__nand2_1)
                                         net965 (net)
                  0.13    0.00    1.57 ^ place4903/A (sky130_fd_sc_hd__buf_4)
     1    0.06    0.17    0.23    1.80 ^ place4903/X (sky130_fd_sc_hd__buf_4)
                                         instr_addr_o[30] (net)
                  0.18    0.01    1.82 ^ instr_addr_o[30] (out)
                                  1.82   data arrival time

                  0.00    0.00    0.00   clock vclk_core_clock (rise edge)
                          1.10    1.10   clock network delay (ideal)
                          0.00    1.10   clock reconvergence pessimism
                         -2.00   -0.90   output external delay
                                 -0.90   data required time
-----------------------------------------------------------------------------
                                 -0.90   data required time
                                 -1.82   data arrival time
-----------------------------------------------------------------------------
                                  2.72   slack (MET)



==========================================================================
resizer report_checks -path_delay max
--------------------------------------------------------------------------
Startpoint: rst_n (input port clocked by vclk_core_clock)
Endpoint: u.u_bus.device_sel_resp$_DFF_PN0_
          (recovery check against rising-edge clock core_clock)
Path Group: asynchronous
Path Type: max

Fanout     Cap    Slew   Delay    Time   Description
-----------------------------------------------------------------------------
                  0.00    0.00    0.00   clock vclk_core_clock (rise edge)
                          1.10    1.10   clock network delay (ideal)
                          2.00    3.09 ^ input external delay
     1    0.02    0.00    0.00    3.09 ^ rst_n (in)
                                         rst_n (net)
                  0.00    0.00    3.10 ^ input663/A (sky130_fd_sc_hd__buf_16)
    69    0.50    0.50    0.33    3.43 ^ input663/X (sky130_fd_sc_hd__buf_16)
                                         net907 (net)
                  0.50    0.01    3.44 ^ place8214/A (sky130_fd_sc_hd__buf_12)
   104    0.60    0.66    0.56    4.00 ^ place8214/X (sky130_fd_sc_hd__buf_12)
                                         net8474 (net)
                  0.66    0.01    4.01 ^ place8207/A (sky130_fd_sc_hd__buf_4)
    47    0.28    0.76    0.73    4.73 ^ place8207/X (sky130_fd_sc_hd__buf_4)
                                         net8467 (net)
                  0.76    0.03    4.76 ^ place8205/A (sky130_fd_sc_hd__buf_4)
    74    0.40    1.07    0.96    5.72 ^ place8205/X (sky130_fd_sc_hd__buf_4)
                                         net8465 (net)
                  1.07    0.01    5.73 ^ u.u_bus.device_sel_resp$_DFF_PN0_/RESET_B (sky130_fd_sc_hd__dfrtp_2)
                                  5.73   data arrival time

                  0.00   10.00   10.00   clock core_clock (rise edge)
                          1.10   11.10   clock network delay (ideal)
                          0.00   11.10   clock reconvergence pessimism
                                 11.10 ^ u.u_bus.device_sel_resp$_DFF_PN0_/CLK (sky130_fd_sc_hd__dfrtp_2)
                         -0.13   10.96   library recovery time
                                 10.96   data required time
-----------------------------------------------------------------------------
                                 10.96   data required time
                                 -5.73   data arrival time
-----------------------------------------------------------------------------
                                  5.23   slack (MET)


Startpoint: u.u_ibex.core_clock_gate_i.en_latch$_DLATCH_N_
            (negative level-sensitive latch clocked by core_clock)
Endpoint: _32228_ (rising clock gating-check end-point clocked by core_clock)
Path Group: gated clock
Path Type: max

Fanout     Cap    Slew   Delay    Time   Description
-----------------------------------------------------------------------------
                  0.00    5.00    5.00   clock core_clock (fall edge)
                          1.10    6.10   clock network delay (ideal)
                  0.00    0.00    6.10 v u.u_ibex.core_clock_gate_i.en_latch$_DLATCH_N_/GATE_N (sky130_fd_sc_hd__dlxtn_1)
     1    0.00    0.03    0.36    6.46 ^ u.u_ibex.core_clock_gate_i.en_latch$_DLATCH_N_/Q (sky130_fd_sc_hd__dlxtn_1)
                                         u.u_ibex.core_clock_gate_i.en_latch (net)
                  0.03    0.00    6.46 ^ _32228_/B (sky130_fd_sc_hd__and2_0)
                                  6.46   data arrival time

                  0.00   10.00   10.00   clock core_clock (rise edge)
                          1.10   11.10   clock network delay (ideal)
                          0.00   11.10   clock reconvergence pessimism
                                 11.10 ^ _32228_/A (sky130_fd_sc_hd__and2_0)
                          0.00   11.10   clock gating setup time
                                 11.10   data required time
-----------------------------------------------------------------------------
                                 11.10   data required time
                                 -6.46   data arrival time
-----------------------------------------------------------------------------
                                  4.64   slack (MET)


Startpoint: u.u_ibex.u_ibex_core.if_stage_i.instr_rdata_alu_id_o[5]$_DFFE_PP_
            (rising edge-triggered flip-flop clocked by core_clock)
Endpoint: u.u_dram.rdata[11]$_DFFE_PN0P_
          (rising edge-triggered flip-flop clocked by core_clock)
Path Group: core_clock
Path Type: max

Fanout     Cap    Slew   Delay    Time   Description
-----------------------------------------------------------------------------
                  0.00    0.00    0.00   clock core_clock (rise edge)
                          1.10    1.10   clock network delay (ideal)
                  0.00    0.00    1.10 ^ u.u_ibex.u_ibex_core.if_stage_i.instr_rdata_alu_id_o[5]$_DFFE_PP_/CLK (sky130_fd_sc_hd__edfxtp_1)
     5    0.02    0.15    0.44    1.54 v u.u_ibex.u_ibex_core.if_stage_i.instr_rdata_alu_id_o[5]$_DFFE_PP_/Q (sky130_fd_sc_hd__edfxtp_1)
                                         _03954_ (net)
                  0.15    0.00    1.54 v place6991/A (sky130_fd_sc_hd__buf_4)
     5    0.02    0.04    0.20    1.73 v place6991/X (sky130_fd_sc_hd__buf_4)
                                         net7251 (net)
                  0.04    0.00    1.73 v _25869_/A (sky130_fd_sc_hd__nor3b_1)
     3    0.01    0.35    0.34    2.07 ^ _25869_/Y (sky130_fd_sc_hd__nor3b_1)
                                         _08499_ (net)
                  0.35    0.00    2.07 ^ _25932_/A1 (sky130_fd_sc_hd__a31oi_1)
     2    0.01    0.13    0.17    2.24 v _25932_/Y (sky130_fd_sc_hd__a31oi_1)
                                         _08562_ (net)
                  0.13    0.00    2.24 v _25937_/C1 (sky130_fd_sc_hd__o311ai_0)
     1    0.01    0.59    0.19    2.44 ^ _25937_/Y (sky130_fd_sc_hd__o311ai_0)
                                         _08567_ (net)
                  0.59    0.00    2.44 ^ _26271_/C1 (sky130_fd_sc_hd__a311oi_1)
     2    0.01    0.16    0.17    2.61 v _26271_/Y (sky130_fd_sc_hd__a311oi_1)
                                         _08901_ (net)
                  0.16    0.00    2.61 v _26274_/B (sky130_fd_sc_hd__and2_0)
     2    0.01    0.06    0.22    2.83 v _26274_/X (sky130_fd_sc_hd__and2_0)
                                         _08904_ (net)
                  0.06    0.00    2.83 v _26288_/A3 (sky130_fd_sc_hd__a31o_1)
     2    0.01    0.06    0.24    3.07 v _26288_/X (sky130_fd_sc_hd__a31o_1)
                                         _08918_ (net)
                  0.06    0.00    3.07 v _26301_/A2 (sky130_fd_sc_hd__a211o_1)
     2    0.03    0.18    0.43    3.50 v _26301_/X (sky130_fd_sc_hd__a211o_1)
                                         _08931_ (net)
                  0.18    0.00    3.50 v _26303_/B (sky130_fd_sc_hd__nor2_1)
     2    0.01    0.15    0.18    3.68 ^ _26303_/Y (sky130_fd_sc_hd__nor2_1)
                                         _08933_ (net)
                  0.15    0.00    3.68 ^ _26305_/A (sky130_fd_sc_hd__clkinv_1)
     2    0.01    0.07    0.11    3.79 v _26305_/Y (sky130_fd_sc_hd__clkinv_1)
                                         _08935_ (net)
                  0.07    0.00    3.79 v _27400_/A1 (sky130_fd_sc_hd__o221ai_1)
     1    0.01    0.39    0.36    4.15 ^ _27400_/Y (sky130_fd_sc_hd__o221ai_1)
                                         _10029_ (net)
                  0.39    0.00    4.15 ^ u.u_ibex.u_ibex_core.alu_adder_result_ex\\ALU_33_0_33_0_33_unused_CO_X_Y[0]_HAN_CARLSON/place5932/A (sky130_fd_sc_hd__buf_4)
     2    0.01    0.04    0.19    4.34 ^ u.u_ibex.u_ibex_core.alu_adder_result_ex\\ALU_33_0_33_0_33_unused_CO_X_Y[0]_HAN_CARLSON/place5932/X (sky130_fd_sc_hd__buf_4)
                                         u.u_ibex.u_ibex_core.alu_adder_result_ex\\ALU_33_0_33_0_33_unused_CO_X_Y[0]_HAN_CARLSON/net6192 (net)
                  0.04    0.00    4.34 ^ u.u_ibex.u_ibex_core.alu_adder_result_ex\\ALU_33_0_33_0_33_unused_CO_X_Y[0]_HAN_CARLSON/_376_/A (sky130_fd_sc_hd__xor3_1)
     2    0.01    0.09    0.41    4.75 v u.u_ibex.u_ibex_core.alu_adder_result_ex\\ALU_33_0_33_0_33_unused_CO_X_Y[0]_HAN_CARLSON/_376_/X (sky130_fd_sc_hd__xor3_1)
                                         u.u_ibex.u_ibex_core.alu_adder_result_ex\\ALU_33_0_33_0_33_unused_CO_X_Y[0]_HAN_CARLSON/_090_ (net)
                  0.09    0.00    4.75 v u.u_ibex.u_ibex_core.alu_adder_result_ex\\ALU_33_0_33_0_33_unused_CO_X_Y[0]_HAN_CARLSON/_441_/C1 (sky130_fd_sc_hd__o211ai_1)
     2    0.01    0.26    0.15    4.90 ^ u.u_ibex.u_ibex_core.alu_adder_result_ex\\ALU_33_0_33_0_33_unused_CO_X_Y[0]_HAN_CARLSON/_441_/Y (sky130_fd_sc_hd__o211ai_1)
                                         u.u_ibex.u_ibex_core.alu_adder_result_ex\\ALU_33_0_33_0_33_unused_CO_X_Y[0]_HAN_CARLSON/_149_ (net)
                  0.26    0.00    4.90 ^ u.u_ibex.u_ibex_core.alu_adder_result_ex\\ALU_33_0_33_0_33_unused_CO_X_Y[0]_HAN_CARLSON/place5771/A (sky130_fd_sc_hd__buf_4)
     2    0.01    0.04    0.16    5.06 ^ u.u_ibex.u_ibex_core.alu_adder_result_ex\\ALU_33_0_33_0_33_unused_CO_X_Y[0]_HAN_CARLSON/place5771/X (sky130_fd_sc_hd__buf_4)
                                         u.u_ibex.u_ibex_core.alu_adder_result_ex\\ALU_33_0_33_0_33_unused_CO_X_Y[0]_HAN_CARLSON/net6031 (net)
                  0.04    0.00    5.06 ^ u.u_ibex.u_ibex_core.alu_adder_result_ex\\ALU_33_0_33_0_33_unused_CO_X_Y[0]_HAN_CARLSON/_456_/B (sky130_fd_sc_hd__nand2_1)
     2    0.01    0.10    0.10    5.16 v u.u_ibex.u_ibex_core.alu_adder_result_ex\\ALU_33_0_33_0_33_unused_CO_X_Y[0]_HAN_CARLSON/_456_/Y (sky130_fd_sc_hd__nand2_1)
                                         u.u_ibex.u_ibex_core.alu_adder_result_ex\\ALU_33_0_33_0_33_unused_CO_X_Y[0]_HAN_CARLSON/_162_ (net)
                  0.10    0.00    5.16 v u.u_ibex.u_ibex_core.alu_adder_result_ex\\ALU_33_0_33_0_33_unused_CO_X_Y[0]_HAN_CARLSON/_511_/B2 (sky130_fd_sc_hd__a221oi_1)
     1    0.01    0.33    0.36    5.53 ^ u.u_ibex.u_ibex_core.alu_adder_result_ex\\ALU_33_0_33_0_33_unused_CO_X_Y[0]_HAN_CARLSON/_511_/Y (sky130_fd_sc_hd__a221oi_1)
                                         u.u_ibex.u_ibex_core.alu_adder_result_ex\\ALU_33_0_33_0_33_unused_CO_X_Y[0]_HAN_CARLSON/_210_ (net)
                  0.33    0.00    5.53 ^ u.u_ibex.u_ibex_core.alu_adder_result_ex\\ALU_33_0_33_0_33_unused_CO_X_Y[0]_HAN_CARLSON/place5669/A (sky130_fd_sc_hd__buf_4)
     3    0.02    0.08    0.22    5.74 ^ u.u_ibex.u_ibex_core.alu_adder_result_ex\\ALU_33_0_33_0_33_unused_CO_X_Y[0]_HAN_CARLSON/place5669/X (sky130_fd_sc_hd__buf_4)
                                         u.u_ibex.u_ibex_core.alu_adder_result_ex\\ALU_33_0_33_0_33_unused_CO_X_Y[0]_HAN_CARLSON/net5929 (net)
                  0.08    0.00    5.74 ^ u.u_ibex.u_ibex_core.alu_adder_result_ex\\ALU_33_0_33_0_33_unused_CO_X_Y[0]_HAN_CARLSON/_543_/A1 (sky130_fd_sc_hd__o21ai_0)
     2    0.01    0.17    0.17    5.92 v u.u_ibex.u_ibex_core.alu_adder_result_ex\\ALU_33_0_33_0_33_unused_CO_X_Y[0]_HAN_CARLSON/_543_/Y (sky130_fd_sc_hd__o21ai_0)
                                         u.u_ibex.u_ibex_core.alu_adder_result_ex\\ALU_33_0_33_0_33_unused_CO_X_Y[0]_HAN_CARLSON/_238_ (net)
                  0.17    0.00    5.92 v u.u_ibex.u_ibex_core.alu_adder_result_ex\\ALU_33_0_33_0_33_unused_CO_X_Y[0]_HAN_CARLSON/place5586/A (sky130_fd_sc_hd__buf_4)
     1    0.00    0.03    0.18    6.10 v u.u_ibex.u_ibex_core.alu_adder_result_ex\\ALU_33_0_33_0_33_unused_CO_X_Y[0]_HAN_CARLSON/place5586/X (sky130_fd_sc_hd__buf_4)
                                         u.u_ibex.u_ibex_core.alu_adder_result_ex\\ALU_33_0_33_0_33_unused_CO_X_Y[0]_HAN_CARLSON/net5846 (net)
                  0.03    0.00    6.10 v u.u_ibex.u_ibex_core.alu_adder_result_ex\\ALU_33_0_33_0_33_unused_CO_X_Y[0]_HAN_CARLSON/_316_/A1 (sky130_fd_sc_hd__a21o_1)
     2    0.01    0.08    0.19    6.29 v u.u_ibex.u_ibex_core.alu_adder_result_ex\\ALU_33_0_33_0_33_unused_CO_X_Y[0]_HAN_CARLSON/_316_/X (sky130_fd_sc_hd__a21o_1)
                                         u.u_ibex.u_ibex_core.alu_adder_result_ex\\ALU_33_0_33_0_33_unused_CO_X_Y[0]_HAN_CARLSON/_035_ (net)
                  0.08    0.00    6.29 v u.u_ibex.u_ibex_core.alu_adder_result_ex\\ALU_33_0_33_0_33_unused_CO_X_Y[0]_HAN_CARLSON/_320_/A (sky130_fd_sc_hd__xnor2_2)
     2    0.02    0.31    0.31    6.60 ^ u.u_ibex.u_ibex_core.alu_adder_result_ex\\ALU_33_0_33_0_33_unused_CO_X_Y[0]_HAN_CARLSON/_320_/Y (sky130_fd_sc_hd__xnor2_2)
                                         net916 (net)
                  0.31    0.00    6.60 ^ place5375/A (sky130_fd_sc_hd__buf_12)
    10    0.16    0.19    0.24    6.83 ^ place5375/X (sky130_fd_sc_hd__buf_12)
                                         net5634 (net)
                  0.22    0.05    6.88 ^ _21605_/_218_/A (sky130_fd_sc_hd__xnor2_1)
     2    0.00    0.06    0.11    7.00 v _21605_/_218_/Y (sky130_fd_sc_hd__xnor2_1)
                                         _21605_/_108_ (net)
                  0.06    0.00    7.00 v _21605_/_117_/A (sky130_fd_sc_hd__or4b_1)
     2    0.01    0.10    0.54    7.54 v _21605_/_117_/X (sky130_fd_sc_hd__or4b_1)
                                         _21605_/_008_ (net)
                  0.10    0.00    7.54 v _21605_/_128_/A (sky130_fd_sc_hd__or4b_1)
     1    0.00    0.08    0.52    8.06 v _21605_/_128_/X (sky130_fd_sc_hd__or4b_1)
                                         _21605_/_019_ (net)
                  0.08    0.00    8.06 v _21605_/_133_/A2 (sky130_fd_sc_hd__o221ai_1)
     1    0.02    0.59    0.49    8.55 ^ _21605_/_133_/Y (sky130_fd_sc_hd__o221ai_1)
                                         _21605_/_024_ (net)
                  0.59    0.00    8.55 ^ _21605_/place4978/A (sky130_fd_sc_hd__buf_4)
     1    0.02    0.07    0.24    8.79 ^ _21605_/place4978/X (sky130_fd_sc_hd__buf_4)
                                         _21605_/net5230 (net)
                  0.07    0.00    8.79 ^ _21605_/_136_/A1 (sky130_fd_sc_hd__a21o_1)
     1    0.01    0.09    0.15    8.94 ^ _21605_/_136_/X (sky130_fd_sc_hd__a21o_1)
                                         _04211_ (net)
                  0.09    0.00    8.94 ^ _33022_/A (sky130_fd_sc_hd__nor2b_1)
     1    0.00    0.03    0.05    8.99 v _33022_/Y (sky130_fd_sc_hd__nor2b_1)
                                         _15647_ (net)
                  0.03    0.00    8.99 v _33023_/B1 (sky130_fd_sc_hd__o22ai_1)
     1    0.02    0.37    0.30    9.29 ^ _33023_/Y (sky130_fd_sc_hd__o22ai_1)
                                         _15648_ (net)
                  0.37    0.00    9.29 ^ place4829/A (sky130_fd_sc_hd__buf_4)
     3    0.05    0.14    0.26    9.55 ^ place4829/X (sky130_fd_sc_hd__buf_4)
                                         net5081 (net)
                  0.14    0.01    9.56 ^ _33282_/B (sky130_fd_sc_hd__nand4_1)
     2    0.02    0.25    0.24    9.80 v _33282_/Y (sky130_fd_sc_hd__nand4_1)
                                         _15907_ (net)
                  0.25    0.00    9.81 v _33303_/A2 (sky130_fd_sc_hd__o41a_1)
     2    0.01    0.10    0.52   10.32 v _33303_/X (sky130_fd_sc_hd__o41a_1)
                                         _15928_ (net)
                  0.10    0.00   10.32 v _33380_/B1 (sky130_fd_sc_hd__o31a_1)
     1    0.02    0.12    0.19   10.51 v _33380_/X (sky130_fd_sc_hd__o31a_1)
                                         _16005_ (net)
                  0.12    0.00   10.51 v place4725/A (sky130_fd_sc_hd__buf_12)
     2    0.05    0.04    0.17   10.69 v place4725/X (sky130_fd_sc_hd__buf_12)
                                         net4977 (net)
                  0.04    0.01   10.70 v _33385_/B (sky130_fd_sc_hd__nor3_1)
     1    0.00    0.16    0.17   10.87 ^ _33385_/Y (sky130_fd_sc_hd__nor3_1)
                                         net940 (net)
                  0.16    0.00   10.87 ^ place4699/A (sky130_fd_sc_hd__buf_4)
     2    0.05    0.14    0.22   11.09 ^ place4699/X (sky130_fd_sc_hd__buf_4)
                                         net4951 (net)
                  0.14    0.00   11.09 ^ place4698/A (sky130_fd_sc_hd__buf_4)
     2    0.01    0.04    0.14   11.23 ^ place4698/X (sky130_fd_sc_hd__buf_4)
                                         net4950 (net)
                  0.04    0.00   11.23 ^ _33432_/A (sky130_fd_sc_hd__nand2_1)
     2    0.01    0.07    0.07   11.30 v _33432_/Y (sky130_fd_sc_hd__nand2_1)
                                         _16056_ (net)
                  0.07    0.00   11.30 v _35530_/C (sky130_fd_sc_hd__nor4_2)
     1    0.01    0.36    0.32   11.61 ^ _35530_/Y (sky130_fd_sc_hd__nor4_2)
                                         _18152_ (net)
                  0.36    0.00   11.61 ^ place4641/A (sky130_fd_sc_hd__buf_12)
    21    0.12    0.14    0.24   11.85 ^ place4641/X (sky130_fd_sc_hd__buf_12)
                                         net4893 (net)
                  0.14    0.00   11.86 ^ _22371_/S (sky130_fd_sc_hd__mux2_1)
     1    0.00    0.05    0.33   12.19 v _22371_/X (sky130_fd_sc_hd__mux2_1)
                                         _05002_ (net)
                  0.05    0.00   12.19 v u.u_dram.rdata[11]$_DFFE_PN0P_/D (sky130_fd_sc_hd__dfrtp_1)
                                 12.19   data arrival time

                  0.00   10.00   10.00   clock core_clock (rise edge)
                          1.10   11.10   clock network delay (ideal)
                          0.00   11.10   clock reconvergence pessimism
                                 11.10 ^ u.u_dram.rdata[11]$_DFFE_PN0P_/CLK (sky130_fd_sc_hd__dfrtp_1)
                         -0.13   10.97   library setup time
                                 10.97   data required time
-----------------------------------------------------------------------------
                                 10.97   data required time
                                -12.19   data arrival time
-----------------------------------------------------------------------------
                                 -1.22   slack (VIOLATED)


Startpoint: u.u_ibex.u_ibex_core.if_stage_i.instr_rdata_alu_id_o[5]$_DFFE_PP_
            (rising edge-triggered flip-flop clocked by core_clock)
Endpoint: data_req_o (output port clocked by vclk_core_clock)
Path Group: vclk_core_clock
Path Type: max

Fanout     Cap    Slew   Delay    Time   Description
-----------------------------------------------------------------------------
                  0.00    0.00    0.00   clock core_clock (rise edge)
                          1.10    1.10   clock network delay (ideal)
                  0.00    0.00    1.10 ^ u.u_ibex.u_ibex_core.if_stage_i.instr_rdata_alu_id_o[5]$_DFFE_PP_/CLK (sky130_fd_sc_hd__edfxtp_1)
     5    0.02    0.15    0.44    1.54 v u.u_ibex.u_ibex_core.if_stage_i.instr_rdata_alu_id_o[5]$_DFFE_PP_/Q (sky130_fd_sc_hd__edfxtp_1)
                                         _03954_ (net)
                  0.15    0.00    1.54 v place6991/A (sky130_fd_sc_hd__buf_4)
     5    0.02    0.04    0.20    1.73 v place6991/X (sky130_fd_sc_hd__buf_4)
                                         net7251 (net)
                  0.04    0.00    1.73 v _25869_/A (sky130_fd_sc_hd__nor3b_1)
     3    0.01    0.35    0.34    2.07 ^ _25869_/Y (sky130_fd_sc_hd__nor3b_1)
                                         _08499_ (net)
                  0.35    0.00    2.07 ^ _25932_/A1 (sky130_fd_sc_hd__a31oi_1)
     2    0.01    0.13    0.17    2.24 v _25932_/Y (sky130_fd_sc_hd__a31oi_1)
                                         _08562_ (net)
                  0.13    0.00    2.24 v _25937_/C1 (sky130_fd_sc_hd__o311ai_0)
     1    0.01    0.59    0.19    2.44 ^ _25937_/Y (sky130_fd_sc_hd__o311ai_0)
                                         _08567_ (net)
                  0.59    0.00    2.44 ^ _26271_/C1 (sky130_fd_sc_hd__a311oi_1)
     2    0.01    0.16    0.17    2.61 v _26271_/Y (sky130_fd_sc_hd__a311oi_1)
                                         _08901_ (net)
                  0.16    0.00    2.61 v _26274_/B (sky130_fd_sc_hd__and2_0)
     2    0.01    0.06    0.22    2.83 v _26274_/X (sky130_fd_sc_hd__and2_0)
                                         _08904_ (net)
                  0.06    0.00    2.83 v _26288_/A3 (sky130_fd_sc_hd__a31o_1)
     2    0.01    0.06    0.24    3.07 v _26288_/X (sky130_fd_sc_hd__a31o_1)
                                         _08918_ (net)
                  0.06    0.00    3.07 v _26301_/A2 (sky130_fd_sc_hd__a211o_1)
     2    0.03    0.18    0.43    3.50 v _26301_/X (sky130_fd_sc_hd__a211o_1)
                                         _08931_ (net)
                  0.18    0.00    3.50 v _26303_/B (sky130_fd_sc_hd__nor2_1)
     2    0.01    0.15    0.18    3.68 ^ _26303_/Y (sky130_fd_sc_hd__nor2_1)
                                         _08933_ (net)
                  0.15    0.00    3.68 ^ _26305_/A (sky130_fd_sc_hd__clkinv_1)
     2    0.01    0.07    0.11    3.79 v _26305_/Y (sky130_fd_sc_hd__clkinv_1)
                                         _08935_ (net)
                  0.07    0.00    3.79 v _27400_/A1 (sky130_fd_sc_hd__o221ai_1)
     1    0.01    0.39    0.36    4.15 ^ _27400_/Y (sky130_fd_sc_hd__o221ai_1)
                                         _10029_ (net)
                  0.39    0.00    4.15 ^ u.u_ibex.u_ibex_core.alu_adder_result_ex\\ALU_33_0_33_0_33_unused_CO_X_Y[0]_HAN_CARLSON/place5932/A (sky130_fd_sc_hd__buf_4)
     2    0.01    0.04    0.19    4.34 ^ u.u_ibex.u_ibex_core.alu_adder_result_ex\\ALU_33_0_33_0_33_unused_CO_X_Y[0]_HAN_CARLSON/place5932/X (sky130_fd_sc_hd__buf_4)
                                         u.u_ibex.u_ibex_core.alu_adder_result_ex\\ALU_33_0_33_0_33_unused_CO_X_Y[0]_HAN_CARLSON/net6192 (net)
                  0.04    0.00    4.34 ^ u.u_ibex.u_ibex_core.alu_adder_result_ex\\ALU_33_0_33_0_33_unused_CO_X_Y[0]_HAN_CARLSON/_376_/A (sky130_fd_sc_hd__xor3_1)
     2    0.01    0.09    0.41    4.75 v u.u_ibex.u_ibex_core.alu_adder_result_ex\\ALU_33_0_33_0_33_unused_CO_X_Y[0]_HAN_CARLSON/_376_/X (sky130_fd_sc_hd__xor3_1)
                                         u.u_ibex.u_ibex_core.alu_adder_result_ex\\ALU_33_0_33_0_33_unused_CO_X_Y[0]_HAN_CARLSON/_090_ (net)
                  0.09    0.00    4.75 v u.u_ibex.u_ibex_core.alu_adder_result_ex\\ALU_33_0_33_0_33_unused_CO_X_Y[0]_HAN_CARLSON/_441_/C1 (sky130_fd_sc_hd__o211ai_1)
     2    0.01    0.26    0.15    4.90 ^ u.u_ibex.u_ibex_core.alu_adder_result_ex\\ALU_33_0_33_0_33_unused_CO_X_Y[0]_HAN_CARLSON/_441_/Y (sky130_fd_sc_hd__o211ai_1)
                                         u.u_ibex.u_ibex_core.alu_adder_result_ex\\ALU_33_0_33_0_33_unused_CO_X_Y[0]_HAN_CARLSON/_149_ (net)
                  0.26    0.00    4.90 ^ u.u_ibex.u_ibex_core.alu_adder_result_ex\\ALU_33_0_33_0_33_unused_CO_X_Y[0]_HAN_CARLSON/place5771/A (sky130_fd_sc_hd__buf_4)
     2    0.01    0.04    0.16    5.06 ^ u.u_ibex.u_ibex_core.alu_adder_result_ex\\ALU_33_0_33_0_33_unused_CO_X_Y[0]_HAN_CARLSON/place5771/X (sky130_fd_sc_hd__buf_4)
                                         u.u_ibex.u_ibex_core.alu_adder_result_ex\\ALU_33_0_33_0_33_unused_CO_X_Y[0]_HAN_CARLSON/net6031 (net)
                  0.04    0.00    5.06 ^ u.u_ibex.u_ibex_core.alu_adder_result_ex\\ALU_33_0_33_0_33_unused_CO_X_Y[0]_HAN_CARLSON/_456_/B (sky130_fd_sc_hd__nand2_1)
     2    0.01    0.10    0.10    5.16 v u.u_ibex.u_ibex_core.alu_adder_result_ex\\ALU_33_0_33_0_33_unused_CO_X_Y[0]_HAN_CARLSON/_456_/Y (sky130_fd_sc_hd__nand2_1)
                                         u.u_ibex.u_ibex_core.alu_adder_result_ex\\ALU_33_0_33_0_33_unused_CO_X_Y[0]_HAN_CARLSON/_162_ (net)
                  0.10    0.00    5.16 v u.u_ibex.u_ibex_core.alu_adder_result_ex\\ALU_33_0_33_0_33_unused_CO_X_Y[0]_HAN_CARLSON/_511_/B2 (sky130_fd_sc_hd__a221oi_1)
     1    0.01    0.33    0.36    5.53 ^ u.u_ibex.u_ibex_core.alu_adder_result_ex\\ALU_33_0_33_0_33_unused_CO_X_Y[0]_HAN_CARLSON/_511_/Y (sky130_fd_sc_hd__a221oi_1)
                                         u.u_ibex.u_ibex_core.alu_adder_result_ex\\ALU_33_0_33_0_33_unused_CO_X_Y[0]_HAN_CARLSON/_210_ (net)
                  0.33    0.00    5.53 ^ u.u_ibex.u_ibex_core.alu_adder_result_ex\\ALU_33_0_33_0_33_unused_CO_X_Y[0]_HAN_CARLSON/place5669/A (sky130_fd_sc_hd__buf_4)
     3    0.02    0.08    0.22    5.74 ^ u.u_ibex.u_ibex_core.alu_adder_result_ex\\ALU_33_0_33_0_33_unused_CO_X_Y[0]_HAN_CARLSON/place5669/X (sky130_fd_sc_hd__buf_4)
                                         u.u_ibex.u_ibex_core.alu_adder_result_ex\\ALU_33_0_33_0_33_unused_CO_X_Y[0]_HAN_CARLSON/net5929 (net)
                  0.08    0.00    5.74 ^ u.u_ibex.u_ibex_core.alu_adder_result_ex\\ALU_33_0_33_0_33_unused_CO_X_Y[0]_HAN_CARLSON/_543_/A1 (sky130_fd_sc_hd__o21ai_0)
     2    0.01    0.17    0.17    5.92 v u.u_ibex.u_ibex_core.alu_adder_result_ex\\ALU_33_0_33_0_33_unused_CO_X_Y[0]_HAN_CARLSON/_543_/Y (sky130_fd_sc_hd__o21ai_0)
                                         u.u_ibex.u_ibex_core.alu_adder_result_ex\\ALU_33_0_33_0_33_unused_CO_X_Y[0]_HAN_CARLSON/_238_ (net)
                  0.17    0.00    5.92 v u.u_ibex.u_ibex_core.alu_adder_result_ex\\ALU_33_0_33_0_33_unused_CO_X_Y[0]_HAN_CARLSON/place5586/A (sky130_fd_sc_hd__buf_4)
     1    0.00    0.03    0.18    6.10 v u.u_ibex.u_ibex_core.alu_adder_result_ex\\ALU_33_0_33_0_33_unused_CO_X_Y[0]_HAN_CARLSON/place5586/X (sky130_fd_sc_hd__buf_4)
                                         u.u_ibex.u_ibex_core.alu_adder_result_ex\\ALU_33_0_33_0_33_unused_CO_X_Y[0]_HAN_CARLSON/net5846 (net)
                  0.03    0.00    6.10 v u.u_ibex.u_ibex_core.alu_adder_result_ex\\ALU_33_0_33_0_33_unused_CO_X_Y[0]_HAN_CARLSON/_316_/A1 (sky130_fd_sc_hd__a21o_1)
     2    0.01    0.08    0.19    6.29 v u.u_ibex.u_ibex_core.alu_adder_result_ex\\ALU_33_0_33_0_33_unused_CO_X_Y[0]_HAN_CARLSON/_316_/X (sky130_fd_sc_hd__a21o_1)
                                         u.u_ibex.u_ibex_core.alu_adder_result_ex\\ALU_33_0_33_0_33_unused_CO_X_Y[0]_HAN_CARLSON/_035_ (net)
                  0.08    0.00    6.29 v u.u_ibex.u_ibex_core.alu_adder_result_ex\\ALU_33_0_33_0_33_unused_CO_X_Y[0]_HAN_CARLSON/_320_/A (sky130_fd_sc_hd__xnor2_2)
     2    0.02    0.31    0.31    6.60 ^ u.u_ibex.u_ibex_core.alu_adder_result_ex\\ALU_33_0_33_0_33_unused_CO_X_Y[0]_HAN_CARLSON/_320_/Y (sky130_fd_sc_hd__xnor2_2)
                                         net916 (net)
                  0.31    0.00    6.60 ^ place5375/A (sky130_fd_sc_hd__buf_12)
    10    0.16    0.19    0.24    6.83 ^ place5375/X (sky130_fd_sc_hd__buf_12)
                                         net5634 (net)
                  0.22    0.05    6.88 ^ _21605_/_218_/A (sky130_fd_sc_hd__xnor2_1)
     2    0.00    0.06    0.11    7.00 v _21605_/_218_/Y (sky130_fd_sc_hd__xnor2_1)
                                         _21605_/_108_ (net)
                  0.06    0.00    7.00 v _21605_/_117_/A (sky130_fd_sc_hd__or4b_1)
     2    0.01    0.10    0.54    7.54 v _21605_/_117_/X (sky130_fd_sc_hd__or4b_1)
                                         _21605_/_008_ (net)
                  0.10    0.00    7.54 v _21605_/_128_/A (sky130_fd_sc_hd__or4b_1)
     1    0.00    0.08    0.52    8.06 v _21605_/_128_/X (sky130_fd_sc_hd__or4b_1)
                                         _21605_/_019_ (net)
                  0.08    0.00    8.06 v _21605_/_133_/A2 (sky130_fd_sc_hd__o221ai_1)
     1    0.02    0.59    0.49    8.55 ^ _21605_/_133_/Y (sky130_fd_sc_hd__o221ai_1)
                                         _21605_/_024_ (net)
                  0.59    0.00    8.55 ^ _21605_/place4978/A (sky130_fd_sc_hd__buf_4)
     1    0.02    0.07    0.24    8.79 ^ _21605_/place4978/X (sky130_fd_sc_hd__buf_4)
                                         _21605_/net5230 (net)
                  0.07    0.00    8.79 ^ _21605_/_136_/A1 (sky130_fd_sc_hd__a21o_1)
     1    0.01    0.09    0.15    8.94 ^ _21605_/_136_/X (sky130_fd_sc_hd__a21o_1)
                                         _04211_ (net)
                  0.09    0.00    8.94 ^ _33022_/A (sky130_fd_sc_hd__nor2b_1)
     1    0.00    0.03    0.05    8.99 v _33022_/Y (sky130_fd_sc_hd__nor2b_1)
                                         _15647_ (net)
                  0.03    0.00    8.99 v _33023_/B1 (sky130_fd_sc_hd__o22ai_1)
     1    0.02    0.37    0.30    9.29 ^ _33023_/Y (sky130_fd_sc_hd__o22ai_1)
                                         _15648_ (net)
                  0.37    0.00    9.29 ^ place4829/A (sky130_fd_sc_hd__buf_4)
     3    0.05    0.14    0.26    9.55 ^ place4829/X (sky130_fd_sc_hd__buf_4)
                                         net5081 (net)
                  0.14    0.01    9.56 ^ _33282_/B (sky130_fd_sc_hd__nand4_1)
     2    0.02    0.25    0.24    9.80 v _33282_/Y (sky130_fd_sc_hd__nand4_1)
                                         _15907_ (net)
                  0.25    0.00    9.81 v _33303_/A2 (sky130_fd_sc_hd__o41a_1)
     2    0.01    0.10    0.52   10.32 v _33303_/X (sky130_fd_sc_hd__o41a_1)
                                         _15928_ (net)
                  0.10    0.00   10.32 v _33380_/B1 (sky130_fd_sc_hd__o31a_1)
     1    0.02    0.12    0.19   10.51 v _33380_/X (sky130_fd_sc_hd__o31a_1)
                                         _16005_ (net)
                  0.12    0.00   10.51 v place4725/A (sky130_fd_sc_hd__buf_12)
     2    0.05    0.04    0.17   10.69 v place4725/X (sky130_fd_sc_hd__buf_12)
                                         net4977 (net)
                  0.04    0.01   10.70 v _33385_/B (sky130_fd_sc_hd__nor3_1)
     1    0.00    0.16    0.17   10.87 ^ _33385_/Y (sky130_fd_sc_hd__nor3_1)
                                         net940 (net)
                  0.16    0.00   10.87 ^ place4699/A (sky130_fd_sc_hd__buf_4)
     2    0.05    0.14    0.22   11.09 ^ place4699/X (sky130_fd_sc_hd__buf_4)
                                         net4951 (net)
                  0.14    0.01   11.10 ^ place1587/A (sky130_fd_sc_hd__buf_12)
     1    0.00    0.02    0.11   11.20 ^ place1587/X (sky130_fd_sc_hd__buf_12)
                                         data_req_o (net)
                  0.02    0.00   11.20 ^ data_req_o (out)
                                 11.20   data arrival time

                  0.00   10.00   10.00   clock vclk_core_clock (rise edge)
                          1.10   11.10   clock network delay (ideal)
                          0.00   11.10   clock reconvergence pessimism
                         -2.00    9.09   output external delay
                                  9.09   data required time
-----------------------------------------------------------------------------
                                  9.09   data required time
                                -11.20   data arrival time
-----------------------------------------------------------------------------
                                 -2.11   slack (VIOLATED)



==========================================================================
resizer report_checks -unconstrained
--------------------------------------------------------------------------
Startpoint: rst_n (input port clocked by vclk_core_clock)
Endpoint: u.u_bus.device_sel_resp$_DFF_PN0_
          (recovery check against rising-edge clock core_clock)
Path Group: asynchronous
Path Type: max

Fanout     Cap    Slew   Delay    Time   Description
-----------------------------------------------------------------------------
                  0.00    0.00    0.00   clock vclk_core_clock (rise edge)
                          1.10    1.10   clock network delay (ideal)
                          2.00    3.09 ^ input external delay
     1    0.02    0.00    0.00    3.09 ^ rst_n (in)
                                         rst_n (net)
                  0.00    0.00    3.10 ^ input663/A (sky130_fd_sc_hd__buf_16)
    69    0.50    0.50    0.33    3.43 ^ input663/X (sky130_fd_sc_hd__buf_16)
                                         net907 (net)
                  0.50    0.01    3.44 ^ place8214/A (sky130_fd_sc_hd__buf_12)
   104    0.60    0.66    0.56    4.00 ^ place8214/X (sky130_fd_sc_hd__buf_12)
                                         net8474 (net)
                  0.66    0.01    4.01 ^ place8207/A (sky130_fd_sc_hd__buf_4)
    47    0.28    0.76    0.73    4.73 ^ place8207/X (sky130_fd_sc_hd__buf_4)
                                         net8467 (net)
                  0.76    0.03    4.76 ^ place8205/A (sky130_fd_sc_hd__buf_4)
    74    0.40    1.07    0.96    5.72 ^ place8205/X (sky130_fd_sc_hd__buf_4)
                                         net8465 (net)
                  1.07    0.01    5.73 ^ u.u_bus.device_sel_resp$_DFF_PN0_/RESET_B (sky130_fd_sc_hd__dfrtp_2)
                                  5.73   data arrival time

                  0.00   10.00   10.00   clock core_clock (rise edge)
                          1.10   11.10   clock network delay (ideal)
                          0.00   11.10   clock reconvergence pessimism
                                 11.10 ^ u.u_bus.device_sel_resp$_DFF_PN0_/CLK (sky130_fd_sc_hd__dfrtp_2)
                         -0.13   10.96   library recovery time
                                 10.96   data required time
-----------------------------------------------------------------------------
                                 10.96   data required time
                                 -5.73   data arrival time
-----------------------------------------------------------------------------
                                  5.23   slack (MET)


Startpoint: u.u_ibex.core_clock_gate_i.en_latch$_DLATCH_N_
            (negative level-sensitive latch clocked by core_clock)
Endpoint: _32228_ (rising clock gating-check end-point clocked by core_clock)
Path Group: gated clock
Path Type: max

Fanout     Cap    Slew   Delay    Time   Description
-----------------------------------------------------------------------------
                  0.00    5.00    5.00   clock core_clock (fall edge)
                          1.10    6.10   clock network delay (ideal)
                  0.00    0.00    6.10 v u.u_ibex.core_clock_gate_i.en_latch$_DLATCH_N_/GATE_N (sky130_fd_sc_hd__dlxtn_1)
     1    0.00    0.03    0.36    6.46 ^ u.u_ibex.core_clock_gate_i.en_latch$_DLATCH_N_/Q (sky130_fd_sc_hd__dlxtn_1)
                                         u.u_ibex.core_clock_gate_i.en_latch (net)
                  0.03    0.00    6.46 ^ _32228_/B (sky130_fd_sc_hd__and2_0)
                                  6.46   data arrival time

                  0.00   10.00   10.00   clock core_clock (rise edge)
                          1.10   11.10   clock network delay (ideal)
                          0.00   11.10   clock reconvergence pessimism
                                 11.10 ^ _32228_/A (sky130_fd_sc_hd__and2_0)
                          0.00   11.10   clock gating setup time
                                 11.10   data required time
-----------------------------------------------------------------------------
                                 11.10   data required time
                                 -6.46   data arrival time
-----------------------------------------------------------------------------
                                  4.64   slack (MET)


Startpoint: u.u_ibex.u_ibex_core.if_stage_i.instr_rdata_alu_id_o[5]$_DFFE_PP_
            (rising edge-triggered flip-flop clocked by core_clock)
Endpoint: u.u_dram.rdata[11]$_DFFE_PN0P_
          (rising edge-triggered flip-flop clocked by core_clock)
Path Group: core_clock
Path Type: max

Fanout     Cap    Slew   Delay    Time   Description
-----------------------------------------------------------------------------
                  0.00    0.00    0.00   clock core_clock (rise edge)
                          1.10    1.10   clock network delay (ideal)
                  0.00    0.00    1.10 ^ u.u_ibex.u_ibex_core.if_stage_i.instr_rdata_alu_id_o[5]$_DFFE_PP_/CLK (sky130_fd_sc_hd__edfxtp_1)
     5    0.02    0.15    0.44    1.54 v u.u_ibex.u_ibex_core.if_stage_i.instr_rdata_alu_id_o[5]$_DFFE_PP_/Q (sky130_fd_sc_hd__edfxtp_1)
                                         _03954_ (net)
                  0.15    0.00    1.54 v place6991/A (sky130_fd_sc_hd__buf_4)
     5    0.02    0.04    0.20    1.73 v place6991/X (sky130_fd_sc_hd__buf_4)
                                         net7251 (net)
                  0.04    0.00    1.73 v _25869_/A (sky130_fd_sc_hd__nor3b_1)
     3    0.01    0.35    0.34    2.07 ^ _25869_/Y (sky130_fd_sc_hd__nor3b_1)
                                         _08499_ (net)
                  0.35    0.00    2.07 ^ _25932_/A1 (sky130_fd_sc_hd__a31oi_1)
     2    0.01    0.13    0.17    2.24 v _25932_/Y (sky130_fd_sc_hd__a31oi_1)
                                         _08562_ (net)
                  0.13    0.00    2.24 v _25937_/C1 (sky130_fd_sc_hd__o311ai_0)
     1    0.01    0.59    0.19    2.44 ^ _25937_/Y (sky130_fd_sc_hd__o311ai_0)
                                         _08567_ (net)
                  0.59    0.00    2.44 ^ _26271_/C1 (sky130_fd_sc_hd__a311oi_1)
     2    0.01    0.16    0.17    2.61 v _26271_/Y (sky130_fd_sc_hd__a311oi_1)
                                         _08901_ (net)
                  0.16    0.00    2.61 v _26274_/B (sky130_fd_sc_hd__and2_0)
     2    0.01    0.06    0.22    2.83 v _26274_/X (sky130_fd_sc_hd__and2_0)
                                         _08904_ (net)
                  0.06    0.00    2.83 v _26288_/A3 (sky130_fd_sc_hd__a31o_1)
     2    0.01    0.06    0.24    3.07 v _26288_/X (sky130_fd_sc_hd__a31o_1)
                                         _08918_ (net)
                  0.06    0.00    3.07 v _26301_/A2 (sky130_fd_sc_hd__a211o_1)
     2    0.03    0.18    0.43    3.50 v _26301_/X (sky130_fd_sc_hd__a211o_1)
                                         _08931_ (net)
                  0.18    0.00    3.50 v _26303_/B (sky130_fd_sc_hd__nor2_1)
     2    0.01    0.15    0.18    3.68 ^ _26303_/Y (sky130_fd_sc_hd__nor2_1)
                                         _08933_ (net)
                  0.15    0.00    3.68 ^ _26305_/A (sky130_fd_sc_hd__clkinv_1)
     2    0.01    0.07    0.11    3.79 v _26305_/Y (sky130_fd_sc_hd__clkinv_1)
                                         _08935_ (net)
                  0.07    0.00    3.79 v _27400_/A1 (sky130_fd_sc_hd__o221ai_1)
     1    0.01    0.39    0.36    4.15 ^ _27400_/Y (sky130_fd_sc_hd__o221ai_1)
                                         _10029_ (net)
                  0.39    0.00    4.15 ^ u.u_ibex.u_ibex_core.alu_adder_result_ex\\ALU_33_0_33_0_33_unused_CO_X_Y[0]_HAN_CARLSON/place5932/A (sky130_fd_sc_hd__buf_4)
     2    0.01    0.04    0.19    4.34 ^ u.u_ibex.u_ibex_core.alu_adder_result_ex\\ALU_33_0_33_0_33_unused_CO_X_Y[0]_HAN_CARLSON/place5932/X (sky130_fd_sc_hd__buf_4)
                                         u.u_ibex.u_ibex_core.alu_adder_result_ex\\ALU_33_0_33_0_33_unused_CO_X_Y[0]_HAN_CARLSON/net6192 (net)
                  0.04    0.00    4.34 ^ u.u_ibex.u_ibex_core.alu_adder_result_ex\\ALU_33_0_33_0_33_unused_CO_X_Y[0]_HAN_CARLSON/_376_/A (sky130_fd_sc_hd__xor3_1)
     2    0.01    0.09    0.41    4.75 v u.u_ibex.u_ibex_core.alu_adder_result_ex\\ALU_33_0_33_0_33_unused_CO_X_Y[0]_HAN_CARLSON/_376_/X (sky130_fd_sc_hd__xor3_1)
                                         u.u_ibex.u_ibex_core.alu_adder_result_ex\\ALU_33_0_33_0_33_unused_CO_X_Y[0]_HAN_CARLSON/_090_ (net)
                  0.09    0.00    4.75 v u.u_ibex.u_ibex_core.alu_adder_result_ex\\ALU_33_0_33_0_33_unused_CO_X_Y[0]_HAN_CARLSON/_441_/C1 (sky130_fd_sc_hd__o211ai_1)
     2    0.01    0.26    0.15    4.90 ^ u.u_ibex.u_ibex_core.alu_adder_result_ex\\ALU_33_0_33_0_33_unused_CO_X_Y[0]_HAN_CARLSON/_441_/Y (sky130_fd_sc_hd__o211ai_1)
                                         u.u_ibex.u_ibex_core.alu_adder_result_ex\\ALU_33_0_33_0_33_unused_CO_X_Y[0]_HAN_CARLSON/_149_ (net)
                  0.26    0.00    4.90 ^ u.u_ibex.u_ibex_core.alu_adder_result_ex\\ALU_33_0_33_0_33_unused_CO_X_Y[0]_HAN_CARLSON/place5771/A (sky130_fd_sc_hd__buf_4)
     2    0.01    0.04    0.16    5.06 ^ u.u_ibex.u_ibex_core.alu_adder_result_ex\\ALU_33_0_33_0_33_unused_CO_X_Y[0]_HAN_CARLSON/place5771/X (sky130_fd_sc_hd__buf_4)
                                         u.u_ibex.u_ibex_core.alu_adder_result_ex\\ALU_33_0_33_0_33_unused_CO_X_Y[0]_HAN_CARLSON/net6031 (net)
                  0.04    0.00    5.06 ^ u.u_ibex.u_ibex_core.alu_adder_result_ex\\ALU_33_0_33_0_33_unused_CO_X_Y[0]_HAN_CARLSON/_456_/B (sky130_fd_sc_hd__nand2_1)
     2    0.01    0.10    0.10    5.16 v u.u_ibex.u_ibex_core.alu_adder_result_ex\\ALU_33_0_33_0_33_unused_CO_X_Y[0]_HAN_CARLSON/_456_/Y (sky130_fd_sc_hd__nand2_1)
                                         u.u_ibex.u_ibex_core.alu_adder_result_ex\\ALU_33_0_33_0_33_unused_CO_X_Y[0]_HAN_CARLSON/_162_ (net)
                  0.10    0.00    5.16 v u.u_ibex.u_ibex_core.alu_adder_result_ex\\ALU_33_0_33_0_33_unused_CO_X_Y[0]_HAN_CARLSON/_511_/B2 (sky130_fd_sc_hd__a221oi_1)
     1    0.01    0.33    0.36    5.53 ^ u.u_ibex.u_ibex_core.alu_adder_result_ex\\ALU_33_0_33_0_33_unused_CO_X_Y[0]_HAN_CARLSON/_511_/Y (sky130_fd_sc_hd__a221oi_1)
                                         u.u_ibex.u_ibex_core.alu_adder_result_ex\\ALU_33_0_33_0_33_unused_CO_X_Y[0]_HAN_CARLSON/_210_ (net)
                  0.33    0.00    5.53 ^ u.u_ibex.u_ibex_core.alu_adder_result_ex\\ALU_33_0_33_0_33_unused_CO_X_Y[0]_HAN_CARLSON/place5669/A (sky130_fd_sc_hd__buf_4)
     3    0.02    0.08    0.22    5.74 ^ u.u_ibex.u_ibex_core.alu_adder_result_ex\\ALU_33_0_33_0_33_unused_CO_X_Y[0]_HAN_CARLSON/place5669/X (sky130_fd_sc_hd__buf_4)
                                         u.u_ibex.u_ibex_core.alu_adder_result_ex\\ALU_33_0_33_0_33_unused_CO_X_Y[0]_HAN_CARLSON/net5929 (net)
                  0.08    0.00    5.74 ^ u.u_ibex.u_ibex_core.alu_adder_result_ex\\ALU_33_0_33_0_33_unused_CO_X_Y[0]_HAN_CARLSON/_543_/A1 (sky130_fd_sc_hd__o21ai_0)
     2    0.01    0.17    0.17    5.92 v u.u_ibex.u_ibex_core.alu_adder_result_ex\\ALU_33_0_33_0_33_unused_CO_X_Y[0]_HAN_CARLSON/_543_/Y (sky130_fd_sc_hd__o21ai_0)
                                         u.u_ibex.u_ibex_core.alu_adder_result_ex\\ALU_33_0_33_0_33_unused_CO_X_Y[0]_HAN_CARLSON/_238_ (net)
                  0.17    0.00    5.92 v u.u_ibex.u_ibex_core.alu_adder_result_ex\\ALU_33_0_33_0_33_unused_CO_X_Y[0]_HAN_CARLSON/place5586/A (sky130_fd_sc_hd__buf_4)
     1    0.00    0.03    0.18    6.10 v u.u_ibex.u_ibex_core.alu_adder_result_ex\\ALU_33_0_33_0_33_unused_CO_X_Y[0]_HAN_CARLSON/place5586/X (sky130_fd_sc_hd__buf_4)
                                         u.u_ibex.u_ibex_core.alu_adder_result_ex\\ALU_33_0_33_0_33_unused_CO_X_Y[0]_HAN_CARLSON/net5846 (net)
                  0.03    0.00    6.10 v u.u_ibex.u_ibex_core.alu_adder_result_ex\\ALU_33_0_33_0_33_unused_CO_X_Y[0]_HAN_CARLSON/_316_/A1 (sky130_fd_sc_hd__a21o_1)
     2    0.01    0.08    0.19    6.29 v u.u_ibex.u_ibex_core.alu_adder_result_ex\\ALU_33_0_33_0_33_unused_CO_X_Y[0]_HAN_CARLSON/_316_/X (sky130_fd_sc_hd__a21o_1)
                                         u.u_ibex.u_ibex_core.alu_adder_result_ex\\ALU_33_0_33_0_33_unused_CO_X_Y[0]_HAN_CARLSON/_035_ (net)
                  0.08    0.00    6.29 v u.u_ibex.u_ibex_core.alu_adder_result_ex\\ALU_33_0_33_0_33_unused_CO_X_Y[0]_HAN_CARLSON/_320_/A (sky130_fd_sc_hd__xnor2_2)
     2    0.02    0.31    0.31    6.60 ^ u.u_ibex.u_ibex_core.alu_adder_result_ex\\ALU_33_0_33_0_33_unused_CO_X_Y[0]_HAN_CARLSON/_320_/Y (sky130_fd_sc_hd__xnor2_2)
                                         net916 (net)
                  0.31    0.00    6.60 ^ place5375/A (sky130_fd_sc_hd__buf_12)
    10    0.16    0.19    0.24    6.83 ^ place5375/X (sky130_fd_sc_hd__buf_12)
                                         net5634 (net)
                  0.22    0.05    6.88 ^ _21605_/_218_/A (sky130_fd_sc_hd__xnor2_1)
     2    0.00    0.06    0.11    7.00 v _21605_/_218_/Y (sky130_fd_sc_hd__xnor2_1)
                                         _21605_/_108_ (net)
                  0.06    0.00    7.00 v _21605_/_117_/A (sky130_fd_sc_hd__or4b_1)
     2    0.01    0.10    0.54    7.54 v _21605_/_117_/X (sky130_fd_sc_hd__or4b_1)
                                         _21605_/_008_ (net)
                  0.10    0.00    7.54 v _21605_/_128_/A (sky130_fd_sc_hd__or4b_1)
     1    0.00    0.08    0.52    8.06 v _21605_/_128_/X (sky130_fd_sc_hd__or4b_1)
                                         _21605_/_019_ (net)
                  0.08    0.00    8.06 v _21605_/_133_/A2 (sky130_fd_sc_hd__o221ai_1)
     1    0.02    0.59    0.49    8.55 ^ _21605_/_133_/Y (sky130_fd_sc_hd__o221ai_1)
                                         _21605_/_024_ (net)
                  0.59    0.00    8.55 ^ _21605_/place4978/A (sky130_fd_sc_hd__buf_4)
     1    0.02    0.07    0.24    8.79 ^ _21605_/place4978/X (sky130_fd_sc_hd__buf_4)
                                         _21605_/net5230 (net)
                  0.07    0.00    8.79 ^ _21605_/_136_/A1 (sky130_fd_sc_hd__a21o_1)
     1    0.01    0.09    0.15    8.94 ^ _21605_/_136_/X (sky130_fd_sc_hd__a21o_1)
                                         _04211_ (net)
                  0.09    0.00    8.94 ^ _33022_/A (sky130_fd_sc_hd__nor2b_1)
     1    0.00    0.03    0.05    8.99 v _33022_/Y (sky130_fd_sc_hd__nor2b_1)
                                         _15647_ (net)
                  0.03    0.00    8.99 v _33023_/B1 (sky130_fd_sc_hd__o22ai_1)
     1    0.02    0.37    0.30    9.29 ^ _33023_/Y (sky130_fd_sc_hd__o22ai_1)
                                         _15648_ (net)
                  0.37    0.00    9.29 ^ place4829/A (sky130_fd_sc_hd__buf_4)
     3    0.05    0.14    0.26    9.55 ^ place4829/X (sky130_fd_sc_hd__buf_4)
                                         net5081 (net)
                  0.14    0.01    9.56 ^ _33282_/B (sky130_fd_sc_hd__nand4_1)
     2    0.02    0.25    0.24    9.80 v _33282_/Y (sky130_fd_sc_hd__nand4_1)
                                         _15907_ (net)
                  0.25    0.00    9.81 v _33303_/A2 (sky130_fd_sc_hd__o41a_1)
     2    0.01    0.10    0.52   10.32 v _33303_/X (sky130_fd_sc_hd__o41a_1)
                                         _15928_ (net)
                  0.10    0.00   10.32 v _33380_/B1 (sky130_fd_sc_hd__o31a_1)
     1    0.02    0.12    0.19   10.51 v _33380_/X (sky130_fd_sc_hd__o31a_1)
                                         _16005_ (net)
                  0.12    0.00   10.51 v place4725/A (sky130_fd_sc_hd__buf_12)
     2    0.05    0.04    0.17   10.69 v place4725/X (sky130_fd_sc_hd__buf_12)
                                         net4977 (net)
                  0.04    0.01   10.70 v _33385_/B (sky130_fd_sc_hd__nor3_1)
     1    0.00    0.16    0.17   10.87 ^ _33385_/Y (sky130_fd_sc_hd__nor3_1)
                                         net940 (net)
                  0.16    0.00   10.87 ^ place4699/A (sky130_fd_sc_hd__buf_4)
     2    0.05    0.14    0.22   11.09 ^ place4699/X (sky130_fd_sc_hd__buf_4)
                                         net4951 (net)
                  0.14    0.00   11.09 ^ place4698/A (sky130_fd_sc_hd__buf_4)
     2    0.01    0.04    0.14   11.23 ^ place4698/X (sky130_fd_sc_hd__buf_4)
                                         net4950 (net)
                  0.04    0.00   11.23 ^ _33432_/A (sky130_fd_sc_hd__nand2_1)
     2    0.01    0.07    0.07   11.30 v _33432_/Y (sky130_fd_sc_hd__nand2_1)
                                         _16056_ (net)
                  0.07    0.00   11.30 v _35530_/C (sky130_fd_sc_hd__nor4_2)
     1    0.01    0.36    0.32   11.61 ^ _35530_/Y (sky130_fd_sc_hd__nor4_2)
                                         _18152_ (net)
                  0.36    0.00   11.61 ^ place4641/A (sky130_fd_sc_hd__buf_12)
    21    0.12    0.14    0.24   11.85 ^ place4641/X (sky130_fd_sc_hd__buf_12)
                                         net4893 (net)
                  0.14    0.00   11.86 ^ _22371_/S (sky130_fd_sc_hd__mux2_1)
     1    0.00    0.05    0.33   12.19 v _22371_/X (sky130_fd_sc_hd__mux2_1)
                                         _05002_ (net)
                  0.05    0.00   12.19 v u.u_dram.rdata[11]$_DFFE_PN0P_/D (sky130_fd_sc_hd__dfrtp_1)
                                 12.19   data arrival time

                  0.00   10.00   10.00   clock core_clock (rise edge)
                          1.10   11.10   clock network delay (ideal)
                          0.00   11.10   clock reconvergence pessimism
                                 11.10 ^ u.u_dram.rdata[11]$_DFFE_PN0P_/CLK (sky130_fd_sc_hd__dfrtp_1)
                         -0.13   10.97   library setup time
                                 10.97   data required time
-----------------------------------------------------------------------------
                                 10.97   data required time
                                -12.19   data arrival time
-----------------------------------------------------------------------------
                                 -1.22   slack (VIOLATED)


Startpoint: u.u_ibex.u_ibex_core.if_stage_i.instr_rdata_alu_id_o[5]$_DFFE_PP_
            (rising edge-triggered flip-flop clocked by core_clock)
Endpoint: data_req_o (output port clocked by vclk_core_clock)
Path Group: vclk_core_clock
Path Type: max

Fanout     Cap    Slew   Delay    Time   Description
-----------------------------------------------------------------------------
                  0.00    0.00    0.00   clock core_clock (rise edge)
                          1.10    1.10   clock network delay (ideal)
                  0.00    0.00    1.10 ^ u.u_ibex.u_ibex_core.if_stage_i.instr_rdata_alu_id_o[5]$_DFFE_PP_/CLK (sky130_fd_sc_hd__edfxtp_1)
     5    0.02    0.15    0.44    1.54 v u.u_ibex.u_ibex_core.if_stage_i.instr_rdata_alu_id_o[5]$_DFFE_PP_/Q (sky130_fd_sc_hd__edfxtp_1)
                                         _03954_ (net)
                  0.15    0.00    1.54 v place6991/A (sky130_fd_sc_hd__buf_4)
     5    0.02    0.04    0.20    1.73 v place6991/X (sky130_fd_sc_hd__buf_4)
                                         net7251 (net)
                  0.04    0.00    1.73 v _25869_/A (sky130_fd_sc_hd__nor3b_1)
     3    0.01    0.35    0.34    2.07 ^ _25869_/Y (sky130_fd_sc_hd__nor3b_1)
                                         _08499_ (net)
                  0.35    0.00    2.07 ^ _25932_/A1 (sky130_fd_sc_hd__a31oi_1)
     2    0.01    0.13    0.17    2.24 v _25932_/Y (sky130_fd_sc_hd__a31oi_1)
                                         _08562_ (net)
                  0.13    0.00    2.24 v _25937_/C1 (sky130_fd_sc_hd__o311ai_0)
     1    0.01    0.59    0.19    2.44 ^ _25937_/Y (sky130_fd_sc_hd__o311ai_0)
                                         _08567_ (net)
                  0.59    0.00    2.44 ^ _26271_/C1 (sky130_fd_sc_hd__a311oi_1)
     2    0.01    0.16    0.17    2.61 v _26271_/Y (sky130_fd_sc_hd__a311oi_1)
                                         _08901_ (net)
                  0.16    0.00    2.61 v _26274_/B (sky130_fd_sc_hd__and2_0)
     2    0.01    0.06    0.22    2.83 v _26274_/X (sky130_fd_sc_hd__and2_0)
                                         _08904_ (net)
                  0.06    0.00    2.83 v _26288_/A3 (sky130_fd_sc_hd__a31o_1)
     2    0.01    0.06    0.24    3.07 v _26288_/X (sky130_fd_sc_hd__a31o_1)
                                         _08918_ (net)
                  0.06    0.00    3.07 v _26301_/A2 (sky130_fd_sc_hd__a211o_1)
     2    0.03    0.18    0.43    3.50 v _26301_/X (sky130_fd_sc_hd__a211o_1)
                                         _08931_ (net)
                  0.18    0.00    3.50 v _26303_/B (sky130_fd_sc_hd__nor2_1)
     2    0.01    0.15    0.18    3.68 ^ _26303_/Y (sky130_fd_sc_hd__nor2_1)
                                         _08933_ (net)
                  0.15    0.00    3.68 ^ _26305_/A (sky130_fd_sc_hd__clkinv_1)
     2    0.01    0.07    0.11    3.79 v _26305_/Y (sky130_fd_sc_hd__clkinv_1)
                                         _08935_ (net)
                  0.07    0.00    3.79 v _27400_/A1 (sky130_fd_sc_hd__o221ai_1)
     1    0.01    0.39    0.36    4.15 ^ _27400_/Y (sky130_fd_sc_hd__o221ai_1)
                                         _10029_ (net)
                  0.39    0.00    4.15 ^ u.u_ibex.u_ibex_core.alu_adder_result_ex\\ALU_33_0_33_0_33_unused_CO_X_Y[0]_HAN_CARLSON/place5932/A (sky130_fd_sc_hd__buf_4)
     2    0.01    0.04    0.19    4.34 ^ u.u_ibex.u_ibex_core.alu_adder_result_ex\\ALU_33_0_33_0_33_unused_CO_X_Y[0]_HAN_CARLSON/place5932/X (sky130_fd_sc_hd__buf_4)
                                         u.u_ibex.u_ibex_core.alu_adder_result_ex\\ALU_33_0_33_0_33_unused_CO_X_Y[0]_HAN_CARLSON/net6192 (net)
                  0.04    0.00    4.34 ^ u.u_ibex.u_ibex_core.alu_adder_result_ex\\ALU_33_0_33_0_33_unused_CO_X_Y[0]_HAN_CARLSON/_376_/A (sky130_fd_sc_hd__xor3_1)
     2    0.01    0.09    0.41    4.75 v u.u_ibex.u_ibex_core.alu_adder_result_ex\\ALU_33_0_33_0_33_unused_CO_X_Y[0]_HAN_CARLSON/_376_/X (sky130_fd_sc_hd__xor3_1)
                                         u.u_ibex.u_ibex_core.alu_adder_result_ex\\ALU_33_0_33_0_33_unused_CO_X_Y[0]_HAN_CARLSON/_090_ (net)
                  0.09    0.00    4.75 v u.u_ibex.u_ibex_core.alu_adder_result_ex\\ALU_33_0_33_0_33_unused_CO_X_Y[0]_HAN_CARLSON/_441_/C1 (sky130_fd_sc_hd__o211ai_1)
     2    0.01    0.26    0.15    4.90 ^ u.u_ibex.u_ibex_core.alu_adder_result_ex\\ALU_33_0_33_0_33_unused_CO_X_Y[0]_HAN_CARLSON/_441_/Y (sky130_fd_sc_hd__o211ai_1)
                                         u.u_ibex.u_ibex_core.alu_adder_result_ex\\ALU_33_0_33_0_33_unused_CO_X_Y[0]_HAN_CARLSON/_149_ (net)
                  0.26    0.00    4.90 ^ u.u_ibex.u_ibex_core.alu_adder_result_ex\\ALU_33_0_33_0_33_unused_CO_X_Y[0]_HAN_CARLSON/place5771/A (sky130_fd_sc_hd__buf_4)
     2    0.01    0.04    0.16    5.06 ^ u.u_ibex.u_ibex_core.alu_adder_result_ex\\ALU_33_0_33_0_33_unused_CO_X_Y[0]_HAN_CARLSON/place5771/X (sky130_fd_sc_hd__buf_4)
                                         u.u_ibex.u_ibex_core.alu_adder_result_ex\\ALU_33_0_33_0_33_unused_CO_X_Y[0]_HAN_CARLSON/net6031 (net)
                  0.04    0.00    5.06 ^ u.u_ibex.u_ibex_core.alu_adder_result_ex\\ALU_33_0_33_0_33_unused_CO_X_Y[0]_HAN_CARLSON/_456_/B (sky130_fd_sc_hd__nand2_1)
     2    0.01    0.10    0.10    5.16 v u.u_ibex.u_ibex_core.alu_adder_result_ex\\ALU_33_0_33_0_33_unused_CO_X_Y[0]_HAN_CARLSON/_456_/Y (sky130_fd_sc_hd__nand2_1)
                                         u.u_ibex.u_ibex_core.alu_adder_result_ex\\ALU_33_0_33_0_33_unused_CO_X_Y[0]_HAN_CARLSON/_162_ (net)
                  0.10    0.00    5.16 v u.u_ibex.u_ibex_core.alu_adder_result_ex\\ALU_33_0_33_0_33_unused_CO_X_Y[0]_HAN_CARLSON/_511_/B2 (sky130_fd_sc_hd__a221oi_1)
     1    0.01    0.33    0.36    5.53 ^ u.u_ibex.u_ibex_core.alu_adder_result_ex\\ALU_33_0_33_0_33_unused_CO_X_Y[0]_HAN_CARLSON/_511_/Y (sky130_fd_sc_hd__a221oi_1)
                                         u.u_ibex.u_ibex_core.alu_adder_result_ex\\ALU_33_0_33_0_33_unused_CO_X_Y[0]_HAN_CARLSON/_210_ (net)
                  0.33    0.00    5.53 ^ u.u_ibex.u_ibex_core.alu_adder_result_ex\\ALU_33_0_33_0_33_unused_CO_X_Y[0]_HAN_CARLSON/place5669/A (sky130_fd_sc_hd__buf_4)
     3    0.02    0.08    0.22    5.74 ^ u.u_ibex.u_ibex_core.alu_adder_result_ex\\ALU_33_0_33_0_33_unused_CO_X_Y[0]_HAN_CARLSON/place5669/X (sky130_fd_sc_hd__buf_4)
                                         u.u_ibex.u_ibex_core.alu_adder_result_ex\\ALU_33_0_33_0_33_unused_CO_X_Y[0]_HAN_CARLSON/net5929 (net)
                  0.08    0.00    5.74 ^ u.u_ibex.u_ibex_core.alu_adder_result_ex\\ALU_33_0_33_0_33_unused_CO_X_Y[0]_HAN_CARLSON/_543_/A1 (sky130_fd_sc_hd__o21ai_0)
     2    0.01    0.17    0.17    5.92 v u.u_ibex.u_ibex_core.alu_adder_result_ex\\ALU_33_0_33_0_33_unused_CO_X_Y[0]_HAN_CARLSON/_543_/Y (sky130_fd_sc_hd__o21ai_0)
                                         u.u_ibex.u_ibex_core.alu_adder_result_ex\\ALU_33_0_33_0_33_unused_CO_X_Y[0]_HAN_CARLSON/_238_ (net)
                  0.17    0.00    5.92 v u.u_ibex.u_ibex_core.alu_adder_result_ex\\ALU_33_0_33_0_33_unused_CO_X_Y[0]_HAN_CARLSON/place5586/A (sky130_fd_sc_hd__buf_4)
     1    0.00    0.03    0.18    6.10 v u.u_ibex.u_ibex_core.alu_adder_result_ex\\ALU_33_0_33_0_33_unused_CO_X_Y[0]_HAN_CARLSON/place5586/X (sky130_fd_sc_hd__buf_4)
                                         u.u_ibex.u_ibex_core.alu_adder_result_ex\\ALU_33_0_33_0_33_unused_CO_X_Y[0]_HAN_CARLSON/net5846 (net)
                  0.03    0.00    6.10 v u.u_ibex.u_ibex_core.alu_adder_result_ex\\ALU_33_0_33_0_33_unused_CO_X_Y[0]_HAN_CARLSON/_316_/A1 (sky130_fd_sc_hd__a21o_1)
     2    0.01    0.08    0.19    6.29 v u.u_ibex.u_ibex_core.alu_adder_result_ex\\ALU_33_0_33_0_33_unused_CO_X_Y[0]_HAN_CARLSON/_316_/X (sky130_fd_sc_hd__a21o_1)
                                         u.u_ibex.u_ibex_core.alu_adder_result_ex\\ALU_33_0_33_0_33_unused_CO_X_Y[0]_HAN_CARLSON/_035_ (net)
                  0.08    0.00    6.29 v u.u_ibex.u_ibex_core.alu_adder_result_ex\\ALU_33_0_33_0_33_unused_CO_X_Y[0]_HAN_CARLSON/_320_/A (sky130_fd_sc_hd__xnor2_2)
     2    0.02    0.31    0.31    6.60 ^ u.u_ibex.u_ibex_core.alu_adder_result_ex\\ALU_33_0_33_0_33_unused_CO_X_Y[0]_HAN_CARLSON/_320_/Y (sky130_fd_sc_hd__xnor2_2)
                                         net916 (net)
                  0.31    0.00    6.60 ^ place5375/A (sky130_fd_sc_hd__buf_12)
    10    0.16    0.19    0.24    6.83 ^ place5375/X (sky130_fd_sc_hd__buf_12)
                                         net5634 (net)
                  0.22    0.05    6.88 ^ _21605_/_218_/A (sky130_fd_sc_hd__xnor2_1)
     2    0.00    0.06    0.11    7.00 v _21605_/_218_/Y (sky130_fd_sc_hd__xnor2_1)
                                         _21605_/_108_ (net)
                  0.06    0.00    7.00 v _21605_/_117_/A (sky130_fd_sc_hd__or4b_1)
     2    0.01    0.10    0.54    7.54 v _21605_/_117_/X (sky130_fd_sc_hd__or4b_1)
                                         _21605_/_008_ (net)
                  0.10    0.00    7.54 v _21605_/_128_/A (sky130_fd_sc_hd__or4b_1)
     1    0.00    0.08    0.52    8.06 v _21605_/_128_/X (sky130_fd_sc_hd__or4b_1)
                                         _21605_/_019_ (net)
                  0.08    0.00    8.06 v _21605_/_133_/A2 (sky130_fd_sc_hd__o221ai_1)
     1    0.02    0.59    0.49    8.55 ^ _21605_/_133_/Y (sky130_fd_sc_hd__o221ai_1)
                                         _21605_/_024_ (net)
                  0.59    0.00    8.55 ^ _21605_/place4978/A (sky130_fd_sc_hd__buf_4)
     1    0.02    0.07    0.24    8.79 ^ _21605_/place4978/X (sky130_fd_sc_hd__buf_4)
                                         _21605_/net5230 (net)
                  0.07    0.00    8.79 ^ _21605_/_136_/A1 (sky130_fd_sc_hd__a21o_1)
     1    0.01    0.09    0.15    8.94 ^ _21605_/_136_/X (sky130_fd_sc_hd__a21o_1)
                                         _04211_ (net)
                  0.09    0.00    8.94 ^ _33022_/A (sky130_fd_sc_hd__nor2b_1)
     1    0.00    0.03    0.05    8.99 v _33022_/Y (sky130_fd_sc_hd__nor2b_1)
                                         _15647_ (net)
                  0.03    0.00    8.99 v _33023_/B1 (sky130_fd_sc_hd__o22ai_1)
     1    0.02    0.37    0.30    9.29 ^ _33023_/Y (sky130_fd_sc_hd__o22ai_1)
                                         _15648_ (net)
                  0.37    0.00    9.29 ^ place4829/A (sky130_fd_sc_hd__buf_4)
     3    0.05    0.14    0.26    9.55 ^ place4829/X (sky130_fd_sc_hd__buf_4)
                                         net5081 (net)
                  0.14    0.01    9.56 ^ _33282_/B (sky130_fd_sc_hd__nand4_1)
     2    0.02    0.25    0.24    9.80 v _33282_/Y (sky130_fd_sc_hd__nand4_1)
                                         _15907_ (net)
                  0.25    0.00    9.81 v _33303_/A2 (sky130_fd_sc_hd__o41a_1)
     2    0.01    0.10    0.52   10.32 v _33303_/X (sky130_fd_sc_hd__o41a_1)
                                         _15928_ (net)
                  0.10    0.00   10.32 v _33380_/B1 (sky130_fd_sc_hd__o31a_1)
     1    0.02    0.12    0.19   10.51 v _33380_/X (sky130_fd_sc_hd__o31a_1)
                                         _16005_ (net)
                  0.12    0.00   10.51 v place4725/A (sky130_fd_sc_hd__buf_12)
     2    0.05    0.04    0.17   10.69 v place4725/X (sky130_fd_sc_hd__buf_12)
                                         net4977 (net)
                  0.04    0.01   10.70 v _33385_/B (sky130_fd_sc_hd__nor3_1)
     1    0.00    0.16    0.17   10.87 ^ _33385_/Y (sky130_fd_sc_hd__nor3_1)
                                         net940 (net)
                  0.16    0.00   10.87 ^ place4699/A (sky130_fd_sc_hd__buf_4)
     2    0.05    0.14    0.22   11.09 ^ place4699/X (sky130_fd_sc_hd__buf_4)
                                         net4951 (net)
                  0.14    0.01   11.10 ^ place1587/A (sky130_fd_sc_hd__buf_12)
     1    0.00    0.02    0.11   11.20 ^ place1587/X (sky130_fd_sc_hd__buf_12)
                                         data_req_o (net)
                  0.02    0.00   11.20 ^ data_req_o (out)
                                 11.20   data arrival time

                  0.00   10.00   10.00   clock vclk_core_clock (rise edge)
                          1.10   11.10   clock network delay (ideal)
                          0.00   11.10   clock reconvergence pessimism
                         -2.00    9.09   output external delay
                                  9.09   data required time
-----------------------------------------------------------------------------
                                  9.09   data required time
                                -11.20   data arrival time
-----------------------------------------------------------------------------
                                 -2.11   slack (VIOLATED)



==========================================================================
resizer report_check_types -max_slew -max_cap -max_fanout -violators
--------------------------------------------------------------------------

==========================================================================
resizer max_slew_check_slack
--------------------------------------------------------------------------
0.11738698929548264

==========================================================================
resizer max_slew_check_limit
--------------------------------------------------------------------------
1.48431396484375

==========================================================================
resizer max_slew_check_slack_limit
--------------------------------------------------------------------------
0.0791

==========================================================================
resizer max_fanout_check_slack
--------------------------------------------------------------------------
1.0000000150474662e+30

==========================================================================
resizer max_fanout_check_limit
--------------------------------------------------------------------------
1.0000000150474662e+30

==========================================================================
resizer max_capacitance_check_slack
--------------------------------------------------------------------------
0.0016029623802751303

==========================================================================
resizer max_capacitance_check_limit
--------------------------------------------------------------------------
0.021067000925540924

==========================================================================
resizer max_capacitance_check_slack_limit
--------------------------------------------------------------------------
0.0761

==========================================================================
resizer max_slew_violation_count
--------------------------------------------------------------------------
max slew violation count 0

==========================================================================
resizer max_fanout_violation_count
--------------------------------------------------------------------------
max fanout violation count 0

==========================================================================
resizer max_cap_violation_count
--------------------------------------------------------------------------
max cap violation count 0

==========================================================================
resizer setup_violation_count
--------------------------------------------------------------------------
setup violation count 496

==========================================================================
resizer hold_violation_count
--------------------------------------------------------------------------
hold violation count 0

==========================================================================
resizer report_checks -path_delay max reg to reg
--------------------------------------------------------------------------
Startpoint: u.u_ibex.u_ibex_core.if_stage_i.instr_rdata_alu_id_o[5]$_DFFE_PP_
            (rising edge-triggered flip-flop clocked by core_clock)
Endpoint: u.u_dram.rdata[11]$_DFFE_PN0P_
          (rising edge-triggered flip-flop clocked by core_clock)
Path Group: core_clock
Path Type: max

  Delay    Time   Description
---------------------------------------------------------
   0.00    0.00   clock core_clock (rise edge)
   1.10    1.10   clock network delay (ideal)
   0.00    1.10 ^ u.u_ibex.u_ibex_core.if_stage_i.instr_rdata_alu_id_o[5]$_DFFE_PP_/CLK (sky130_fd_sc_hd__edfxtp_1)
   0.44    1.54 v u.u_ibex.u_ibex_core.if_stage_i.instr_rdata_alu_id_o[5]$_DFFE_PP_/Q (sky130_fd_sc_hd__edfxtp_1)
   0.20    1.73 v place6991/X (sky130_fd_sc_hd__buf_4)
   0.34    2.07 ^ _25869_/Y (sky130_fd_sc_hd__nor3b_1)
   0.17    2.24 v _25932_/Y (sky130_fd_sc_hd__a31oi_1)
   0.19    2.44 ^ _25937_/Y (sky130_fd_sc_hd__o311ai_0)
   0.17    2.61 v _26271_/Y (sky130_fd_sc_hd__a311oi_1)
   0.22    2.83 v _26274_/X (sky130_fd_sc_hd__and2_0)
   0.24    3.07 v _26288_/X (sky130_fd_sc_hd__a31o_1)
   0.43    3.50 v _26301_/X (sky130_fd_sc_hd__a211o_1)
   0.19    3.68 ^ _26303_/Y (sky130_fd_sc_hd__nor2_1)
   0.11    3.79 v _26305_/Y (sky130_fd_sc_hd__clkinv_1)
   0.36    4.15 ^ _27400_/Y (sky130_fd_sc_hd__o221ai_1)
   0.19    4.34 ^ u.u_ibex.u_ibex_core.alu_adder_result_ex\\ALU_33_0_33_0_33_unused_CO_X_Y[0]_HAN_CARLSON/place5932/X (sky130_fd_sc_hd__buf_4)
   0.41    4.75 v u.u_ibex.u_ibex_core.alu_adder_result_ex\\ALU_33_0_33_0_33_unused_CO_X_Y[0]_HAN_CARLSON/_376_/X (sky130_fd_sc_hd__xor3_1)
   0.15    4.90 ^ u.u_ibex.u_ibex_core.alu_adder_result_ex\\ALU_33_0_33_0_33_unused_CO_X_Y[0]_HAN_CARLSON/_441_/Y (sky130_fd_sc_hd__o211ai_1)
   0.17    5.06 ^ u.u_ibex.u_ibex_core.alu_adder_result_ex\\ALU_33_0_33_0_33_unused_CO_X_Y[0]_HAN_CARLSON/place5771/X (sky130_fd_sc_hd__buf_4)
   0.10    5.16 v u.u_ibex.u_ibex_core.alu_adder_result_ex\\ALU_33_0_33_0_33_unused_CO_X_Y[0]_HAN_CARLSON/_456_/Y (sky130_fd_sc_hd__nand2_1)
   0.36    5.53 ^ u.u_ibex.u_ibex_core.alu_adder_result_ex\\ALU_33_0_33_0_33_unused_CO_X_Y[0]_HAN_CARLSON/_511_/Y (sky130_fd_sc_hd__a221oi_1)
   0.22    5.74 ^ u.u_ibex.u_ibex_core.alu_adder_result_ex\\ALU_33_0_33_0_33_unused_CO_X_Y[0]_HAN_CARLSON/place5669/X (sky130_fd_sc_hd__buf_4)
   0.18    5.92 v u.u_ibex.u_ibex_core.alu_adder_result_ex\\ALU_33_0_33_0_33_unused_CO_X_Y[0]_HAN_CARLSON/_543_/Y (sky130_fd_sc_hd__o21ai_0)
   0.18    6.10 v u.u_ibex.u_ibex_core.alu_adder_result_ex\\ALU_33_0_33_0_33_unused_CO_X_Y[0]_HAN_CARLSON/place5586/X (sky130_fd_sc_hd__buf_4)
   0.19    6.29 v u.u_ibex.u_ibex_core.alu_adder_result_ex\\ALU_33_0_33_0_33_unused_CO_X_Y[0]_HAN_CARLSON/_316_/X (sky130_fd_sc_hd__a21o_1)
   0.31    6.60 ^ u.u_ibex.u_ibex_core.alu_adder_result_ex\\ALU_33_0_33_0_33_unused_CO_X_Y[0]_HAN_CARLSON/_320_/Y (sky130_fd_sc_hd__xnor2_2)
   0.24    6.83 ^ place5375/X (sky130_fd_sc_hd__buf_12)
   0.16    7.00 v _21605_/_218_/Y (sky130_fd_sc_hd__xnor2_1)
   0.54    7.54 v _21605_/_117_/X (sky130_fd_sc_hd__or4b_1)
   0.52    8.06 v _21605_/_128_/X (sky130_fd_sc_hd__or4b_1)
   0.49    8.55 ^ _21605_/_133_/Y (sky130_fd_sc_hd__o221ai_1)
   0.24    8.79 ^ _21605_/place4978/X (sky130_fd_sc_hd__buf_4)
   0.15    8.94 ^ _21605_/_136_/X (sky130_fd_sc_hd__a21o_1)
   0.05    8.99 v _33022_/Y (sky130_fd_sc_hd__nor2b_1)
   0.30    9.29 ^ _33023_/Y (sky130_fd_sc_hd__o22ai_1)
   0.26    9.55 ^ place4829/X (sky130_fd_sc_hd__buf_4)
   0.25    9.80 v _33282_/Y (sky130_fd_sc_hd__nand4_1)
   0.52   10.32 v _33303_/X (sky130_fd_sc_hd__o41a_1)
   0.19   10.51 v _33380_/X (sky130_fd_sc_hd__o31a_1)
   0.17   10.69 v place4725/X (sky130_fd_sc_hd__buf_12)
   0.18   10.87 ^ _33385_/Y (sky130_fd_sc_hd__nor3_1)
   0.22   11.09 ^ place4699/X (sky130_fd_sc_hd__buf_4)
   0.14   11.23 ^ place4698/X (sky130_fd_sc_hd__buf_4)
   0.07   11.30 v _33432_/Y (sky130_fd_sc_hd__nand2_1)
   0.32   11.61 ^ _35530_/Y (sky130_fd_sc_hd__nor4_2)
   0.24   11.85 ^ place4641/X (sky130_fd_sc_hd__buf_12)
   0.33   12.19 v _22371_/X (sky130_fd_sc_hd__mux2_1)
   0.00   12.19 v u.u_dram.rdata[11]$_DFFE_PN0P_/D (sky130_fd_sc_hd__dfrtp_1)
          12.19   data arrival time

  10.00   10.00   clock core_clock (rise edge)
   1.10   11.10   clock network delay (ideal)
   0.00   11.10   clock reconvergence pessimism
          11.10 ^ u.u_dram.rdata[11]$_DFFE_PN0P_/CLK (sky130_fd_sc_hd__dfrtp_1)
  -0.13   10.97   library setup time
          10.97   data required time
---------------------------------------------------------
          10.97   data required time
         -12.19   data arrival time
---------------------------------------------------------
          -1.22   slack (VIOLATED)



==========================================================================
resizer report_checks -path_delay min reg to reg
--------------------------------------------------------------------------
Startpoint: u.g_comp.u_ic.prot_req$_DFF_PN0_
            (rising edge-triggered flip-flop clocked by core_clock)
Endpoint: u.g_comp.u_prot.valid$_DFF_PN0_
          (rising edge-triggered flip-flop clocked by core_clock)
Path Group: core_clock
Path Type: min

  Delay    Time   Description
---------------------------------------------------------
   0.00    0.00   clock core_clock (rise edge)
   1.10    1.10   clock network delay (ideal)
   0.00    1.10 ^ u.g_comp.u_ic.prot_req$_DFF_PN0_/CLK (sky130_fd_sc_hd__dfrtp_1)
   0.33    1.42 ^ u.g_comp.u_ic.prot_req$_DFF_PN0_/Q (sky130_fd_sc_hd__dfrtp_1)
   0.00    1.42 ^ u.g_comp.u_prot.valid$_DFF_PN0_/D (sky130_fd_sc_hd__dfrtp_1)
           1.42   data arrival time

   0.00    0.00   clock core_clock (rise edge)
   1.10    1.10   clock network delay (ideal)
   0.00    1.10   clock reconvergence pessimism
           1.10 ^ u.g_comp.u_prot.valid$_DFF_PN0_/CLK (sky130_fd_sc_hd__dfrtp_1)
  -0.05    1.05   library hold time
           1.05   data required time
---------------------------------------------------------
           1.05   data required time
          -1.42   data arrival time
---------------------------------------------------------
           0.38   slack (MET)



==========================================================================
resizer critical path target clock latency max path
--------------------------------------------------------------------------
1.0950

==========================================================================
resizer critical path target clock latency min path
--------------------------------------------------------------------------
1.0950

==========================================================================
resizer critical path source clock latency min path
--------------------------------------------------------------------------
1.0950

==========================================================================
resizer critical path delay
--------------------------------------------------------------------------
11.2034

==========================================================================
resizer critical path slack
--------------------------------------------------------------------------
-2.1084

==========================================================================
resizer slack div critical path delay
--------------------------------------------------------------------------
-18.819287

==========================================================================
resizer report_power
--------------------------------------------------------------------------
Group                  Internal  Switching    Leakage      Total
                          Power      Power      Power      Power (Watts)
----------------------------------------------------------------
Sequential             4.40e-03   2.91e-04   3.16e-08   4.69e-03  17.7%
Combinational          8.01e-03   1.36e-02   8.35e-08   2.16e-02  81.7%
Clock                 -6.50e-07   1.61e-04   1.87e-12   1.60e-04   0.6%
Macro                  0.00e+00   0.00e+00   0.00e+00   0.00e+00   0.0%
Pad                    0.00e+00   0.00e+00   0.00e+00   0.00e+00   0.0%
----------------------------------------------------------------
Total                  1.24e-02   1.40e-02   1.15e-07   2.64e-02 100.0%
                          46.9%      53.1%       0.0%
