
==========================================================================
resizer report_tns
--------------------------------------------------------------------------
tns max -38.34

==========================================================================
resizer report_wns
--------------------------------------------------------------------------
wns max -0.54

==========================================================================
resizer report_worst_slack
--------------------------------------------------------------------------
worst slack max -0.54

==========================================================================
resizer report_clock_min_period
--------------------------------------------------------------------------
core_clock period_min = 10.54 fmax = 94.85
vclk_core_clock period_min = 0.00 fmax = inf

==========================================================================
resizer report_checks -path_delay min
--------------------------------------------------------------------------
Startpoint: rst_n (input port clocked by vclk_core_clock)
Endpoint: u.u_ibex.gen_regfile_ff.register_file_i.g_rf_flops[21].rf_reg_q[22]$_DFFE_PN0P_
          (removal check against rising-edge clock core_clock)
Path Group: asynchronous
Path Type: min

Fanout     Cap    Slew   Delay    Time   Description
-----------------------------------------------------------------------------
                  0.00    0.00    0.00   clock vclk_core_clock (rise edge)
                          1.10    1.10   clock network delay (ideal)
                          2.00    3.09 ^ input external delay
     1    0.02    0.00    0.00    3.09 ^ rst_n (in)
                                         rst_n (net)
                  0.00    0.00    3.10 ^ input28/A (sky130_fd_sc_hd__buf_16)
   132    0.71    0.72    0.53    3.62 ^ input28/X (sky130_fd_sc_hd__buf_16)
                                         net36 (net)
                  0.72    0.01    3.63 ^ u.u_ibex.gen_regfile_ff.register_file_i.g_rf_flops[21].rf_reg_q[22]$_DFFE_PN0P_/RESET_B (sky130_fd_sc_hd__dfrtp_1)
                                  3.63   data arrival time

                  0.00    0.00    0.00   clock core_clock (rise edge)
                          1.10    1.10   clock network delay (ideal)
                          0.00    1.10   clock reconvergence pessimism
                                  1.10 ^ u.u_ibex.gen_regfile_ff.register_file_i.g_rf_flops[21].rf_reg_q[22]$_DFFE_PN0P_/CLK (sky130_fd_sc_hd__dfrtp_1)
                          0.49    1.59   library removal time
                                  1.59   data required time
-----------------------------------------------------------------------------
                                  1.59   data required time
                                 -3.63   data arrival time
-----------------------------------------------------------------------------
                                  2.04   slack (MET)


Startpoint: u.u_ibex.core_clock_gate_i.en_latch$_DLATCH_N_
            (negative level-sensitive latch clocked by core_clock)
Endpoint: _18652_ (rising clock gating-check end-point clocked by core_clock)
Path Group: gated clock
Path Type: min

Fanout     Cap    Slew   Delay    Time   Description
-----------------------------------------------------------------------------
                  0.00    5.00    5.00   clock core_clock (fall edge)
                          1.10    6.10   clock network delay (ideal)
                  0.00    0.00    6.10 v u.u_ibex.core_clock_gate_i.en_latch$_DLATCH_N_/GATE_N (sky130_fd_sc_hd__dlxtn_1)
     1    0.00    0.02    0.23    6.32 v u.u_ibex.core_clock_gate_i.en_latch$_DLATCH_N_/Q (sky130_fd_sc_hd__dlxtn_1)
                                         u.u_ibex.core_clock_gate_i.en_latch (net)
                  0.02    0.00    6.32 v _18652_/B (sky130_fd_sc_hd__and2_0)
                                  6.32   data arrival time

                  0.00    5.00    5.00   clock core_clock (fall edge)
                          1.10    6.10   clock network delay (ideal)
                          0.00    6.10   clock reconvergence pessimism
                                  6.10 v _18652_/A (sky130_fd_sc_hd__and2_0)
                          0.00    6.10   clock gating hold time
                                  6.10   data required time
-----------------------------------------------------------------------------
                                  6.10   data required time
                                 -6.32   data arrival time
-----------------------------------------------------------------------------
                                  0.23   slack (MET)


Startpoint: u.u_ibex.u_ibex_core.id_stage_i.controller_i.ctrl_fsm_cs[0]$_DFF_PN1_
            (rising edge-triggered flip-flop clocked by core_clock)
Endpoint: u.u_ibex.u_ibex_core.id_stage_i.controller_i.ctrl_fsm_cs[5]$_DFF_PN0_
          (rising edge-triggered flip-flop clocked by core_clock)
Path Group: core_clock
Path Type: min

Fanout     Cap    Slew   Delay    Time   Description
-----------------------------------------------------------------------------
                  0.00    0.00    0.00   clock core_clock (rise edge)
                          1.10    1.10   clock network delay (ideal)
                  0.00    0.00    1.10 ^ u.u_ibex.u_ibex_core.id_stage_i.controller_i.ctrl_fsm_cs[0]$_DFF_PN1_/CLK (sky130_fd_sc_hd__dfstp_2)
     3    0.01    0.03    0.35    1.45 v u.u_ibex.u_ibex_core.id_stage_i.controller_i.ctrl_fsm_cs[0]$_DFF_PN1_/Q (sky130_fd_sc_hd__dfstp_2)
                                         _00080_ (net)
                  0.03    0.00    1.45 v u.u_ibex.u_ibex_core.id_stage_i.controller_i.ctrl_fsm_cs[5]$_DFF_PN0_/D (sky130_fd_sc_hd__dfrtp_1)
                                  1.45   data arrival time

                  0.00    0.00    0.00   clock core_clock (rise edge)
                          1.10    1.10   clock network delay (ideal)
                          0.00    1.10   clock reconvergence pessimism
                                  1.10 ^ u.u_ibex.u_ibex_core.id_stage_i.controller_i.ctrl_fsm_cs[5]$_DFF_PN0_/CLK (sky130_fd_sc_hd__dfrtp_1)
                         -0.05    1.04   library hold time
                                  1.04   data required time
-----------------------------------------------------------------------------
                                  1.04   data required time
                                 -1.45   data arrival time
-----------------------------------------------------------------------------
                                  0.40   slack (MET)


Startpoint: u.u_ibex.core_busy_q[0]$_DFF_PN0_
            (rising edge-triggered flip-flop clocked by core_clock)
Endpoint: core_sleep_o (output port clocked by vclk_core_clock)
Path Group: vclk_core_clock
Path Type: min

Fanout     Cap    Slew   Delay    Time   Description
-----------------------------------------------------------------------------
                  0.00    0.00    0.00   clock core_clock (rise edge)
                          1.10    1.10   clock network delay (ideal)
                  0.00    0.00    1.10 ^ u.u_ibex.core_busy_q[0]$_DFF_PN0_/CLK (sky130_fd_sc_hd__dfrtp_1)
     2    0.01    0.08    0.33    1.42 ^ u.u_ibex.core_busy_q[0]$_DFF_PN0_/Q (sky130_fd_sc_hd__dfrtp_1)
                                         u.u_ibex.clock_en (net)
                  0.08    0.00    1.42 ^ _18715_/A (sky130_fd_sc_hd__clkinv_1)
     1    0.00    0.03    0.06    1.48 v _18715_/Y (sky130_fd_sc_hd__clkinv_1)
                                         net37 (net)
                  0.03    0.00    1.48 v output29/A (sky130_fd_sc_hd__clkdlybuf4s50_1)
     1    0.00    0.04    0.40    1.88 v output29/X (sky130_fd_sc_hd__clkdlybuf4s50_1)
                                         core_sleep_o (net)
                  0.04    0.00    1.88 v core_sleep_o (out)
                                  1.88   data arrival time

                  0.00    0.00    0.00   clock vclk_core_clock (rise edge)
                          1.10    1.10   clock network delay (ideal)
                          0.00    1.10   clock reconvergence pessimism
                         -2.00   -0.90   output external delay
                                 -0.90   data required time
-----------------------------------------------------------------------------
                                 -0.90   data required time
                                 -1.88   data arrival time
-----------------------------------------------------------------------------
                                  2.78   slack (MET)



==========================================================================
resizer report_checks -path_delay max
--------------------------------------------------------------------------
Startpoint: rst_n (input port clocked by vclk_core_clock)
Endpoint: u.u_ibex.u_ibex_core.cs_registers_i.mcycle_counter_i.counter_val_o[62]$_DFFE_PN0P_
          (recovery check against rising-edge clock core_clock)
Path Group: asynchronous
Path Type: max

Fanout     Cap    Slew   Delay    Time   Description
-----------------------------------------------------------------------------
                  0.00    0.00    0.00   clock vclk_core_clock (rise edge)
                          1.10    1.10   clock network delay (ideal)
                          2.00    3.09 ^ input external delay
     1    0.02    0.00    0.00    3.09 ^ rst_n (in)
                                         rst_n (net)
                  0.00    0.00    3.10 ^ input28/A (sky130_fd_sc_hd__buf_16)
   132    0.71    0.72    0.53    3.62 ^ input28/X (sky130_fd_sc_hd__buf_16)
                                         net36 (net)
                  0.73    0.04    3.67 ^ place3711/A (sky130_fd_sc_hd__buf_12)
   119    0.64    0.71    0.63    4.29 ^ place3711/X (sky130_fd_sc_hd__buf_12)
                                         net3720 (net)
                  0.72    0.07    4.37 ^ place3710/A (sky130_fd_sc_hd__buf_4)
    72    0.38    1.02    0.91    5.27 ^ place3710/X (sky130_fd_sc_hd__buf_4)
                                         net3719 (net)
                  1.02    0.04    5.31 ^ u.u_ibex.u_ibex_core.cs_registers_i.mcycle_counter_i.counter_val_o[62]$_DFFE_PN0P_/RESET_B (sky130_fd_sc_hd__dfrtp_1)
                                  5.31   data arrival time

                  0.00   10.00   10.00   clock core_clock (rise edge)
                          1.10   11.10   clock network delay (ideal)
                          0.00   11.10   clock reconvergence pessimism
                                 11.10 ^ u.u_ibex.u_ibex_core.cs_registers_i.mcycle_counter_i.counter_val_o[62]$_DFFE_PN0P_/CLK (sky130_fd_sc_hd__dfrtp_1)
                         -0.04   11.05   library recovery time
                                 11.05   data required time
-----------------------------------------------------------------------------
                                 11.05   data required time
                                 -5.31   data arrival time
-----------------------------------------------------------------------------
                                  5.74   slack (MET)


Startpoint: u.u_ibex.core_clock_gate_i.en_latch$_DLATCH_N_
            (negative level-sensitive latch clocked by core_clock)
Endpoint: _18652_ (rising clock gating-check end-point clocked by core_clock)
Path Group: gated clock
Path Type: max

Fanout     Cap    Slew   Delay    Time   Description
-----------------------------------------------------------------------------
                  0.00    5.00    5.00   clock core_clock (fall edge)
                          1.10    6.10   clock network delay (ideal)
                  0.00    0.00    6.10 v u.u_ibex.core_clock_gate_i.en_latch$_DLATCH_N_/GATE_N (sky130_fd_sc_hd__dlxtn_1)
     1    0.00    0.03    0.36    6.46 ^ u.u_ibex.core_clock_gate_i.en_latch$_DLATCH_N_/Q (sky130_fd_sc_hd__dlxtn_1)
                                         u.u_ibex.core_clock_gate_i.en_latch (net)
                  0.03    0.00    6.46 ^ _18652_/B (sky130_fd_sc_hd__and2_0)
                                  6.46   data arrival time

                  0.00   10.00   10.00   clock core_clock (rise edge)
                          1.10   11.10   clock network delay (ideal)
                          0.00   11.10   clock reconvergence pessimism
                                 11.10 ^ _18652_/A (sky130_fd_sc_hd__and2_0)
                          0.00   11.10   clock gating setup time
                                 11.10   data required time
-----------------------------------------------------------------------------
                                 11.10   data required time
                                 -6.46   data arrival time
-----------------------------------------------------------------------------
                                  4.64   slack (MET)


Startpoint: u.u_ibex.u_ibex_core.if_stage_i.instr_rdata_alu_id_o[16]$_DFFE_PP_
            (rising edge-triggered flip-flop clocked by core_clock)
Endpoint: u.u_ibex.gen_regfile_ff.register_file_i.g_rf_flops[13].rf_reg_q[30]$_DFFE_PN0P_
          (rising edge-triggered flip-flop clocked by core_clock)
Path Group: core_clock
Path Type: max

Fanout     Cap    Slew   Delay    Time   Description
-----------------------------------------------------------------------------
                  0.00    0.00    0.00   clock core_clock (rise edge)
                          1.10    1.10   clock network delay (ideal)
                  0.00    0.00    1.10 ^ u.u_ibex.u_ibex_core.if_stage_i.instr_rdata_alu_id_o[16]$_DFFE_PP_/CLK (sky130_fd_sc_hd__edfxtp_1)
     5    0.04    0.40    0.57    1.66 ^ u.u_ibex.u_ibex_core.if_stage_i.instr_rdata_alu_id_o[16]$_DFFE_PP_/Q (sky130_fd_sc_hd__edfxtp_1)
                                         _00112_ (net)
                  0.40    0.00    1.66 ^ place3649/A (sky130_fd_sc_hd__buf_12)
    13    0.09    0.12    0.22    1.88 ^ place3649/X (sky130_fd_sc_hd__buf_12)
                                         net3658 (net)
                  0.12    0.01    1.89 ^ place3648/A (sky130_fd_sc_hd__buf_4)
    12    0.07    0.20    0.25    2.14 ^ place3648/X (sky130_fd_sc_hd__buf_4)
                                         net3657 (net)
                  0.20    0.00    2.15 ^ place3647/A (sky130_fd_sc_hd__buf_4)
    12    0.10    0.28    0.33    2.48 ^ place3647/X (sky130_fd_sc_hd__buf_4)
                                         net3656 (net)
                  0.28    0.00    2.48 ^ _16098_/S0 (sky130_fd_sc_hd__mux4_2)
     1    0.00    0.05    0.27    2.75 ^ _16098_/X (sky130_fd_sc_hd__mux4_2)
                                         _03525_ (net)
                  0.05    0.00    2.75 ^ _16099_/B (sky130_fd_sc_hd__nor2_1)
     1    0.00    0.08    0.04    2.78 v _16099_/Y (sky130_fd_sc_hd__nor2_1)
                                         _03526_ (net)
                  0.08    0.00    2.78 v _16103_/C (sky130_fd_sc_hd__or4_1)
     1    0.00    0.09    0.48    3.26 v _16103_/X (sky130_fd_sc_hd__or4_1)
                                         _03530_ (net)
                  0.09    0.00    3.26 v _16124_/A (sky130_fd_sc_hd__nand4_1)
     1    0.01    0.10    0.11    3.37 ^ _16124_/Y (sky130_fd_sc_hd__nand4_1)
                                         _03551_ (net)
                  0.10    0.00    3.37 ^ place3302/A (sky130_fd_sc_hd__buf_4)
    10    0.12    0.34    0.32    3.69 ^ place3302/X (sky130_fd_sc_hd__buf_4)
                                         net3311 (net)
                  0.35    0.04    3.73 ^ _17184_/A (sky130_fd_sc_hd__nand3_1)
    10    0.05    0.52    0.49    4.22 v _17184_/Y (sky130_fd_sc_hd__nand3_1)
                                         _04611_ (net)
                  0.52    0.01    4.22 v _17325_/B (sky130_fd_sc_hd__nor2_1)
     2    0.01    0.22    0.31    4.53 ^ _17325_/Y (sky130_fd_sc_hd__nor2_1)
                                         _04752_ (net)
                  0.22    0.00    4.53 ^ _17417_/C (sky130_fd_sc_hd__maj3_1)
     4    0.02    0.24    0.36    4.89 ^ _17417_/X (sky130_fd_sc_hd__maj3_1)
                                         _04844_ (net)
                  0.24    0.00    4.89 ^ _17488_/A1 (sky130_fd_sc_hd__a21oi_1)
     1    0.00    0.07    0.10    4.99 v _17488_/Y (sky130_fd_sc_hd__a21oi_1)
                                         _04915_ (net)
                  0.07    0.00    4.99 v _17494_/A2 (sky130_fd_sc_hd__o31ai_1)
     7    0.03    0.87    0.74    5.73 ^ _17494_/Y (sky130_fd_sc_hd__o31ai_1)
                                         _04921_ (net)
                  0.87    0.00    5.73 ^ _17500_/A (sky130_fd_sc_hd__xor3_1)
     3    0.01    0.11    0.61    6.34 v _17500_/X (sky130_fd_sc_hd__xor3_1)
                                         _04927_ (net)
                  0.11    0.00    6.34 v _17503_/B (sky130_fd_sc_hd__xnor2_1)
     1    0.01    0.17    0.19    6.53 ^ _17503_/Y (sky130_fd_sc_hd__xnor2_1)
                                         _04930_ (net)
                  0.17    0.00    6.53 ^ _17510_/A (sky130_fd_sc_hd__xnor2_1)
     2    0.01    0.16    0.15    6.69 ^ _17510_/Y (sky130_fd_sc_hd__xnor2_1)
                                         _04937_ (net)
                  0.16    0.00    6.69 ^ _17512_/B (sky130_fd_sc_hd__and2_0)
     2    0.01    0.09    0.17    6.86 ^ _17512_/X (sky130_fd_sc_hd__and2_0)
                                         _04939_ (net)
                  0.09    0.00    6.86 ^ _17513_/B (sky130_fd_sc_hd__nor2_1)
     1    0.01    0.05    0.06    6.92 v _17513_/Y (sky130_fd_sc_hd__nor2_1)
                                         _04940_ (net)
                  0.05    0.00    6.92 v _17514_/B (sky130_fd_sc_hd__xnor2_1)
     2    0.01    0.12    0.14    7.07 v _17514_/Y (sky130_fd_sc_hd__xnor2_1)
                                         _04941_ (net)
                  0.12    0.00    7.07 v _18280_/A (sky130_fd_sc_hd__maj3_1)
     1    0.01    0.11    0.42    7.49 v _18280_/X (sky130_fd_sc_hd__maj3_1)
                                         _05707_ (net)
                  0.11    0.00    7.49 v _14752_/_310_/B (sky130_fd_sc_hd__xor2_1)
     2    0.01    0.08    0.18    7.67 v _14752_/_310_/X (sky130_fd_sc_hd__xor2_1)
                                         _14752_/_027_ (net)
                  0.08    0.00    7.67 v _14752_/_313_/B (sky130_fd_sc_hd__xnor2_1)
     5    0.02    0.55    0.46    8.13 ^ _14752_/_313_/Y (sky130_fd_sc_hd__xnor2_1)
                                         _14752_/_029_ (net)
                  0.55    0.00    8.13 ^ _14752_/_315_/A2 (sky130_fd_sc_hd__o21ai_0)
     2    0.01    0.17    0.23    8.36 v _14752_/_315_/Y (sky130_fd_sc_hd__o21ai_0)
                                         _14752_/_031_ (net)
                  0.17    0.00    8.36 v _14752_/_316_/B1 (sky130_fd_sc_hd__a21oi_1)
     2    0.00    0.15    0.19    8.55 ^ _14752_/_316_/Y (sky130_fd_sc_hd__a21oi_1)
                                         _14752_/_032_ (net)
                  0.15    0.00    8.55 ^ _14752_/_318_/B1 (sky130_fd_sc_hd__o21ai_0)
     1    0.00    0.07    0.10    8.65 v _14752_/_318_/Y (sky130_fd_sc_hd__o21ai_0)
                                         _14752_/_034_ (net)
                  0.07    0.00    8.65 v _14752_/_320_/B1 (sky130_fd_sc_hd__a21o_1)
     2    0.01    0.06    0.19    8.84 v _14752_/_320_/X (sky130_fd_sc_hd__a21o_1)
                                         _14752_/CO[21] (net)
                  0.06    0.00    8.84 v _14752_/_414_/A1 (sky130_fd_sc_hd__a21o_1)
     1    0.00    0.04    0.17    9.01 v _14752_/_414_/X (sky130_fd_sc_hd__a21o_1)
                                         _14752_/CO[29] (net)
                  0.04    0.00    9.01 v _14752_/_503_/A (sky130_fd_sc_hd__xnor2_1)
     1    0.01    0.22    0.23    9.23 ^ _14752_/_503_/Y (sky130_fd_sc_hd__xnor2_1)
                                         _00382_ (net)
                  0.22    0.00    9.23 ^ _20642_/A1 (sky130_fd_sc_hd__a22oi_1)
     1    0.00    0.10    0.12    9.36 v _20642_/Y (sky130_fd_sc_hd__a22oi_1)
                                         _08034_ (net)
                  0.10    0.00    9.36 v _20643_/B (sky130_fd_sc_hd__nor2_1)
     2    0.02    0.35    0.31    9.66 ^ _20643_/Y (sky130_fd_sc_hd__nor2_1)
                                         _08035_ (net)
                  0.35    0.00    9.66 ^ _20718_/C1 (sky130_fd_sc_hd__a2111oi_0)
     1    0.00    0.14    0.12    9.78 v _20718_/Y (sky130_fd_sc_hd__a2111oi_0)
                                         _08110_ (net)
                  0.14    0.00    9.78 v _20737_/B1 (sky130_fd_sc_hd__a211oi_1)
     1    0.04    1.36    1.12   10.90 ^ _20737_/Y (sky130_fd_sc_hd__a211oi_1)
                                         _08129_ (net)
                  1.36    0.01   10.91 ^ place2276/A (sky130_fd_sc_hd__buf_4)
     1    0.01    0.06    0.26   11.17 ^ place2276/X (sky130_fd_sc_hd__buf_4)
                                         net2284 (net)
                  0.06    0.00   11.17 ^ _20738_/B (sky130_fd_sc_hd__nor2_2)
     1    0.02    0.06    0.06   11.23 v _20738_/Y (sky130_fd_sc_hd__nor2_2)
                                         _08130_ (net)
                  0.06    0.00   11.23 v place2265/A (sky130_fd_sc_hd__buf_12)
    31    0.13    0.08    0.17   11.40 v place2265/X (sky130_fd_sc_hd__buf_12)
                                         net2273 (net)
                  0.08    0.01   11.42 v _26715_/A2 (sky130_fd_sc_hd__a21oi_1)
     1    0.00    0.11    0.14   11.56 ^ _26715_/Y (sky130_fd_sc_hd__a21oi_1)
                                         _14107_ (net)
                  0.11    0.00   11.56 ^ u.u_ibex.gen_regfile_ff.register_file_i.g_rf_flops[13].rf_reg_q[30]$_DFFE_PN0P_/D (sky130_fd_sc_hd__dfrtp_1)
                                 11.56   data arrival time

                  0.00   10.00   10.00   clock core_clock (rise edge)
                          1.10   11.10   clock network delay (ideal)
                          0.00   11.10   clock reconvergence pessimism
                                 11.10 ^ u.u_ibex.gen_regfile_ff.register_file_i.g_rf_flops[13].rf_reg_q[30]$_DFFE_PN0P_/CLK (sky130_fd_sc_hd__dfrtp_1)
                         -0.08   11.01   library setup time
                                 11.01   data required time
-----------------------------------------------------------------------------
                                 11.01   data required time
                                -11.56   data arrival time
-----------------------------------------------------------------------------
                                 -0.54   slack (VIOLATED)


Startpoint: u.u_ibex.u_ibex_core.if_stage_i.instr_rdata_alu_id_o[31]$_DFFE_PP_
            (rising edge-triggered flip-flop clocked by core_clock)
Endpoint: instr_addr_o[22] (output port clocked by vclk_core_clock)
Path Group: vclk_core_clock
Path Type: max

Fanout     Cap    Slew   Delay    Time   Description
-----------------------------------------------------------------------------
                  0.00    0.00    0.00   clock core_clock (rise edge)
                          1.10    1.10   clock network delay (ideal)
                  0.00    0.00    1.10 ^ u.u_ibex.u_ibex_core.if_stage_i.instr_rdata_alu_id_o[31]$_DFFE_PP_/CLK (sky130_fd_sc_hd__edfxtp_1)
     2    0.01    0.09    0.37    1.47 v u.u_ibex.u_ibex_core.if_stage_i.instr_rdata_alu_id_o[31]$_DFFE_PP_/Q (sky130_fd_sc_hd__edfxtp_1)
                                         _00395_ (net)
                  0.09    0.00    1.47 v place3553/A (sky130_fd_sc_hd__buf_4)
     2    0.00    0.03    0.15    1.62 v place3553/X (sky130_fd_sc_hd__buf_4)
                                         net3562 (net)
                  0.03    0.00    1.62 v _20441_/A (sky130_fd_sc_hd__or3_1)
     8    0.05    0.27    0.58    2.19 v _20441_/X (sky130_fd_sc_hd__or3_1)
                                         _07833_ (net)
                  0.27    0.01    2.20 v _20456_/C (sky130_fd_sc_hd__nor3_1)
     2    0.01    0.25    0.29    2.49 ^ _20456_/Y (sky130_fd_sc_hd__nor3_1)
                                         _07848_ (net)
                  0.25    0.00    2.49 ^ _21039_/B (sky130_fd_sc_hd__and3_1)
     1    0.00    0.06    0.20    2.69 ^ _21039_/X (sky130_fd_sc_hd__and3_1)
                                         _08431_ (net)
                  0.06    0.00    2.69 ^ _21045_/A2 (sky130_fd_sc_hd__o21ai_0)
     2    0.01    0.17    0.14    2.83 v _21045_/Y (sky130_fd_sc_hd__o21ai_0)
                                         _08437_ (net)
                  0.17    0.00    2.83 v _21049_/C (sky130_fd_sc_hd__and3_1)
     3    0.01    0.07    0.27    3.10 v _21049_/X (sky130_fd_sc_hd__and3_1)
                                         _08441_ (net)
                  0.07    0.00    3.10 v _21062_/B1 (sky130_fd_sc_hd__a21o_1)
     2    0.01    0.05    0.18    3.28 v _21062_/X (sky130_fd_sc_hd__a21o_1)
                                         _08454_ (net)
                  0.05    0.00    3.28 v _21074_/A2 (sky130_fd_sc_hd__a21o_1)
     3    0.02    0.09    0.23    3.51 v _21074_/X (sky130_fd_sc_hd__a21o_1)
                                         _08466_ (net)
                  0.09    0.00    3.51 v _21771_/A1 (sky130_fd_sc_hd__a2111oi_0)
     1    0.00    0.42    0.43    3.94 ^ _21771_/Y (sky130_fd_sc_hd__a2111oi_0)
                                         _09163_ (net)
                  0.42    0.00    3.94 ^ place2955/A (sky130_fd_sc_hd__buf_4)
     1    0.00    0.03    0.18    4.12 ^ place2955/X (sky130_fd_sc_hd__buf_4)
                                         net2964 (net)
                  0.03    0.00    4.12 ^ _22391_/B1 (sky130_fd_sc_hd__a211o_1)
     2    0.01    0.10    0.13    4.25 ^ _22391_/X (sky130_fd_sc_hd__a211o_1)
                                         _09783_ (net)
                  0.10    0.00    4.25 ^ u.u_ibex.u_ibex_core.alu_adder_result_ex\\ALU_33_0_33_0_33_unused_CO_X_Y[0]_HAN_CARLSON/_376_/A (sky130_fd_sc_hd__xor3_1)
     2    0.01    0.10    0.46    4.71 v u.u_ibex.u_ibex_core.alu_adder_result_ex\\ALU_33_0_33_0_33_unused_CO_X_Y[0]_HAN_CARLSON/_376_/X (sky130_fd_sc_hd__xor3_1)
                                         u.u_ibex.u_ibex_core.alu_adder_result_ex\\ALU_33_0_33_0_33_unused_CO_X_Y[0]_HAN_CARLSON/_090_ (net)
                  0.10    0.00    4.71 v u.u_ibex.u_ibex_core.alu_adder_result_ex\\ALU_33_0_33_0_33_unused_CO_X_Y[0]_HAN_CARLSON/_441_/C1 (sky130_fd_sc_hd__o211ai_1)
     3    0.02    0.36    0.20    4.91 ^ u.u_ibex.u_ibex_core.alu_adder_result_ex\\ALU_33_0_33_0_33_unused_CO_X_Y[0]_HAN_CARLSON/_441_/Y (sky130_fd_sc_hd__o211ai_1)
                                         u.u_ibex.u_ibex_core.alu_adder_result_ex\\ALU_33_0_33_0_33_unused_CO_X_Y[0]_HAN_CARLSON/_149_ (net)
                  0.36    0.00    4.91 ^ u.u_ibex.u_ibex_core.alu_adder_result_ex\\ALU_33_0_33_0_33_unused_CO_X_Y[0]_HAN_CARLSON/_489_/A2 (sky130_fd_sc_hd__a31oi_1)
     3    0.02    0.19    0.25    5.16 v u.u_ibex.u_ibex_core.alu_adder_result_ex\\ALU_33_0_33_0_33_unused_CO_X_Y[0]_HAN_CARLSON/_489_/Y (sky130_fd_sc_hd__a31oi_1)
                                         u.u_ibex.u_ibex_core.alu_adder_result_ex\\ALU_33_0_33_0_33_unused_CO_X_Y[0]_HAN_CARLSON/_191_ (net)
                  0.19    0.00    5.16 v u.u_ibex.u_ibex_core.alu_adder_result_ex\\ALU_33_0_33_0_33_unused_CO_X_Y[0]_HAN_CARLSON/_516_/B2 (sky130_fd_sc_hd__a221oi_1)
     1    0.01    0.33    0.39    5.55 ^ u.u_ibex.u_ibex_core.alu_adder_result_ex\\ALU_33_0_33_0_33_unused_CO_X_Y[0]_HAN_CARLSON/_516_/Y (sky130_fd_sc_hd__a221oi_1)
                                         u.u_ibex.u_ibex_core.alu_adder_result_ex\\ALU_33_0_33_0_33_unused_CO_X_Y[0]_HAN_CARLSON/_214_ (net)
                  0.33    0.00    5.55 ^ u.u_ibex.u_ibex_core.alu_adder_result_ex\\ALU_33_0_33_0_33_unused_CO_X_Y[0]_HAN_CARLSON/place2715/A (sky130_fd_sc_hd__buf_4)
     2    0.01    0.06    0.20    5.75 ^ u.u_ibex.u_ibex_core.alu_adder_result_ex\\ALU_33_0_33_0_33_unused_CO_X_Y[0]_HAN_CARLSON/place2715/X (sky130_fd_sc_hd__buf_4)
                                         u.u_ibex.u_ibex_core.alu_adder_result_ex\\ALU_33_0_33_0_33_unused_CO_X_Y[0]_HAN_CARLSON/net2723 (net)
                  0.06    0.00    5.75 ^ u.u_ibex.u_ibex_core.alu_adder_result_ex\\ALU_33_0_33_0_33_unused_CO_X_Y[0]_HAN_CARLSON/place2714/A (sky130_fd_sc_hd__buf_12)
     2    0.02    0.04    0.10    5.85 ^ u.u_ibex.u_ibex_core.alu_adder_result_ex\\ALU_33_0_33_0_33_unused_CO_X_Y[0]_HAN_CARLSON/place2714/X (sky130_fd_sc_hd__buf_12)
                                         u.u_ibex.u_ibex_core.alu_adder_result_ex\\ALU_33_0_33_0_33_unused_CO_X_Y[0]_HAN_CARLSON/net2722 (net)
                  0.04    0.00    5.85 ^ u.u_ibex.u_ibex_core.alu_adder_result_ex\\ALU_33_0_33_0_33_unused_CO_X_Y[0]_HAN_CARLSON/_286_/B2 (sky130_fd_sc_hd__o221ai_1)
     1    0.01    0.14    0.12    5.97 v u.u_ibex.u_ibex_core.alu_adder_result_ex\\ALU_33_0_33_0_33_unused_CO_X_Y[0]_HAN_CARLSON/_286_/Y (sky130_fd_sc_hd__o221ai_1)
                                         u.u_ibex.u_ibex_core.alu_adder_result_ex\\ALU_33_0_33_0_33_unused_CO_X_Y[0]_HAN_CARLSON/_008_ (net)
                  0.14    0.00    5.97 v u.u_ibex.u_ibex_core.alu_adder_result_ex\\ALU_33_0_33_0_33_unused_CO_X_Y[0]_HAN_CARLSON/place2692/A (sky130_fd_sc_hd__buf_4)
     2    0.04    0.06    0.21    6.19 v u.u_ibex.u_ibex_core.alu_adder_result_ex\\ALU_33_0_33_0_33_unused_CO_X_Y[0]_HAN_CARLSON/place2692/X (sky130_fd_sc_hd__buf_4)
                                         u.u_ibex.u_ibex_core.alu_adder_result_ex\\ALU_33_0_33_0_33_unused_CO_X_Y[0]_HAN_CARLSON/net2700 (net)
                  0.06    0.00    6.19 v u.u_ibex.u_ibex_core.alu_adder_result_ex\\ALU_33_0_33_0_33_unused_CO_X_Y[0]_HAN_CARLSON/_373_/A1 (sky130_fd_sc_hd__a21oi_1)
     2    0.02    0.40    0.34    6.53 ^ u.u_ibex.u_ibex_core.alu_adder_result_ex\\ALU_33_0_33_0_33_unused_CO_X_Y[0]_HAN_CARLSON/_373_/Y (sky130_fd_sc_hd__a21oi_1)
                                         u.u_ibex.u_ibex_core.alu_adder_result_ex\\ALU_33_0_33_0_33_unused_CO_X_Y[0]_HAN_CARLSON/_087_ (net)
                  0.40    0.00    6.53 ^ u.u_ibex.u_ibex_core.alu_adder_result_ex\\ALU_33_0_33_0_33_unused_CO_X_Y[0]_HAN_CARLSON/_378_/A (sky130_fd_sc_hd__xor2_1)
     2    0.01    0.10    0.14    6.67 v u.u_ibex.u_ibex_core.alu_adder_result_ex\\ALU_33_0_33_0_33_unused_CO_X_Y[0]_HAN_CARLSON/_378_/X (sky130_fd_sc_hd__xor2_1)
                                         net50 (net)
                  0.10    0.00    6.67 v place2601/A (sky130_fd_sc_hd__buf_4)
     8    0.06    0.09    0.22    6.89 v place2601/X (sky130_fd_sc_hd__buf_4)
                                         net2609 (net)
                  0.09    0.01    6.90 v _19732_/A (sky130_fd_sc_hd__nand2_1)
     1    0.00    0.08    0.07    6.97 ^ _19732_/Y (sky130_fd_sc_hd__nand2_1)
                                         _07133_ (net)
                  0.08    0.00    6.97 ^ _19734_/A1 (sky130_fd_sc_hd__a21oi_1)
     1    0.00    0.16    0.08    7.05 v _19734_/Y (sky130_fd_sc_hd__a21oi_1)
                                         _07135_ (net)
                  0.16    0.00    7.05 v _19735_/C1 (sky130_fd_sc_hd__a221oi_1)
     1    0.01    0.53    0.48    7.52 ^ _19735_/Y (sky130_fd_sc_hd__a221oi_1)
                                         _07136_ (net)
                  0.53    0.00    7.53 ^ place2539/A (sky130_fd_sc_hd__buf_4)
     1    0.01    0.05    0.21    7.73 ^ place2539/X (sky130_fd_sc_hd__buf_4)
                                         net2547 (net)
                  0.05    0.00    7.73 ^ _19736_/B (sky130_fd_sc_hd__nor2_1)
     2    0.02    0.12    0.09    7.83 v _19736_/Y (sky130_fd_sc_hd__nor2_1)
                                         _07137_ (net)
                  0.12    0.00    7.83 v _19737_/B1 (sky130_fd_sc_hd__a21oi_1)
     2    0.01    0.20    0.21    8.04 ^ _19737_/Y (sky130_fd_sc_hd__a21oi_1)
                                         _07138_ (net)
                  0.20    0.00    8.04 ^ _19738_/A (sky130_fd_sc_hd__clkinv_1)
     2    0.02    0.20    0.23    8.28 v _19738_/Y (sky130_fd_sc_hd__clkinv_1)
                                         net83 (net)
                  0.20    0.00    8.28 v output75/A (sky130_fd_sc_hd__clkdlybuf4s50_1)
     1    0.01    0.08    0.51    8.79 v output75/X (sky130_fd_sc_hd__clkdlybuf4s50_1)
                                         instr_addr_o[22] (net)
                  0.08    0.00    8.79 v instr_addr_o[22] (out)
                                  8.79   data arrival time

                  0.00   10.00   10.00   clock vclk_core_clock (rise edge)
                          1.10   11.10   clock network delay (ideal)
                          0.00   11.10   clock reconvergence pessimism
                         -2.00    9.09   output external delay
                                  9.09   data required time
-----------------------------------------------------------------------------
                                  9.09   data required time
                                 -8.79   data arrival time
-----------------------------------------------------------------------------
                                  0.30   slack (MET)



==========================================================================
resizer report_checks -unconstrained
--------------------------------------------------------------------------
Startpoint: rst_n (input port clocked by vclk_core_clock)
Endpoint: u.u_ibex.u_ibex_core.cs_registers_i.mcycle_counter_i.counter_val_o[62]$_DFFE_PN0P_
          (recovery check against rising-edge clock core_clock)
Path Group: asynchronous
Path Type: max

Fanout     Cap    Slew   Delay    Time   Description
-----------------------------------------------------------------------------
                  0.00    0.00    0.00   clock vclk_core_clock (rise edge)
                          1.10    1.10   clock network delay (ideal)
                          2.00    3.09 ^ input external delay
     1    0.02    0.00    0.00    3.09 ^ rst_n (in)
                                         rst_n (net)
                  0.00    0.00    3.10 ^ input28/A (sky130_fd_sc_hd__buf_16)
   132    0.71    0.72    0.53    3.62 ^ input28/X (sky130_fd_sc_hd__buf_16)
                                         net36 (net)
                  0.73    0.04    3.67 ^ place3711/A (sky130_fd_sc_hd__buf_12)
   119    0.64    0.71    0.63    4.29 ^ place3711/X (sky130_fd_sc_hd__buf_12)
                                         net3720 (net)
                  0.72    0.07    4.37 ^ place3710/A (sky130_fd_sc_hd__buf_4)
    72    0.38    1.02    0.91    5.27 ^ place3710/X (sky130_fd_sc_hd__buf_4)
                                         net3719 (net)
                  1.02    0.04    5.31 ^ u.u_ibex.u_ibex_core.cs_registers_i.mcycle_counter_i.counter_val_o[62]$_DFFE_PN0P_/RESET_B (sky130_fd_sc_hd__dfrtp_1)
                                  5.31   data arrival time

                  0.00   10.00   10.00   clock core_clock (rise edge)
                          1.10   11.10   clock network delay (ideal)
                          0.00   11.10   clock reconvergence pessimism
                                 11.10 ^ u.u_ibex.u_ibex_core.cs_registers_i.mcycle_counter_i.counter_val_o[62]$_DFFE_PN0P_/CLK (sky130_fd_sc_hd__dfrtp_1)
                         -0.04   11.05   library recovery time
                                 11.05   data required time
-----------------------------------------------------------------------------
                                 11.05   data required time
                                 -5.31   data arrival time
-----------------------------------------------------------------------------
                                  5.74   slack (MET)


Startpoint: u.u_ibex.core_clock_gate_i.en_latch$_DLATCH_N_
            (negative level-sensitive latch clocked by core_clock)
Endpoint: _18652_ (rising clock gating-check end-point clocked by core_clock)
Path Group: gated clock
Path Type: max

Fanout     Cap    Slew   Delay    Time   Description
-----------------------------------------------------------------------------
                  0.00    5.00    5.00   clock core_clock (fall edge)
                          1.10    6.10   clock network delay (ideal)
                  0.00    0.00    6.10 v u.u_ibex.core_clock_gate_i.en_latch$_DLATCH_N_/GATE_N (sky130_fd_sc_hd__dlxtn_1)
     1    0.00    0.03    0.36    6.46 ^ u.u_ibex.core_clock_gate_i.en_latch$_DLATCH_N_/Q (sky130_fd_sc_hd__dlxtn_1)
                                         u.u_ibex.core_clock_gate_i.en_latch (net)
                  0.03    0.00    6.46 ^ _18652_/B (sky130_fd_sc_hd__and2_0)
                                  6.46   data arrival time

                  0.00   10.00   10.00   clock core_clock (rise edge)
                          1.10   11.10   clock network delay (ideal)
                          0.00   11.10   clock reconvergence pessimism
                                 11.10 ^ _18652_/A (sky130_fd_sc_hd__and2_0)
                          0.00   11.10   clock gating setup time
                                 11.10   data required time
-----------------------------------------------------------------------------
                                 11.10   data required time
                                 -6.46   data arrival time
-----------------------------------------------------------------------------
                                  4.64   slack (MET)


Startpoint: u.u_ibex.u_ibex_core.if_stage_i.instr_rdata_alu_id_o[16]$_DFFE_PP_
            (rising edge-triggered flip-flop clocked by core_clock)
Endpoint: u.u_ibex.gen_regfile_ff.register_file_i.g_rf_flops[13].rf_reg_q[30]$_DFFE_PN0P_
          (rising edge-triggered flip-flop clocked by core_clock)
Path Group: core_clock
Path Type: max

Fanout     Cap    Slew   Delay    Time   Description
-----------------------------------------------------------------------------
                  0.00    0.00    0.00   clock core_clock (rise edge)
                          1.10    1.10   clock network delay (ideal)
                  0.00    0.00    1.10 ^ u.u_ibex.u_ibex_core.if_stage_i.instr_rdata_alu_id_o[16]$_DFFE_PP_/CLK (sky130_fd_sc_hd__edfxtp_1)
     5    0.04    0.40    0.57    1.66 ^ u.u_ibex.u_ibex_core.if_stage_i.instr_rdata_alu_id_o[16]$_DFFE_PP_/Q (sky130_fd_sc_hd__edfxtp_1)
                                         _00112_ (net)
                  0.40    0.00    1.66 ^ place3649/A (sky130_fd_sc_hd__buf_12)
    13    0.09    0.12    0.22    1.88 ^ place3649/X (sky130_fd_sc_hd__buf_12)
                                         net3658 (net)
                  0.12    0.01    1.89 ^ place3648/A (sky130_fd_sc_hd__buf_4)
    12    0.07    0.20    0.25    2.14 ^ place3648/X (sky130_fd_sc_hd__buf_4)
                                         net3657 (net)
                  0.20    0.00    2.15 ^ place3647/A (sky130_fd_sc_hd__buf_4)
    12    0.10    0.28    0.33    2.48 ^ place3647/X (sky130_fd_sc_hd__buf_4)
                                         net3656 (net)
                  0.28    0.00    2.48 ^ _16098_/S0 (sky130_fd_sc_hd__mux4_2)
     1    0.00    0.05    0.27    2.75 ^ _16098_/X (sky130_fd_sc_hd__mux4_2)
                                         _03525_ (net)
                  0.05    0.00    2.75 ^ _16099_/B (sky130_fd_sc_hd__nor2_1)
     1    0.00    0.08    0.04    2.78 v _16099_/Y (sky130_fd_sc_hd__nor2_1)
                                         _03526_ (net)
                  0.08    0.00    2.78 v _16103_/C (sky130_fd_sc_hd__or4_1)
     1    0.00    0.09    0.48    3.26 v _16103_/X (sky130_fd_sc_hd__or4_1)
                                         _03530_ (net)
                  0.09    0.00    3.26 v _16124_/A (sky130_fd_sc_hd__nand4_1)
     1    0.01    0.10    0.11    3.37 ^ _16124_/Y (sky130_fd_sc_hd__nand4_1)
                                         _03551_ (net)
                  0.10    0.00    3.37 ^ place3302/A (sky130_fd_sc_hd__buf_4)
    10    0.12    0.34    0.32    3.69 ^ place3302/X (sky130_fd_sc_hd__buf_4)
                                         net3311 (net)
                  0.35    0.04    3.73 ^ _17184_/A (sky130_fd_sc_hd__nand3_1)
    10    0.05    0.52    0.49    4.22 v _17184_/Y (sky130_fd_sc_hd__nand3_1)
                                         _04611_ (net)
                  0.52    0.01    4.22 v _17325_/B (sky130_fd_sc_hd__nor2_1)
     2    0.01    0.22    0.31    4.53 ^ _17325_/Y (sky130_fd_sc_hd__nor2_1)
                                         _04752_ (net)
                  0.22    0.00    4.53 ^ _17417_/C (sky130_fd_sc_hd__maj3_1)
     4    0.02    0.24    0.36    4.89 ^ _17417_/X (sky130_fd_sc_hd__maj3_1)
                                         _04844_ (net)
                  0.24    0.00    4.89 ^ _17488_/A1 (sky130_fd_sc_hd__a21oi_1)
     1    0.00    0.07    0.10    4.99 v _17488_/Y (sky130_fd_sc_hd__a21oi_1)
                                         _04915_ (net)
                  0.07    0.00    4.99 v _17494_/A2 (sky130_fd_sc_hd__o31ai_1)
     7    0.03    0.87    0.74    5.73 ^ _17494_/Y (sky130_fd_sc_hd__o31ai_1)
                                         _04921_ (net)
                  0.87    0.00    5.73 ^ _17500_/A (sky130_fd_sc_hd__xor3_1)
     3    0.01    0.11    0.61    6.34 v _17500_/X (sky130_fd_sc_hd__xor3_1)
                                         _04927_ (net)
                  0.11    0.00    6.34 v _17503_/B (sky130_fd_sc_hd__xnor2_1)
     1    0.01    0.17    0.19    6.53 ^ _17503_/Y (sky130_fd_sc_hd__xnor2_1)
                                         _04930_ (net)
                  0.17    0.00    6.53 ^ _17510_/A (sky130_fd_sc_hd__xnor2_1)
     2    0.01    0.16    0.15    6.69 ^ _17510_/Y (sky130_fd_sc_hd__xnor2_1)
                                         _04937_ (net)
                  0.16    0.00    6.69 ^ _17512_/B (sky130_fd_sc_hd__and2_0)
     2    0.01    0.09    0.17    6.86 ^ _17512_/X (sky130_fd_sc_hd__and2_0)
                                         _04939_ (net)
                  0.09    0.00    6.86 ^ _17513_/B (sky130_fd_sc_hd__nor2_1)
     1    0.01    0.05    0.06    6.92 v _17513_/Y (sky130_fd_sc_hd__nor2_1)
                                         _04940_ (net)
                  0.05    0.00    6.92 v _17514_/B (sky130_fd_sc_hd__xnor2_1)
     2    0.01    0.12    0.14    7.07 v _17514_/Y (sky130_fd_sc_hd__xnor2_1)
                                         _04941_ (net)
                  0.12    0.00    7.07 v _18280_/A (sky130_fd_sc_hd__maj3_1)
     1    0.01    0.11    0.42    7.49 v _18280_/X (sky130_fd_sc_hd__maj3_1)
                                         _05707_ (net)
                  0.11    0.00    7.49 v _14752_/_310_/B (sky130_fd_sc_hd__xor2_1)
     2    0.01    0.08    0.18    7.67 v _14752_/_310_/X (sky130_fd_sc_hd__xor2_1)
                                         _14752_/_027_ (net)
                  0.08    0.00    7.67 v _14752_/_313_/B (sky130_fd_sc_hd__xnor2_1)
     5    0.02    0.55    0.46    8.13 ^ _14752_/_313_/Y (sky130_fd_sc_hd__xnor2_1)
                                         _14752_/_029_ (net)
                  0.55    0.00    8.13 ^ _14752_/_315_/A2 (sky130_fd_sc_hd__o21ai_0)
     2    0.01    0.17    0.23    8.36 v _14752_/_315_/Y (sky130_fd_sc_hd__o21ai_0)
                                         _14752_/_031_ (net)
                  0.17    0.00    8.36 v _14752_/_316_/B1 (sky130_fd_sc_hd__a21oi_1)
     2    0.00    0.15    0.19    8.55 ^ _14752_/_316_/Y (sky130_fd_sc_hd__a21oi_1)
                                         _14752_/_032_ (net)
                  0.15    0.00    8.55 ^ _14752_/_318_/B1 (sky130_fd_sc_hd__o21ai_0)
     1    0.00    0.07    0.10    8.65 v _14752_/_318_/Y (sky130_fd_sc_hd__o21ai_0)
                                         _14752_/_034_ (net)
                  0.07    0.00    8.65 v _14752_/_320_/B1 (sky130_fd_sc_hd__a21o_1)
     2    0.01    0.06    0.19    8.84 v _14752_/_320_/X (sky130_fd_sc_hd__a21o_1)
                                         _14752_/CO[21] (net)
                  0.06    0.00    8.84 v _14752_/_414_/A1 (sky130_fd_sc_hd__a21o_1)
     1    0.00    0.04    0.17    9.01 v _14752_/_414_/X (sky130_fd_sc_hd__a21o_1)
                                         _14752_/CO[29] (net)
                  0.04    0.00    9.01 v _14752_/_503_/A (sky130_fd_sc_hd__xnor2_1)
     1    0.01    0.22    0.23    9.23 ^ _14752_/_503_/Y (sky130_fd_sc_hd__xnor2_1)
                                         _00382_ (net)
                  0.22    0.00    9.23 ^ _20642_/A1 (sky130_fd_sc_hd__a22oi_1)
     1    0.00    0.10    0.12    9.36 v _20642_/Y (sky130_fd_sc_hd__a22oi_1)
                                         _08034_ (net)
                  0.10    0.00    9.36 v _20643_/B (sky130_fd_sc_hd__nor2_1)
     2    0.02    0.35    0.31    9.66 ^ _20643_/Y (sky130_fd_sc_hd__nor2_1)
                                         _08035_ (net)
                  0.35    0.00    9.66 ^ _20718_/C1 (sky130_fd_sc_hd__a2111oi_0)
     1    0.00    0.14    0.12    9.78 v _20718_/Y (sky130_fd_sc_hd__a2111oi_0)
                                         _08110_ (net)
                  0.14    0.00    9.78 v _20737_/B1 (sky130_fd_sc_hd__a211oi_1)
     1    0.04    1.36    1.12   10.90 ^ _20737_/Y (sky130_fd_sc_hd__a211oi_1)
                                         _08129_ (net)
                  1.36    0.01   10.91 ^ place2276/A (sky130_fd_sc_hd__buf_4)
     1    0.01    0.06    0.26   11.17 ^ place2276/X (sky130_fd_sc_hd__buf_4)
                                         net2284 (net)
                  0.06    0.00   11.17 ^ _20738_/B (sky130_fd_sc_hd__nor2_2)
     1    0.02    0.06    0.06   11.23 v _20738_/Y (sky130_fd_sc_hd__nor2_2)
                                         _08130_ (net)
                  0.06    0.00   11.23 v place2265/A (sky130_fd_sc_hd__buf_12)
    31    0.13    0.08    0.17   11.40 v place2265/X (sky130_fd_sc_hd__buf_12)
                                         net2273 (net)
                  0.08    0.01   11.42 v _26715_/A2 (sky130_fd_sc_hd__a21oi_1)
     1    0.00    0.11    0.14   11.56 ^ _26715_/Y (sky130_fd_sc_hd__a21oi_1)
                                         _14107_ (net)
                  0.11    0.00   11.56 ^ u.u_ibex.gen_regfile_ff.register_file_i.g_rf_flops[13].rf_reg_q[30]$_DFFE_PN0P_/D (sky130_fd_sc_hd__dfrtp_1)
                                 11.56   data arrival time

                  0.00   10.00   10.00   clock core_clock (rise edge)
                          1.10   11.10   clock network delay (ideal)
                          0.00   11.10   clock reconvergence pessimism
                                 11.10 ^ u.u_ibex.gen_regfile_ff.register_file_i.g_rf_flops[13].rf_reg_q[30]$_DFFE_PN0P_/CLK (sky130_fd_sc_hd__dfrtp_1)
                         -0.08   11.01   library setup time
                                 11.01   data required time
-----------------------------------------------------------------------------
                                 11.01   data required time
                                -11.56   data arrival time
-----------------------------------------------------------------------------
                                 -0.54   slack (VIOLATED)


Startpoint: u.u_ibex.u_ibex_core.if_stage_i.instr_rdata_alu_id_o[31]$_DFFE_PP_
            (rising edge-triggered flip-flop clocked by core_clock)
Endpoint: instr_addr_o[22] (output port clocked by vclk_core_clock)
Path Group: vclk_core_clock
Path Type: max

Fanout     Cap    Slew   Delay    Time   Description
-----------------------------------------------------------------------------
                  0.00    0.00    0.00   clock core_clock (rise edge)
                          1.10    1.10   clock network delay (ideal)
                  0.00    0.00    1.10 ^ u.u_ibex.u_ibex_core.if_stage_i.instr_rdata_alu_id_o[31]$_DFFE_PP_/CLK (sky130_fd_sc_hd__edfxtp_1)
     2    0.01    0.09    0.37    1.47 v u.u_ibex.u_ibex_core.if_stage_i.instr_rdata_alu_id_o[31]$_DFFE_PP_/Q (sky130_fd_sc_hd__edfxtp_1)
                                         _00395_ (net)
                  0.09    0.00    1.47 v place3553/A (sky130_fd_sc_hd__buf_4)
     2    0.00    0.03    0.15    1.62 v place3553/X (sky130_fd_sc_hd__buf_4)
                                         net3562 (net)
                  0.03    0.00    1.62 v _20441_/A (sky130_fd_sc_hd__or3_1)
     8    0.05    0.27    0.58    2.19 v _20441_/X (sky130_fd_sc_hd__or3_1)
                                         _07833_ (net)
                  0.27    0.01    2.20 v _20456_/C (sky130_fd_sc_hd__nor3_1)
     2    0.01    0.25    0.29    2.49 ^ _20456_/Y (sky130_fd_sc_hd__nor3_1)
                                         _07848_ (net)
                  0.25    0.00    2.49 ^ _21039_/B (sky130_fd_sc_hd__and3_1)
     1    0.00    0.06    0.20    2.69 ^ _21039_/X (sky130_fd_sc_hd__and3_1)
                                         _08431_ (net)
                  0.06    0.00    2.69 ^ _21045_/A2 (sky130_fd_sc_hd__o21ai_0)
     2    0.01    0.17    0.14    2.83 v _21045_/Y (sky130_fd_sc_hd__o21ai_0)
                                         _08437_ (net)
                  0.17    0.00    2.83 v _21049_/C (sky130_fd_sc_hd__and3_1)
     3    0.01    0.07    0.27    3.10 v _21049_/X (sky130_fd_sc_hd__and3_1)
                                         _08441_ (net)
                  0.07    0.00    3.10 v _21062_/B1 (sky130_fd_sc_hd__a21o_1)
     2    0.01    0.05    0.18    3.28 v _21062_/X (sky130_fd_sc_hd__a21o_1)
                                         _08454_ (net)
                  0.05    0.00    3.28 v _21074_/A2 (sky130_fd_sc_hd__a21o_1)
     3    0.02    0.09    0.23    3.51 v _21074_/X (sky130_fd_sc_hd__a21o_1)
                                         _08466_ (net)
                  0.09    0.00    3.51 v _21771_/A1 (sky130_fd_sc_hd__a2111oi_0)
     1    0.00    0.42    0.43    3.94 ^ _21771_/Y (sky130_fd_sc_hd__a2111oi_0)
                                         _09163_ (net)
                  0.42    0.00    3.94 ^ place2955/A (sky130_fd_sc_hd__buf_4)
     1    0.00    0.03    0.18    4.12 ^ place2955/X (sky130_fd_sc_hd__buf_4)
                                         net2964 (net)
                  0.03    0.00    4.12 ^ _22391_/B1 (sky130_fd_sc_hd__a211o_1)
     2    0.01    0.10    0.13    4.25 ^ _22391_/X (sky130_fd_sc_hd__a211o_1)
                                         _09783_ (net)
                  0.10    0.00    4.25 ^ u.u_ibex.u_ibex_core.alu_adder_result_ex\\ALU_33_0_33_0_33_unused_CO_X_Y[0]_HAN_CARLSON/_376_/A (sky130_fd_sc_hd__xor3_1)
     2    0.01    0.10    0.46    4.71 v u.u_ibex.u_ibex_core.alu_adder_result_ex\\ALU_33_0_33_0_33_unused_CO_X_Y[0]_HAN_CARLSON/_376_/X (sky130_fd_sc_hd__xor3_1)
                                         u.u_ibex.u_ibex_core.alu_adder_result_ex\\ALU_33_0_33_0_33_unused_CO_X_Y[0]_HAN_CARLSON/_090_ (net)
                  0.10    0.00    4.71 v u.u_ibex.u_ibex_core.alu_adder_result_ex\\ALU_33_0_33_0_33_unused_CO_X_Y[0]_HAN_CARLSON/_441_/C1 (sky130_fd_sc_hd__o211ai_1)
     3    0.02    0.36    0.20    4.91 ^ u.u_ibex.u_ibex_core.alu_adder_result_ex\\ALU_33_0_33_0_33_unused_CO_X_Y[0]_HAN_CARLSON/_441_/Y (sky130_fd_sc_hd__o211ai_1)
                                         u.u_ibex.u_ibex_core.alu_adder_result_ex\\ALU_33_0_33_0_33_unused_CO_X_Y[0]_HAN_CARLSON/_149_ (net)
                  0.36    0.00    4.91 ^ u.u_ibex.u_ibex_core.alu_adder_result_ex\\ALU_33_0_33_0_33_unused_CO_X_Y[0]_HAN_CARLSON/_489_/A2 (sky130_fd_sc_hd__a31oi_1)
     3    0.02    0.19    0.25    5.16 v u.u_ibex.u_ibex_core.alu_adder_result_ex\\ALU_33_0_33_0_33_unused_CO_X_Y[0]_HAN_CARLSON/_489_/Y (sky130_fd_sc_hd__a31oi_1)
                                         u.u_ibex.u_ibex_core.alu_adder_result_ex\\ALU_33_0_33_0_33_unused_CO_X_Y[0]_HAN_CARLSON/_191_ (net)
                  0.19    0.00    5.16 v u.u_ibex.u_ibex_core.alu_adder_result_ex\\ALU_33_0_33_0_33_unused_CO_X_Y[0]_HAN_CARLSON/_516_/B2 (sky130_fd_sc_hd__a221oi_1)
     1    0.01    0.33    0.39    5.55 ^ u.u_ibex.u_ibex_core.alu_adder_result_ex\\ALU_33_0_33_0_33_unused_CO_X_Y[0]_HAN_CARLSON/_516_/Y (sky130_fd_sc_hd__a221oi_1)
                                         u.u_ibex.u_ibex_core.alu_adder_result_ex\\ALU_33_0_33_0_33_unused_CO_X_Y[0]_HAN_CARLSON/_214_ (net)
                  0.33    0.00    5.55 ^ u.u_ibex.u_ibex_core.alu_adder_result_ex\\ALU_33_0_33_0_33_unused_CO_X_Y[0]_HAN_CARLSON/place2715/A (sky130_fd_sc_hd__buf_4)
     2    0.01    0.06    0.20    5.75 ^ u.u_ibex.u_ibex_core.alu_adder_result_ex\\ALU_33_0_33_0_33_unused_CO_X_Y[0]_HAN_CARLSON/place2715/X (sky130_fd_sc_hd__buf_4)
                                         u.u_ibex.u_ibex_core.alu_adder_result_ex\\ALU_33_0_33_0_33_unused_CO_X_Y[0]_HAN_CARLSON/net2723 (net)
                  0.06    0.00    5.75 ^ u.u_ibex.u_ibex_core.alu_adder_result_ex\\ALU_33_0_33_0_33_unused_CO_X_Y[0]_HAN_CARLSON/place2714/A (sky130_fd_sc_hd__buf_12)
     2    0.02    0.04    0.10    5.85 ^ u.u_ibex.u_ibex_core.alu_adder_result_ex\\ALU_33_0_33_0_33_unused_CO_X_Y[0]_HAN_CARLSON/place2714/X (sky130_fd_sc_hd__buf_12)
                                         u.u_ibex.u_ibex_core.alu_adder_result_ex\\ALU_33_0_33_0_33_unused_CO_X_Y[0]_HAN_CARLSON/net2722 (net)
                  0.04    0.00    5.85 ^ u.u_ibex.u_ibex_core.alu_adder_result_ex\\ALU_33_0_33_0_33_unused_CO_X_Y[0]_HAN_CARLSON/_286_/B2 (sky130_fd_sc_hd__o221ai_1)
     1    0.01    0.14    0.12    5.97 v u.u_ibex.u_ibex_core.alu_adder_result_ex\\ALU_33_0_33_0_33_unused_CO_X_Y[0]_HAN_CARLSON/_286_/Y (sky130_fd_sc_hd__o221ai_1)
                                         u.u_ibex.u_ibex_core.alu_adder_result_ex\\ALU_33_0_33_0_33_unused_CO_X_Y[0]_HAN_CARLSON/_008_ (net)
                  0.14    0.00    5.97 v u.u_ibex.u_ibex_core.alu_adder_result_ex\\ALU_33_0_33_0_33_unused_CO_X_Y[0]_HAN_CARLSON/place2692/A (sky130_fd_sc_hd__buf_4)
     2    0.04    0.06    0.21    6.19 v u.u_ibex.u_ibex_core.alu_adder_result_ex\\ALU_33_0_33_0_33_unused_CO_X_Y[0]_HAN_CARLSON/place2692/X (sky130_fd_sc_hd__buf_4)
                                         u.u_ibex.u_ibex_core.alu_adder_result_ex\\ALU_33_0_33_0_33_unused_CO_X_Y[0]_HAN_CARLSON/net2700 (net)
                  0.06    0.00    6.19 v u.u_ibex.u_ibex_core.alu_adder_result_ex\\ALU_33_0_33_0_33_unused_CO_X_Y[0]_HAN_CARLSON/_373_/A1 (sky130_fd_sc_hd__a21oi_1)
     2    0.02    0.40    0.34    6.53 ^ u.u_ibex.u_ibex_core.alu_adder_result_ex\\ALU_33_0_33_0_33_unused_CO_X_Y[0]_HAN_CARLSON/_373_/Y (sky130_fd_sc_hd__a21oi_1)
                                         u.u_ibex.u_ibex_core.alu_adder_result_ex\\ALU_33_0_33_0_33_unused_CO_X_Y[0]_HAN_CARLSON/_087_ (net)
                  0.40    0.00    6.53 ^ u.u_ibex.u_ibex_core.alu_adder_result_ex\\ALU_33_0_33_0_33_unused_CO_X_Y[0]_HAN_CARLSON/_378_/A (sky130_fd_sc_hd__xor2_1)
     2    0.01    0.10    0.14    6.67 v u.u_ibex.u_ibex_core.alu_adder_result_ex\\ALU_33_0_33_0_33_unused_CO_X_Y[0]_HAN_CARLSON/_378_/X (sky130_fd_sc_hd__xor2_1)
                                         net50 (net)
                  0.10    0.00    6.67 v place2601/A (sky130_fd_sc_hd__buf_4)
     8    0.06    0.09    0.22    6.89 v place2601/X (sky130_fd_sc_hd__buf_4)
                                         net2609 (net)
                  0.09    0.01    6.90 v _19732_/A (sky130_fd_sc_hd__nand2_1)
     1    0.00    0.08    0.07    6.97 ^ _19732_/Y (sky130_fd_sc_hd__nand2_1)
                                         _07133_ (net)
                  0.08    0.00    6.97 ^ _19734_/A1 (sky130_fd_sc_hd__a21oi_1)
     1    0.00    0.16    0.08    7.05 v _19734_/Y (sky130_fd_sc_hd__a21oi_1)
                                         _07135_ (net)
                  0.16    0.00    7.05 v _19735_/C1 (sky130_fd_sc_hd__a221oi_1)
     1    0.01    0.53    0.48    7.52 ^ _19735_/Y (sky130_fd_sc_hd__a221oi_1)
                                         _07136_ (net)
                  0.53    0.00    7.53 ^ place2539/A (sky130_fd_sc_hd__buf_4)
     1    0.01    0.05    0.21    7.73 ^ place2539/X (sky130_fd_sc_hd__buf_4)
                                         net2547 (net)
                  0.05    0.00    7.73 ^ _19736_/B (sky130_fd_sc_hd__nor2_1)
     2    0.02    0.12    0.09    7.83 v _19736_/Y (sky130_fd_sc_hd__nor2_1)
                                         _07137_ (net)
                  0.12    0.00    7.83 v _19737_/B1 (sky130_fd_sc_hd__a21oi_1)
     2    0.01    0.20    0.21    8.04 ^ _19737_/Y (sky130_fd_sc_hd__a21oi_1)
                                         _07138_ (net)
                  0.20    0.00    8.04 ^ _19738_/A (sky130_fd_sc_hd__clkinv_1)
     2    0.02    0.20    0.23    8.28 v _19738_/Y (sky130_fd_sc_hd__clkinv_1)
                                         net83 (net)
                  0.20    0.00    8.28 v output75/A (sky130_fd_sc_hd__clkdlybuf4s50_1)
     1    0.01    0.08    0.51    8.79 v output75/X (sky130_fd_sc_hd__clkdlybuf4s50_1)
                                         instr_addr_o[22] (net)
                  0.08    0.00    8.79 v instr_addr_o[22] (out)
                                  8.79   data arrival time

                  0.00   10.00   10.00   clock vclk_core_clock (rise edge)
                          1.10   11.10   clock network delay (ideal)
                          0.00   11.10   clock reconvergence pessimism
                         -2.00    9.09   output external delay
                                  9.09   data required time
-----------------------------------------------------------------------------
                                  9.09   data required time
                                 -8.79   data arrival time
-----------------------------------------------------------------------------
                                  0.30   slack (MET)



==========================================================================
resizer report_check_types -max_slew -max_cap -max_fanout -violators
--------------------------------------------------------------------------

==========================================================================
resizer max_slew_check_slack
--------------------------------------------------------------------------
0.1346302032470703

==========================================================================
resizer max_slew_check_limit
--------------------------------------------------------------------------
1.4910049438476562

==========================================================================
resizer max_slew_check_slack_limit
--------------------------------------------------------------------------
0.0903

==========================================================================
resizer max_fanout_check_slack
--------------------------------------------------------------------------
1.0000000150474662e+30

==========================================================================
resizer max_fanout_check_limit
--------------------------------------------------------------------------
1.0000000150474662e+30

==========================================================================
resizer max_capacitance_check_slack
--------------------------------------------------------------------------
0.003345861565321684

==========================================================================
resizer max_capacitance_check_limit
--------------------------------------------------------------------------
0.02930700220167637

==========================================================================
resizer max_capacitance_check_slack_limit
--------------------------------------------------------------------------
0.1142

==========================================================================
resizer max_slew_violation_count
--------------------------------------------------------------------------
max slew violation count 0

==========================================================================
resizer max_fanout_violation_count
--------------------------------------------------------------------------
max fanout violation count 0

==========================================================================
resizer max_cap_violation_count
--------------------------------------------------------------------------
max cap violation count 0

==========================================================================
resizer setup_violation_count
--------------------------------------------------------------------------
setup violation count 125

==========================================================================
resizer hold_violation_count
--------------------------------------------------------------------------
hold violation count 0

==========================================================================
resizer report_checks -path_delay max reg to reg
--------------------------------------------------------------------------
Startpoint: u.u_ibex.u_ibex_core.if_stage_i.instr_rdata_alu_id_o[16]$_DFFE_PP_
            (rising edge-triggered flip-flop clocked by core_clock)
Endpoint: u.u_ibex.gen_regfile_ff.register_file_i.g_rf_flops[13].rf_reg_q[30]$_DFFE_PN0P_
          (rising edge-triggered flip-flop clocked by core_clock)
Path Group: core_clock
Path Type: max

  Delay    Time   Description
---------------------------------------------------------
   0.00    0.00   clock core_clock (rise edge)
   1.10    1.10   clock network delay (ideal)
   0.00    1.10 ^ u.u_ibex.u_ibex_core.if_stage_i.instr_rdata_alu_id_o[16]$_DFFE_PP_/CLK (sky130_fd_sc_hd__edfxtp_1)
   0.57    1.66 ^ u.u_ibex.u_ibex_core.if_stage_i.instr_rdata_alu_id_o[16]$_DFFE_PP_/Q (sky130_fd_sc_hd__edfxtp_1)
   0.22    1.88 ^ place3649/X (sky130_fd_sc_hd__buf_12)
   0.26    2.14 ^ place3648/X (sky130_fd_sc_hd__buf_4)
   0.33    2.48 ^ place3647/X (sky130_fd_sc_hd__buf_4)
   0.27    2.75 ^ _16098_/X (sky130_fd_sc_hd__mux4_2)
   0.04    2.78 v _16099_/Y (sky130_fd_sc_hd__nor2_1)
   0.48    3.26 v _16103_/X (sky130_fd_sc_hd__or4_1)
   0.11    3.37 ^ _16124_/Y (sky130_fd_sc_hd__nand4_1)
   0.32    3.69 ^ place3302/X (sky130_fd_sc_hd__buf_4)
   0.52    4.22 v _17184_/Y (sky130_fd_sc_hd__nand3_1)
   0.31    4.53 ^ _17325_/Y (sky130_fd_sc_hd__nor2_1)
   0.36    4.89 ^ _17417_/X (sky130_fd_sc_hd__maj3_1)
   0.10    4.99 v _17488_/Y (sky130_fd_sc_hd__a21oi_1)
   0.74    5.73 ^ _17494_/Y (sky130_fd_sc_hd__o31ai_1)
   0.61    6.34 v _17500_/X (sky130_fd_sc_hd__xor3_1)
   0.19    6.53 ^ _17503_/Y (sky130_fd_sc_hd__xnor2_1)
   0.15    6.69 ^ _17510_/Y (sky130_fd_sc_hd__xnor2_1)
   0.17    6.86 ^ _17512_/X (sky130_fd_sc_hd__and2_0)
   0.06    6.92 v _17513_/Y (sky130_fd_sc_hd__nor2_1)
   0.14    7.07 v _17514_/Y (sky130_fd_sc_hd__xnor2_1)
   0.42    7.49 v _18280_/X (sky130_fd_sc_hd__maj3_1)
   0.18    7.67 v _14752_/_310_/X (sky130_fd_sc_hd__xor2_1)
   0.46    8.13 ^ _14752_/_313_/Y (sky130_fd_sc_hd__xnor2_1)
   0.23    8.36 v _14752_/_315_/Y (sky130_fd_sc_hd__o21ai_0)
   0.19    8.55 ^ _14752_/_316_/Y (sky130_fd_sc_hd__a21oi_1)
   0.10    8.65 v _14752_/_318_/Y (sky130_fd_sc_hd__o21ai_0)
   0.19    8.84 v _14752_/_320_/X (sky130_fd_sc_hd__a21o_1)
   0.17    9.01 v _14752_/_414_/X (sky130_fd_sc_hd__a21o_1)
   0.23    9.23 ^ _14752_/_503_/Y (sky130_fd_sc_hd__xnor2_1)
   0.12    9.36 v _20642_/Y (sky130_fd_sc_hd__a22oi_1)
   0.31    9.66 ^ _20643_/Y (sky130_fd_sc_hd__nor2_1)
   0.12    9.78 v _20718_/Y (sky130_fd_sc_hd__a2111oi_0)
   1.12   10.90 ^ _20737_/Y (sky130_fd_sc_hd__a211oi_1)
   0.27   11.17 ^ place2276/X (sky130_fd_sc_hd__buf_4)
   0.06   11.23 v _20738_/Y (sky130_fd_sc_hd__nor2_2)
   0.17   11.40 v place2265/X (sky130_fd_sc_hd__buf_12)
   0.16   11.56 ^ _26715_/Y (sky130_fd_sc_hd__a21oi_1)
   0.00   11.56 ^ u.u_ibex.gen_regfile_ff.register_file_i.g_rf_flops[13].rf_reg_q[30]$_DFFE_PN0P_/D (sky130_fd_sc_hd__dfrtp_1)
          11.56   data arrival time

  10.00   10.00   clock core_clock (rise edge)
   1.10   11.10   clock network delay (ideal)
   0.00   11.10   clock reconvergence pessimism
          11.10 ^ u.u_ibex.gen_regfile_ff.register_file_i.g_rf_flops[13].rf_reg_q[30]$_DFFE_PN0P_/CLK (sky130_fd_sc_hd__dfrtp_1)
  -0.08   11.01   library setup time
          11.01   data required time
---------------------------------------------------------
          11.01   data required time
         -11.56   data arrival time
---------------------------------------------------------
          -0.54   slack (VIOLATED)



==========================================================================
resizer report_checks -path_delay min reg to reg
--------------------------------------------------------------------------
Startpoint: u.u_ibex.u_ibex_core.id_stage_i.controller_i.ctrl_fsm_cs[0]$_DFF_PN1_
            (rising edge-triggered flip-flop clocked by core_clock)
Endpoint: u.u_ibex.u_ibex_core.id_stage_i.controller_i.ctrl_fsm_cs[5]$_DFF_PN0_
          (rising edge-triggered flip-flop clocked by core_clock)
Path Group: core_clock
Path Type: min

  Delay    Time   Description
---------------------------------------------------------
   0.00    0.00   clock core_clock (rise edge)
   1.10    1.10   clock network delay (ideal)
   0.00    1.10 ^ u.u_ibex.u_ibex_core.id_stage_i.controller_i.ctrl_fsm_cs[0]$_DFF_PN1_/CLK (sky130_fd_sc_hd__dfstp_2)
   0.35    1.45 v u.u_ibex.u_ibex_core.id_stage_i.controller_i.ctrl_fsm_cs[0]$_DFF_PN1_/Q (sky130_fd_sc_hd__dfstp_2)
   0.00    1.45 v u.u_ibex.u_ibex_core.id_stage_i.controller_i.ctrl_fsm_cs[5]$_DFF_PN0_/D (sky130_fd_sc_hd__dfrtp_1)
           1.45   data arrival time

   0.00    0.00   clock core_clock (rise edge)
   1.10    1.10   clock network delay (ideal)
   0.00    1.10   clock reconvergence pessimism
           1.10 ^ u.u_ibex.u_ibex_core.id_stage_i.controller_i.ctrl_fsm_cs[5]$_DFF_PN0_/CLK (sky130_fd_sc_hd__dfrtp_1)
  -0.05    1.04   library hold time
           1.04   data required time
---------------------------------------------------------
           1.04   data required time
          -1.45   data arrival time
---------------------------------------------------------
           0.40   slack (MET)



==========================================================================
resizer critical path target clock latency max path
--------------------------------------------------------------------------
1.0950

==========================================================================
resizer critical path target clock latency min path
--------------------------------------------------------------------------
1.0950

==========================================================================
resizer critical path source clock latency min path
--------------------------------------------------------------------------
1.0950

==========================================================================
resizer critical path delay
--------------------------------------------------------------------------
11.5569

==========================================================================
resizer critical path slack
--------------------------------------------------------------------------
-0.5429

==========================================================================
resizer slack div critical path delay
--------------------------------------------------------------------------
-4.697627

==========================================================================
resizer report_power
--------------------------------------------------------------------------
Group                  Internal  Switching    Leakage      Total
                          Power      Power      Power      Power (Watts)
----------------------------------------------------------------
Sequential             2.60e-03   3.99e-04   2.24e-08   3.00e-03  24.5%
Combinational          3.14e-03   5.95e-03   3.69e-08   9.09e-03  74.2%
Clock                 -6.17e-07   1.61e-04   1.87e-12   1.60e-04   1.3%
Macro                  0.00e+00   0.00e+00   0.00e+00   0.00e+00   0.0%
Pad                    0.00e+00   0.00e+00   0.00e+00   0.00e+00   0.0%
----------------------------------------------------------------
Total                  5.74e-03   6.51e-03   5.94e-08   1.23e-02 100.0%
                          46.9%      53.1%       0.0%
