=== CSR smoke test ===
/home/mmr/ricv_paper/third_party/toolchain/xpack-riscv-none-elf-gcc-14.2.0-3/bin/../lib/gcc/riscv-none-elf/14.2.0/../../../../riscv-none-elf/bin/ld: warning: cannot find entry symbol _start; defaulting to 00010094
CSR smoke: OK
=== Clean Ibex build dir ===
=== FuseSoC setup+build ===
INFO: Preparing lowrisc:dv:dv_fcov_macros:0
INFO: Preparing lowrisc:dv:secded_enc:0
INFO: Preparing lowrisc:dv_verilator:ibex_pcounts:0
INFO: Preparing lowrisc:dv_verilator:simutil_verilator:0
INFO: Preparing lowrisc:ibex:ibex_pkg:0.1
INFO: Preparing lowrisc:prim_generic:ram_1p_pkg:0
INFO: Preparing lowrisc:prim_generic:ram_2p_pkg:0
INFO: Preparing lowrisc:prim_generic:rom_pkg:0
INFO: Preparing lowrisc:prim:util_get_scramble_params:0
INFO: Preparing lowrisc:prim:util_memload:0
INFO: Preparing lowrisc:tool:check_tool_requirements:0.1
INFO: Preparing lowrisc:dv_verilator:memutil_dpi:0
INFO: Preparing lowrisc:lint:common:0.1
INFO: Preparing lowrisc:prim_generic:ram_1r1w_pkg:0
INFO: Preparing lowrisc:dv_verilator:memutil_verilator:0
INFO: Preparing lowrisc:prim:assert:0.1
INFO: Preparing lowrisc:prim:cipher_pkg:0.1
INFO: Preparing lowrisc:prim_generic:and2:0
INFO: Preparing lowrisc:prim_generic:buf:0
INFO: Preparing lowrisc:prim_generic:clock_buf:0
INFO: Preparing lowrisc:prim_generic:clock_gating:0
INFO: Preparing lowrisc:prim_generic:flop:0
INFO: Preparing lowrisc:prim_generic:flop_no_rst:0
INFO: Preparing lowrisc:prim_generic:prim_pkg:0
INFO: Preparing lowrisc:prim_generic:usb_diff_rx:0
INFO: Preparing lowrisc:prim_generic:xnor2:0
INFO: Preparing lowrisc:prim_generic:xor2:0
INFO: Preparing lowrisc:prim:pad_wrapper_pkg:0
INFO: Preparing lowrisc:prim:secded:0.1
INFO: Preparing lowrisc:ibex:ibex_icache:0.1
INFO: Preparing lowrisc:ibex:ibex_tracer:0.1
INFO: Preparing lowrisc:prim:cdc_rand_delay:0
INFO: Preparing lowrisc:prim:cipher:0
INFO: Preparing lowrisc:prim:count:0
INFO: Preparing lowrisc:prim_generic:clock_mux2:0
INFO: Preparing lowrisc:prim_generic:pad_attr:0
INFO: Preparing lowrisc:prim_generic:pad_wrapper:0
INFO: Preparing lowrisc:prim_generic:ram_1p:0
INFO: Preparing lowrisc:prim_generic:ram_1r1w:0
INFO: Preparing lowrisc:prim_generic:ram_2p:0
INFO: Preparing lowrisc:prim_generic:rom:0
INFO: Preparing lowrisc:prim:lfsr:0.1
INFO: Preparing lowrisc:prim:mubi_pkg:0.1
INFO: Preparing lowrisc:prim:sec_anchor:0.1
INFO: Preparing lowrisc:prim:util:0.1
INFO: Preparing pulp-platform:common_cells:common_cells:0.1
INFO: Preparing lowrisc:ibex:sim_shared:0
INFO: Preparing lowrisc:prim_generic:clock_inv:0
INFO: Preparing lowrisc:prim_generic:flop_2sync:0
INFO: Preparing lowrisc:prim_generic:flop_en:0
INFO: Preparing lowrisc:prim:mubi:0.1
INFO: Preparing lowrisc:prim:onehot:0
INFO: Preparing lowrisc:prim:onehot_check:0
INFO: Preparing lowrisc:prim:ram_1p_adv:0.1
INFO: Preparing lowrisc:ibex:ibex_core:0.1
INFO: Preparing lowrisc:prim:fifo:0
INFO: Preparing lowrisc:prim_generic:clock_div:0
INFO: Preparing lowrisc:prim_generic:rst_sync:0
INFO: Preparing lowrisc:prim:ram_1p_scr:0.1
INFO: Preparing lowrisc:prim_generic:all:0.1
INFO: Preparing lowrisc:ibex:ibex_top:0.1
INFO: Preparing lowrisc:ibex:ibex_top_tracing:0.1
INFO: Preparing lowrisc:ibex:ibex_simple_system_core:0
INFO: Preparing lowrisc:ibex:ibex_simple_system:0
INFO: Setting up project
WARNING: This backend is deprecated and will eventually be removed. Please migrate to the flow API instead.  See https://edalize.readthedocs.io/en/latest/ref/migrations.html#migrating-from-the-tool-api-to-the-flow-api for more details.
INFO: Running pre_build script check_tool_requirements
INFO: Tool verilator present: Sufficiently recent version (found 5.050; needed 4.210)
INFO: Tool edalize present: Sufficiently recent version (found 0.6.1; needed 0.2.0)
INFO: Building simulation model
simulator=/home/mmr/ricv_paper/third_party/ibex/build/lowrisc_ibex_ibex_simple_system_0/sim-verilator/Vibex_simple_system
d3e7a79d0a920ce01277fa0f757dafc5c41c8845f6a972a0c85cfb11d4118943  /home/mmr/ricv_paper/third_party/ibex/build/lowrisc_ibex_ibex_simple_system_0/sim-verilator/Vibex_simple_system
verilator=Verilator 5.050 2026-07-01 rev conda-forge build 0
fusesoc=2.4.3
ibex_commit=c61e11c1e416b9ce2d996013b444c8e558d35b2b
=== Hello test build ===
make: Entering directory '/home/mmr/ricv_paper/third_party/ibex/examples/sw/simple_system/hello_test'
rm -f -f /home/mmr/ricv_paper/third_party/ibex/examples/sw/simple_system/common/simple_system_common.o hello_test.o  /home/mmr/ricv_paper/third_party/ibex/examples/sw/simple_system/common/crt0.o /home/mmr/ricv_paper/third_party/ibex/examples/sw/simple_system/common/simple_system_common.d hello_test.d /home/mmr/ricv_paper/third_party/ibex/examples/sw/simple_system/common/crt0.d
make: Leaving directory '/home/mmr/ricv_paper/third_party/ibex/examples/sw/simple_system/hello_test'
make: Entering directory '/home/mmr/ricv_paper/third_party/ibex/examples/sw/simple_system/hello_test'
/home/mmr/ricv_paper/third_party/toolchain/xpack-riscv-none-elf-gcc-14.2.0-3/bin/riscv-none-elf-gcc -march=rv32imc_zicsr -mabi=ilp32 -static -mcmodel=medany -Wall -g -Os -fvisibility=hidden -nostdlib -nostartfiles -ffreestanding  -MMD -c -I/home/mmr/ricv_paper/third_party/ibex/examples/sw/simple_system/common -o /home/mmr/ricv_paper/third_party/ibex/examples/sw/simple_system/common/simple_system_common.o /home/mmr/ricv_paper/third_party/ibex/examples/sw/simple_system/common/simple_system_common.c
/home/mmr/ricv_paper/third_party/toolchain/xpack-riscv-none-elf-gcc-14.2.0-3/bin/riscv-none-elf-gcc -march=rv32imc_zicsr -mabi=ilp32 -static -mcmodel=medany -Wall -g -Os -fvisibility=hidden -nostdlib -nostartfiles -ffreestanding  -MMD -c -I/home/mmr/ricv_paper/third_party/ibex/examples/sw/simple_system/common -o hello_test.o hello_test.c
/home/mmr/ricv_paper/third_party/toolchain/xpack-riscv-none-elf-gcc-14.2.0-3/bin/riscv-none-elf-gcc -march=rv32imc_zicsr -mabi=ilp32 -static -mcmodel=medany -Wall -g -Os -fvisibility=hidden -nostdlib -nostartfiles -ffreestanding  -MMD -c -I/home/mmr/ricv_paper/third_party/ibex/examples/sw/simple_system/common -o /home/mmr/ricv_paper/third_party/ibex/examples/sw/simple_system/common/crt0.o /home/mmr/ricv_paper/third_party/ibex/examples/sw/simple_system/common/crt0.S
/home/mmr/ricv_paper/third_party/toolchain/xpack-riscv-none-elf-gcc-14.2.0-3/bin/riscv-none-elf-gcc -march=rv32imc_zicsr -mabi=ilp32 -static -mcmodel=medany -Wall -g -Os -fvisibility=hidden -nostdlib -nostartfiles -ffreestanding  -T /home/mmr/ricv_paper/third_party/ibex/examples/sw/simple_system/common/link.ld /home/mmr/ricv_paper/third_party/ibex/examples/sw/simple_system/common/simple_system_common.o hello_test.o  /home/mmr/ricv_paper/third_party/ibex/examples/sw/simple_system/common/crt0.o -o hello_test.elf 
/home/mmr/ricv_paper/third_party/toolchain/xpack-riscv-none-elf-gcc-14.2.0-3/bin/../lib/gcc/riscv-none-elf/14.2.0/../../../../riscv-none-elf/bin/ld: warning: hello_test.elf has a LOAD segment with RWX permissions
make: Leaving directory '/home/mmr/ricv_paper/third_party/ibex/examples/sw/simple_system/hello_test'
=== Hello test run ===
Program header number 0 in `/home/mmr/ricv_paper/third_party/ibex/examples/sw/simple_system/hello_test/hello_test.elf' is not of type PT_LOAD; ignoring.
Program header number 3 in `/home/mmr/ricv_paper/third_party/ibex/examples/sw/simple_system/hello_test/hello_test.elf' is not of type PT_LOAD; ignoring.
Simulation of Ibex
==================

Tracing can be toggled by sending SIGUSR1 to this process:
$ kill -USR1 4133234

Simulation running, end by pressing CTRL-c.
TOP.ibex_simple_system.u_top.u_ibex_tracer.unnamedblk2.unnamedblk3: Writing execution trace to trace_core_00000000.log
Terminating simulation by software request.
- src/lowrisc_ibex_sim_shared_0/rtl/sim/simulator_ctrl.sv:93: Verilog $finish
Received $finish() from Verilog, shutting down simulation.

Simulation statistics
=====================
Executed cycles:  13267
Wallclock time:   0.009 s
Simulation speed: 1.47411e+06 cycles/s (1474.11 kHz)

Performance Counters
====================
Cycles:               477
Instructions Retired: 261
=== PMP tests build ===
make: Entering directory '/home/mmr/ricv_paper/m7/sw/ibex_pmp'
rm -f IBEX-PMP-01.elf IBEX-PMP-02.elf IBEX-PMP-03.elf IBEX-PMP-04.elf IBEX-PMP-05.elf IBEX-PMP-06.elf IBEX-PMP-07.elf IBEX-PMP-08.elf PERF-CPU-01.elf PERF-CPU-02.elf PERF-CPU-03.elf PERF-CPU-04.elf *.o ibex_pmp_tests_*.o m7_pmp_trap_*.o build_arch.txt
make: Leaving directory '/home/mmr/ricv_paper/m7/sw/ibex_pmp'
make: Entering directory '/home/mmr/ricv_paper/m7/sw/ibex_pmp'
"/home/mmr/ricv_paper/third_party/toolchain/xpack-riscv-none-elf-gcc-14.2.0-3/bin/riscv-none-elf-gcc" -march=rv32imc_zicsr -mabi=ilp32 -static -mcmodel=medany -Wall -g -Os -fvisibility=hidden -nostdlib -nostartfiles -ffreestanding -I/home/mmr/ricv_paper/third_party/ibex/examples/sw/simple_system/common -c -o m7_common.o m7_simple_system_common.c
"/home/mmr/ricv_paper/third_party/toolchain/xpack-riscv-none-elf-gcc-14.2.0-3/bin/riscv-none-elf-gcc" -march=rv32imc_zicsr -mabi=ilp32 -static -mcmodel=medany -Wall -g -Os -fvisibility=hidden -nostdlib -nostartfiles -ffreestanding -I/home/mmr/ricv_paper/third_party/ibex/examples/sw/simple_system/common -c -o crt0.o /home/mmr/ricv_paper/third_party/ibex/examples/sw/simple_system/common/crt0.S
"/home/mmr/ricv_paper/third_party/toolchain/xpack-riscv-none-elf-gcc-14.2.0-3/bin/riscv-none-elf-gcc" -march=rv32imc_zicsr -mabi=ilp32 -static -mcmodel=medany -Wall -g -Os -fvisibility=hidden -nostdlib -nostartfiles -ffreestanding -I/home/mmr/ricv_paper/third_party/ibex/examples/sw/simple_system/common -DTEST_NUM=1 -c -o ibex_pmp_tests_1.o ibex_pmp_tests.c
"/home/mmr/ricv_paper/third_party/toolchain/xpack-riscv-none-elf-gcc-14.2.0-3/bin/riscv-none-elf-gcc" -march=rv32imc_zicsr -mabi=ilp32 -static -mcmodel=medany -Wall -g -Os -fvisibility=hidden -nostdlib -nostartfiles -ffreestanding -I/home/mmr/ricv_paper/third_party/ibex/examples/sw/simple_system/common -c -o m7_pmp_trap_1.o m7_pmp_trap.c
"/home/mmr/ricv_paper/third_party/toolchain/xpack-riscv-none-elf-gcc-14.2.0-3/bin/riscv-none-elf-gcc" -march=rv32imc_zicsr -mabi=ilp32 -static -mcmodel=medany -Wall -g -Os -fvisibility=hidden -nostdlib -nostartfiles -ffreestanding -T /home/mmr/ricv_paper/third_party/ibex/examples/sw/simple_system/common/link.ld crt0.o m7_common.o ibex_pmp_tests_1.o m7_pmp_trap_1.o -o IBEX-PMP-01.elf
/home/mmr/ricv_paper/third_party/toolchain/xpack-riscv-none-elf-gcc-14.2.0-3/bin/../lib/gcc/riscv-none-elf/14.2.0/../../../../riscv-none-elf/bin/ld: warning: IBEX-PMP-01.elf has a LOAD segment with RWX permissions
"/home/mmr/ricv_paper/third_party/toolchain/xpack-riscv-none-elf-gcc-14.2.0-3/bin/riscv-none-elf-gcc" -march=rv32imc_zicsr -mabi=ilp32 -static -mcmodel=medany -Wall -g -Os -fvisibility=hidden -nostdlib -nostartfiles -ffreestanding -I/home/mmr/ricv_paper/third_party/ibex/examples/sw/simple_system/common -DTEST_NUM=2 -c -o ibex_pmp_tests_2.o ibex_pmp_tests.c
"/home/mmr/ricv_paper/third_party/toolchain/xpack-riscv-none-elf-gcc-14.2.0-3/bin/riscv-none-elf-gcc" -march=rv32imc_zicsr -mabi=ilp32 -static -mcmodel=medany -Wall -g -Os -fvisibility=hidden -nostdlib -nostartfiles -ffreestanding -I/home/mmr/ricv_paper/third_party/ibex/examples/sw/simple_system/common -c -o m7_pmp_trap_2.o m7_pmp_trap.c
"/home/mmr/ricv_paper/third_party/toolchain/xpack-riscv-none-elf-gcc-14.2.0-3/bin/riscv-none-elf-gcc" -march=rv32imc_zicsr -mabi=ilp32 -static -mcmodel=medany -Wall -g -Os -fvisibility=hidden -nostdlib -nostartfiles -ffreestanding -T /home/mmr/ricv_paper/third_party/ibex/examples/sw/simple_system/common/link.ld crt0.o m7_common.o ibex_pmp_tests_2.o m7_pmp_trap_2.o -o IBEX-PMP-02.elf
/home/mmr/ricv_paper/third_party/toolchain/xpack-riscv-none-elf-gcc-14.2.0-3/bin/../lib/gcc/riscv-none-elf/14.2.0/../../../../riscv-none-elf/bin/ld: warning: IBEX-PMP-02.elf has a LOAD segment with RWX permissions
"/home/mmr/ricv_paper/third_party/toolchain/xpack-riscv-none-elf-gcc-14.2.0-3/bin/riscv-none-elf-gcc" -march=rv32imc_zicsr -mabi=ilp32 -static -mcmodel=medany -Wall -g -Os -fvisibility=hidden -nostdlib -nostartfiles -ffreestanding -I/home/mmr/ricv_paper/third_party/ibex/examples/sw/simple_system/common -DTEST_NUM=3 -c -o ibex_pmp_tests_3.o ibex_pmp_tests.c
"/home/mmr/ricv_paper/third_party/toolchain/xpack-riscv-none-elf-gcc-14.2.0-3/bin/riscv-none-elf-gcc" -march=rv32imc_zicsr -mabi=ilp32 -static -mcmodel=medany -Wall -g -Os -fvisibility=hidden -nostdlib -nostartfiles -ffreestanding -I/home/mmr/ricv_paper/third_party/ibex/examples/sw/simple_system/common -c -o m7_pmp_trap_3.o m7_pmp_trap.c
"/home/mmr/ricv_paper/third_party/toolchain/xpack-riscv-none-elf-gcc-14.2.0-3/bin/riscv-none-elf-gcc" -march=rv32imc_zicsr -mabi=ilp32 -static -mcmodel=medany -Wall -g -Os -fvisibility=hidden -nostdlib -nostartfiles -ffreestanding -T /home/mmr/ricv_paper/third_party/ibex/examples/sw/simple_system/common/link.ld crt0.o m7_common.o ibex_pmp_tests_3.o m7_pmp_trap_3.o -o IBEX-PMP-03.elf
/home/mmr/ricv_paper/third_party/toolchain/xpack-riscv-none-elf-gcc-14.2.0-3/bin/../lib/gcc/riscv-none-elf/14.2.0/../../../../riscv-none-elf/bin/ld: warning: IBEX-PMP-03.elf has a LOAD segment with RWX permissions
"/home/mmr/ricv_paper/third_party/toolchain/xpack-riscv-none-elf-gcc-14.2.0-3/bin/riscv-none-elf-gcc" -march=rv32imc_zicsr -mabi=ilp32 -static -mcmodel=medany -Wall -g -Os -fvisibility=hidden -nostdlib -nostartfiles -ffreestanding -I/home/mmr/ricv_paper/third_party/ibex/examples/sw/simple_system/common -DTEST_NUM=4 -c -o ibex_pmp_tests_4.o ibex_pmp_tests.c
"/home/mmr/ricv_paper/third_party/toolchain/xpack-riscv-none-elf-gcc-14.2.0-3/bin/riscv-none-elf-gcc" -march=rv32imc_zicsr -mabi=ilp32 -static -mcmodel=medany -Wall -g -Os -fvisibility=hidden -nostdlib -nostartfiles -ffreestanding -I/home/mmr/ricv_paper/third_party/ibex/examples/sw/simple_system/common -c -o m7_pmp_trap_4.o m7_pmp_trap.c
"/home/mmr/ricv_paper/third_party/toolchain/xpack-riscv-none-elf-gcc-14.2.0-3/bin/riscv-none-elf-gcc" -march=rv32imc_zicsr -mabi=ilp32 -static -mcmodel=medany -Wall -g -Os -fvisibility=hidden -nostdlib -nostartfiles -ffreestanding -T /home/mmr/ricv_paper/third_party/ibex/examples/sw/simple_system/common/link.ld crt0.o m7_common.o ibex_pmp_tests_4.o m7_pmp_trap_4.o -o IBEX-PMP-04.elf
/home/mmr/ricv_paper/third_party/toolchain/xpack-riscv-none-elf-gcc-14.2.0-3/bin/../lib/gcc/riscv-none-elf/14.2.0/../../../../riscv-none-elf/bin/ld: warning: IBEX-PMP-04.elf has a LOAD segment with RWX permissions
"/home/mmr/ricv_paper/third_party/toolchain/xpack-riscv-none-elf-gcc-14.2.0-3/bin/riscv-none-elf-gcc" -march=rv32imc_zicsr -mabi=ilp32 -static -mcmodel=medany -Wall -g -Os -fvisibility=hidden -nostdlib -nostartfiles -ffreestanding -I/home/mmr/ricv_paper/third_party/ibex/examples/sw/simple_system/common -DTEST_NUM=5 -c -o ibex_pmp_tests_5.o ibex_pmp_tests.c
"/home/mmr/ricv_paper/third_party/toolchain/xpack-riscv-none-elf-gcc-14.2.0-3/bin/riscv-none-elf-gcc" -march=rv32imc_zicsr -mabi=ilp32 -static -mcmodel=medany -Wall -g -Os -fvisibility=hidden -nostdlib -nostartfiles -ffreestanding -I/home/mmr/ricv_paper/third_party/ibex/examples/sw/simple_system/common -c -o m7_pmp_trap_5.o m7_pmp_trap.c
"/home/mmr/ricv_paper/third_party/toolchain/xpack-riscv-none-elf-gcc-14.2.0-3/bin/riscv-none-elf-gcc" -march=rv32imc_zicsr -mabi=ilp32 -static -mcmodel=medany -Wall -g -Os -fvisibility=hidden -nostdlib -nostartfiles -ffreestanding -T /home/mmr/ricv_paper/third_party/ibex/examples/sw/simple_system/common/link.ld crt0.o m7_common.o ibex_pmp_tests_5.o m7_pmp_trap_5.o -o IBEX-PMP-05.elf
/home/mmr/ricv_paper/third_party/toolchain/xpack-riscv-none-elf-gcc-14.2.0-3/bin/../lib/gcc/riscv-none-elf/14.2.0/../../../../riscv-none-elf/bin/ld: warning: IBEX-PMP-05.elf has a LOAD segment with RWX permissions
"/home/mmr/ricv_paper/third_party/toolchain/xpack-riscv-none-elf-gcc-14.2.0-3/bin/riscv-none-elf-gcc" -march=rv32imc_zicsr -mabi=ilp32 -static -mcmodel=medany -Wall -g -Os -fvisibility=hidden -nostdlib -nostartfiles -ffreestanding -I/home/mmr/ricv_paper/third_party/ibex/examples/sw/simple_system/common -DTEST_NUM=6 -c -o ibex_pmp_tests_6.o ibex_pmp_tests.c
"/home/mmr/ricv_paper/third_party/toolchain/xpack-riscv-none-elf-gcc-14.2.0-3/bin/riscv-none-elf-gcc" -march=rv32imc_zicsr -mabi=ilp32 -static -mcmodel=medany -Wall -g -Os -fvisibility=hidden -nostdlib -nostartfiles -ffreestanding -I/home/mmr/ricv_paper/third_party/ibex/examples/sw/simple_system/common -c -o m7_pmp_trap_6.o m7_pmp_trap.c
"/home/mmr/ricv_paper/third_party/toolchain/xpack-riscv-none-elf-gcc-14.2.0-3/bin/riscv-none-elf-gcc" -march=rv32imc_zicsr -mabi=ilp32 -static -mcmodel=medany -Wall -g -Os -fvisibility=hidden -nostdlib -nostartfiles -ffreestanding -T /home/mmr/ricv_paper/third_party/ibex/examples/sw/simple_system/common/link.ld crt0.o m7_common.o ibex_pmp_tests_6.o m7_pmp_trap_6.o -o IBEX-PMP-06.elf
/home/mmr/ricv_paper/third_party/toolchain/xpack-riscv-none-elf-gcc-14.2.0-3/bin/../lib/gcc/riscv-none-elf/14.2.0/../../../../riscv-none-elf/bin/ld: warning: IBEX-PMP-06.elf has a LOAD segment with RWX permissions
"/home/mmr/ricv_paper/third_party/toolchain/xpack-riscv-none-elf-gcc-14.2.0-3/bin/riscv-none-elf-gcc" -march=rv32imc_zicsr -mabi=ilp32 -static -mcmodel=medany -Wall -g -Os -fvisibility=hidden -nostdlib -nostartfiles -ffreestanding -I/home/mmr/ricv_paper/third_party/ibex/examples/sw/simple_system/common -DTEST_NUM=7 -c -o ibex_pmp_tests_7.o ibex_pmp_tests.c
"/home/mmr/ricv_paper/third_party/toolchain/xpack-riscv-none-elf-gcc-14.2.0-3/bin/riscv-none-elf-gcc" -march=rv32imc_zicsr -mabi=ilp32 -static -mcmodel=medany -Wall -g -Os -fvisibility=hidden -nostdlib -nostartfiles -ffreestanding -I/home/mmr/ricv_paper/third_party/ibex/examples/sw/simple_system/common -c -o m7_pmp_trap_7.o m7_pmp_trap.c
"/home/mmr/ricv_paper/third_party/toolchain/xpack-riscv-none-elf-gcc-14.2.0-3/bin/riscv-none-elf-gcc" -march=rv32imc_zicsr -mabi=ilp32 -static -mcmodel=medany -Wall -g -Os -fvisibility=hidden -nostdlib -nostartfiles -ffreestanding -T /home/mmr/ricv_paper/third_party/ibex/examples/sw/simple_system/common/link.ld crt0.o m7_common.o ibex_pmp_tests_7.o m7_pmp_trap_7.o -o IBEX-PMP-07.elf
/home/mmr/ricv_paper/third_party/toolchain/xpack-riscv-none-elf-gcc-14.2.0-3/bin/../lib/gcc/riscv-none-elf/14.2.0/../../../../riscv-none-elf/bin/ld: warning: IBEX-PMP-07.elf has a LOAD segment with RWX permissions
"/home/mmr/ricv_paper/third_party/toolchain/xpack-riscv-none-elf-gcc-14.2.0-3/bin/riscv-none-elf-gcc" -march=rv32imc_zicsr -mabi=ilp32 -static -mcmodel=medany -Wall -g -Os -fvisibility=hidden -nostdlib -nostartfiles -ffreestanding -I/home/mmr/ricv_paper/third_party/ibex/examples/sw/simple_system/common -DTEST_NUM=8 -c -o ibex_pmp_tests_8.o ibex_pmp_tests.c
"/home/mmr/ricv_paper/third_party/toolchain/xpack-riscv-none-elf-gcc-14.2.0-3/bin/riscv-none-elf-gcc" -march=rv32imc_zicsr -mabi=ilp32 -static -mcmodel=medany -Wall -g -Os -fvisibility=hidden -nostdlib -nostartfiles -ffreestanding -I/home/mmr/ricv_paper/third_party/ibex/examples/sw/simple_system/common -c -o m7_pmp_trap_8.o m7_pmp_trap.c
"/home/mmr/ricv_paper/third_party/toolchain/xpack-riscv-none-elf-gcc-14.2.0-3/bin/riscv-none-elf-gcc" -march=rv32imc_zicsr -mabi=ilp32 -static -mcmodel=medany -Wall -g -Os -fvisibility=hidden -nostdlib -nostartfiles -ffreestanding -T /home/mmr/ricv_paper/third_party/ibex/examples/sw/simple_system/common/link.ld crt0.o m7_common.o ibex_pmp_tests_8.o m7_pmp_trap_8.o -o IBEX-PMP-08.elf
/home/mmr/ricv_paper/third_party/toolchain/xpack-riscv-none-elf-gcc-14.2.0-3/bin/../lib/gcc/riscv-none-elf/14.2.0/../../../../riscv-none-elf/bin/ld: warning: IBEX-PMP-08.elf has a LOAD segment with RWX permissions
make: Leaving directory '/home/mmr/ricv_paper/m7/sw/ibex_pmp'
Wrote /home/mmr/ricv_paper/results/tables/m7_ibex_pmp_matrix.csv
Phase A runner complete.
