=== Directed RC-01..12 ===
  RC-01 (RST-A): PASS obs=UNSAFE_REACHABLE cls=RESET_ASSUMPTION_DEPENDENCY
  RC-02 (RST-B): PASS obs=DENY cls=SIMULATION_EVIDENCE
  RC-03 (RST-B): PASS obs=early_deny=True post_allow=True mem=0xA11D00C3 cls=SIMULATION_EVIDENCE
  RC-04 (RST-B): PASS obs=ALLOW cls=SIMULATION_EVIDENCE
  RC-05 (RST-B): PASS obs=mcause=7 cls=SIMULATION_EVIDENCE
  RC-06 (RST-B): PASS obs=mcause=5 cls=SIMULATION_EVIDENCE
  RC-07 (RST-B): PASS obs=ALLOW cls=SIMULATION_EVIDENCE
  RC-08 (RST-B): PASS obs=DENY cls=SIMULATION_EVIDENCE
  RC-09 (RST-B): PASS obs=DENY cls=SIMULATION_EVIDENCE
  RC-10 (RST-A): PASS obs=UNSAFE_REACHABLE cls=RESET_ASSUMPTION_DEPENDENCY
  RC-11 (RST-B): PASS obs=DENY cls=SIMULATION_EVIDENCE
  RC-12 (RST-B): PASS obs=mcause=7 mem=0xD00D00C7 cls=SIMULATION_EVIDENCE
=== Release-order sweep (RST-B) ===
  RC-ORD-A (RST-B): PASS obs=ALLOW cls=SIMULATION_EVIDENCE
  RC-ORD-B (RST-B): PASS obs=ALLOW cls=SIMULATION_EVIDENCE
  RC-ORD-C (RST-B): PASS obs=ALLOW cls=SIMULATION_EVIDENCE
  RC-ORD-D (RST-B): PASS obs=ALLOW cls=SIMULATION_EVIDENCE
  RC-ORD-E (RST-B): PASS obs=ALLOW cls=SIMULATION_EVIDENCE
  RC-ORD-F (RST-B): PASS obs=ALLOW cls=SIMULATION_EVIDENCE
  RC-IF-01: INCONCLUSIVE (reset after DMA admit before commit)
  RC-IF-02: INCONCLUSIVE (CPU txn in-flight + CPU reset)
  RC-IF-03: INCONCLUSIVE (between PMP_READY and IOPMP_READY)
Wrote /home/mmr/ricv_paper/results/tables/m7_realcore_reset_matrix.csv
