=== Building Ibex simple_system (PMPEnable=1, PMPNumRegions=8) ===
INFO: Preparing lowrisc:dv:dv_fcov_macros:0
INFO: Preparing lowrisc:dv:secded_enc:0
INFO: Preparing lowrisc:dv_verilator:ibex_pcounts:0
INFO: Preparing lowrisc:dv_verilator:simutil_verilator:0
INFO: Preparing lowrisc:ibex:ibex_pkg:0.1
INFO: Preparing lowrisc:prim_generic:ram_1p_pkg:0
INFO: Preparing lowrisc:prim_generic:ram_2p_pkg:0
INFO: Preparing lowrisc:prim_generic:rom_pkg:0
INFO: Preparing lowrisc:prim:util_get_scramble_params:0
INFO: Preparing lowrisc:prim:util_memload:0
INFO: Preparing lowrisc:tool:check_tool_requirements:0.1
INFO: Preparing lowrisc:dv_verilator:memutil_dpi:0
INFO: Preparing lowrisc:lint:common:0.1
INFO: Preparing lowrisc:prim_generic:ram_1r1w_pkg:0
INFO: Preparing lowrisc:dv_verilator:memutil_verilator:0
INFO: Preparing lowrisc:prim:assert:0.1
INFO: Preparing lowrisc:prim:cipher_pkg:0.1
INFO: Preparing lowrisc:prim_generic:and2:0
INFO: Preparing lowrisc:prim_generic:buf:0
INFO: Preparing lowrisc:prim_generic:clock_buf:0
INFO: Preparing lowrisc:prim_generic:clock_gating:0
INFO: Preparing lowrisc:prim_generic:flop:0
INFO: Preparing lowrisc:prim_generic:flop_no_rst:0
INFO: Preparing lowrisc:prim_generic:prim_pkg:0
INFO: Preparing lowrisc:prim_generic:usb_diff_rx:0
INFO: Preparing lowrisc:prim_generic:xnor2:0
INFO: Preparing lowrisc:prim_generic:xor2:0
INFO: Preparing lowrisc:prim:pad_wrapper_pkg:0
INFO: Preparing lowrisc:prim:secded:0.1
INFO: Preparing lowrisc:ibex:ibex_icache:0.1
INFO: Preparing lowrisc:ibex:ibex_tracer:0.1
INFO: Preparing lowrisc:prim:cdc_rand_delay:0
INFO: Preparing lowrisc:prim:cipher:0
INFO: Preparing lowrisc:prim:count:0
INFO: Preparing lowrisc:prim_generic:clock_mux2:0
INFO: Preparing lowrisc:prim_generic:pad_attr:0
INFO: Preparing lowrisc:prim_generic:pad_wrapper:0
INFO: Preparing lowrisc:prim_generic:ram_1p:0
INFO: Preparing lowrisc:prim_generic:ram_1r1w:0
INFO: Preparing lowrisc:prim_generic:ram_2p:0
INFO: Preparing lowrisc:prim_generic:rom:0
INFO: Preparing lowrisc:prim:lfsr:0.1
INFO: Preparing lowrisc:prim:mubi_pkg:0.1
INFO: Preparing lowrisc:prim:sec_anchor:0.1
INFO: Preparing lowrisc:prim:util:0.1
INFO: Preparing pulp-platform:common_cells:common_cells:0.1
INFO: Preparing lowrisc:ibex:sim_shared:0
INFO: Preparing lowrisc:prim_generic:clock_inv:0
INFO: Preparing lowrisc:prim_generic:flop_2sync:0
INFO: Preparing lowrisc:prim_generic:flop_en:0
INFO: Preparing lowrisc:prim:mubi:0.1
INFO: Preparing lowrisc:prim:onehot:0
INFO: Preparing lowrisc:prim:onehot_check:0
INFO: Preparing lowrisc:prim:ram_1p_adv:0.1
INFO: Preparing lowrisc:ibex:ibex_core:0.1
INFO: Preparing lowrisc:prim:fifo:0
INFO: Preparing lowrisc:prim_generic:clock_div:0
INFO: Preparing lowrisc:prim_generic:rst_sync:0
INFO: Preparing lowrisc:prim:ram_1p_scr:0.1
INFO: Preparing lowrisc:prim_generic:all:0.1
INFO: Preparing lowrisc:ibex:ibex_top:0.1
INFO: Preparing lowrisc:ibex:ibex_top_tracing:0.1
INFO: Preparing lowrisc:ibex:ibex_simple_system_core:0
INFO: Preparing lowrisc:ibex:ibex_simple_system:0
INFO: Setting up project
WARNING: This backend is deprecated and will eventually be removed. Please migrate to the flow API instead.  See https://edalize.readthedocs.io/en/latest/ref/migrations.html#migrating-from-the-tool-api-to-the-flow-api for more details.
INFO: Running pre_build script check_tool_requirements
INFO: Tool verilator present: Sufficiently recent version (found 5.050; needed 4.210)
INFO: Tool edalize present: Sufficiently recent version (found 0.6.1; needed 0.2.0)
INFO: Building simulation model
INFO: verilator -f lowrisc_ibex_ibex_simple_system_0.vc -DDISABLE_PRIM_CDC_RAND_DELAY --trace --trace-fst --trace-structs --trace-params --trace-max-array 1024 -CFLAGS "-std=c++17 -Wall -DVM_TRACE_FMT_FST -DTOPLEVEL_NAME=ibex_simple_system -g" -LDFLAGS "-pthread -lutil -lelf" -Wall --unroll-count 72

ERROR: %Warning-UNOPTFLAT: src/lowrisc_ibex_ibex_core_0.1/rtl/ibex_id_stage.sv:178:37: Signal unoptimizable: Circular combinational logic: 'ibex_simple_system.u_top.u_ibex_top.u_ibex_core.id_stage_i.en_wb_o'
                                                                              : ... note: In instance 'ibex_simple_system'
  178 |   output  logic                     en_wb_o,
      |                                     ^~~~~~~
                    ... For warning description see https://verilator.org/warn/UNOPTFLAT?v=5.050
                    ... Use "/* verilator lint_off UNOPTFLAT */" and lint_on around source to disable this message.
                    src/lowrisc_ibex_ibex_core_0.1/rtl/ibex_id_stage.sv:178:37:      Example path: ibex_simple_system.u_top.u_ibex_top.u_ibex_core.id_stage_i.en_wb_o
                    src/lowrisc_ibex_ibex_core_0.1/rtl/ibex_cs_registers.sv:57:32:      Example path: ASSIGNW
                    src/lowrisc_ibex_ibex_core_0.1/rtl/ibex_cs_registers.sv:57:32:      Example path: ibex_simple_system.u_top.u_ibex_top.u_ibex_core.cs_registers_i.csr_op_en_i
                    src/lowrisc_ibex_ibex_core_0.1/rtl/ibex_controller.sv:235:22:      Example path: ASSIGNW
                    src/lowrisc_ibex_ibex_core_0.1/rtl/ibex_controller.sv:141:9:      Example path: ibex_simple_system.u_top.u_ibex_top.u_ibex_core.id_stage_i.controller_i.special_req
                    src/lowrisc_ibex_ibex_core_0.1/rtl/ibex_controller.sv:459:3:      Example path: ALWAYS
                    src/lowrisc_ibex_ibex_core_0.1/rtl/ibex_controller.sv:137:9:      Example path: ibex_simple_system.u_top.u_ibex_top.u_ibex_core.id_stage_i.controller_i.halt_if
                    src/lowrisc_ibex_ibex_core_0.1/rtl/ibex_controller.sv:870:33:      Example path: ASSIGNW
                    src/lowrisc_ibex_ibex_core_0.1/rtl/ibex_controller.sv:870:33:      Example path: ibex_simple_system.__VdfgRegularize_h6e95ff9d_0_65
                    src/lowrisc_ibex_ibex_core_0.1/rtl/ibex_controller.sv:459:3:      Example path: ALWAYS
%Error: Exiting due to 1 warning(s)
make: *** [Makefile:15: Vibex_simple_system.mk] Error 1

ERROR: Failed to build lowrisc:ibex:ibex_simple_system:0 : '['make']' exited with an error: 2
