=== Hello test run ===
Program header number 0 in `/home/mmr/ricv_paper/third_party/ibex/examples/sw/simple_system/hello_test/hello_test.elf' is not of type PT_LOAD; ignoring.
Program header number 3 in `/home/mmr/ricv_paper/third_party/ibex/examples/sw/simple_system/hello_test/hello_test.elf' is not of type PT_LOAD; ignoring.
Simulation of Ibex
==================

Tracing can be toggled by sending SIGUSR1 to this process:
$ kill -USR1 4133234

Simulation running, end by pressing CTRL-c.
TOP.ibex_simple_system.u_top.u_ibex_tracer.unnamedblk2.unnamedblk3: Writing execution trace to trace_core_00000000.log
Terminating simulation by software request.
- src/lowrisc_ibex_sim_shared_0/rtl/sim/simulator_ctrl.sv:93: Verilog $finish
Received $finish() from Verilog, shutting down simulation.

Simulation statistics
=====================
Executed cycles:  13267
Wallclock time:   0.009 s
Simulation speed: 1.47411e+06 cycles/s (1474.11 kHz)

Performance Counters
====================
Cycles:               477
Instructions Retired: 261
