
==========================================================================
detailed place report_tns
--------------------------------------------------------------------------
tns max -2257.78

==========================================================================
detailed place report_wns
--------------------------------------------------------------------------
wns max -4.60

==========================================================================
detailed place report_worst_slack
--------------------------------------------------------------------------
worst slack max -4.60

==========================================================================
detailed place report_clock_min_period
--------------------------------------------------------------------------
core_clock period_min = 13.50 fmax = 74.06
vclk_core_clock period_min = 0.00 fmax = inf

==========================================================================
detailed place report_checks -path_delay min
--------------------------------------------------------------------------
Startpoint: u.g_domain.u_dom.interconnect_reset_n$_DFFE_PN0P_
            (rising edge-triggered flip-flop clocked by core_clock)
Endpoint: u.g_comp.u_ic.norm_req$_DFF_PN0_
          (removal check against rising-edge clock core_clock)
Path Group: asynchronous
Path Type: min

Fanout     Cap    Slew   Delay    Time   Description
-----------------------------------------------------------------------------
                  0.00    0.00    0.00   clock core_clock (rise edge)
                          1.10    1.10   clock network delay (ideal)
                  0.00    0.00    1.10 ^ u.g_domain.u_dom.interconnect_reset_n$_DFFE_PN0P_/CLK (sky130_fd_sc_hd__dfrtp_4)
    10    0.06    0.19    0.50    1.60 ^ u.g_domain.u_dom.interconnect_reset_n$_DFFE_PN0P_/Q (sky130_fd_sc_hd__dfrtp_4)
                                         u.g_adapt.u_data_adapt.rst_ni (net)
                  0.19    0.01    1.60 ^ u.g_comp.u_ic.norm_req$_DFF_PN0_/RESET_B (sky130_fd_sc_hd__dfrtp_1)
                                  1.60   data arrival time

                  0.00    0.00    0.00   clock core_clock (rise edge)
                          1.10    1.10   clock network delay (ideal)
                          0.00    1.10   clock reconvergence pessimism
                                  1.10 ^ u.g_comp.u_ic.norm_req$_DFF_PN0_/CLK (sky130_fd_sc_hd__dfrtp_1)
                          0.35    1.44   library removal time
                                  1.44   data required time
-----------------------------------------------------------------------------
                                  1.44   data required time
                                 -1.60   data arrival time
-----------------------------------------------------------------------------
                                  0.16   slack (MET)


Startpoint: u.u_ibex.core_clock_gate_i.en_latch$_DLATCH_N_
            (negative level-sensitive latch clocked by core_clock)
Endpoint: _31103_ (rising clock gating-check end-point clocked by core_clock)
Path Group: gated clock
Path Type: min

Fanout     Cap    Slew   Delay    Time   Description
-----------------------------------------------------------------------------
                  0.00    5.00    5.00   clock core_clock (fall edge)
                          1.10    6.10   clock network delay (ideal)
                  0.00    0.00    6.10 v u.u_ibex.core_clock_gate_i.en_latch$_DLATCH_N_/GATE_N (sky130_fd_sc_hd__dlxtn_1)
     1    0.00    0.02    0.23    6.32 v u.u_ibex.core_clock_gate_i.en_latch$_DLATCH_N_/Q (sky130_fd_sc_hd__dlxtn_1)
                                         u.u_ibex.core_clock_gate_i.en_latch (net)
                  0.02    0.00    6.32 v _31103_/B (sky130_fd_sc_hd__and2_0)
                                  6.32   data arrival time

                  0.00    5.00    5.00   clock core_clock (fall edge)
                          1.10    6.10   clock network delay (ideal)
                          0.00    6.10   clock reconvergence pessimism
                                  6.10 v _31103_/A (sky130_fd_sc_hd__and2_0)
                          0.00    6.10   clock gating hold time
                                  6.10   data required time
-----------------------------------------------------------------------------
                                  6.10   data required time
                                 -6.32   data arrival time
-----------------------------------------------------------------------------
                                  0.23   slack (MET)


Startpoint: u.g_comp.u_ic.norm_req$_DFF_PN0_
            (rising edge-triggered flip-flop clocked by core_clock)
Endpoint: u.g_comp.u_norm.valid$_DFF_PN0_
          (rising edge-triggered flip-flop clocked by core_clock)
Path Group: core_clock
Path Type: min

Fanout     Cap    Slew   Delay    Time   Description
-----------------------------------------------------------------------------
                  0.00    0.00    0.00   clock core_clock (rise edge)
                          1.10    1.10   clock network delay (ideal)
                  0.00    0.00    1.10 ^ u.g_comp.u_ic.norm_req$_DFF_PN0_/CLK (sky130_fd_sc_hd__dfrtp_1)
     2    0.01    0.09    0.34    1.43 ^ u.g_comp.u_ic.norm_req$_DFF_PN0_/Q (sky130_fd_sc_hd__dfrtp_1)
                                         u.g_comp.u_ic.norm_req (net)
                  0.09    0.00    1.43 ^ u.g_comp.u_norm.valid$_DFF_PN0_/D (sky130_fd_sc_hd__dfrtp_1)
                                  1.43   data arrival time

                  0.00    0.00    0.00   clock core_clock (rise edge)
                          1.10    1.10   clock network delay (ideal)
                          0.00    1.10   clock reconvergence pessimism
                                  1.10 ^ u.g_comp.u_norm.valid$_DFF_PN0_/CLK (sky130_fd_sc_hd__dfrtp_1)
                         -0.05    1.04   library hold time
                                  1.04   data required time
-----------------------------------------------------------------------------
                                  1.04   data required time
                                 -1.43   data arrival time
-----------------------------------------------------------------------------
                                  0.39   slack (MET)


Startpoint: u.g_comp.u_dma.done$_DFF_PN0_
            (rising edge-triggered flip-flop clocked by core_clock)
Endpoint: dma_done_o (output port clocked by vclk_core_clock)
Path Group: vclk_core_clock
Path Type: min

Fanout     Cap    Slew   Delay    Time   Description
-----------------------------------------------------------------------------
                  0.00    0.00    0.00   clock core_clock (rise edge)
                          1.10    1.10   clock network delay (ideal)
                  0.00    0.00    1.10 ^ u.g_comp.u_dma.done$_DFF_PN0_/CLK (sky130_fd_sc_hd__dfrtp_1)
     1    0.00    0.04    0.33    1.43 v u.g_comp.u_dma.done$_DFF_PN0_/Q (sky130_fd_sc_hd__dfrtp_1)
                                         net947 (net)
                  0.04    0.00    1.43 v output703/A (sky130_fd_sc_hd__clkdlybuf4s50_1)
     1    0.00    0.04    0.40    1.83 v output703/X (sky130_fd_sc_hd__clkdlybuf4s50_1)
                                         dma_done_o (net)
                  0.04    0.00    1.83 v dma_done_o (out)
                                  1.83   data arrival time

                  0.00    0.00    0.00   clock vclk_core_clock (rise edge)
                          1.10    1.10   clock network delay (ideal)
                          0.00    1.10   clock reconvergence pessimism
                         -2.00   -0.90   output external delay
                                 -0.90   data required time
-----------------------------------------------------------------------------
                                 -0.90   data required time
                                 -1.83   data arrival time
-----------------------------------------------------------------------------
                                  2.73   slack (MET)



==========================================================================
detailed place report_checks -path_delay max
--------------------------------------------------------------------------
Startpoint: rst_n (input port clocked by vclk_core_clock)
Endpoint: u.g_domain.u_dom.interconnect_reset_n$_DFFE_PN0P_
          (recovery check against rising-edge clock core_clock)
Path Group: asynchronous
Path Type: max

Fanout     Cap    Slew   Delay    Time   Description
-----------------------------------------------------------------------------
                  0.00    0.00    0.00   clock vclk_core_clock (rise edge)
                          1.10    1.10   clock network delay (ideal)
                          2.00    3.09 ^ input external delay
     1    0.01    0.00    0.00    3.09 ^ rst_n (in)
                                         rst_n (net)
                  0.00    0.00    3.10 ^ input667/A (sky130_fd_sc_hd__buf_8)
    78    0.50    0.78    0.47    3.56 ^ input667/X (sky130_fd_sc_hd__buf_8)
                                         net911 (net)
                  0.78    0.01    3.57 ^ place8601/A (sky130_fd_sc_hd__buf_4)
    66    0.37    0.99    0.90    4.47 ^ place8601/X (sky130_fd_sc_hd__buf_4)
                                         net8863 (net)
                  0.99    0.00    4.48 ^ u.g_domain.u_dom.interconnect_reset_n$_DFFE_PN0P_/RESET_B (sky130_fd_sc_hd__dfrtp_4)
                                  4.48   data arrival time

                  0.00   10.00   10.00   clock core_clock (rise edge)
                          1.10   11.10   clock network delay (ideal)
                          0.00   11.10   clock reconvergence pessimism
                                 11.10 ^ u.g_domain.u_dom.interconnect_reset_n$_DFFE_PN0P_/CLK (sky130_fd_sc_hd__dfrtp_4)
                         -0.15   10.94   library recovery time
                                 10.94   data required time
-----------------------------------------------------------------------------
                                 10.94   data required time
                                 -4.48   data arrival time
-----------------------------------------------------------------------------
                                  6.47   slack (MET)


Startpoint: u.u_ibex.core_clock_gate_i.en_latch$_DLATCH_N_
            (negative level-sensitive latch clocked by core_clock)
Endpoint: _31103_ (rising clock gating-check end-point clocked by core_clock)
Path Group: gated clock
Path Type: max

Fanout     Cap    Slew   Delay    Time   Description
-----------------------------------------------------------------------------
                  0.00    5.00    5.00   clock core_clock (fall edge)
                          1.10    6.10   clock network delay (ideal)
                  0.00    0.00    6.10 v u.u_ibex.core_clock_gate_i.en_latch$_DLATCH_N_/GATE_N (sky130_fd_sc_hd__dlxtn_1)
     1    0.00    0.04    0.37    6.46 ^ u.u_ibex.core_clock_gate_i.en_latch$_DLATCH_N_/Q (sky130_fd_sc_hd__dlxtn_1)
                                         u.u_ibex.core_clock_gate_i.en_latch (net)
                  0.04    0.00    6.46 ^ _31103_/B (sky130_fd_sc_hd__and2_0)
                                  6.46   data arrival time

                  0.00   10.00   10.00   clock core_clock (rise edge)
                          1.10   11.10   clock network delay (ideal)
                          0.00   11.10   clock reconvergence pessimism
                                 11.10 ^ _31103_/A (sky130_fd_sc_hd__and2_0)
                          0.00   11.10   clock gating setup time
                                 11.10   data required time
-----------------------------------------------------------------------------
                                 11.10   data required time
                                 -6.46   data arrival time
-----------------------------------------------------------------------------
                                  4.63   slack (MET)


Startpoint: u.u_ibex.u_ibex_core.if_stage_i.instr_rdata_alu_id_o[20]$_DFFE_PP_
            (rising edge-triggered flip-flop clocked by core_clock)
Endpoint: u.u_dram.rdata[10]$_DFFE_PN0P_
          (rising edge-triggered flip-flop clocked by core_clock)
Path Group: core_clock
Path Type: max

Fanout     Cap    Slew   Delay    Time   Description
-----------------------------------------------------------------------------
                  0.00    0.00    0.00   clock core_clock (rise edge)
                          1.10    1.10   clock network delay (ideal)
                  0.00    0.00    1.10 ^ u.u_ibex.u_ibex_core.if_stage_i.instr_rdata_alu_id_o[20]$_DFFE_PP_/CLK (sky130_fd_sc_hd__edfxtp_1)
     2    0.06    0.50    0.63    1.73 ^ u.u_ibex.u_ibex_core.if_stage_i.instr_rdata_alu_id_o[20]$_DFFE_PP_/Q (sky130_fd_sc_hd__edfxtp_1)
                                         _03854_ (net)
                  0.50    0.01    1.74 ^ place7561/A (sky130_fd_sc_hd__buf_12)
    17    0.15    0.18    0.28    2.01 ^ place7561/X (sky130_fd_sc_hd__buf_12)
                                         net7823 (net)
                  0.18    0.00    2.02 ^ place7557/A (sky130_fd_sc_hd__buf_12)
    12    0.11    0.13    0.20    2.22 ^ place7557/X (sky130_fd_sc_hd__buf_12)
                                         net7819 (net)
                  0.13    0.02    2.23 ^ place7554/A (sky130_fd_sc_hd__buf_4)
     8    0.06    0.16    0.23    2.46 ^ place7554/X (sky130_fd_sc_hd__buf_4)
                                         net7816 (net)
                  0.16    0.00    2.47 ^ _27328_/S0 (sky130_fd_sc_hd__mux4_2)
     1    0.00    0.08    0.52    2.98 v _27328_/X (sky130_fd_sc_hd__mux4_2)
                                         _10426_ (net)
                  0.08    0.00    2.98 v _27329_/A3 (sky130_fd_sc_hd__mux4_2)
     1    0.00    0.08    0.47    3.46 v _27329_/X (sky130_fd_sc_hd__mux4_2)
                                         _10427_ (net)
                  0.08    0.00    3.46 v _27330_/A1 (sky130_fd_sc_hd__mux2i_1)
     1    0.05    1.08    0.85    4.31 ^ _27330_/Y (sky130_fd_sc_hd__mux2i_1)
                                         _10428_ (net)
                  1.08    0.01    4.32 ^ place6900/A (sky130_fd_sc_hd__buf_4)
     3    0.05    0.15    0.34    4.66 ^ place6900/X (sky130_fd_sc_hd__buf_4)
                                         net7161 (net)
                  0.15    0.00    4.66 ^ _27331_/B (sky130_fd_sc_hd__nand2_1)
     1    0.00    0.04    0.07    4.73 v _27331_/Y (sky130_fd_sc_hd__nand2_1)
                                         _10429_ (net)
                  0.04    0.00    4.73 v _27333_/B1 (sky130_fd_sc_hd__o31ai_1)
     3    0.03    1.00    0.25    4.98 ^ _27333_/Y (sky130_fd_sc_hd__o31ai_1)
                                         _10431_ (net)
                  1.00    0.00    4.98 ^ _27372_/A2 (sky130_fd_sc_hd__o221ai_1)
     1    0.01    0.18    0.24    5.22 v _27372_/Y (sky130_fd_sc_hd__o221ai_1)
                                         _10470_ (net)
                  0.18    0.00    5.22 v u.u_ibex.u_ibex_core.alu_adder_result_ex\\ALU_33_0_33_0_33_unused_CO_X_Y[0]_HAN_CARLSON/place6268/A (sky130_fd_sc_hd__buf_4)
     3    0.02    0.05    0.21    5.44 v u.u_ibex.u_ibex_core.alu_adder_result_ex\\ALU_33_0_33_0_33_unused_CO_X_Y[0]_HAN_CARLSON/place6268/X (sky130_fd_sc_hd__buf_4)
                                         u.u_ibex.u_ibex_core.alu_adder_result_ex\\ALU_33_0_33_0_33_unused_CO_X_Y[0]_HAN_CARLSON/net6529 (net)
                  0.05    0.00    5.44 v u.u_ibex.u_ibex_core.alu_adder_result_ex\\ALU_33_0_33_0_33_unused_CO_X_Y[0]_HAN_CARLSON/_472_/C (sky130_fd_sc_hd__xnor3_1)
     2    0.01    0.08    0.21    5.65 ^ u.u_ibex.u_ibex_core.alu_adder_result_ex\\ALU_33_0_33_0_33_unused_CO_X_Y[0]_HAN_CARLSON/_472_/X (sky130_fd_sc_hd__xnor3_1)
                                         u.u_ibex.u_ibex_core.alu_adder_result_ex\\ALU_33_0_33_0_33_unused_CO_X_Y[0]_HAN_CARLSON/_209_ (net)
                  0.08    0.00    5.65 ^ u.u_ibex.u_ibex_core.alu_adder_result_ex\\ALU_33_0_33_0_33_unused_CO_X_Y[0]_HAN_CARLSON/_474_/B (sky130_fd_sc_hd__or2_0)
     3    0.01    0.17    0.19    5.84 ^ u.u_ibex.u_ibex_core.alu_adder_result_ex\\ALU_33_0_33_0_33_unused_CO_X_Y[0]_HAN_CARLSON/_474_/X (sky130_fd_sc_hd__or2_0)
                                         u.u_ibex.u_ibex_core.alu_adder_result_ex\\ALU_33_0_33_0_33_unused_CO_X_Y[0]_HAN_CARLSON/_210_ (net)
                  0.17    0.00    5.84 ^ u.u_ibex.u_ibex_core.alu_adder_result_ex\\ALU_33_0_33_0_33_unused_CO_X_Y[0]_HAN_CARLSON/_475_/B (sky130_fd_sc_hd__or2_0)
     3    0.01    0.14    0.19    6.03 ^ u.u_ibex.u_ibex_core.alu_adder_result_ex\\ALU_33_0_33_0_33_unused_CO_X_Y[0]_HAN_CARLSON/_475_/X (sky130_fd_sc_hd__or2_0)
                                         u.u_ibex.u_ibex_core.alu_adder_result_ex\\ALU_33_0_33_0_33_unused_CO_X_Y[0]_HAN_CARLSON/_211_ (net)
                  0.14    0.00    6.03 ^ u.u_ibex.u_ibex_core.alu_adder_result_ex\\ALU_33_0_33_0_33_unused_CO_X_Y[0]_HAN_CARLSON/_476_/B (sky130_fd_sc_hd__nor2_1)
     2    0.01    0.06    0.07    6.10 v u.u_ibex.u_ibex_core.alu_adder_result_ex\\ALU_33_0_33_0_33_unused_CO_X_Y[0]_HAN_CARLSON/_476_/Y (sky130_fd_sc_hd__nor2_1)
                                         u.u_ibex.u_ibex_core.alu_adder_result_ex\\ALU_33_0_33_0_33_unused_CO_X_Y[0]_HAN_CARLSON/_212_ (net)
                  0.06    0.00    6.10 v u.u_ibex.u_ibex_core.alu_adder_result_ex\\ALU_33_0_33_0_33_unused_CO_X_Y[0]_HAN_CARLSON/_287_/B1 (sky130_fd_sc_hd__o311a_1)
     1    0.01    0.07    0.14    6.24 v u.u_ibex.u_ibex_core.alu_adder_result_ex\\ALU_33_0_33_0_33_unused_CO_X_Y[0]_HAN_CARLSON/_287_/X (sky130_fd_sc_hd__o311a_1)
                                         u.u_ibex.u_ibex_core.alu_adder_result_ex\\ALU_33_0_33_0_33_unused_CO_X_Y[0]_HAN_CARLSON/_047_ (net)
                  0.07    0.00    6.24 v u.u_ibex.u_ibex_core.alu_adder_result_ex\\ALU_33_0_33_0_33_unused_CO_X_Y[0]_HAN_CARLSON/_288_/B1 (sky130_fd_sc_hd__a211oi_1)
     3    0.04    1.18    0.96    7.20 ^ u.u_ibex.u_ibex_core.alu_adder_result_ex\\ALU_33_0_33_0_33_unused_CO_X_Y[0]_HAN_CARLSON/_288_/Y (sky130_fd_sc_hd__a211oi_1)
                                         u.u_ibex.u_ibex_core.alu_adder_result_ex\\ALU_33_0_33_0_33_unused_CO_X_Y[0]_HAN_CARLSON/_048_ (net)
                  1.18    0.00    7.20 ^ u.u_ibex.u_ibex_core.alu_adder_result_ex\\ALU_33_0_33_0_33_unused_CO_X_Y[0]_HAN_CARLSON/_364_/A1 (sky130_fd_sc_hd__o31ai_1)
     1    0.00    0.16    0.19    7.39 v u.u_ibex.u_ibex_core.alu_adder_result_ex\\ALU_33_0_33_0_33_unused_CO_X_Y[0]_HAN_CARLSON/_364_/Y (sky130_fd_sc_hd__o31ai_1)
                                         u.u_ibex.u_ibex_core.alu_adder_result_ex\\ALU_33_0_33_0_33_unused_CO_X_Y[0]_HAN_CARLSON/_116_ (net)
                  0.16    0.00    7.39 v u.u_ibex.u_ibex_core.alu_adder_result_ex\\ALU_33_0_33_0_33_unused_CO_X_Y[0]_HAN_CARLSON/place5660/A (sky130_fd_sc_hd__buf_4)
     1    0.01    0.03    0.19    7.58 v u.u_ibex.u_ibex_core.alu_adder_result_ex\\ALU_33_0_33_0_33_unused_CO_X_Y[0]_HAN_CARLSON/place5660/X (sky130_fd_sc_hd__buf_4)
                                         u.u_ibex.u_ibex_core.alu_adder_result_ex\\ALU_33_0_33_0_33_unused_CO_X_Y[0]_HAN_CARLSON/net5918 (net)
                  0.03    0.00    7.58 v u.u_ibex.u_ibex_core.alu_adder_result_ex\\ALU_33_0_33_0_33_unused_CO_X_Y[0]_HAN_CARLSON/_367_/A (sky130_fd_sc_hd__xnor2_2)
     2    0.05    0.68    0.55    8.13 ^ u.u_ibex.u_ibex_core.alu_adder_result_ex\\ALU_33_0_33_0_33_unused_CO_X_Y[0]_HAN_CARLSON/_367_/Y (sky130_fd_sc_hd__xnor2_2)
                                         net936 (net)
                  0.68    0.00    8.14 ^ place5404/A (sky130_fd_sc_hd__buf_12)
     5    0.06    0.08    0.22    8.36 ^ place5404/X (sky130_fd_sc_hd__buf_12)
                                         net5655 (net)
                  0.08    0.01    8.37 ^ place5403/A (sky130_fd_sc_hd__buf_4)
     5    0.04    0.11    0.18    8.54 ^ place5403/X (sky130_fd_sc_hd__buf_4)
                                         net5654 (net)
                  0.11    0.00    8.55 ^ _21144_/_160_/A (sky130_fd_sc_hd__nor2_1)
     2    0.01    0.06    0.07    8.62 v _21144_/_160_/Y (sky130_fd_sc_hd__nor2_1)
                                         _21144_/_050_ (net)
                  0.06    0.00    8.62 v _21144_/_176_/B (sky130_fd_sc_hd__nor4b_1)
     2    0.01    0.43    0.43    9.04 ^ _21144_/_176_/Y (sky130_fd_sc_hd__nor4b_1)
                                         _21144_/_066_ (net)
                  0.43    0.00    9.05 ^ _21144_/_186_/B (sky130_fd_sc_hd__nand4b_1)
     2    0.01    0.15    0.19    9.24 v _21144_/_186_/Y (sky130_fd_sc_hd__nand4b_1)
                                         _21144_/_076_ (net)
                  0.15    0.00    9.24 v _21144_/_135_/C (sky130_fd_sc_hd__nor4_1)
     1    0.00    0.24    0.27    9.51 ^ _21144_/_135_/Y (sky130_fd_sc_hd__nor4_1)
                                         _21144_/_026_ (net)
                  0.24    0.00    9.51 ^ _21144_/place5173/A (sky130_fd_sc_hd__buf_4)
     1    0.00    0.03    0.15    9.66 ^ _21144_/place5173/X (sky130_fd_sc_hd__buf_4)
                                         _21144_/net5424 (net)
                  0.03    0.00    9.66 ^ _21144_/_136_/A2 (sky130_fd_sc_hd__a21o_1)
     2    0.01    0.10    0.15    9.80 ^ _21144_/_136_/X (sky130_fd_sc_hd__a21o_1)
                                         _04224_ (net)
                  0.10    0.00    9.80 ^ _31279_/A_N (sky130_fd_sc_hd__and4b_1)
     1    0.00    0.04    0.20   10.00 v _31279_/X (sky130_fd_sc_hd__and4b_1)
                                         _14374_ (net)
                  0.04    0.00   10.00 v _31412_/B1 (sky130_fd_sc_hd__a21oi_1)
     1    0.04    0.91    0.70   10.70 ^ _31412_/Y (sky130_fd_sc_hd__a21oi_1)
                                         _14507_ (net)
                  0.91    0.01   10.71 ^ place5081/A (sky130_fd_sc_hd__buf_4)
     2    0.01    0.05    0.24   10.95 ^ place5081/X (sky130_fd_sc_hd__buf_4)
                                         net5332 (net)
                  0.05    0.00   10.95 ^ _31946_/D1 (sky130_fd_sc_hd__o2111a_1)
     2    0.01    0.15    0.24   11.19 ^ _31946_/X (sky130_fd_sc_hd__o2111a_1)
                                         _15041_ (net)
                  0.15    0.00   11.19 ^ _31947_/B (sky130_fd_sc_hd__nand2_1)
     2    0.02    0.12    0.15   11.33 v _31947_/Y (sky130_fd_sc_hd__nand2_1)
                                         _15042_ (net)
                  0.12    0.00   11.33 v _32200_/A1 (sky130_fd_sc_hd__o41ai_2)
     1    0.06    1.38    1.22   12.56 ^ _32200_/Y (sky130_fd_sc_hd__o41ai_2)
                                         _15294_ (net)
                  1.38    0.01   12.57 ^ place5006/A (sky130_fd_sc_hd__buf_4)
     2    0.01    0.06    0.27   12.84 ^ place5006/X (sky130_fd_sc_hd__buf_4)
                                         net5257 (net)
                  0.06    0.00   12.84 ^ _32304_/A1 (sky130_fd_sc_hd__o21ai_1)
     1    0.01    0.17    0.12   12.96 v _32304_/Y (sky130_fd_sc_hd__o21ai_1)
                                         _15397_ (net)
                  0.17    0.00   12.96 v place4988/A (sky130_fd_sc_hd__buf_4)
     2    0.03    0.05    0.22   13.17 v place4988/X (sky130_fd_sc_hd__buf_4)
                                         net5239 (net)
                  0.05    0.00   13.17 v place4987/A (sky130_fd_sc_hd__buf_4)
     5    0.04    0.07    0.18   13.35 v place4987/X (sky130_fd_sc_hd__buf_4)
                                         net5238 (net)
                  0.07    0.00   13.36 v _32356_/B (sky130_fd_sc_hd__nor4_1)
     2    0.01    0.29    0.32   13.68 ^ _32356_/Y (sky130_fd_sc_hd__nor4_1)
                                         _15449_ (net)
                  0.29    0.00   13.68 ^ _37269_/B_N (sky130_fd_sc_hd__nor2b_2)
     1    0.01    0.13    0.25   13.92 ^ _37269_/Y (sky130_fd_sc_hd__nor2b_2)
                                         _20332_ (net)
                  0.13    0.00   13.92 ^ place4920/A (sky130_fd_sc_hd__buf_12)
    18    0.10    0.12    0.18   14.11 ^ place4920/X (sky130_fd_sc_hd__buf_12)
                                         net5171 (net)
                  0.13    0.01   14.12 ^ place4919/A (sky130_fd_sc_hd__buf_4)
     6    0.03    0.10    0.18   14.30 ^ place4919/X (sky130_fd_sc_hd__buf_4)
                                         net5170 (net)
                  0.10    0.00   14.30 ^ _37290_/S (sky130_fd_sc_hd__mux2i_1)
     1    0.00    0.15    0.21   14.51 ^ _37290_/Y (sky130_fd_sc_hd__mux2i_1)
                                         _20353_ (net)
                  0.15    0.00   14.51 ^ u.u_dram.rdata[10]$_DFFE_PN0P_/D (sky130_fd_sc_hd__dfrtp_1)
                                 14.51   data arrival time

                  0.00   10.00   10.00   clock core_clock (rise edge)
                          1.10   11.10   clock network delay (ideal)
                          0.00   11.10   clock reconvergence pessimism
                                 11.10 ^ u.u_dram.rdata[10]$_DFFE_PN0P_/CLK (sky130_fd_sc_hd__dfrtp_1)
                         -0.09   11.00   library setup time
                                 11.00   data required time
-----------------------------------------------------------------------------
                                 11.00   data required time
                                -14.51   data arrival time
-----------------------------------------------------------------------------
                                 -3.50   slack (VIOLATED)


Startpoint: u.u_ibex.u_ibex_core.if_stage_i.instr_rdata_alu_id_o[20]$_DFFE_PP_
            (rising edge-triggered flip-flop clocked by core_clock)
Endpoint: data_req_o (output port clocked by vclk_core_clock)
Path Group: vclk_core_clock
Path Type: max

Fanout     Cap    Slew   Delay    Time   Description
-----------------------------------------------------------------------------
                  0.00    0.00    0.00   clock core_clock (rise edge)
                          1.10    1.10   clock network delay (ideal)
                  0.00    0.00    1.10 ^ u.u_ibex.u_ibex_core.if_stage_i.instr_rdata_alu_id_o[20]$_DFFE_PP_/CLK (sky130_fd_sc_hd__edfxtp_1)
     2    0.06    0.50    0.63    1.73 ^ u.u_ibex.u_ibex_core.if_stage_i.instr_rdata_alu_id_o[20]$_DFFE_PP_/Q (sky130_fd_sc_hd__edfxtp_1)
                                         _03854_ (net)
                  0.50    0.01    1.74 ^ place7561/A (sky130_fd_sc_hd__buf_12)
    17    0.15    0.18    0.28    2.01 ^ place7561/X (sky130_fd_sc_hd__buf_12)
                                         net7823 (net)
                  0.18    0.00    2.02 ^ place7557/A (sky130_fd_sc_hd__buf_12)
    12    0.11    0.13    0.20    2.22 ^ place7557/X (sky130_fd_sc_hd__buf_12)
                                         net7819 (net)
                  0.13    0.02    2.23 ^ place7554/A (sky130_fd_sc_hd__buf_4)
     8    0.06    0.16    0.23    2.46 ^ place7554/X (sky130_fd_sc_hd__buf_4)
                                         net7816 (net)
                  0.16    0.00    2.47 ^ _27328_/S0 (sky130_fd_sc_hd__mux4_2)
     1    0.00    0.08    0.52    2.98 v _27328_/X (sky130_fd_sc_hd__mux4_2)
                                         _10426_ (net)
                  0.08    0.00    2.98 v _27329_/A3 (sky130_fd_sc_hd__mux4_2)
     1    0.00    0.08    0.47    3.46 v _27329_/X (sky130_fd_sc_hd__mux4_2)
                                         _10427_ (net)
                  0.08    0.00    3.46 v _27330_/A1 (sky130_fd_sc_hd__mux2i_1)
     1    0.05    1.08    0.85    4.31 ^ _27330_/Y (sky130_fd_sc_hd__mux2i_1)
                                         _10428_ (net)
                  1.08    0.01    4.32 ^ place6900/A (sky130_fd_sc_hd__buf_4)
     3    0.05    0.15    0.34    4.66 ^ place6900/X (sky130_fd_sc_hd__buf_4)
                                         net7161 (net)
                  0.15    0.00    4.66 ^ _27331_/B (sky130_fd_sc_hd__nand2_1)
     1    0.00    0.04    0.07    4.73 v _27331_/Y (sky130_fd_sc_hd__nand2_1)
                                         _10429_ (net)
                  0.04    0.00    4.73 v _27333_/B1 (sky130_fd_sc_hd__o31ai_1)
     3    0.03    1.00    0.25    4.98 ^ _27333_/Y (sky130_fd_sc_hd__o31ai_1)
                                         _10431_ (net)
                  1.00    0.00    4.98 ^ _27372_/A2 (sky130_fd_sc_hd__o221ai_1)
     1    0.01    0.18    0.24    5.22 v _27372_/Y (sky130_fd_sc_hd__o221ai_1)
                                         _10470_ (net)
                  0.18    0.00    5.22 v u.u_ibex.u_ibex_core.alu_adder_result_ex\\ALU_33_0_33_0_33_unused_CO_X_Y[0]_HAN_CARLSON/place6268/A (sky130_fd_sc_hd__buf_4)
     3    0.02    0.05    0.21    5.44 v u.u_ibex.u_ibex_core.alu_adder_result_ex\\ALU_33_0_33_0_33_unused_CO_X_Y[0]_HAN_CARLSON/place6268/X (sky130_fd_sc_hd__buf_4)
                                         u.u_ibex.u_ibex_core.alu_adder_result_ex\\ALU_33_0_33_0_33_unused_CO_X_Y[0]_HAN_CARLSON/net6529 (net)
                  0.05    0.00    5.44 v u.u_ibex.u_ibex_core.alu_adder_result_ex\\ALU_33_0_33_0_33_unused_CO_X_Y[0]_HAN_CARLSON/_472_/C (sky130_fd_sc_hd__xnor3_1)
     2    0.01    0.08    0.21    5.65 ^ u.u_ibex.u_ibex_core.alu_adder_result_ex\\ALU_33_0_33_0_33_unused_CO_X_Y[0]_HAN_CARLSON/_472_/X (sky130_fd_sc_hd__xnor3_1)
                                         u.u_ibex.u_ibex_core.alu_adder_result_ex\\ALU_33_0_33_0_33_unused_CO_X_Y[0]_HAN_CARLSON/_209_ (net)
                  0.08    0.00    5.65 ^ u.u_ibex.u_ibex_core.alu_adder_result_ex\\ALU_33_0_33_0_33_unused_CO_X_Y[0]_HAN_CARLSON/_474_/B (sky130_fd_sc_hd__or2_0)
     3    0.01    0.17    0.19    5.84 ^ u.u_ibex.u_ibex_core.alu_adder_result_ex\\ALU_33_0_33_0_33_unused_CO_X_Y[0]_HAN_CARLSON/_474_/X (sky130_fd_sc_hd__or2_0)
                                         u.u_ibex.u_ibex_core.alu_adder_result_ex\\ALU_33_0_33_0_33_unused_CO_X_Y[0]_HAN_CARLSON/_210_ (net)
                  0.17    0.00    5.84 ^ u.u_ibex.u_ibex_core.alu_adder_result_ex\\ALU_33_0_33_0_33_unused_CO_X_Y[0]_HAN_CARLSON/_475_/B (sky130_fd_sc_hd__or2_0)
     3    0.01    0.14    0.19    6.03 ^ u.u_ibex.u_ibex_core.alu_adder_result_ex\\ALU_33_0_33_0_33_unused_CO_X_Y[0]_HAN_CARLSON/_475_/X (sky130_fd_sc_hd__or2_0)
                                         u.u_ibex.u_ibex_core.alu_adder_result_ex\\ALU_33_0_33_0_33_unused_CO_X_Y[0]_HAN_CARLSON/_211_ (net)
                  0.14    0.00    6.03 ^ u.u_ibex.u_ibex_core.alu_adder_result_ex\\ALU_33_0_33_0_33_unused_CO_X_Y[0]_HAN_CARLSON/_476_/B (sky130_fd_sc_hd__nor2_1)
     2    0.01    0.06    0.07    6.10 v u.u_ibex.u_ibex_core.alu_adder_result_ex\\ALU_33_0_33_0_33_unused_CO_X_Y[0]_HAN_CARLSON/_476_/Y (sky130_fd_sc_hd__nor2_1)
                                         u.u_ibex.u_ibex_core.alu_adder_result_ex\\ALU_33_0_33_0_33_unused_CO_X_Y[0]_HAN_CARLSON/_212_ (net)
                  0.06    0.00    6.10 v u.u_ibex.u_ibex_core.alu_adder_result_ex\\ALU_33_0_33_0_33_unused_CO_X_Y[0]_HAN_CARLSON/_287_/B1 (sky130_fd_sc_hd__o311a_1)
     1    0.01    0.07    0.14    6.24 v u.u_ibex.u_ibex_core.alu_adder_result_ex\\ALU_33_0_33_0_33_unused_CO_X_Y[0]_HAN_CARLSON/_287_/X (sky130_fd_sc_hd__o311a_1)
                                         u.u_ibex.u_ibex_core.alu_adder_result_ex\\ALU_33_0_33_0_33_unused_CO_X_Y[0]_HAN_CARLSON/_047_ (net)
                  0.07    0.00    6.24 v u.u_ibex.u_ibex_core.alu_adder_result_ex\\ALU_33_0_33_0_33_unused_CO_X_Y[0]_HAN_CARLSON/_288_/B1 (sky130_fd_sc_hd__a211oi_1)
     3    0.04    1.18    0.96    7.20 ^ u.u_ibex.u_ibex_core.alu_adder_result_ex\\ALU_33_0_33_0_33_unused_CO_X_Y[0]_HAN_CARLSON/_288_/Y (sky130_fd_sc_hd__a211oi_1)
                                         u.u_ibex.u_ibex_core.alu_adder_result_ex\\ALU_33_0_33_0_33_unused_CO_X_Y[0]_HAN_CARLSON/_048_ (net)
                  1.18    0.00    7.20 ^ u.u_ibex.u_ibex_core.alu_adder_result_ex\\ALU_33_0_33_0_33_unused_CO_X_Y[0]_HAN_CARLSON/_364_/A1 (sky130_fd_sc_hd__o31ai_1)
     1    0.00    0.16    0.19    7.39 v u.u_ibex.u_ibex_core.alu_adder_result_ex\\ALU_33_0_33_0_33_unused_CO_X_Y[0]_HAN_CARLSON/_364_/Y (sky130_fd_sc_hd__o31ai_1)
                                         u.u_ibex.u_ibex_core.alu_adder_result_ex\\ALU_33_0_33_0_33_unused_CO_X_Y[0]_HAN_CARLSON/_116_ (net)
                  0.16    0.00    7.39 v u.u_ibex.u_ibex_core.alu_adder_result_ex\\ALU_33_0_33_0_33_unused_CO_X_Y[0]_HAN_CARLSON/place5660/A (sky130_fd_sc_hd__buf_4)
     1    0.01    0.03    0.19    7.58 v u.u_ibex.u_ibex_core.alu_adder_result_ex\\ALU_33_0_33_0_33_unused_CO_X_Y[0]_HAN_CARLSON/place5660/X (sky130_fd_sc_hd__buf_4)
                                         u.u_ibex.u_ibex_core.alu_adder_result_ex\\ALU_33_0_33_0_33_unused_CO_X_Y[0]_HAN_CARLSON/net5918 (net)
                  0.03    0.00    7.58 v u.u_ibex.u_ibex_core.alu_adder_result_ex\\ALU_33_0_33_0_33_unused_CO_X_Y[0]_HAN_CARLSON/_367_/A (sky130_fd_sc_hd__xnor2_2)
     2    0.05    0.68    0.55    8.13 ^ u.u_ibex.u_ibex_core.alu_adder_result_ex\\ALU_33_0_33_0_33_unused_CO_X_Y[0]_HAN_CARLSON/_367_/Y (sky130_fd_sc_hd__xnor2_2)
                                         net936 (net)
                  0.68    0.00    8.14 ^ place5404/A (sky130_fd_sc_hd__buf_12)
     5    0.06    0.08    0.22    8.36 ^ place5404/X (sky130_fd_sc_hd__buf_12)
                                         net5655 (net)
                  0.08    0.01    8.37 ^ place5403/A (sky130_fd_sc_hd__buf_4)
     5    0.04    0.11    0.18    8.54 ^ place5403/X (sky130_fd_sc_hd__buf_4)
                                         net5654 (net)
                  0.11    0.00    8.55 ^ _21144_/_160_/A (sky130_fd_sc_hd__nor2_1)
     2    0.01    0.06    0.07    8.62 v _21144_/_160_/Y (sky130_fd_sc_hd__nor2_1)
                                         _21144_/_050_ (net)
                  0.06    0.00    8.62 v _21144_/_176_/B (sky130_fd_sc_hd__nor4b_1)
     2    0.01    0.43    0.43    9.04 ^ _21144_/_176_/Y (sky130_fd_sc_hd__nor4b_1)
                                         _21144_/_066_ (net)
                  0.43    0.00    9.05 ^ _21144_/_186_/B (sky130_fd_sc_hd__nand4b_1)
     2    0.01    0.15    0.19    9.24 v _21144_/_186_/Y (sky130_fd_sc_hd__nand4b_1)
                                         _21144_/_076_ (net)
                  0.15    0.00    9.24 v _21144_/_135_/C (sky130_fd_sc_hd__nor4_1)
     1    0.00    0.24    0.27    9.51 ^ _21144_/_135_/Y (sky130_fd_sc_hd__nor4_1)
                                         _21144_/_026_ (net)
                  0.24    0.00    9.51 ^ _21144_/place5173/A (sky130_fd_sc_hd__buf_4)
     1    0.00    0.03    0.15    9.66 ^ _21144_/place5173/X (sky130_fd_sc_hd__buf_4)
                                         _21144_/net5424 (net)
                  0.03    0.00    9.66 ^ _21144_/_136_/A2 (sky130_fd_sc_hd__a21o_1)
     2    0.01    0.10    0.15    9.80 ^ _21144_/_136_/X (sky130_fd_sc_hd__a21o_1)
                                         _04224_ (net)
                  0.10    0.00    9.80 ^ _31279_/A_N (sky130_fd_sc_hd__and4b_1)
     1    0.00    0.04    0.20   10.00 v _31279_/X (sky130_fd_sc_hd__and4b_1)
                                         _14374_ (net)
                  0.04    0.00   10.00 v _31412_/B1 (sky130_fd_sc_hd__a21oi_1)
     1    0.04    0.91    0.70   10.70 ^ _31412_/Y (sky130_fd_sc_hd__a21oi_1)
                                         _14507_ (net)
                  0.91    0.01   10.71 ^ place5081/A (sky130_fd_sc_hd__buf_4)
     2    0.01    0.05    0.24   10.95 ^ place5081/X (sky130_fd_sc_hd__buf_4)
                                         net5332 (net)
                  0.05    0.00   10.95 ^ _31946_/D1 (sky130_fd_sc_hd__o2111a_1)
     2    0.01    0.15    0.24   11.19 ^ _31946_/X (sky130_fd_sc_hd__o2111a_1)
                                         _15041_ (net)
                  0.15    0.00   11.19 ^ _31947_/B (sky130_fd_sc_hd__nand2_1)
     2    0.02    0.12    0.15   11.33 v _31947_/Y (sky130_fd_sc_hd__nand2_1)
                                         _15042_ (net)
                  0.12    0.00   11.33 v _32200_/A1 (sky130_fd_sc_hd__o41ai_2)
     1    0.06    1.38    1.22   12.56 ^ _32200_/Y (sky130_fd_sc_hd__o41ai_2)
                                         _15294_ (net)
                  1.38    0.01   12.57 ^ place5006/A (sky130_fd_sc_hd__buf_4)
     2    0.01    0.06    0.27   12.84 ^ place5006/X (sky130_fd_sc_hd__buf_4)
                                         net5257 (net)
                  0.06    0.00   12.84 ^ _32304_/A1 (sky130_fd_sc_hd__o21ai_1)
     1    0.01    0.17    0.12   12.96 v _32304_/Y (sky130_fd_sc_hd__o21ai_1)
                                         _15397_ (net)
                  0.17    0.00   12.96 v place4988/A (sky130_fd_sc_hd__buf_4)
     2    0.03    0.05    0.22   13.17 v place4988/X (sky130_fd_sc_hd__buf_4)
                                         net5239 (net)
                  0.05    0.00   13.18 v _32303_/A (sky130_fd_sc_hd__clkinv_1)
     1    0.00    0.03    0.05   13.23 ^ _32303_/Y (sky130_fd_sc_hd__clkinv_1)
                                         net945 (net)
                  0.03    0.00   13.23 ^ output701/A (sky130_fd_sc_hd__clkdlybuf4s50_1)
     1    0.00    0.05    0.47   13.69 ^ output701/X (sky130_fd_sc_hd__clkdlybuf4s50_1)
                                         data_req_o (net)
                  0.05    0.00   13.69 ^ data_req_o (out)
                                 13.69   data arrival time

                  0.00   10.00   10.00   clock vclk_core_clock (rise edge)
                          1.10   11.10   clock network delay (ideal)
                          0.00   11.10   clock reconvergence pessimism
                         -2.00    9.09   output external delay
                                  9.09   data required time
-----------------------------------------------------------------------------
                                  9.09   data required time
                                -13.69   data arrival time
-----------------------------------------------------------------------------
                                 -4.60   slack (VIOLATED)



==========================================================================
detailed place report_checks -unconstrained
--------------------------------------------------------------------------
Startpoint: rst_n (input port clocked by vclk_core_clock)
Endpoint: u.g_domain.u_dom.interconnect_reset_n$_DFFE_PN0P_
          (recovery check against rising-edge clock core_clock)
Path Group: asynchronous
Path Type: max

Fanout     Cap    Slew   Delay    Time   Description
-----------------------------------------------------------------------------
                  0.00    0.00    0.00   clock vclk_core_clock (rise edge)
                          1.10    1.10   clock network delay (ideal)
                          2.00    3.09 ^ input external delay
     1    0.01    0.00    0.00    3.09 ^ rst_n (in)
                                         rst_n (net)
                  0.00    0.00    3.10 ^ input667/A (sky130_fd_sc_hd__buf_8)
    78    0.50    0.78    0.47    3.56 ^ input667/X (sky130_fd_sc_hd__buf_8)
                                         net911 (net)
                  0.78    0.01    3.57 ^ place8601/A (sky130_fd_sc_hd__buf_4)
    66    0.37    0.99    0.90    4.47 ^ place8601/X (sky130_fd_sc_hd__buf_4)
                                         net8863 (net)
                  0.99    0.00    4.48 ^ u.g_domain.u_dom.interconnect_reset_n$_DFFE_PN0P_/RESET_B (sky130_fd_sc_hd__dfrtp_4)
                                  4.48   data arrival time

                  0.00   10.00   10.00   clock core_clock (rise edge)
                          1.10   11.10   clock network delay (ideal)
                          0.00   11.10   clock reconvergence pessimism
                                 11.10 ^ u.g_domain.u_dom.interconnect_reset_n$_DFFE_PN0P_/CLK (sky130_fd_sc_hd__dfrtp_4)
                         -0.15   10.94   library recovery time
                                 10.94   data required time
-----------------------------------------------------------------------------
                                 10.94   data required time
                                 -4.48   data arrival time
-----------------------------------------------------------------------------
                                  6.47   slack (MET)


Startpoint: u.u_ibex.core_clock_gate_i.en_latch$_DLATCH_N_
            (negative level-sensitive latch clocked by core_clock)
Endpoint: _31103_ (rising clock gating-check end-point clocked by core_clock)
Path Group: gated clock
Path Type: max

Fanout     Cap    Slew   Delay    Time   Description
-----------------------------------------------------------------------------
                  0.00    5.00    5.00   clock core_clock (fall edge)
                          1.10    6.10   clock network delay (ideal)
                  0.00    0.00    6.10 v u.u_ibex.core_clock_gate_i.en_latch$_DLATCH_N_/GATE_N (sky130_fd_sc_hd__dlxtn_1)
     1    0.00    0.04    0.37    6.46 ^ u.u_ibex.core_clock_gate_i.en_latch$_DLATCH_N_/Q (sky130_fd_sc_hd__dlxtn_1)
                                         u.u_ibex.core_clock_gate_i.en_latch (net)
                  0.04    0.00    6.46 ^ _31103_/B (sky130_fd_sc_hd__and2_0)
                                  6.46   data arrival time

                  0.00   10.00   10.00   clock core_clock (rise edge)
                          1.10   11.10   clock network delay (ideal)
                          0.00   11.10   clock reconvergence pessimism
                                 11.10 ^ _31103_/A (sky130_fd_sc_hd__and2_0)
                          0.00   11.10   clock gating setup time
                                 11.10   data required time
-----------------------------------------------------------------------------
                                 11.10   data required time
                                 -6.46   data arrival time
-----------------------------------------------------------------------------
                                  4.63   slack (MET)


Startpoint: u.u_ibex.u_ibex_core.if_stage_i.instr_rdata_alu_id_o[20]$_DFFE_PP_
            (rising edge-triggered flip-flop clocked by core_clock)
Endpoint: u.u_dram.rdata[10]$_DFFE_PN0P_
          (rising edge-triggered flip-flop clocked by core_clock)
Path Group: core_clock
Path Type: max

Fanout     Cap    Slew   Delay    Time   Description
-----------------------------------------------------------------------------
                  0.00    0.00    0.00   clock core_clock (rise edge)
                          1.10    1.10   clock network delay (ideal)
                  0.00    0.00    1.10 ^ u.u_ibex.u_ibex_core.if_stage_i.instr_rdata_alu_id_o[20]$_DFFE_PP_/CLK (sky130_fd_sc_hd__edfxtp_1)
     2    0.06    0.50    0.63    1.73 ^ u.u_ibex.u_ibex_core.if_stage_i.instr_rdata_alu_id_o[20]$_DFFE_PP_/Q (sky130_fd_sc_hd__edfxtp_1)
                                         _03854_ (net)
                  0.50    0.01    1.74 ^ place7561/A (sky130_fd_sc_hd__buf_12)
    17    0.15    0.18    0.28    2.01 ^ place7561/X (sky130_fd_sc_hd__buf_12)
                                         net7823 (net)
                  0.18    0.00    2.02 ^ place7557/A (sky130_fd_sc_hd__buf_12)
    12    0.11    0.13    0.20    2.22 ^ place7557/X (sky130_fd_sc_hd__buf_12)
                                         net7819 (net)
                  0.13    0.02    2.23 ^ place7554/A (sky130_fd_sc_hd__buf_4)
     8    0.06    0.16    0.23    2.46 ^ place7554/X (sky130_fd_sc_hd__buf_4)
                                         net7816 (net)
                  0.16    0.00    2.47 ^ _27328_/S0 (sky130_fd_sc_hd__mux4_2)
     1    0.00    0.08    0.52    2.98 v _27328_/X (sky130_fd_sc_hd__mux4_2)
                                         _10426_ (net)
                  0.08    0.00    2.98 v _27329_/A3 (sky130_fd_sc_hd__mux4_2)
     1    0.00    0.08    0.47    3.46 v _27329_/X (sky130_fd_sc_hd__mux4_2)
                                         _10427_ (net)
                  0.08    0.00    3.46 v _27330_/A1 (sky130_fd_sc_hd__mux2i_1)
     1    0.05    1.08    0.85    4.31 ^ _27330_/Y (sky130_fd_sc_hd__mux2i_1)
                                         _10428_ (net)
                  1.08    0.01    4.32 ^ place6900/A (sky130_fd_sc_hd__buf_4)
     3    0.05    0.15    0.34    4.66 ^ place6900/X (sky130_fd_sc_hd__buf_4)
                                         net7161 (net)
                  0.15    0.00    4.66 ^ _27331_/B (sky130_fd_sc_hd__nand2_1)
     1    0.00    0.04    0.07    4.73 v _27331_/Y (sky130_fd_sc_hd__nand2_1)
                                         _10429_ (net)
                  0.04    0.00    4.73 v _27333_/B1 (sky130_fd_sc_hd__o31ai_1)
     3    0.03    1.00    0.25    4.98 ^ _27333_/Y (sky130_fd_sc_hd__o31ai_1)
                                         _10431_ (net)
                  1.00    0.00    4.98 ^ _27372_/A2 (sky130_fd_sc_hd__o221ai_1)
     1    0.01    0.18    0.24    5.22 v _27372_/Y (sky130_fd_sc_hd__o221ai_1)
                                         _10470_ (net)
                  0.18    0.00    5.22 v u.u_ibex.u_ibex_core.alu_adder_result_ex\\ALU_33_0_33_0_33_unused_CO_X_Y[0]_HAN_CARLSON/place6268/A (sky130_fd_sc_hd__buf_4)
     3    0.02    0.05    0.21    5.44 v u.u_ibex.u_ibex_core.alu_adder_result_ex\\ALU_33_0_33_0_33_unused_CO_X_Y[0]_HAN_CARLSON/place6268/X (sky130_fd_sc_hd__buf_4)
                                         u.u_ibex.u_ibex_core.alu_adder_result_ex\\ALU_33_0_33_0_33_unused_CO_X_Y[0]_HAN_CARLSON/net6529 (net)
                  0.05    0.00    5.44 v u.u_ibex.u_ibex_core.alu_adder_result_ex\\ALU_33_0_33_0_33_unused_CO_X_Y[0]_HAN_CARLSON/_472_/C (sky130_fd_sc_hd__xnor3_1)
     2    0.01    0.08    0.21    5.65 ^ u.u_ibex.u_ibex_core.alu_adder_result_ex\\ALU_33_0_33_0_33_unused_CO_X_Y[0]_HAN_CARLSON/_472_/X (sky130_fd_sc_hd__xnor3_1)
                                         u.u_ibex.u_ibex_core.alu_adder_result_ex\\ALU_33_0_33_0_33_unused_CO_X_Y[0]_HAN_CARLSON/_209_ (net)
                  0.08    0.00    5.65 ^ u.u_ibex.u_ibex_core.alu_adder_result_ex\\ALU_33_0_33_0_33_unused_CO_X_Y[0]_HAN_CARLSON/_474_/B (sky130_fd_sc_hd__or2_0)
     3    0.01    0.17    0.19    5.84 ^ u.u_ibex.u_ibex_core.alu_adder_result_ex\\ALU_33_0_33_0_33_unused_CO_X_Y[0]_HAN_CARLSON/_474_/X (sky130_fd_sc_hd__or2_0)
                                         u.u_ibex.u_ibex_core.alu_adder_result_ex\\ALU_33_0_33_0_33_unused_CO_X_Y[0]_HAN_CARLSON/_210_ (net)
                  0.17    0.00    5.84 ^ u.u_ibex.u_ibex_core.alu_adder_result_ex\\ALU_33_0_33_0_33_unused_CO_X_Y[0]_HAN_CARLSON/_475_/B (sky130_fd_sc_hd__or2_0)
     3    0.01    0.14    0.19    6.03 ^ u.u_ibex.u_ibex_core.alu_adder_result_ex\\ALU_33_0_33_0_33_unused_CO_X_Y[0]_HAN_CARLSON/_475_/X (sky130_fd_sc_hd__or2_0)
                                         u.u_ibex.u_ibex_core.alu_adder_result_ex\\ALU_33_0_33_0_33_unused_CO_X_Y[0]_HAN_CARLSON/_211_ (net)
                  0.14    0.00    6.03 ^ u.u_ibex.u_ibex_core.alu_adder_result_ex\\ALU_33_0_33_0_33_unused_CO_X_Y[0]_HAN_CARLSON/_476_/B (sky130_fd_sc_hd__nor2_1)
     2    0.01    0.06    0.07    6.10 v u.u_ibex.u_ibex_core.alu_adder_result_ex\\ALU_33_0_33_0_33_unused_CO_X_Y[0]_HAN_CARLSON/_476_/Y (sky130_fd_sc_hd__nor2_1)
                                         u.u_ibex.u_ibex_core.alu_adder_result_ex\\ALU_33_0_33_0_33_unused_CO_X_Y[0]_HAN_CARLSON/_212_ (net)
                  0.06    0.00    6.10 v u.u_ibex.u_ibex_core.alu_adder_result_ex\\ALU_33_0_33_0_33_unused_CO_X_Y[0]_HAN_CARLSON/_287_/B1 (sky130_fd_sc_hd__o311a_1)
     1    0.01    0.07    0.14    6.24 v u.u_ibex.u_ibex_core.alu_adder_result_ex\\ALU_33_0_33_0_33_unused_CO_X_Y[0]_HAN_CARLSON/_287_/X (sky130_fd_sc_hd__o311a_1)
                                         u.u_ibex.u_ibex_core.alu_adder_result_ex\\ALU_33_0_33_0_33_unused_CO_X_Y[0]_HAN_CARLSON/_047_ (net)
                  0.07    0.00    6.24 v u.u_ibex.u_ibex_core.alu_adder_result_ex\\ALU_33_0_33_0_33_unused_CO_X_Y[0]_HAN_CARLSON/_288_/B1 (sky130_fd_sc_hd__a211oi_1)
     3    0.04    1.18    0.96    7.20 ^ u.u_ibex.u_ibex_core.alu_adder_result_ex\\ALU_33_0_33_0_33_unused_CO_X_Y[0]_HAN_CARLSON/_288_/Y (sky130_fd_sc_hd__a211oi_1)
                                         u.u_ibex.u_ibex_core.alu_adder_result_ex\\ALU_33_0_33_0_33_unused_CO_X_Y[0]_HAN_CARLSON/_048_ (net)
                  1.18    0.00    7.20 ^ u.u_ibex.u_ibex_core.alu_adder_result_ex\\ALU_33_0_33_0_33_unused_CO_X_Y[0]_HAN_CARLSON/_364_/A1 (sky130_fd_sc_hd__o31ai_1)
     1    0.00    0.16    0.19    7.39 v u.u_ibex.u_ibex_core.alu_adder_result_ex\\ALU_33_0_33_0_33_unused_CO_X_Y[0]_HAN_CARLSON/_364_/Y (sky130_fd_sc_hd__o31ai_1)
                                         u.u_ibex.u_ibex_core.alu_adder_result_ex\\ALU_33_0_33_0_33_unused_CO_X_Y[0]_HAN_CARLSON/_116_ (net)
                  0.16    0.00    7.39 v u.u_ibex.u_ibex_core.alu_adder_result_ex\\ALU_33_0_33_0_33_unused_CO_X_Y[0]_HAN_CARLSON/place5660/A (sky130_fd_sc_hd__buf_4)
     1    0.01    0.03    0.19    7.58 v u.u_ibex.u_ibex_core.alu_adder_result_ex\\ALU_33_0_33_0_33_unused_CO_X_Y[0]_HAN_CARLSON/place5660/X (sky130_fd_sc_hd__buf_4)
                                         u.u_ibex.u_ibex_core.alu_adder_result_ex\\ALU_33_0_33_0_33_unused_CO_X_Y[0]_HAN_CARLSON/net5918 (net)
                  0.03    0.00    7.58 v u.u_ibex.u_ibex_core.alu_adder_result_ex\\ALU_33_0_33_0_33_unused_CO_X_Y[0]_HAN_CARLSON/_367_/A (sky130_fd_sc_hd__xnor2_2)
     2    0.05    0.68    0.55    8.13 ^ u.u_ibex.u_ibex_core.alu_adder_result_ex\\ALU_33_0_33_0_33_unused_CO_X_Y[0]_HAN_CARLSON/_367_/Y (sky130_fd_sc_hd__xnor2_2)
                                         net936 (net)
                  0.68    0.00    8.14 ^ place5404/A (sky130_fd_sc_hd__buf_12)
     5    0.06    0.08    0.22    8.36 ^ place5404/X (sky130_fd_sc_hd__buf_12)
                                         net5655 (net)
                  0.08    0.01    8.37 ^ place5403/A (sky130_fd_sc_hd__buf_4)
     5    0.04    0.11    0.18    8.54 ^ place5403/X (sky130_fd_sc_hd__buf_4)
                                         net5654 (net)
                  0.11    0.00    8.55 ^ _21144_/_160_/A (sky130_fd_sc_hd__nor2_1)
     2    0.01    0.06    0.07    8.62 v _21144_/_160_/Y (sky130_fd_sc_hd__nor2_1)
                                         _21144_/_050_ (net)
                  0.06    0.00    8.62 v _21144_/_176_/B (sky130_fd_sc_hd__nor4b_1)
     2    0.01    0.43    0.43    9.04 ^ _21144_/_176_/Y (sky130_fd_sc_hd__nor4b_1)
                                         _21144_/_066_ (net)
                  0.43    0.00    9.05 ^ _21144_/_186_/B (sky130_fd_sc_hd__nand4b_1)
     2    0.01    0.15    0.19    9.24 v _21144_/_186_/Y (sky130_fd_sc_hd__nand4b_1)
                                         _21144_/_076_ (net)
                  0.15    0.00    9.24 v _21144_/_135_/C (sky130_fd_sc_hd__nor4_1)
     1    0.00    0.24    0.27    9.51 ^ _21144_/_135_/Y (sky130_fd_sc_hd__nor4_1)
                                         _21144_/_026_ (net)
                  0.24    0.00    9.51 ^ _21144_/place5173/A (sky130_fd_sc_hd__buf_4)
     1    0.00    0.03    0.15    9.66 ^ _21144_/place5173/X (sky130_fd_sc_hd__buf_4)
                                         _21144_/net5424 (net)
                  0.03    0.00    9.66 ^ _21144_/_136_/A2 (sky130_fd_sc_hd__a21o_1)
     2    0.01    0.10    0.15    9.80 ^ _21144_/_136_/X (sky130_fd_sc_hd__a21o_1)
                                         _04224_ (net)
                  0.10    0.00    9.80 ^ _31279_/A_N (sky130_fd_sc_hd__and4b_1)
     1    0.00    0.04    0.20   10.00 v _31279_/X (sky130_fd_sc_hd__and4b_1)
                                         _14374_ (net)
                  0.04    0.00   10.00 v _31412_/B1 (sky130_fd_sc_hd__a21oi_1)
     1    0.04    0.91    0.70   10.70 ^ _31412_/Y (sky130_fd_sc_hd__a21oi_1)
                                         _14507_ (net)
                  0.91    0.01   10.71 ^ place5081/A (sky130_fd_sc_hd__buf_4)
     2    0.01    0.05    0.24   10.95 ^ place5081/X (sky130_fd_sc_hd__buf_4)
                                         net5332 (net)
                  0.05    0.00   10.95 ^ _31946_/D1 (sky130_fd_sc_hd__o2111a_1)
     2    0.01    0.15    0.24   11.19 ^ _31946_/X (sky130_fd_sc_hd__o2111a_1)
                                         _15041_ (net)
                  0.15    0.00   11.19 ^ _31947_/B (sky130_fd_sc_hd__nand2_1)
     2    0.02    0.12    0.15   11.33 v _31947_/Y (sky130_fd_sc_hd__nand2_1)
                                         _15042_ (net)
                  0.12    0.00   11.33 v _32200_/A1 (sky130_fd_sc_hd__o41ai_2)
     1    0.06    1.38    1.22   12.56 ^ _32200_/Y (sky130_fd_sc_hd__o41ai_2)
                                         _15294_ (net)
                  1.38    0.01   12.57 ^ place5006/A (sky130_fd_sc_hd__buf_4)
     2    0.01    0.06    0.27   12.84 ^ place5006/X (sky130_fd_sc_hd__buf_4)
                                         net5257 (net)
                  0.06    0.00   12.84 ^ _32304_/A1 (sky130_fd_sc_hd__o21ai_1)
     1    0.01    0.17    0.12   12.96 v _32304_/Y (sky130_fd_sc_hd__o21ai_1)
                                         _15397_ (net)
                  0.17    0.00   12.96 v place4988/A (sky130_fd_sc_hd__buf_4)
     2    0.03    0.05    0.22   13.17 v place4988/X (sky130_fd_sc_hd__buf_4)
                                         net5239 (net)
                  0.05    0.00   13.17 v place4987/A (sky130_fd_sc_hd__buf_4)
     5    0.04    0.07    0.18   13.35 v place4987/X (sky130_fd_sc_hd__buf_4)
                                         net5238 (net)
                  0.07    0.00   13.36 v _32356_/B (sky130_fd_sc_hd__nor4_1)
     2    0.01    0.29    0.32   13.68 ^ _32356_/Y (sky130_fd_sc_hd__nor4_1)
                                         _15449_ (net)
                  0.29    0.00   13.68 ^ _37269_/B_N (sky130_fd_sc_hd__nor2b_2)
     1    0.01    0.13    0.25   13.92 ^ _37269_/Y (sky130_fd_sc_hd__nor2b_2)
                                         _20332_ (net)
                  0.13    0.00   13.92 ^ place4920/A (sky130_fd_sc_hd__buf_12)
    18    0.10    0.12    0.18   14.11 ^ place4920/X (sky130_fd_sc_hd__buf_12)
                                         net5171 (net)
                  0.13    0.01   14.12 ^ place4919/A (sky130_fd_sc_hd__buf_4)
     6    0.03    0.10    0.18   14.30 ^ place4919/X (sky130_fd_sc_hd__buf_4)
                                         net5170 (net)
                  0.10    0.00   14.30 ^ _37290_/S (sky130_fd_sc_hd__mux2i_1)
     1    0.00    0.15    0.21   14.51 ^ _37290_/Y (sky130_fd_sc_hd__mux2i_1)
                                         _20353_ (net)
                  0.15    0.00   14.51 ^ u.u_dram.rdata[10]$_DFFE_PN0P_/D (sky130_fd_sc_hd__dfrtp_1)
                                 14.51   data arrival time

                  0.00   10.00   10.00   clock core_clock (rise edge)
                          1.10   11.10   clock network delay (ideal)
                          0.00   11.10   clock reconvergence pessimism
                                 11.10 ^ u.u_dram.rdata[10]$_DFFE_PN0P_/CLK (sky130_fd_sc_hd__dfrtp_1)
                         -0.09   11.00   library setup time
                                 11.00   data required time
-----------------------------------------------------------------------------
                                 11.00   data required time
                                -14.51   data arrival time
-----------------------------------------------------------------------------
                                 -3.50   slack (VIOLATED)


Startpoint: u.u_ibex.u_ibex_core.if_stage_i.instr_rdata_alu_id_o[20]$_DFFE_PP_
            (rising edge-triggered flip-flop clocked by core_clock)
Endpoint: data_req_o (output port clocked by vclk_core_clock)
Path Group: vclk_core_clock
Path Type: max

Fanout     Cap    Slew   Delay    Time   Description
-----------------------------------------------------------------------------
                  0.00    0.00    0.00   clock core_clock (rise edge)
                          1.10    1.10   clock network delay (ideal)
                  0.00    0.00    1.10 ^ u.u_ibex.u_ibex_core.if_stage_i.instr_rdata_alu_id_o[20]$_DFFE_PP_/CLK (sky130_fd_sc_hd__edfxtp_1)
     2    0.06    0.50    0.63    1.73 ^ u.u_ibex.u_ibex_core.if_stage_i.instr_rdata_alu_id_o[20]$_DFFE_PP_/Q (sky130_fd_sc_hd__edfxtp_1)
                                         _03854_ (net)
                  0.50    0.01    1.74 ^ place7561/A (sky130_fd_sc_hd__buf_12)
    17    0.15    0.18    0.28    2.01 ^ place7561/X (sky130_fd_sc_hd__buf_12)
                                         net7823 (net)
                  0.18    0.00    2.02 ^ place7557/A (sky130_fd_sc_hd__buf_12)
    12    0.11    0.13    0.20    2.22 ^ place7557/X (sky130_fd_sc_hd__buf_12)
                                         net7819 (net)
                  0.13    0.02    2.23 ^ place7554/A (sky130_fd_sc_hd__buf_4)
     8    0.06    0.16    0.23    2.46 ^ place7554/X (sky130_fd_sc_hd__buf_4)
                                         net7816 (net)
                  0.16    0.00    2.47 ^ _27328_/S0 (sky130_fd_sc_hd__mux4_2)
     1    0.00    0.08    0.52    2.98 v _27328_/X (sky130_fd_sc_hd__mux4_2)
                                         _10426_ (net)
                  0.08    0.00    2.98 v _27329_/A3 (sky130_fd_sc_hd__mux4_2)
     1    0.00    0.08    0.47    3.46 v _27329_/X (sky130_fd_sc_hd__mux4_2)
                                         _10427_ (net)
                  0.08    0.00    3.46 v _27330_/A1 (sky130_fd_sc_hd__mux2i_1)
     1    0.05    1.08    0.85    4.31 ^ _27330_/Y (sky130_fd_sc_hd__mux2i_1)
                                         _10428_ (net)
                  1.08    0.01    4.32 ^ place6900/A (sky130_fd_sc_hd__buf_4)
     3    0.05    0.15    0.34    4.66 ^ place6900/X (sky130_fd_sc_hd__buf_4)
                                         net7161 (net)
                  0.15    0.00    4.66 ^ _27331_/B (sky130_fd_sc_hd__nand2_1)
     1    0.00    0.04    0.07    4.73 v _27331_/Y (sky130_fd_sc_hd__nand2_1)
                                         _10429_ (net)
                  0.04    0.00    4.73 v _27333_/B1 (sky130_fd_sc_hd__o31ai_1)
     3    0.03    1.00    0.25    4.98 ^ _27333_/Y (sky130_fd_sc_hd__o31ai_1)
                                         _10431_ (net)
                  1.00    0.00    4.98 ^ _27372_/A2 (sky130_fd_sc_hd__o221ai_1)
     1    0.01    0.18    0.24    5.22 v _27372_/Y (sky130_fd_sc_hd__o221ai_1)
                                         _10470_ (net)
                  0.18    0.00    5.22 v u.u_ibex.u_ibex_core.alu_adder_result_ex\\ALU_33_0_33_0_33_unused_CO_X_Y[0]_HAN_CARLSON/place6268/A (sky130_fd_sc_hd__buf_4)
     3    0.02    0.05    0.21    5.44 v u.u_ibex.u_ibex_core.alu_adder_result_ex\\ALU_33_0_33_0_33_unused_CO_X_Y[0]_HAN_CARLSON/place6268/X (sky130_fd_sc_hd__buf_4)
                                         u.u_ibex.u_ibex_core.alu_adder_result_ex\\ALU_33_0_33_0_33_unused_CO_X_Y[0]_HAN_CARLSON/net6529 (net)
                  0.05    0.00    5.44 v u.u_ibex.u_ibex_core.alu_adder_result_ex\\ALU_33_0_33_0_33_unused_CO_X_Y[0]_HAN_CARLSON/_472_/C (sky130_fd_sc_hd__xnor3_1)
     2    0.01    0.08    0.21    5.65 ^ u.u_ibex.u_ibex_core.alu_adder_result_ex\\ALU_33_0_33_0_33_unused_CO_X_Y[0]_HAN_CARLSON/_472_/X (sky130_fd_sc_hd__xnor3_1)
                                         u.u_ibex.u_ibex_core.alu_adder_result_ex\\ALU_33_0_33_0_33_unused_CO_X_Y[0]_HAN_CARLSON/_209_ (net)
                  0.08    0.00    5.65 ^ u.u_ibex.u_ibex_core.alu_adder_result_ex\\ALU_33_0_33_0_33_unused_CO_X_Y[0]_HAN_CARLSON/_474_/B (sky130_fd_sc_hd__or2_0)
     3    0.01    0.17    0.19    5.84 ^ u.u_ibex.u_ibex_core.alu_adder_result_ex\\ALU_33_0_33_0_33_unused_CO_X_Y[0]_HAN_CARLSON/_474_/X (sky130_fd_sc_hd__or2_0)
                                         u.u_ibex.u_ibex_core.alu_adder_result_ex\\ALU_33_0_33_0_33_unused_CO_X_Y[0]_HAN_CARLSON/_210_ (net)
                  0.17    0.00    5.84 ^ u.u_ibex.u_ibex_core.alu_adder_result_ex\\ALU_33_0_33_0_33_unused_CO_X_Y[0]_HAN_CARLSON/_475_/B (sky130_fd_sc_hd__or2_0)
     3    0.01    0.14    0.19    6.03 ^ u.u_ibex.u_ibex_core.alu_adder_result_ex\\ALU_33_0_33_0_33_unused_CO_X_Y[0]_HAN_CARLSON/_475_/X (sky130_fd_sc_hd__or2_0)
                                         u.u_ibex.u_ibex_core.alu_adder_result_ex\\ALU_33_0_33_0_33_unused_CO_X_Y[0]_HAN_CARLSON/_211_ (net)
                  0.14    0.00    6.03 ^ u.u_ibex.u_ibex_core.alu_adder_result_ex\\ALU_33_0_33_0_33_unused_CO_X_Y[0]_HAN_CARLSON/_476_/B (sky130_fd_sc_hd__nor2_1)
     2    0.01    0.06    0.07    6.10 v u.u_ibex.u_ibex_core.alu_adder_result_ex\\ALU_33_0_33_0_33_unused_CO_X_Y[0]_HAN_CARLSON/_476_/Y (sky130_fd_sc_hd__nor2_1)
                                         u.u_ibex.u_ibex_core.alu_adder_result_ex\\ALU_33_0_33_0_33_unused_CO_X_Y[0]_HAN_CARLSON/_212_ (net)
                  0.06    0.00    6.10 v u.u_ibex.u_ibex_core.alu_adder_result_ex\\ALU_33_0_33_0_33_unused_CO_X_Y[0]_HAN_CARLSON/_287_/B1 (sky130_fd_sc_hd__o311a_1)
     1    0.01    0.07    0.14    6.24 v u.u_ibex.u_ibex_core.alu_adder_result_ex\\ALU_33_0_33_0_33_unused_CO_X_Y[0]_HAN_CARLSON/_287_/X (sky130_fd_sc_hd__o311a_1)
                                         u.u_ibex.u_ibex_core.alu_adder_result_ex\\ALU_33_0_33_0_33_unused_CO_X_Y[0]_HAN_CARLSON/_047_ (net)
                  0.07    0.00    6.24 v u.u_ibex.u_ibex_core.alu_adder_result_ex\\ALU_33_0_33_0_33_unused_CO_X_Y[0]_HAN_CARLSON/_288_/B1 (sky130_fd_sc_hd__a211oi_1)
     3    0.04    1.18    0.96    7.20 ^ u.u_ibex.u_ibex_core.alu_adder_result_ex\\ALU_33_0_33_0_33_unused_CO_X_Y[0]_HAN_CARLSON/_288_/Y (sky130_fd_sc_hd__a211oi_1)
                                         u.u_ibex.u_ibex_core.alu_adder_result_ex\\ALU_33_0_33_0_33_unused_CO_X_Y[0]_HAN_CARLSON/_048_ (net)
                  1.18    0.00    7.20 ^ u.u_ibex.u_ibex_core.alu_adder_result_ex\\ALU_33_0_33_0_33_unused_CO_X_Y[0]_HAN_CARLSON/_364_/A1 (sky130_fd_sc_hd__o31ai_1)
     1    0.00    0.16    0.19    7.39 v u.u_ibex.u_ibex_core.alu_adder_result_ex\\ALU_33_0_33_0_33_unused_CO_X_Y[0]_HAN_CARLSON/_364_/Y (sky130_fd_sc_hd__o31ai_1)
                                         u.u_ibex.u_ibex_core.alu_adder_result_ex\\ALU_33_0_33_0_33_unused_CO_X_Y[0]_HAN_CARLSON/_116_ (net)
                  0.16    0.00    7.39 v u.u_ibex.u_ibex_core.alu_adder_result_ex\\ALU_33_0_33_0_33_unused_CO_X_Y[0]_HAN_CARLSON/place5660/A (sky130_fd_sc_hd__buf_4)
     1    0.01    0.03    0.19    7.58 v u.u_ibex.u_ibex_core.alu_adder_result_ex\\ALU_33_0_33_0_33_unused_CO_X_Y[0]_HAN_CARLSON/place5660/X (sky130_fd_sc_hd__buf_4)
                                         u.u_ibex.u_ibex_core.alu_adder_result_ex\\ALU_33_0_33_0_33_unused_CO_X_Y[0]_HAN_CARLSON/net5918 (net)
                  0.03    0.00    7.58 v u.u_ibex.u_ibex_core.alu_adder_result_ex\\ALU_33_0_33_0_33_unused_CO_X_Y[0]_HAN_CARLSON/_367_/A (sky130_fd_sc_hd__xnor2_2)
     2    0.05    0.68    0.55    8.13 ^ u.u_ibex.u_ibex_core.alu_adder_result_ex\\ALU_33_0_33_0_33_unused_CO_X_Y[0]_HAN_CARLSON/_367_/Y (sky130_fd_sc_hd__xnor2_2)
                                         net936 (net)
                  0.68    0.00    8.14 ^ place5404/A (sky130_fd_sc_hd__buf_12)
     5    0.06    0.08    0.22    8.36 ^ place5404/X (sky130_fd_sc_hd__buf_12)
                                         net5655 (net)
                  0.08    0.01    8.37 ^ place5403/A (sky130_fd_sc_hd__buf_4)
     5    0.04    0.11    0.18    8.54 ^ place5403/X (sky130_fd_sc_hd__buf_4)
                                         net5654 (net)
                  0.11    0.00    8.55 ^ _21144_/_160_/A (sky130_fd_sc_hd__nor2_1)
     2    0.01    0.06    0.07    8.62 v _21144_/_160_/Y (sky130_fd_sc_hd__nor2_1)
                                         _21144_/_050_ (net)
                  0.06    0.00    8.62 v _21144_/_176_/B (sky130_fd_sc_hd__nor4b_1)
     2    0.01    0.43    0.43    9.04 ^ _21144_/_176_/Y (sky130_fd_sc_hd__nor4b_1)
                                         _21144_/_066_ (net)
                  0.43    0.00    9.05 ^ _21144_/_186_/B (sky130_fd_sc_hd__nand4b_1)
     2    0.01    0.15    0.19    9.24 v _21144_/_186_/Y (sky130_fd_sc_hd__nand4b_1)
                                         _21144_/_076_ (net)
                  0.15    0.00    9.24 v _21144_/_135_/C (sky130_fd_sc_hd__nor4_1)
     1    0.00    0.24    0.27    9.51 ^ _21144_/_135_/Y (sky130_fd_sc_hd__nor4_1)
                                         _21144_/_026_ (net)
                  0.24    0.00    9.51 ^ _21144_/place5173/A (sky130_fd_sc_hd__buf_4)
     1    0.00    0.03    0.15    9.66 ^ _21144_/place5173/X (sky130_fd_sc_hd__buf_4)
                                         _21144_/net5424 (net)
                  0.03    0.00    9.66 ^ _21144_/_136_/A2 (sky130_fd_sc_hd__a21o_1)
     2    0.01    0.10    0.15    9.80 ^ _21144_/_136_/X (sky130_fd_sc_hd__a21o_1)
                                         _04224_ (net)
                  0.10    0.00    9.80 ^ _31279_/A_N (sky130_fd_sc_hd__and4b_1)
     1    0.00    0.04    0.20   10.00 v _31279_/X (sky130_fd_sc_hd__and4b_1)
                                         _14374_ (net)
                  0.04    0.00   10.00 v _31412_/B1 (sky130_fd_sc_hd__a21oi_1)
     1    0.04    0.91    0.70   10.70 ^ _31412_/Y (sky130_fd_sc_hd__a21oi_1)
                                         _14507_ (net)
                  0.91    0.01   10.71 ^ place5081/A (sky130_fd_sc_hd__buf_4)
     2    0.01    0.05    0.24   10.95 ^ place5081/X (sky130_fd_sc_hd__buf_4)
                                         net5332 (net)
                  0.05    0.00   10.95 ^ _31946_/D1 (sky130_fd_sc_hd__o2111a_1)
     2    0.01    0.15    0.24   11.19 ^ _31946_/X (sky130_fd_sc_hd__o2111a_1)
                                         _15041_ (net)
                  0.15    0.00   11.19 ^ _31947_/B (sky130_fd_sc_hd__nand2_1)
     2    0.02    0.12    0.15   11.33 v _31947_/Y (sky130_fd_sc_hd__nand2_1)
                                         _15042_ (net)
                  0.12    0.00   11.33 v _32200_/A1 (sky130_fd_sc_hd__o41ai_2)
     1    0.06    1.38    1.22   12.56 ^ _32200_/Y (sky130_fd_sc_hd__o41ai_2)
                                         _15294_ (net)
                  1.38    0.01   12.57 ^ place5006/A (sky130_fd_sc_hd__buf_4)
     2    0.01    0.06    0.27   12.84 ^ place5006/X (sky130_fd_sc_hd__buf_4)
                                         net5257 (net)
                  0.06    0.00   12.84 ^ _32304_/A1 (sky130_fd_sc_hd__o21ai_1)
     1    0.01    0.17    0.12   12.96 v _32304_/Y (sky130_fd_sc_hd__o21ai_1)
                                         _15397_ (net)
                  0.17    0.00   12.96 v place4988/A (sky130_fd_sc_hd__buf_4)
     2    0.03    0.05    0.22   13.17 v place4988/X (sky130_fd_sc_hd__buf_4)
                                         net5239 (net)
                  0.05    0.00   13.18 v _32303_/A (sky130_fd_sc_hd__clkinv_1)
     1    0.00    0.03    0.05   13.23 ^ _32303_/Y (sky130_fd_sc_hd__clkinv_1)
                                         net945 (net)
                  0.03    0.00   13.23 ^ output701/A (sky130_fd_sc_hd__clkdlybuf4s50_1)
     1    0.00    0.05    0.47   13.69 ^ output701/X (sky130_fd_sc_hd__clkdlybuf4s50_1)
                                         data_req_o (net)
                  0.05    0.00   13.69 ^ data_req_o (out)
                                 13.69   data arrival time

                  0.00   10.00   10.00   clock vclk_core_clock (rise edge)
                          1.10   11.10   clock network delay (ideal)
                          0.00   11.10   clock reconvergence pessimism
                         -2.00    9.09   output external delay
                                  9.09   data required time
-----------------------------------------------------------------------------
                                  9.09   data required time
                                -13.69   data arrival time
-----------------------------------------------------------------------------
                                 -4.60   slack (VIOLATED)



==========================================================================
detailed place report_check_types -max_slew -max_cap -max_fanout -violators
--------------------------------------------------------------------------
max slew

Pin                                    Limit    Slew   Slack
------------------------------------------------------------
_32352_/Y                               1.52    2.72   -1.20 (VIOLATED)
_34719_/B1                              1.50    1.65   -0.15 (VIOLATED)
place5217/A                             1.50    1.65   -0.15 (VIOLATED)
_34718_/Y                               1.50    1.65   -0.14 (VIOLATED)
_35842_/Y                               1.48    1.62   -0.14 (VIOLATED)
_34693_/B1                              1.50    1.64   -0.14 (VIOLATED)
place5221/A                             1.50    1.64   -0.14 (VIOLATED)
_34692_/Y                               1.50    1.64   -0.13 (VIOLATED)
_35843_/B                               1.50    1.62   -0.12 (VIOLATED)
_35861_/A1                              1.50    1.62   -0.12 (VIOLATED)
_35862_/B                               1.50    1.62   -0.12 (VIOLATED)
_35885_/A1                              1.50    1.62   -0.12 (VIOLATED)
_35891_/B                               1.50    1.62   -0.12 (VIOLATED)
_35892_/A2                              1.50    1.62   -0.12 (VIOLATED)
_35886_/B                               1.50    1.62   -0.12 (VIOLATED)
_35887_/A2                              1.50    1.62   -0.12 (VIOLATED)
_35888_/B                               1.50    1.62   -0.12 (VIOLATED)
_35890_/A1                              1.50    1.62   -0.12 (VIOLATED)
_33060_/Y                               1.48    1.57   -0.08 (VIOLATED)
_34680_/B1                              1.50    1.57   -0.07 (VIOLATED)
_34751_/B1                              1.50    1.57   -0.07 (VIOLATED)
place5189/A                             1.50    1.57   -0.07 (VIOLATED)
_34679_/Y                               1.50    1.57   -0.07 (VIOLATED)
_34643_/B1                              1.50    1.50   -0.00 (VIOLATED)
_34745_/B1                              1.50    1.50   -0.00 (VIOLATED)

max capacitance

Pin                                    Limit     Cap   Slack
------------------------------------------------------------
_32352_/Y                               0.07    0.14   -0.06 (VIOLATED)

_34718_/Y                               0.07    0.08   -0.01 (VIOLATED)

_34692_/Y                               0.07    0.08   -0.01 (VIOLATED)

_35842_/Y                               0.05    0.06   -0.01 (VIOLATED)

_34679_/Y                               0.07    0.08   -0.00 (VIOLATED)

_33060_/Y                               0.05    0.05   -0.00 (VIOLATED)

_34642_/Y                               0.07    0.08   -0.00 (VIOLATED)


==========================================================================
detailed place max_slew_check_slack
--------------------------------------------------------------------------
-1.1995104551315308

==========================================================================
detailed place max_slew_check_limit
--------------------------------------------------------------------------
1.5223100185394287

==========================================================================
detailed place max_slew_check_slack_limit
--------------------------------------------------------------------------
-0.7880

==========================================================================
detailed place max_fanout_check_slack
--------------------------------------------------------------------------
1.0000000150474662e+30

==========================================================================
detailed place max_fanout_check_limit
--------------------------------------------------------------------------
1.0000000150474662e+30

==========================================================================
detailed place max_capacitance_check_slack
--------------------------------------------------------------------------
-0.06300456821918488

==========================================================================
detailed place max_capacitance_check_limit
--------------------------------------------------------------------------
0.07325199991464615

==========================================================================
detailed place max_capacitance_check_slack_limit
--------------------------------------------------------------------------
-0.8601

==========================================================================
detailed place max_slew_violation_count
--------------------------------------------------------------------------
max slew violation count 25

==========================================================================
detailed place max_fanout_violation_count
--------------------------------------------------------------------------
max fanout violation count 0

==========================================================================
detailed place max_cap_violation_count
--------------------------------------------------------------------------
max cap violation count 7

==========================================================================
detailed place setup_violation_count
--------------------------------------------------------------------------
setup violation count 1318

==========================================================================
detailed place hold_violation_count
--------------------------------------------------------------------------
hold violation count 0

==========================================================================
detailed place report_checks -path_delay max reg to reg
--------------------------------------------------------------------------
Startpoint: u.g_domain.u_dom.cpu_reset_n$_DFFE_PN0P_
            (rising edge-triggered flip-flop clocked by core_clock)
Endpoint: u.u_ibex.u_ibex_core.cs_registers_i.g_pmp_registers.g_pmp_csrs[1].u_pmp_addr_csr.rd_data_o[26]$_DFFE_PN0P_
          (recovery check against rising-edge clock core_clock)
Path Group: asynchronous
Path Type: max

  Delay    Time   Description
---------------------------------------------------------
   0.00    0.00   clock core_clock (rise edge)
   1.10    1.10   clock network delay (ideal)
   0.00    1.10 ^ u.g_domain.u_dom.cpu_reset_n$_DFFE_PN0P_/CLK (sky130_fd_sc_hd__dfrtp_4)
   0.49    1.58 ^ u.g_domain.u_dom.cpu_reset_n$_DFFE_PN0P_/Q (sky130_fd_sc_hd__dfrtp_4)
   0.75    2.33 ^ place8562/X (sky130_fd_sc_hd__buf_4)
   1.05    3.39 ^ place8561/X (sky130_fd_sc_hd__buf_4)
   0.75    4.14 ^ place8560/X (sky130_fd_sc_hd__buf_12)
   0.29    4.43 ^ u.u_ibex.u_ibex_core.cs_registers_i.g_pmp_registers.g_pmp_csrs[1].u_pmp_addr_csr.rd_data_o[26]$_DFFE_PN0P_/RESET_B (sky130_fd_sc_hd__dfrtp_1)
           4.43   data arrival time

  10.00   10.00   clock core_clock (rise edge)
   1.10   11.10   clock network delay (ideal)
   0.00   11.10   clock reconvergence pessimism
          11.10 ^ u.u_ibex.u_ibex_core.cs_registers_i.g_pmp_registers.g_pmp_csrs[1].u_pmp_addr_csr.rd_data_o[26]$_DFFE_PN0P_/CLK (sky130_fd_sc_hd__dfrtp_1)
  -0.09   11.00   library recovery time
          11.00   data required time
---------------------------------------------------------
          11.00   data required time
          -4.43   data arrival time
---------------------------------------------------------
           6.57   slack (MET)


Startpoint: u.u_ibex.u_ibex_core.if_stage_i.instr_rdata_alu_id_o[20]$_DFFE_PP_
            (rising edge-triggered flip-flop clocked by core_clock)
Endpoint: u.u_dram.rdata[10]$_DFFE_PN0P_
          (rising edge-triggered flip-flop clocked by core_clock)
Path Group: core_clock
Path Type: max

  Delay    Time   Description
---------------------------------------------------------
   0.00    0.00   clock core_clock (rise edge)
   1.10    1.10   clock network delay (ideal)
   0.00    1.10 ^ u.u_ibex.u_ibex_core.if_stage_i.instr_rdata_alu_id_o[20]$_DFFE_PP_/CLK (sky130_fd_sc_hd__edfxtp_1)
   0.63    1.73 ^ u.u_ibex.u_ibex_core.if_stage_i.instr_rdata_alu_id_o[20]$_DFFE_PP_/Q (sky130_fd_sc_hd__edfxtp_1)
   0.29    2.01 ^ place7561/X (sky130_fd_sc_hd__buf_12)
   0.20    2.22 ^ place7557/X (sky130_fd_sc_hd__buf_12)
   0.25    2.46 ^ place7554/X (sky130_fd_sc_hd__buf_4)
   0.52    2.98 v _27328_/X (sky130_fd_sc_hd__mux4_2)
   0.47    3.46 v _27329_/X (sky130_fd_sc_hd__mux4_2)
   0.85    4.31 ^ _27330_/Y (sky130_fd_sc_hd__mux2i_1)
   0.35    4.66 ^ place6900/X (sky130_fd_sc_hd__buf_4)
   0.08    4.73 v _27331_/Y (sky130_fd_sc_hd__nand2_1)
   0.25    4.98 ^ _27333_/Y (sky130_fd_sc_hd__o31ai_1)
   0.24    5.22 v _27372_/Y (sky130_fd_sc_hd__o221ai_1)
   0.21    5.44 v u.u_ibex.u_ibex_core.alu_adder_result_ex\\ALU_33_0_33_0_33_unused_CO_X_Y[0]_HAN_CARLSON/place6268/X (sky130_fd_sc_hd__buf_4)
   0.21    5.65 ^ u.u_ibex.u_ibex_core.alu_adder_result_ex\\ALU_33_0_33_0_33_unused_CO_X_Y[0]_HAN_CARLSON/_472_/X (sky130_fd_sc_hd__xnor3_1)
   0.19    5.84 ^ u.u_ibex.u_ibex_core.alu_adder_result_ex\\ALU_33_0_33_0_33_unused_CO_X_Y[0]_HAN_CARLSON/_474_/X (sky130_fd_sc_hd__or2_0)
   0.19    6.03 ^ u.u_ibex.u_ibex_core.alu_adder_result_ex\\ALU_33_0_33_0_33_unused_CO_X_Y[0]_HAN_CARLSON/_475_/X (sky130_fd_sc_hd__or2_0)
   0.07    6.10 v u.u_ibex.u_ibex_core.alu_adder_result_ex\\ALU_33_0_33_0_33_unused_CO_X_Y[0]_HAN_CARLSON/_476_/Y (sky130_fd_sc_hd__nor2_1)
   0.14    6.24 v u.u_ibex.u_ibex_core.alu_adder_result_ex\\ALU_33_0_33_0_33_unused_CO_X_Y[0]_HAN_CARLSON/_287_/X (sky130_fd_sc_hd__o311a_1)
   0.96    7.20 ^ u.u_ibex.u_ibex_core.alu_adder_result_ex\\ALU_33_0_33_0_33_unused_CO_X_Y[0]_HAN_CARLSON/_288_/Y (sky130_fd_sc_hd__a211oi_1)
   0.19    7.39 v u.u_ibex.u_ibex_core.alu_adder_result_ex\\ALU_33_0_33_0_33_unused_CO_X_Y[0]_HAN_CARLSON/_364_/Y (sky130_fd_sc_hd__o31ai_1)
   0.19    7.58 v u.u_ibex.u_ibex_core.alu_adder_result_ex\\ALU_33_0_33_0_33_unused_CO_X_Y[0]_HAN_CARLSON/place5660/X (sky130_fd_sc_hd__buf_4)
   0.55    8.13 ^ u.u_ibex.u_ibex_core.alu_adder_result_ex\\ALU_33_0_33_0_33_unused_CO_X_Y[0]_HAN_CARLSON/_367_/Y (sky130_fd_sc_hd__xnor2_2)
   0.23    8.36 ^ place5404/X (sky130_fd_sc_hd__buf_12)
   0.19    8.54 ^ place5403/X (sky130_fd_sc_hd__buf_4)
   0.07    8.62 v _21144_/_160_/Y (sky130_fd_sc_hd__nor2_1)
   0.43    9.04 ^ _21144_/_176_/Y (sky130_fd_sc_hd__nor4b_1)
   0.19    9.24 v _21144_/_186_/Y (sky130_fd_sc_hd__nand4b_1)
   0.27    9.51 ^ _21144_/_135_/Y (sky130_fd_sc_hd__nor4_1)
   0.15    9.66 ^ _21144_/place5173/X (sky130_fd_sc_hd__buf_4)
   0.15    9.80 ^ _21144_/_136_/X (sky130_fd_sc_hd__a21o_1)
   0.20   10.00 v _31279_/X (sky130_fd_sc_hd__and4b_1)
   0.70   10.70 ^ _31412_/Y (sky130_fd_sc_hd__a21oi_1)
   0.25   10.95 ^ place5081/X (sky130_fd_sc_hd__buf_4)
   0.24   11.19 ^ _31946_/X (sky130_fd_sc_hd__o2111a_1)
   0.15   11.33 v _31947_/Y (sky130_fd_sc_hd__nand2_1)
   1.22   12.56 ^ _32200_/Y (sky130_fd_sc_hd__o41ai_2)
   0.28   12.84 ^ place5006/X (sky130_fd_sc_hd__buf_4)
   0.12   12.96 v _32304_/Y (sky130_fd_sc_hd__o21ai_1)
   0.22   13.17 v place4988/X (sky130_fd_sc_hd__buf_4)
   0.18   13.35 v place4987/X (sky130_fd_sc_hd__buf_4)
   0.32   13.68 ^ _32356_/Y (sky130_fd_sc_hd__nor4_1)
   0.25   13.92 ^ _37269_/Y (sky130_fd_sc_hd__nor2b_2)
   0.18   14.11 ^ place4920/X (sky130_fd_sc_hd__buf_12)
   0.19   14.30 ^ place4919/X (sky130_fd_sc_hd__buf_4)
   0.21   14.51 ^ _37290_/Y (sky130_fd_sc_hd__mux2i_1)
   0.00   14.51 ^ u.u_dram.rdata[10]$_DFFE_PN0P_/D (sky130_fd_sc_hd__dfrtp_1)
          14.51   data arrival time

  10.00   10.00   clock core_clock (rise edge)
   1.10   11.10   clock network delay (ideal)
   0.00   11.10   clock reconvergence pessimism
          11.10 ^ u.u_dram.rdata[10]$_DFFE_PN0P_/CLK (sky130_fd_sc_hd__dfrtp_1)
  -0.09   11.00   library setup time
          11.00   data required time
---------------------------------------------------------
          11.00   data required time
         -14.51   data arrival time
---------------------------------------------------------
          -3.50   slack (VIOLATED)



==========================================================================
detailed place report_checks -path_delay min reg to reg
--------------------------------------------------------------------------
Startpoint: u.g_domain.u_dom.interconnect_reset_n$_DFFE_PN0P_
            (rising edge-triggered flip-flop clocked by core_clock)
Endpoint: u.g_comp.u_ic.norm_req$_DFF_PN0_
          (removal check against rising-edge clock core_clock)
Path Group: asynchronous
Path Type: min

  Delay    Time   Description
---------------------------------------------------------
   0.00    0.00   clock core_clock (rise edge)
   1.10    1.10   clock network delay (ideal)
   0.00    1.10 ^ u.g_domain.u_dom.interconnect_reset_n$_DFFE_PN0P_/CLK (sky130_fd_sc_hd__dfrtp_4)
   0.50    1.60 ^ u.g_domain.u_dom.interconnect_reset_n$_DFFE_PN0P_/Q (sky130_fd_sc_hd__dfrtp_4)
   0.01    1.60 ^ u.g_comp.u_ic.norm_req$_DFF_PN0_/RESET_B (sky130_fd_sc_hd__dfrtp_1)
           1.60   data arrival time

   0.00    0.00   clock core_clock (rise edge)
   1.10    1.10   clock network delay (ideal)
   0.00    1.10   clock reconvergence pessimism
           1.10 ^ u.g_comp.u_ic.norm_req$_DFF_PN0_/CLK (sky130_fd_sc_hd__dfrtp_1)
   0.35    1.44   library removal time
           1.44   data required time
---------------------------------------------------------
           1.44   data required time
          -1.60   data arrival time
---------------------------------------------------------
           0.16   slack (MET)


Startpoint: u.g_comp.u_ic.norm_req$_DFF_PN0_
            (rising edge-triggered flip-flop clocked by core_clock)
Endpoint: u.g_comp.u_norm.valid$_DFF_PN0_
          (rising edge-triggered flip-flop clocked by core_clock)
Path Group: core_clock
Path Type: min

  Delay    Time   Description
---------------------------------------------------------
   0.00    0.00   clock core_clock (rise edge)
   1.10    1.10   clock network delay (ideal)
   0.00    1.10 ^ u.g_comp.u_ic.norm_req$_DFF_PN0_/CLK (sky130_fd_sc_hd__dfrtp_1)
   0.34    1.43 ^ u.g_comp.u_ic.norm_req$_DFF_PN0_/Q (sky130_fd_sc_hd__dfrtp_1)
   0.00    1.43 ^ u.g_comp.u_norm.valid$_DFF_PN0_/D (sky130_fd_sc_hd__dfrtp_1)
           1.43   data arrival time

   0.00    0.00   clock core_clock (rise edge)
   1.10    1.10   clock network delay (ideal)
   0.00    1.10   clock reconvergence pessimism
           1.10 ^ u.g_comp.u_norm.valid$_DFF_PN0_/CLK (sky130_fd_sc_hd__dfrtp_1)
  -0.05    1.04   library hold time
           1.04   data required time
---------------------------------------------------------
           1.04   data required time
          -1.43   data arrival time
---------------------------------------------------------
           0.39   slack (MET)



==========================================================================
detailed place critical path target clock latency max path
--------------------------------------------------------------------------
1.0950

==========================================================================
detailed place critical path target clock latency min path
--------------------------------------------------------------------------
1.0950

==========================================================================
detailed place critical path source clock latency min path
--------------------------------------------------------------------------
1.0950

==========================================================================
detailed place critical path delay
--------------------------------------------------------------------------
13.6927

==========================================================================
detailed place critical path slack
--------------------------------------------------------------------------
-4.5977

==========================================================================
detailed place slack div critical path delay
--------------------------------------------------------------------------
-33.577746

==========================================================================
detailed place report_power
--------------------------------------------------------------------------
Group                  Internal  Switching    Leakage      Total
                          Power      Power      Power      Power (Watts)
----------------------------------------------------------------
Sequential             4.43e-03   2.08e-04   2.87e-08   4.64e-03  17.2%
Combinational          8.21e-03   1.40e-02   8.43e-08   2.22e-02  82.2%
Clock                 -6.50e-07   1.61e-04   1.87e-12   1.60e-04   0.6%
Macro                  0.00e+00   0.00e+00   0.00e+00   0.00e+00   0.0%
Pad                    0.00e+00   0.00e+00   0.00e+00   0.00e+00   0.0%
----------------------------------------------------------------
Total                  1.26e-02   1.44e-02   1.13e-07   2.70e-02 100.0%
                          46.8%      53.2%       0.0%
