
==========================================================================
global place report_tns
--------------------------------------------------------------------------
tns max -663.45

==========================================================================
global place report_wns
--------------------------------------------------------------------------
wns max -3.08

==========================================================================
global place report_worst_slack
--------------------------------------------------------------------------
worst slack max -3.08

==========================================================================
global place report_clock_min_period
--------------------------------------------------------------------------
core_clock period_min = 12.00 fmax = 83.31
vclk_core_clock period_min = 0.00 fmax = inf

==========================================================================
global place report_checks -path_delay min
--------------------------------------------------------------------------
Startpoint: u.g_domain.u_dom.interconnect_reset_n$_DFFE_PN0P_
            (rising edge-triggered flip-flop clocked by core_clock)
Endpoint: u.g_comp.u_ic.norm_req$_DFF_PN0_
          (removal check against rising-edge clock core_clock)
Path Group: asynchronous
Path Type: min

Fanout     Cap    Slew   Delay    Time   Description
-----------------------------------------------------------------------------
                  0.00    0.00    0.00   clock core_clock (rise edge)
                          1.10    1.10   clock network delay (ideal)
                  0.00    0.00    1.10 ^ u.g_domain.u_dom.interconnect_reset_n$_DFFE_PN0P_/CLK (sky130_fd_sc_hd__dfrtp_4)
    10    0.05    0.16    0.48    1.57 ^ u.g_domain.u_dom.interconnect_reset_n$_DFFE_PN0P_/Q (sky130_fd_sc_hd__dfrtp_4)
                                         u.g_adapt.u_data_adapt.rst_ni (net)
                  0.16    0.00    1.58 ^ u.g_comp.u_ic.norm_req$_DFF_PN0_/RESET_B (sky130_fd_sc_hd__dfrtp_1)
                                  1.58   data arrival time

                  0.00    0.00    0.00   clock core_clock (rise edge)
                          1.10    1.10   clock network delay (ideal)
                          0.00    1.10   clock reconvergence pessimism
                                  1.10 ^ u.g_comp.u_ic.norm_req$_DFF_PN0_/CLK (sky130_fd_sc_hd__dfrtp_1)
                          0.34    1.43   library removal time
                                  1.43   data required time
-----------------------------------------------------------------------------
                                  1.43   data required time
                                 -1.58   data arrival time
-----------------------------------------------------------------------------
                                  0.14   slack (MET)


Startpoint: u.u_ibex.core_clock_gate_i.en_latch$_DLATCH_N_
            (negative level-sensitive latch clocked by core_clock)
Endpoint: _31103_ (rising clock gating-check end-point clocked by core_clock)
Path Group: gated clock
Path Type: min

Fanout     Cap    Slew   Delay    Time   Description
-----------------------------------------------------------------------------
                  0.00    5.00    5.00   clock core_clock (fall edge)
                          1.10    6.10   clock network delay (ideal)
                  0.00    0.00    6.10 v u.u_ibex.core_clock_gate_i.en_latch$_DLATCH_N_/GATE_N (sky130_fd_sc_hd__dlxtn_1)
     1    0.00    0.02    0.23    6.32 v u.u_ibex.core_clock_gate_i.en_latch$_DLATCH_N_/Q (sky130_fd_sc_hd__dlxtn_1)
                                         u.u_ibex.core_clock_gate_i.en_latch (net)
                  0.02    0.00    6.32 v _31103_/B (sky130_fd_sc_hd__and2_0)
                                  6.32   data arrival time

                  0.00    5.00    5.00   clock core_clock (fall edge)
                          1.10    6.10   clock network delay (ideal)
                          0.00    6.10   clock reconvergence pessimism
                                  6.10 v _31103_/A (sky130_fd_sc_hd__and2_0)
                          0.00    6.10   clock gating hold time
                                  6.10   data required time
-----------------------------------------------------------------------------
                                  6.10   data required time
                                 -6.32   data arrival time
-----------------------------------------------------------------------------
                                  0.23   slack (MET)


Startpoint: u.g_comp.u_ic.norm_req$_DFF_PN0_
            (rising edge-triggered flip-flop clocked by core_clock)
Endpoint: u.g_comp.u_norm.valid$_DFF_PN0_
          (rising edge-triggered flip-flop clocked by core_clock)
Path Group: core_clock
Path Type: min

Fanout     Cap    Slew   Delay    Time   Description
-----------------------------------------------------------------------------
                  0.00    0.00    0.00   clock core_clock (rise edge)
                          1.10    1.10   clock network delay (ideal)
                  0.00    0.00    1.10 ^ u.g_comp.u_ic.norm_req$_DFF_PN0_/CLK (sky130_fd_sc_hd__dfrtp_1)
     2    0.01    0.08    0.33    1.42 ^ u.g_comp.u_ic.norm_req$_DFF_PN0_/Q (sky130_fd_sc_hd__dfrtp_1)
                                         u.g_comp.u_ic.norm_req (net)
                  0.08    0.00    1.42 ^ u.g_comp.u_norm.valid$_DFF_PN0_/D (sky130_fd_sc_hd__dfrtp_1)
                                  1.42   data arrival time

                  0.00    0.00    0.00   clock core_clock (rise edge)
                          1.10    1.10   clock network delay (ideal)
                          0.00    1.10   clock reconvergence pessimism
                                  1.10 ^ u.g_comp.u_norm.valid$_DFF_PN0_/CLK (sky130_fd_sc_hd__dfrtp_1)
                         -0.05    1.05   library hold time
                                  1.05   data required time
-----------------------------------------------------------------------------
                                  1.05   data required time
                                 -1.42   data arrival time
-----------------------------------------------------------------------------
                                  0.38   slack (MET)


Startpoint: u.g_comp.u_dma.done$_DFF_PN0_
            (rising edge-triggered flip-flop clocked by core_clock)
Endpoint: dma_done_o (output port clocked by vclk_core_clock)
Path Group: vclk_core_clock
Path Type: min

Fanout     Cap    Slew   Delay    Time   Description
-----------------------------------------------------------------------------
                  0.00    0.00    0.00   clock core_clock (rise edge)
                          1.10    1.10   clock network delay (ideal)
                  0.00    0.00    1.10 ^ u.g_comp.u_dma.done$_DFF_PN0_/CLK (sky130_fd_sc_hd__dfrtp_1)
     1    0.00    0.04    0.33    1.43 v u.g_comp.u_dma.done$_DFF_PN0_/Q (sky130_fd_sc_hd__dfrtp_1)
                                         net947 (net)
                  0.04    0.00    1.43 v output703/A (sky130_fd_sc_hd__clkdlybuf4s50_1)
     1    0.00    0.05    0.42    1.85 v output703/X (sky130_fd_sc_hd__clkdlybuf4s50_1)
                                         dma_done_o (net)
                  0.05    0.00    1.85 v dma_done_o (out)
                                  1.85   data arrival time

                  0.00    0.00    0.00   clock vclk_core_clock (rise edge)
                          1.10    1.10   clock network delay (ideal)
                          0.00    1.10   clock reconvergence pessimism
                         -2.00   -0.90   output external delay
                                 -0.90   data required time
-----------------------------------------------------------------------------
                                 -0.90   data required time
                                 -1.85   data arrival time
-----------------------------------------------------------------------------
                                  2.75   slack (MET)



==========================================================================
global place report_checks -path_delay max
--------------------------------------------------------------------------
Startpoint: rst_n (input port clocked by vclk_core_clock)
Endpoint: u.g_domain.u_dom.interconnect_reset_n$_DFFE_PN0P_
          (recovery check against rising-edge clock core_clock)
Path Group: asynchronous
Path Type: max

Fanout     Cap    Slew   Delay    Time   Description
-----------------------------------------------------------------------------
                  0.00    0.00    0.00   clock vclk_core_clock (rise edge)
                          1.10    1.10   clock network delay (ideal)
                          2.00    3.09 ^ input external delay
     1    0.01    0.00    0.00    3.09 ^ rst_n (in)
                                         rst_n (net)
                  0.00    0.00    3.10 ^ input667/A (sky130_fd_sc_hd__buf_8)
    78    0.46    0.72    0.45    3.55 ^ input667/X (sky130_fd_sc_hd__buf_8)
                                         net911 (net)
                  0.72    0.01    3.55 ^ place8601/A (sky130_fd_sc_hd__buf_4)
    66    0.36    0.96    0.88    4.43 ^ place8601/X (sky130_fd_sc_hd__buf_4)
                                         net8863 (net)
                  0.96    0.01    4.44 ^ u.g_domain.u_dom.interconnect_reset_n$_DFFE_PN0P_/RESET_B (sky130_fd_sc_hd__dfrtp_4)
                                  4.44   data arrival time

                  0.00   10.00   10.00   clock core_clock (rise edge)
                          1.10   11.10   clock network delay (ideal)
                          0.00   11.10   clock reconvergence pessimism
                                 11.10 ^ u.g_domain.u_dom.interconnect_reset_n$_DFFE_PN0P_/CLK (sky130_fd_sc_hd__dfrtp_4)
                         -0.14   10.96   library recovery time
                                 10.96   data required time
-----------------------------------------------------------------------------
                                 10.96   data required time
                                 -4.44   data arrival time
-----------------------------------------------------------------------------
                                  6.52   slack (MET)


Startpoint: u.u_ibex.core_clock_gate_i.en_latch$_DLATCH_N_
            (negative level-sensitive latch clocked by core_clock)
Endpoint: _31103_ (rising clock gating-check end-point clocked by core_clock)
Path Group: gated clock
Path Type: max

Fanout     Cap    Slew   Delay    Time   Description
-----------------------------------------------------------------------------
                  0.00    5.00    5.00   clock core_clock (fall edge)
                          1.10    6.10   clock network delay (ideal)
                  0.00    0.00    6.10 v u.u_ibex.core_clock_gate_i.en_latch$_DLATCH_N_/GATE_N (sky130_fd_sc_hd__dlxtn_1)
     1    0.00    0.03    0.36    6.46 ^ u.u_ibex.core_clock_gate_i.en_latch$_DLATCH_N_/Q (sky130_fd_sc_hd__dlxtn_1)
                                         u.u_ibex.core_clock_gate_i.en_latch (net)
                  0.03    0.00    6.46 ^ _31103_/B (sky130_fd_sc_hd__and2_0)
                                  6.46   data arrival time

                  0.00   10.00   10.00   clock core_clock (rise edge)
                          1.10   11.10   clock network delay (ideal)
                          0.00   11.10   clock reconvergence pessimism
                                 11.10 ^ _31103_/A (sky130_fd_sc_hd__and2_0)
                          0.00   11.10   clock gating setup time
                                 11.10   data required time
-----------------------------------------------------------------------------
                                 11.10   data required time
                                 -6.46   data arrival time
-----------------------------------------------------------------------------
                                  4.64   slack (MET)


Startpoint: u.u_ibex.u_ibex_core.if_stage_i.instr_rdata_alu_id_o[31]$_DFFE_PP_
            (rising edge-triggered flip-flop clocked by core_clock)
Endpoint: u.u_timer.mtime_q[5]$_DFFE_PN0P_
          (rising edge-triggered flip-flop clocked by core_clock)
Path Group: core_clock
Path Type: max

Fanout     Cap    Slew   Delay    Time   Description
-----------------------------------------------------------------------------
                  0.00    0.00    0.00   clock core_clock (rise edge)
                          1.10    1.10   clock network delay (ideal)
                  0.00    0.00    1.10 ^ u.u_ibex.u_ibex_core.if_stage_i.instr_rdata_alu_id_o[31]$_DFFE_PP_/CLK (sky130_fd_sc_hd__edfxtp_1)
     2    0.01    0.08    0.36    1.46 v u.u_ibex.u_ibex_core.if_stage_i.instr_rdata_alu_id_o[31]$_DFFE_PP_/Q (sky130_fd_sc_hd__edfxtp_1)
                                         _04264_ (net)
                  0.08    0.00    1.46 v _25461_/A (sky130_fd_sc_hd__or4_1)
     4    0.02    0.17    0.64    2.10 v _25461_/X (sky130_fd_sc_hd__or4_1)
                                         _08561_ (net)
                  0.17    0.00    2.10 v _25723_/A4 (sky130_fd_sc_hd__o41ai_1)
     1    0.01    0.44    0.42    2.51 ^ _25723_/Y (sky130_fd_sc_hd__o41ai_1)
                                         _08823_ (net)
                  0.44    0.00    2.51 ^ _25740_/A3 (sky130_fd_sc_hd__a41oi_1)
     2    0.01    0.16    0.22    2.73 v _25740_/Y (sky130_fd_sc_hd__a41oi_1)
                                         _08840_ (net)
                  0.16    0.00    2.73 v _25763_/A1 (sky130_fd_sc_hd__o21ai_0)
     2    0.01    0.23    0.27    3.01 ^ _25763_/Y (sky130_fd_sc_hd__o21ai_0)
                                         _08863_ (net)
                  0.23    0.00    3.01 ^ _26103_/A (sky130_fd_sc_hd__or4_1)
     2    0.01    0.09    0.19    3.20 ^ _26103_/X (sky130_fd_sc_hd__or4_1)
                                         _09203_ (net)
                  0.09    0.00    3.20 ^ _26111_/C (sky130_fd_sc_hd__nand3_1)
     2    0.02    0.18    0.18    3.38 v _26111_/Y (sky130_fd_sc_hd__nand3_1)
                                         _09211_ (net)
                  0.18    0.00    3.38 v _26121_/A (sky130_fd_sc_hd__nor2_1)
     4    0.01    0.25    0.27    3.65 ^ _26121_/Y (sky130_fd_sc_hd__nor2_1)
                                         _09221_ (net)
                  0.25    0.00    3.65 ^ _26125_/A (sky130_fd_sc_hd__clkinv_1)
     3    0.01    0.11    0.15    3.80 v _26125_/Y (sky130_fd_sc_hd__clkinv_1)
                                         _09225_ (net)
                  0.11    0.00    3.80 v place6350/A (sky130_fd_sc_hd__buf_4)
    14    0.07    0.10    0.23    4.03 v place6350/X (sky130_fd_sc_hd__buf_4)
                                         net6611 (net)
                  0.10    0.01    4.04 v _27268_/A1 (sky130_fd_sc_hd__o221ai_1)
     2    0.03    0.66    0.56    4.60 ^ _27268_/Y (sky130_fd_sc_hd__o221ai_1)
                                         _10366_ (net)
                  0.66    0.00    4.60 ^ u.u_ibex.u_ibex_core.alu_adder_result_ex\\ALU_33_0_33_0_33_unused_CO_X_Y[0]_HAN_CARLSON/_455_/C (sky130_fd_sc_hd__xor3_1)
     3    0.02    0.16    0.43    5.03 v u.u_ibex.u_ibex_core.alu_adder_result_ex\\ALU_33_0_33_0_33_unused_CO_X_Y[0]_HAN_CARLSON/_455_/X (sky130_fd_sc_hd__xor3_1)
                                         u.u_ibex.u_ibex_core.alu_adder_result_ex\\ALU_33_0_33_0_33_unused_CO_X_Y[0]_HAN_CARLSON/_194_ (net)
                  0.16    0.00    5.03 v u.u_ibex.u_ibex_core.alu_adder_result_ex\\ALU_33_0_33_0_33_unused_CO_X_Y[0]_HAN_CARLSON/_457_/B (sky130_fd_sc_hd__nand2_1)
     3    0.01    0.10    0.15    5.18 ^ u.u_ibex.u_ibex_core.alu_adder_result_ex\\ALU_33_0_33_0_33_unused_CO_X_Y[0]_HAN_CARLSON/_457_/Y (sky130_fd_sc_hd__nand2_1)
                                         u.u_ibex.u_ibex_core.alu_adder_result_ex\\ALU_33_0_33_0_33_unused_CO_X_Y[0]_HAN_CARLSON/_195_ (net)
                  0.10    0.00    5.18 ^ u.u_ibex.u_ibex_core.alu_adder_result_ex\\ALU_33_0_33_0_33_unused_CO_X_Y[0]_HAN_CARLSON/_475_/A (sky130_fd_sc_hd__or2_0)
     3    0.01    0.14    0.18    5.36 ^ u.u_ibex.u_ibex_core.alu_adder_result_ex\\ALU_33_0_33_0_33_unused_CO_X_Y[0]_HAN_CARLSON/_475_/X (sky130_fd_sc_hd__or2_0)
                                         u.u_ibex.u_ibex_core.alu_adder_result_ex\\ALU_33_0_33_0_33_unused_CO_X_Y[0]_HAN_CARLSON/_211_ (net)
                  0.14    0.00    5.36 ^ u.u_ibex.u_ibex_core.alu_adder_result_ex\\ALU_33_0_33_0_33_unused_CO_X_Y[0]_HAN_CARLSON/_476_/B (sky130_fd_sc_hd__nor2_1)
     2    0.01    0.07    0.08    5.44 v u.u_ibex.u_ibex_core.alu_adder_result_ex\\ALU_33_0_33_0_33_unused_CO_X_Y[0]_HAN_CARLSON/_476_/Y (sky130_fd_sc_hd__nor2_1)
                                         u.u_ibex.u_ibex_core.alu_adder_result_ex\\ALU_33_0_33_0_33_unused_CO_X_Y[0]_HAN_CARLSON/_212_ (net)
                  0.07    0.00    5.44 v u.u_ibex.u_ibex_core.alu_adder_result_ex\\ALU_33_0_33_0_33_unused_CO_X_Y[0]_HAN_CARLSON/_287_/B1 (sky130_fd_sc_hd__o311a_1)
     1    0.00    0.06    0.14    5.58 v u.u_ibex.u_ibex_core.alu_adder_result_ex\\ALU_33_0_33_0_33_unused_CO_X_Y[0]_HAN_CARLSON/_287_/X (sky130_fd_sc_hd__o311a_1)
                                         u.u_ibex.u_ibex_core.alu_adder_result_ex\\ALU_33_0_33_0_33_unused_CO_X_Y[0]_HAN_CARLSON/_047_ (net)
                  0.06    0.00    5.58 v u.u_ibex.u_ibex_core.alu_adder_result_ex\\ALU_33_0_33_0_33_unused_CO_X_Y[0]_HAN_CARLSON/_288_/B1 (sky130_fd_sc_hd__a211oi_1)
     3    0.02    0.80    0.68    6.25 ^ u.u_ibex.u_ibex_core.alu_adder_result_ex\\ALU_33_0_33_0_33_unused_CO_X_Y[0]_HAN_CARLSON/_288_/Y (sky130_fd_sc_hd__a211oi_1)
                                         u.u_ibex.u_ibex_core.alu_adder_result_ex\\ALU_33_0_33_0_33_unused_CO_X_Y[0]_HAN_CARLSON/_048_ (net)
                  0.80    0.00    6.25 ^ u.u_ibex.u_ibex_core.alu_adder_result_ex\\ALU_33_0_33_0_33_unused_CO_X_Y[0]_HAN_CARLSON/_364_/A1 (sky130_fd_sc_hd__o31ai_1)
     1    0.01    0.16    0.23    6.48 v u.u_ibex.u_ibex_core.alu_adder_result_ex\\ALU_33_0_33_0_33_unused_CO_X_Y[0]_HAN_CARLSON/_364_/Y (sky130_fd_sc_hd__o31ai_1)
                                         u.u_ibex.u_ibex_core.alu_adder_result_ex\\ALU_33_0_33_0_33_unused_CO_X_Y[0]_HAN_CARLSON/_116_ (net)
                  0.16    0.00    6.48 v u.u_ibex.u_ibex_core.alu_adder_result_ex\\ALU_33_0_33_0_33_unused_CO_X_Y[0]_HAN_CARLSON/place5660/A (sky130_fd_sc_hd__buf_4)
     1    0.01    0.03    0.19    6.67 v u.u_ibex.u_ibex_core.alu_adder_result_ex\\ALU_33_0_33_0_33_unused_CO_X_Y[0]_HAN_CARLSON/place5660/X (sky130_fd_sc_hd__buf_4)
                                         u.u_ibex.u_ibex_core.alu_adder_result_ex\\ALU_33_0_33_0_33_unused_CO_X_Y[0]_HAN_CARLSON/net5918 (net)
                  0.03    0.00    6.67 v u.u_ibex.u_ibex_core.alu_adder_result_ex\\ALU_33_0_33_0_33_unused_CO_X_Y[0]_HAN_CARLSON/_367_/A (sky130_fd_sc_hd__xnor2_2)
     2    0.05    0.61    0.50    7.17 ^ u.u_ibex.u_ibex_core.alu_adder_result_ex\\ALU_33_0_33_0_33_unused_CO_X_Y[0]_HAN_CARLSON/_367_/Y (sky130_fd_sc_hd__xnor2_2)
                                         net936 (net)
                  0.61    0.01    7.18 ^ place5404/A (sky130_fd_sc_hd__buf_12)
     5    0.12    0.14    0.25    7.43 ^ place5404/X (sky130_fd_sc_hd__buf_12)
                                         net5655 (net)
                  0.16    0.04    7.47 ^ place5403/A (sky130_fd_sc_hd__buf_4)
     5    0.02    0.07    0.17    7.64 ^ place5403/X (sky130_fd_sc_hd__buf_4)
                                         net5654 (net)
                  0.07    0.00    7.64 ^ _21144_/_160_/A (sky130_fd_sc_hd__nor2_1)
     2    0.01    0.06    0.06    7.69 v _21144_/_160_/Y (sky130_fd_sc_hd__nor2_1)
                                         _21144_/_050_ (net)
                  0.06    0.00    7.69 v _21144_/_176_/B (sky130_fd_sc_hd__nor4b_1)
     2    0.01    0.40    0.40    8.09 ^ _21144_/_176_/Y (sky130_fd_sc_hd__nor4b_1)
                                         _21144_/_066_ (net)
                  0.40    0.00    8.09 ^ _21144_/_186_/B (sky130_fd_sc_hd__nand4b_1)
     2    0.01    0.15    0.20    8.29 v _21144_/_186_/Y (sky130_fd_sc_hd__nand4b_1)
                                         _21144_/_076_ (net)
                  0.15    0.00    8.29 v _21144_/_135_/C (sky130_fd_sc_hd__nor4_1)
     1    0.00    0.26    0.29    8.58 ^ _21144_/_135_/Y (sky130_fd_sc_hd__nor4_1)
                                         _21144_/_026_ (net)
                  0.26    0.00    8.58 ^ _21144_/place5173/A (sky130_fd_sc_hd__buf_4)
     1    0.01    0.04    0.17    8.74 ^ _21144_/place5173/X (sky130_fd_sc_hd__buf_4)
                                         _21144_/net5424 (net)
                  0.04    0.00    8.74 ^ _21144_/_136_/A2 (sky130_fd_sc_hd__a21o_1)
     2    0.01    0.06    0.12    8.86 ^ _21144_/_136_/X (sky130_fd_sc_hd__a21o_1)
                                         _04224_ (net)
                  0.06    0.00    8.86 ^ _31279_/A_N (sky130_fd_sc_hd__and4b_1)
     1    0.00    0.04    0.19    9.06 v _31279_/X (sky130_fd_sc_hd__and4b_1)
                                         _14374_ (net)
                  0.04    0.00    9.06 v _31412_/B1 (sky130_fd_sc_hd__a21oi_1)
     1    0.06    1.11    0.85    9.90 ^ _31412_/Y (sky130_fd_sc_hd__a21oi_1)
                                         _14507_ (net)
                  1.11    0.01    9.91 ^ place5081/A (sky130_fd_sc_hd__buf_4)
     2    0.01    0.06    0.25   10.17 ^ place5081/X (sky130_fd_sc_hd__buf_4)
                                         net5332 (net)
                  0.06    0.00   10.17 ^ place5080/A (sky130_fd_sc_hd__buf_4)
     2    0.01    0.03    0.11   10.27 ^ place5080/X (sky130_fd_sc_hd__buf_4)
                                         net5331 (net)
                  0.03    0.00   10.27 ^ _32284_/B1 (sky130_fd_sc_hd__a21oi_1)
     1    0.00    0.06    0.03   10.30 v _32284_/Y (sky130_fd_sc_hd__a21oi_1)
                                         _15378_ (net)
                  0.06    0.00   10.30 v _32285_/B1 (sky130_fd_sc_hd__a311oi_1)
     1    0.01    0.44    0.42   10.72 ^ _32285_/Y (sky130_fd_sc_hd__a311oi_1)
                                         _15379_ (net)
                  0.44    0.00   10.72 ^ place5021/A (sky130_fd_sc_hd__buf_4)
     1    0.01    0.05    0.20   10.92 ^ place5021/X (sky130_fd_sc_hd__buf_4)
                                         net5272 (net)
                  0.05    0.00   10.92 ^ _32298_/A2 (sky130_fd_sc_hd__o32a_1)
     1    0.03    0.30    0.32   11.25 ^ _32298_/X (sky130_fd_sc_hd__o32a_1)
                                         _15392_ (net)
                  0.30    0.00   11.25 ^ place5004/A (sky130_fd_sc_hd__buf_12)
     2    0.03    0.05    0.16   11.41 ^ place5004/X (sky130_fd_sc_hd__buf_12)
                                         net5255 (net)
                  0.05    0.00   11.41 ^ place5003/A (sky130_fd_sc_hd__buf_4)
     4    0.04    0.12    0.17   11.58 ^ place5003/X (sky130_fd_sc_hd__buf_4)
                                         net5254 (net)
                  0.12    0.01   11.59 ^ _34398_/A2 (sky130_fd_sc_hd__o2111ai_2)
     2    0.01    0.20    0.16   11.75 v _34398_/Y (sky130_fd_sc_hd__o2111ai_2)
                                         _17490_ (net)
                  0.20    0.00   11.75 v _34397_/A (sky130_fd_sc_hd__inv_2)
    11    0.04    0.18    0.22   11.96 ^ _34397_/Y (sky130_fd_sc_hd__inv_2)
                                         _17489_ (net)
                  0.18    0.00   11.96 ^ _25272_/C (sky130_fd_sc_hd__nand3_1)
     2    0.01    0.21    0.16   12.13 v _25272_/Y (sky130_fd_sc_hd__nand3_1)
                                         _08372_ (net)
                  0.21    0.00   12.13 v place4950/A (sky130_fd_sc_hd__buf_4)
     8    0.04    0.06    0.25   12.37 v place4950/X (sky130_fd_sc_hd__buf_4)
                                         net5201 (net)
                  0.06    0.00   12.37 v _25280_/S (sky130_fd_sc_hd__mux2_1)
     1    0.00    0.06    0.31   12.69 v _25280_/X (sky130_fd_sc_hd__mux2_1)
                                         _08380_ (net)
                  0.06    0.00   12.69 v _25284_/A2 (sky130_fd_sc_hd__a211o_1)
     1    0.00    0.05    0.29   12.97 v _25284_/X (sky130_fd_sc_hd__a211o_1)
                                         _08384_ (net)
                  0.05    0.00   12.97 v u.u_timer.mtime_q[5]$_DFFE_PN0P_/D (sky130_fd_sc_hd__dfrtp_1)
                                 12.97   data arrival time

                  0.00   10.00   10.00   clock core_clock (rise edge)
                          1.10   11.10   clock network delay (ideal)
                          0.00   11.10   clock reconvergence pessimism
                                 11.10 ^ u.u_timer.mtime_q[5]$_DFFE_PN0P_/CLK (sky130_fd_sc_hd__dfrtp_1)
                         -0.12   10.97   library setup time
                                 10.97   data required time
-----------------------------------------------------------------------------
                                 10.97   data required time
                                -12.97   data arrival time
-----------------------------------------------------------------------------
                                 -2.00   slack (VIOLATED)


Startpoint: u.u_ibex.u_ibex_core.if_stage_i.instr_rdata_alu_id_o[31]$_DFFE_PP_
            (rising edge-triggered flip-flop clocked by core_clock)
Endpoint: data_req_o (output port clocked by vclk_core_clock)
Path Group: vclk_core_clock
Path Type: max

Fanout     Cap    Slew   Delay    Time   Description
-----------------------------------------------------------------------------
                  0.00    0.00    0.00   clock core_clock (rise edge)
                          1.10    1.10   clock network delay (ideal)
                  0.00    0.00    1.10 ^ u.u_ibex.u_ibex_core.if_stage_i.instr_rdata_alu_id_o[31]$_DFFE_PP_/CLK (sky130_fd_sc_hd__edfxtp_1)
     2    0.01    0.08    0.36    1.46 v u.u_ibex.u_ibex_core.if_stage_i.instr_rdata_alu_id_o[31]$_DFFE_PP_/Q (sky130_fd_sc_hd__edfxtp_1)
                                         _04264_ (net)
                  0.08    0.00    1.46 v _25461_/A (sky130_fd_sc_hd__or4_1)
     4    0.02    0.17    0.64    2.10 v _25461_/X (sky130_fd_sc_hd__or4_1)
                                         _08561_ (net)
                  0.17    0.00    2.10 v _25723_/A4 (sky130_fd_sc_hd__o41ai_1)
     1    0.01    0.44    0.42    2.51 ^ _25723_/Y (sky130_fd_sc_hd__o41ai_1)
                                         _08823_ (net)
                  0.44    0.00    2.51 ^ _25740_/A3 (sky130_fd_sc_hd__a41oi_1)
     2    0.01    0.16    0.22    2.73 v _25740_/Y (sky130_fd_sc_hd__a41oi_1)
                                         _08840_ (net)
                  0.16    0.00    2.73 v _25763_/A1 (sky130_fd_sc_hd__o21ai_0)
     2    0.01    0.23    0.27    3.01 ^ _25763_/Y (sky130_fd_sc_hd__o21ai_0)
                                         _08863_ (net)
                  0.23    0.00    3.01 ^ _26103_/A (sky130_fd_sc_hd__or4_1)
     2    0.01    0.09    0.19    3.20 ^ _26103_/X (sky130_fd_sc_hd__or4_1)
                                         _09203_ (net)
                  0.09    0.00    3.20 ^ _26111_/C (sky130_fd_sc_hd__nand3_1)
     2    0.02    0.18    0.18    3.38 v _26111_/Y (sky130_fd_sc_hd__nand3_1)
                                         _09211_ (net)
                  0.18    0.00    3.38 v _26121_/A (sky130_fd_sc_hd__nor2_1)
     4    0.01    0.25    0.27    3.65 ^ _26121_/Y (sky130_fd_sc_hd__nor2_1)
                                         _09221_ (net)
                  0.25    0.00    3.65 ^ _26125_/A (sky130_fd_sc_hd__clkinv_1)
     3    0.01    0.11    0.15    3.80 v _26125_/Y (sky130_fd_sc_hd__clkinv_1)
                                         _09225_ (net)
                  0.11    0.00    3.80 v place6350/A (sky130_fd_sc_hd__buf_4)
    14    0.07    0.10    0.23    4.03 v place6350/X (sky130_fd_sc_hd__buf_4)
                                         net6611 (net)
                  0.10    0.01    4.04 v _27268_/A1 (sky130_fd_sc_hd__o221ai_1)
     2    0.03    0.66    0.56    4.60 ^ _27268_/Y (sky130_fd_sc_hd__o221ai_1)
                                         _10366_ (net)
                  0.66    0.00    4.60 ^ u.u_ibex.u_ibex_core.alu_adder_result_ex\\ALU_33_0_33_0_33_unused_CO_X_Y[0]_HAN_CARLSON/_455_/C (sky130_fd_sc_hd__xor3_1)
     3    0.02    0.16    0.43    5.03 v u.u_ibex.u_ibex_core.alu_adder_result_ex\\ALU_33_0_33_0_33_unused_CO_X_Y[0]_HAN_CARLSON/_455_/X (sky130_fd_sc_hd__xor3_1)
                                         u.u_ibex.u_ibex_core.alu_adder_result_ex\\ALU_33_0_33_0_33_unused_CO_X_Y[0]_HAN_CARLSON/_194_ (net)
                  0.16    0.00    5.03 v u.u_ibex.u_ibex_core.alu_adder_result_ex\\ALU_33_0_33_0_33_unused_CO_X_Y[0]_HAN_CARLSON/_457_/B (sky130_fd_sc_hd__nand2_1)
     3    0.01    0.10    0.15    5.18 ^ u.u_ibex.u_ibex_core.alu_adder_result_ex\\ALU_33_0_33_0_33_unused_CO_X_Y[0]_HAN_CARLSON/_457_/Y (sky130_fd_sc_hd__nand2_1)
                                         u.u_ibex.u_ibex_core.alu_adder_result_ex\\ALU_33_0_33_0_33_unused_CO_X_Y[0]_HAN_CARLSON/_195_ (net)
                  0.10    0.00    5.18 ^ u.u_ibex.u_ibex_core.alu_adder_result_ex\\ALU_33_0_33_0_33_unused_CO_X_Y[0]_HAN_CARLSON/_475_/A (sky130_fd_sc_hd__or2_0)
     3    0.01    0.14    0.18    5.36 ^ u.u_ibex.u_ibex_core.alu_adder_result_ex\\ALU_33_0_33_0_33_unused_CO_X_Y[0]_HAN_CARLSON/_475_/X (sky130_fd_sc_hd__or2_0)
                                         u.u_ibex.u_ibex_core.alu_adder_result_ex\\ALU_33_0_33_0_33_unused_CO_X_Y[0]_HAN_CARLSON/_211_ (net)
                  0.14    0.00    5.36 ^ u.u_ibex.u_ibex_core.alu_adder_result_ex\\ALU_33_0_33_0_33_unused_CO_X_Y[0]_HAN_CARLSON/_476_/B (sky130_fd_sc_hd__nor2_1)
     2    0.01    0.07    0.08    5.44 v u.u_ibex.u_ibex_core.alu_adder_result_ex\\ALU_33_0_33_0_33_unused_CO_X_Y[0]_HAN_CARLSON/_476_/Y (sky130_fd_sc_hd__nor2_1)
                                         u.u_ibex.u_ibex_core.alu_adder_result_ex\\ALU_33_0_33_0_33_unused_CO_X_Y[0]_HAN_CARLSON/_212_ (net)
                  0.07    0.00    5.44 v u.u_ibex.u_ibex_core.alu_adder_result_ex\\ALU_33_0_33_0_33_unused_CO_X_Y[0]_HAN_CARLSON/_287_/B1 (sky130_fd_sc_hd__o311a_1)
     1    0.00    0.06    0.14    5.58 v u.u_ibex.u_ibex_core.alu_adder_result_ex\\ALU_33_0_33_0_33_unused_CO_X_Y[0]_HAN_CARLSON/_287_/X (sky130_fd_sc_hd__o311a_1)
                                         u.u_ibex.u_ibex_core.alu_adder_result_ex\\ALU_33_0_33_0_33_unused_CO_X_Y[0]_HAN_CARLSON/_047_ (net)
                  0.06    0.00    5.58 v u.u_ibex.u_ibex_core.alu_adder_result_ex\\ALU_33_0_33_0_33_unused_CO_X_Y[0]_HAN_CARLSON/_288_/B1 (sky130_fd_sc_hd__a211oi_1)
     3    0.02    0.80    0.68    6.25 ^ u.u_ibex.u_ibex_core.alu_adder_result_ex\\ALU_33_0_33_0_33_unused_CO_X_Y[0]_HAN_CARLSON/_288_/Y (sky130_fd_sc_hd__a211oi_1)
                                         u.u_ibex.u_ibex_core.alu_adder_result_ex\\ALU_33_0_33_0_33_unused_CO_X_Y[0]_HAN_CARLSON/_048_ (net)
                  0.80    0.00    6.25 ^ u.u_ibex.u_ibex_core.alu_adder_result_ex\\ALU_33_0_33_0_33_unused_CO_X_Y[0]_HAN_CARLSON/_364_/A1 (sky130_fd_sc_hd__o31ai_1)
     1    0.01    0.16    0.23    6.48 v u.u_ibex.u_ibex_core.alu_adder_result_ex\\ALU_33_0_33_0_33_unused_CO_X_Y[0]_HAN_CARLSON/_364_/Y (sky130_fd_sc_hd__o31ai_1)
                                         u.u_ibex.u_ibex_core.alu_adder_result_ex\\ALU_33_0_33_0_33_unused_CO_X_Y[0]_HAN_CARLSON/_116_ (net)
                  0.16    0.00    6.48 v u.u_ibex.u_ibex_core.alu_adder_result_ex\\ALU_33_0_33_0_33_unused_CO_X_Y[0]_HAN_CARLSON/place5660/A (sky130_fd_sc_hd__buf_4)
     1    0.01    0.03    0.19    6.67 v u.u_ibex.u_ibex_core.alu_adder_result_ex\\ALU_33_0_33_0_33_unused_CO_X_Y[0]_HAN_CARLSON/place5660/X (sky130_fd_sc_hd__buf_4)
                                         u.u_ibex.u_ibex_core.alu_adder_result_ex\\ALU_33_0_33_0_33_unused_CO_X_Y[0]_HAN_CARLSON/net5918 (net)
                  0.03    0.00    6.67 v u.u_ibex.u_ibex_core.alu_adder_result_ex\\ALU_33_0_33_0_33_unused_CO_X_Y[0]_HAN_CARLSON/_367_/A (sky130_fd_sc_hd__xnor2_2)
     2    0.05    0.61    0.50    7.17 ^ u.u_ibex.u_ibex_core.alu_adder_result_ex\\ALU_33_0_33_0_33_unused_CO_X_Y[0]_HAN_CARLSON/_367_/Y (sky130_fd_sc_hd__xnor2_2)
                                         net936 (net)
                  0.61    0.01    7.18 ^ place5404/A (sky130_fd_sc_hd__buf_12)
     5    0.12    0.14    0.25    7.43 ^ place5404/X (sky130_fd_sc_hd__buf_12)
                                         net5655 (net)
                  0.16    0.04    7.47 ^ place5403/A (sky130_fd_sc_hd__buf_4)
     5    0.02    0.07    0.17    7.64 ^ place5403/X (sky130_fd_sc_hd__buf_4)
                                         net5654 (net)
                  0.07    0.00    7.64 ^ _21144_/_160_/A (sky130_fd_sc_hd__nor2_1)
     2    0.01    0.06    0.06    7.69 v _21144_/_160_/Y (sky130_fd_sc_hd__nor2_1)
                                         _21144_/_050_ (net)
                  0.06    0.00    7.69 v _21144_/_176_/B (sky130_fd_sc_hd__nor4b_1)
     2    0.01    0.40    0.40    8.09 ^ _21144_/_176_/Y (sky130_fd_sc_hd__nor4b_1)
                                         _21144_/_066_ (net)
                  0.40    0.00    8.09 ^ _21144_/_186_/B (sky130_fd_sc_hd__nand4b_1)
     2    0.01    0.15    0.20    8.29 v _21144_/_186_/Y (sky130_fd_sc_hd__nand4b_1)
                                         _21144_/_076_ (net)
                  0.15    0.00    8.29 v _21144_/_135_/C (sky130_fd_sc_hd__nor4_1)
     1    0.00    0.26    0.29    8.58 ^ _21144_/_135_/Y (sky130_fd_sc_hd__nor4_1)
                                         _21144_/_026_ (net)
                  0.26    0.00    8.58 ^ _21144_/place5173/A (sky130_fd_sc_hd__buf_4)
     1    0.01    0.04    0.17    8.74 ^ _21144_/place5173/X (sky130_fd_sc_hd__buf_4)
                                         _21144_/net5424 (net)
                  0.04    0.00    8.74 ^ _21144_/_136_/A2 (sky130_fd_sc_hd__a21o_1)
     2    0.01    0.06    0.12    8.86 ^ _21144_/_136_/X (sky130_fd_sc_hd__a21o_1)
                                         _04224_ (net)
                  0.06    0.00    8.86 ^ _31279_/A_N (sky130_fd_sc_hd__and4b_1)
     1    0.00    0.04    0.19    9.06 v _31279_/X (sky130_fd_sc_hd__and4b_1)
                                         _14374_ (net)
                  0.04    0.00    9.06 v _31412_/B1 (sky130_fd_sc_hd__a21oi_1)
     1    0.06    1.11    0.85    9.90 ^ _31412_/Y (sky130_fd_sc_hd__a21oi_1)
                                         _14507_ (net)
                  1.11    0.01    9.91 ^ place5081/A (sky130_fd_sc_hd__buf_4)
     2    0.01    0.06    0.25   10.17 ^ place5081/X (sky130_fd_sc_hd__buf_4)
                                         net5332 (net)
                  0.06    0.00   10.17 ^ place5080/A (sky130_fd_sc_hd__buf_4)
     2    0.01    0.03    0.11   10.27 ^ place5080/X (sky130_fd_sc_hd__buf_4)
                                         net5331 (net)
                  0.03    0.00   10.27 ^ _32284_/B1 (sky130_fd_sc_hd__a21oi_1)
     1    0.00    0.06    0.03   10.30 v _32284_/Y (sky130_fd_sc_hd__a21oi_1)
                                         _15378_ (net)
                  0.06    0.00   10.30 v _32285_/B1 (sky130_fd_sc_hd__a311oi_1)
     1    0.01    0.44    0.42   10.72 ^ _32285_/Y (sky130_fd_sc_hd__a311oi_1)
                                         _15379_ (net)
                  0.44    0.00   10.72 ^ place5021/A (sky130_fd_sc_hd__buf_4)
     1    0.01    0.05    0.20   10.92 ^ place5021/X (sky130_fd_sc_hd__buf_4)
                                         net5272 (net)
                  0.05    0.00   10.92 ^ _32298_/A2 (sky130_fd_sc_hd__o32a_1)
     1    0.03    0.30    0.32   11.25 ^ _32298_/X (sky130_fd_sc_hd__o32a_1)
                                         _15392_ (net)
                  0.30    0.00   11.25 ^ place5004/A (sky130_fd_sc_hd__buf_12)
     2    0.03    0.05    0.16   11.41 ^ place5004/X (sky130_fd_sc_hd__buf_12)
                                         net5255 (net)
                  0.05    0.00   11.41 ^ _32304_/A2 (sky130_fd_sc_hd__o21ai_1)
     1    0.00    0.13    0.05   11.47 v _32304_/Y (sky130_fd_sc_hd__o21ai_1)
                                         _15397_ (net)
                  0.13    0.00   11.47 v place4988/A (sky130_fd_sc_hd__buf_4)
     2    0.03    0.06    0.21   11.67 v place4988/X (sky130_fd_sc_hd__buf_4)
                                         net5239 (net)
                  0.06    0.00   11.68 v _32303_/A (sky130_fd_sc_hd__clkinv_1)
     1    0.00    0.03    0.05   11.73 ^ _32303_/Y (sky130_fd_sc_hd__clkinv_1)
                                         net945 (net)
                  0.03    0.00   11.73 ^ output701/A (sky130_fd_sc_hd__clkdlybuf4s50_1)
     1    0.00    0.04    0.45   12.18 ^ output701/X (sky130_fd_sc_hd__clkdlybuf4s50_1)
                                         data_req_o (net)
                  0.04    0.00   12.18 ^ data_req_o (out)
                                 12.18   data arrival time

                  0.00   10.00   10.00   clock vclk_core_clock (rise edge)
                          1.10   11.10   clock network delay (ideal)
                          0.00   11.10   clock reconvergence pessimism
                         -2.00    9.09   output external delay
                                  9.09   data required time
-----------------------------------------------------------------------------
                                  9.09   data required time
                                -12.18   data arrival time
-----------------------------------------------------------------------------
                                 -3.08   slack (VIOLATED)



==========================================================================
global place report_checks -unconstrained
--------------------------------------------------------------------------
Startpoint: rst_n (input port clocked by vclk_core_clock)
Endpoint: u.g_domain.u_dom.interconnect_reset_n$_DFFE_PN0P_
          (recovery check against rising-edge clock core_clock)
Path Group: asynchronous
Path Type: max

Fanout     Cap    Slew   Delay    Time   Description
-----------------------------------------------------------------------------
                  0.00    0.00    0.00   clock vclk_core_clock (rise edge)
                          1.10    1.10   clock network delay (ideal)
                          2.00    3.09 ^ input external delay
     1    0.01    0.00    0.00    3.09 ^ rst_n (in)
                                         rst_n (net)
                  0.00    0.00    3.10 ^ input667/A (sky130_fd_sc_hd__buf_8)
    78    0.46    0.72    0.45    3.55 ^ input667/X (sky130_fd_sc_hd__buf_8)
                                         net911 (net)
                  0.72    0.01    3.55 ^ place8601/A (sky130_fd_sc_hd__buf_4)
    66    0.36    0.96    0.88    4.43 ^ place8601/X (sky130_fd_sc_hd__buf_4)
                                         net8863 (net)
                  0.96    0.01    4.44 ^ u.g_domain.u_dom.interconnect_reset_n$_DFFE_PN0P_/RESET_B (sky130_fd_sc_hd__dfrtp_4)
                                  4.44   data arrival time

                  0.00   10.00   10.00   clock core_clock (rise edge)
                          1.10   11.10   clock network delay (ideal)
                          0.00   11.10   clock reconvergence pessimism
                                 11.10 ^ u.g_domain.u_dom.interconnect_reset_n$_DFFE_PN0P_/CLK (sky130_fd_sc_hd__dfrtp_4)
                         -0.14   10.96   library recovery time
                                 10.96   data required time
-----------------------------------------------------------------------------
                                 10.96   data required time
                                 -4.44   data arrival time
-----------------------------------------------------------------------------
                                  6.52   slack (MET)


Startpoint: u.u_ibex.core_clock_gate_i.en_latch$_DLATCH_N_
            (negative level-sensitive latch clocked by core_clock)
Endpoint: _31103_ (rising clock gating-check end-point clocked by core_clock)
Path Group: gated clock
Path Type: max

Fanout     Cap    Slew   Delay    Time   Description
-----------------------------------------------------------------------------
                  0.00    5.00    5.00   clock core_clock (fall edge)
                          1.10    6.10   clock network delay (ideal)
                  0.00    0.00    6.10 v u.u_ibex.core_clock_gate_i.en_latch$_DLATCH_N_/GATE_N (sky130_fd_sc_hd__dlxtn_1)
     1    0.00    0.03    0.36    6.46 ^ u.u_ibex.core_clock_gate_i.en_latch$_DLATCH_N_/Q (sky130_fd_sc_hd__dlxtn_1)
                                         u.u_ibex.core_clock_gate_i.en_latch (net)
                  0.03    0.00    6.46 ^ _31103_/B (sky130_fd_sc_hd__and2_0)
                                  6.46   data arrival time

                  0.00   10.00   10.00   clock core_clock (rise edge)
                          1.10   11.10   clock network delay (ideal)
                          0.00   11.10   clock reconvergence pessimism
                                 11.10 ^ _31103_/A (sky130_fd_sc_hd__and2_0)
                          0.00   11.10   clock gating setup time
                                 11.10   data required time
-----------------------------------------------------------------------------
                                 11.10   data required time
                                 -6.46   data arrival time
-----------------------------------------------------------------------------
                                  4.64   slack (MET)


Startpoint: u.u_ibex.u_ibex_core.if_stage_i.instr_rdata_alu_id_o[31]$_DFFE_PP_
            (rising edge-triggered flip-flop clocked by core_clock)
Endpoint: u.u_timer.mtime_q[5]$_DFFE_PN0P_
          (rising edge-triggered flip-flop clocked by core_clock)
Path Group: core_clock
Path Type: max

Fanout     Cap    Slew   Delay    Time   Description
-----------------------------------------------------------------------------
                  0.00    0.00    0.00   clock core_clock (rise edge)
                          1.10    1.10   clock network delay (ideal)
                  0.00    0.00    1.10 ^ u.u_ibex.u_ibex_core.if_stage_i.instr_rdata_alu_id_o[31]$_DFFE_PP_/CLK (sky130_fd_sc_hd__edfxtp_1)
     2    0.01    0.08    0.36    1.46 v u.u_ibex.u_ibex_core.if_stage_i.instr_rdata_alu_id_o[31]$_DFFE_PP_/Q (sky130_fd_sc_hd__edfxtp_1)
                                         _04264_ (net)
                  0.08    0.00    1.46 v _25461_/A (sky130_fd_sc_hd__or4_1)
     4    0.02    0.17    0.64    2.10 v _25461_/X (sky130_fd_sc_hd__or4_1)
                                         _08561_ (net)
                  0.17    0.00    2.10 v _25723_/A4 (sky130_fd_sc_hd__o41ai_1)
     1    0.01    0.44    0.42    2.51 ^ _25723_/Y (sky130_fd_sc_hd__o41ai_1)
                                         _08823_ (net)
                  0.44    0.00    2.51 ^ _25740_/A3 (sky130_fd_sc_hd__a41oi_1)
     2    0.01    0.16    0.22    2.73 v _25740_/Y (sky130_fd_sc_hd__a41oi_1)
                                         _08840_ (net)
                  0.16    0.00    2.73 v _25763_/A1 (sky130_fd_sc_hd__o21ai_0)
     2    0.01    0.23    0.27    3.01 ^ _25763_/Y (sky130_fd_sc_hd__o21ai_0)
                                         _08863_ (net)
                  0.23    0.00    3.01 ^ _26103_/A (sky130_fd_sc_hd__or4_1)
     2    0.01    0.09    0.19    3.20 ^ _26103_/X (sky130_fd_sc_hd__or4_1)
                                         _09203_ (net)
                  0.09    0.00    3.20 ^ _26111_/C (sky130_fd_sc_hd__nand3_1)
     2    0.02    0.18    0.18    3.38 v _26111_/Y (sky130_fd_sc_hd__nand3_1)
                                         _09211_ (net)
                  0.18    0.00    3.38 v _26121_/A (sky130_fd_sc_hd__nor2_1)
     4    0.01    0.25    0.27    3.65 ^ _26121_/Y (sky130_fd_sc_hd__nor2_1)
                                         _09221_ (net)
                  0.25    0.00    3.65 ^ _26125_/A (sky130_fd_sc_hd__clkinv_1)
     3    0.01    0.11    0.15    3.80 v _26125_/Y (sky130_fd_sc_hd__clkinv_1)
                                         _09225_ (net)
                  0.11    0.00    3.80 v place6350/A (sky130_fd_sc_hd__buf_4)
    14    0.07    0.10    0.23    4.03 v place6350/X (sky130_fd_sc_hd__buf_4)
                                         net6611 (net)
                  0.10    0.01    4.04 v _27268_/A1 (sky130_fd_sc_hd__o221ai_1)
     2    0.03    0.66    0.56    4.60 ^ _27268_/Y (sky130_fd_sc_hd__o221ai_1)
                                         _10366_ (net)
                  0.66    0.00    4.60 ^ u.u_ibex.u_ibex_core.alu_adder_result_ex\\ALU_33_0_33_0_33_unused_CO_X_Y[0]_HAN_CARLSON/_455_/C (sky130_fd_sc_hd__xor3_1)
     3    0.02    0.16    0.43    5.03 v u.u_ibex.u_ibex_core.alu_adder_result_ex\\ALU_33_0_33_0_33_unused_CO_X_Y[0]_HAN_CARLSON/_455_/X (sky130_fd_sc_hd__xor3_1)
                                         u.u_ibex.u_ibex_core.alu_adder_result_ex\\ALU_33_0_33_0_33_unused_CO_X_Y[0]_HAN_CARLSON/_194_ (net)
                  0.16    0.00    5.03 v u.u_ibex.u_ibex_core.alu_adder_result_ex\\ALU_33_0_33_0_33_unused_CO_X_Y[0]_HAN_CARLSON/_457_/B (sky130_fd_sc_hd__nand2_1)
     3    0.01    0.10    0.15    5.18 ^ u.u_ibex.u_ibex_core.alu_adder_result_ex\\ALU_33_0_33_0_33_unused_CO_X_Y[0]_HAN_CARLSON/_457_/Y (sky130_fd_sc_hd__nand2_1)
                                         u.u_ibex.u_ibex_core.alu_adder_result_ex\\ALU_33_0_33_0_33_unused_CO_X_Y[0]_HAN_CARLSON/_195_ (net)
                  0.10    0.00    5.18 ^ u.u_ibex.u_ibex_core.alu_adder_result_ex\\ALU_33_0_33_0_33_unused_CO_X_Y[0]_HAN_CARLSON/_475_/A (sky130_fd_sc_hd__or2_0)
     3    0.01    0.14    0.18    5.36 ^ u.u_ibex.u_ibex_core.alu_adder_result_ex\\ALU_33_0_33_0_33_unused_CO_X_Y[0]_HAN_CARLSON/_475_/X (sky130_fd_sc_hd__or2_0)
                                         u.u_ibex.u_ibex_core.alu_adder_result_ex\\ALU_33_0_33_0_33_unused_CO_X_Y[0]_HAN_CARLSON/_211_ (net)
                  0.14    0.00    5.36 ^ u.u_ibex.u_ibex_core.alu_adder_result_ex\\ALU_33_0_33_0_33_unused_CO_X_Y[0]_HAN_CARLSON/_476_/B (sky130_fd_sc_hd__nor2_1)
     2    0.01    0.07    0.08    5.44 v u.u_ibex.u_ibex_core.alu_adder_result_ex\\ALU_33_0_33_0_33_unused_CO_X_Y[0]_HAN_CARLSON/_476_/Y (sky130_fd_sc_hd__nor2_1)
                                         u.u_ibex.u_ibex_core.alu_adder_result_ex\\ALU_33_0_33_0_33_unused_CO_X_Y[0]_HAN_CARLSON/_212_ (net)
                  0.07    0.00    5.44 v u.u_ibex.u_ibex_core.alu_adder_result_ex\\ALU_33_0_33_0_33_unused_CO_X_Y[0]_HAN_CARLSON/_287_/B1 (sky130_fd_sc_hd__o311a_1)
     1    0.00    0.06    0.14    5.58 v u.u_ibex.u_ibex_core.alu_adder_result_ex\\ALU_33_0_33_0_33_unused_CO_X_Y[0]_HAN_CARLSON/_287_/X (sky130_fd_sc_hd__o311a_1)
                                         u.u_ibex.u_ibex_core.alu_adder_result_ex\\ALU_33_0_33_0_33_unused_CO_X_Y[0]_HAN_CARLSON/_047_ (net)
                  0.06    0.00    5.58 v u.u_ibex.u_ibex_core.alu_adder_result_ex\\ALU_33_0_33_0_33_unused_CO_X_Y[0]_HAN_CARLSON/_288_/B1 (sky130_fd_sc_hd__a211oi_1)
     3    0.02    0.80    0.68    6.25 ^ u.u_ibex.u_ibex_core.alu_adder_result_ex\\ALU_33_0_33_0_33_unused_CO_X_Y[0]_HAN_CARLSON/_288_/Y (sky130_fd_sc_hd__a211oi_1)
                                         u.u_ibex.u_ibex_core.alu_adder_result_ex\\ALU_33_0_33_0_33_unused_CO_X_Y[0]_HAN_CARLSON/_048_ (net)
                  0.80    0.00    6.25 ^ u.u_ibex.u_ibex_core.alu_adder_result_ex\\ALU_33_0_33_0_33_unused_CO_X_Y[0]_HAN_CARLSON/_364_/A1 (sky130_fd_sc_hd__o31ai_1)
     1    0.01    0.16    0.23    6.48 v u.u_ibex.u_ibex_core.alu_adder_result_ex\\ALU_33_0_33_0_33_unused_CO_X_Y[0]_HAN_CARLSON/_364_/Y (sky130_fd_sc_hd__o31ai_1)
                                         u.u_ibex.u_ibex_core.alu_adder_result_ex\\ALU_33_0_33_0_33_unused_CO_X_Y[0]_HAN_CARLSON/_116_ (net)
                  0.16    0.00    6.48 v u.u_ibex.u_ibex_core.alu_adder_result_ex\\ALU_33_0_33_0_33_unused_CO_X_Y[0]_HAN_CARLSON/place5660/A (sky130_fd_sc_hd__buf_4)
     1    0.01    0.03    0.19    6.67 v u.u_ibex.u_ibex_core.alu_adder_result_ex\\ALU_33_0_33_0_33_unused_CO_X_Y[0]_HAN_CARLSON/place5660/X (sky130_fd_sc_hd__buf_4)
                                         u.u_ibex.u_ibex_core.alu_adder_result_ex\\ALU_33_0_33_0_33_unused_CO_X_Y[0]_HAN_CARLSON/net5918 (net)
                  0.03    0.00    6.67 v u.u_ibex.u_ibex_core.alu_adder_result_ex\\ALU_33_0_33_0_33_unused_CO_X_Y[0]_HAN_CARLSON/_367_/A (sky130_fd_sc_hd__xnor2_2)
     2    0.05    0.61    0.50    7.17 ^ u.u_ibex.u_ibex_core.alu_adder_result_ex\\ALU_33_0_33_0_33_unused_CO_X_Y[0]_HAN_CARLSON/_367_/Y (sky130_fd_sc_hd__xnor2_2)
                                         net936 (net)
                  0.61    0.01    7.18 ^ place5404/A (sky130_fd_sc_hd__buf_12)
     5    0.12    0.14    0.25    7.43 ^ place5404/X (sky130_fd_sc_hd__buf_12)
                                         net5655 (net)
                  0.16    0.04    7.47 ^ place5403/A (sky130_fd_sc_hd__buf_4)
     5    0.02    0.07    0.17    7.64 ^ place5403/X (sky130_fd_sc_hd__buf_4)
                                         net5654 (net)
                  0.07    0.00    7.64 ^ _21144_/_160_/A (sky130_fd_sc_hd__nor2_1)
     2    0.01    0.06    0.06    7.69 v _21144_/_160_/Y (sky130_fd_sc_hd__nor2_1)
                                         _21144_/_050_ (net)
                  0.06    0.00    7.69 v _21144_/_176_/B (sky130_fd_sc_hd__nor4b_1)
     2    0.01    0.40    0.40    8.09 ^ _21144_/_176_/Y (sky130_fd_sc_hd__nor4b_1)
                                         _21144_/_066_ (net)
                  0.40    0.00    8.09 ^ _21144_/_186_/B (sky130_fd_sc_hd__nand4b_1)
     2    0.01    0.15    0.20    8.29 v _21144_/_186_/Y (sky130_fd_sc_hd__nand4b_1)
                                         _21144_/_076_ (net)
                  0.15    0.00    8.29 v _21144_/_135_/C (sky130_fd_sc_hd__nor4_1)
     1    0.00    0.26    0.29    8.58 ^ _21144_/_135_/Y (sky130_fd_sc_hd__nor4_1)
                                         _21144_/_026_ (net)
                  0.26    0.00    8.58 ^ _21144_/place5173/A (sky130_fd_sc_hd__buf_4)
     1    0.01    0.04    0.17    8.74 ^ _21144_/place5173/X (sky130_fd_sc_hd__buf_4)
                                         _21144_/net5424 (net)
                  0.04    0.00    8.74 ^ _21144_/_136_/A2 (sky130_fd_sc_hd__a21o_1)
     2    0.01    0.06    0.12    8.86 ^ _21144_/_136_/X (sky130_fd_sc_hd__a21o_1)
                                         _04224_ (net)
                  0.06    0.00    8.86 ^ _31279_/A_N (sky130_fd_sc_hd__and4b_1)
     1    0.00    0.04    0.19    9.06 v _31279_/X (sky130_fd_sc_hd__and4b_1)
                                         _14374_ (net)
                  0.04    0.00    9.06 v _31412_/B1 (sky130_fd_sc_hd__a21oi_1)
     1    0.06    1.11    0.85    9.90 ^ _31412_/Y (sky130_fd_sc_hd__a21oi_1)
                                         _14507_ (net)
                  1.11    0.01    9.91 ^ place5081/A (sky130_fd_sc_hd__buf_4)
     2    0.01    0.06    0.25   10.17 ^ place5081/X (sky130_fd_sc_hd__buf_4)
                                         net5332 (net)
                  0.06    0.00   10.17 ^ place5080/A (sky130_fd_sc_hd__buf_4)
     2    0.01    0.03    0.11   10.27 ^ place5080/X (sky130_fd_sc_hd__buf_4)
                                         net5331 (net)
                  0.03    0.00   10.27 ^ _32284_/B1 (sky130_fd_sc_hd__a21oi_1)
     1    0.00    0.06    0.03   10.30 v _32284_/Y (sky130_fd_sc_hd__a21oi_1)
                                         _15378_ (net)
                  0.06    0.00   10.30 v _32285_/B1 (sky130_fd_sc_hd__a311oi_1)
     1    0.01    0.44    0.42   10.72 ^ _32285_/Y (sky130_fd_sc_hd__a311oi_1)
                                         _15379_ (net)
                  0.44    0.00   10.72 ^ place5021/A (sky130_fd_sc_hd__buf_4)
     1    0.01    0.05    0.20   10.92 ^ place5021/X (sky130_fd_sc_hd__buf_4)
                                         net5272 (net)
                  0.05    0.00   10.92 ^ _32298_/A2 (sky130_fd_sc_hd__o32a_1)
     1    0.03    0.30    0.32   11.25 ^ _32298_/X (sky130_fd_sc_hd__o32a_1)
                                         _15392_ (net)
                  0.30    0.00   11.25 ^ place5004/A (sky130_fd_sc_hd__buf_12)
     2    0.03    0.05    0.16   11.41 ^ place5004/X (sky130_fd_sc_hd__buf_12)
                                         net5255 (net)
                  0.05    0.00   11.41 ^ place5003/A (sky130_fd_sc_hd__buf_4)
     4    0.04    0.12    0.17   11.58 ^ place5003/X (sky130_fd_sc_hd__buf_4)
                                         net5254 (net)
                  0.12    0.01   11.59 ^ _34398_/A2 (sky130_fd_sc_hd__o2111ai_2)
     2    0.01    0.20    0.16   11.75 v _34398_/Y (sky130_fd_sc_hd__o2111ai_2)
                                         _17490_ (net)
                  0.20    0.00   11.75 v _34397_/A (sky130_fd_sc_hd__inv_2)
    11    0.04    0.18    0.22   11.96 ^ _34397_/Y (sky130_fd_sc_hd__inv_2)
                                         _17489_ (net)
                  0.18    0.00   11.96 ^ _25272_/C (sky130_fd_sc_hd__nand3_1)
     2    0.01    0.21    0.16   12.13 v _25272_/Y (sky130_fd_sc_hd__nand3_1)
                                         _08372_ (net)
                  0.21    0.00   12.13 v place4950/A (sky130_fd_sc_hd__buf_4)
     8    0.04    0.06    0.25   12.37 v place4950/X (sky130_fd_sc_hd__buf_4)
                                         net5201 (net)
                  0.06    0.00   12.37 v _25280_/S (sky130_fd_sc_hd__mux2_1)
     1    0.00    0.06    0.31   12.69 v _25280_/X (sky130_fd_sc_hd__mux2_1)
                                         _08380_ (net)
                  0.06    0.00   12.69 v _25284_/A2 (sky130_fd_sc_hd__a211o_1)
     1    0.00    0.05    0.29   12.97 v _25284_/X (sky130_fd_sc_hd__a211o_1)
                                         _08384_ (net)
                  0.05    0.00   12.97 v u.u_timer.mtime_q[5]$_DFFE_PN0P_/D (sky130_fd_sc_hd__dfrtp_1)
                                 12.97   data arrival time

                  0.00   10.00   10.00   clock core_clock (rise edge)
                          1.10   11.10   clock network delay (ideal)
                          0.00   11.10   clock reconvergence pessimism
                                 11.10 ^ u.u_timer.mtime_q[5]$_DFFE_PN0P_/CLK (sky130_fd_sc_hd__dfrtp_1)
                         -0.12   10.97   library setup time
                                 10.97   data required time
-----------------------------------------------------------------------------
                                 10.97   data required time
                                -12.97   data arrival time
-----------------------------------------------------------------------------
                                 -2.00   slack (VIOLATED)


Startpoint: u.u_ibex.u_ibex_core.if_stage_i.instr_rdata_alu_id_o[31]$_DFFE_PP_
            (rising edge-triggered flip-flop clocked by core_clock)
Endpoint: data_req_o (output port clocked by vclk_core_clock)
Path Group: vclk_core_clock
Path Type: max

Fanout     Cap    Slew   Delay    Time   Description
-----------------------------------------------------------------------------
                  0.00    0.00    0.00   clock core_clock (rise edge)
                          1.10    1.10   clock network delay (ideal)
                  0.00    0.00    1.10 ^ u.u_ibex.u_ibex_core.if_stage_i.instr_rdata_alu_id_o[31]$_DFFE_PP_/CLK (sky130_fd_sc_hd__edfxtp_1)
     2    0.01    0.08    0.36    1.46 v u.u_ibex.u_ibex_core.if_stage_i.instr_rdata_alu_id_o[31]$_DFFE_PP_/Q (sky130_fd_sc_hd__edfxtp_1)
                                         _04264_ (net)
                  0.08    0.00    1.46 v _25461_/A (sky130_fd_sc_hd__or4_1)
     4    0.02    0.17    0.64    2.10 v _25461_/X (sky130_fd_sc_hd__or4_1)
                                         _08561_ (net)
                  0.17    0.00    2.10 v _25723_/A4 (sky130_fd_sc_hd__o41ai_1)
     1    0.01    0.44    0.42    2.51 ^ _25723_/Y (sky130_fd_sc_hd__o41ai_1)
                                         _08823_ (net)
                  0.44    0.00    2.51 ^ _25740_/A3 (sky130_fd_sc_hd__a41oi_1)
     2    0.01    0.16    0.22    2.73 v _25740_/Y (sky130_fd_sc_hd__a41oi_1)
                                         _08840_ (net)
                  0.16    0.00    2.73 v _25763_/A1 (sky130_fd_sc_hd__o21ai_0)
     2    0.01    0.23    0.27    3.01 ^ _25763_/Y (sky130_fd_sc_hd__o21ai_0)
                                         _08863_ (net)
                  0.23    0.00    3.01 ^ _26103_/A (sky130_fd_sc_hd__or4_1)
     2    0.01    0.09    0.19    3.20 ^ _26103_/X (sky130_fd_sc_hd__or4_1)
                                         _09203_ (net)
                  0.09    0.00    3.20 ^ _26111_/C (sky130_fd_sc_hd__nand3_1)
     2    0.02    0.18    0.18    3.38 v _26111_/Y (sky130_fd_sc_hd__nand3_1)
                                         _09211_ (net)
                  0.18    0.00    3.38 v _26121_/A (sky130_fd_sc_hd__nor2_1)
     4    0.01    0.25    0.27    3.65 ^ _26121_/Y (sky130_fd_sc_hd__nor2_1)
                                         _09221_ (net)
                  0.25    0.00    3.65 ^ _26125_/A (sky130_fd_sc_hd__clkinv_1)
     3    0.01    0.11    0.15    3.80 v _26125_/Y (sky130_fd_sc_hd__clkinv_1)
                                         _09225_ (net)
                  0.11    0.00    3.80 v place6350/A (sky130_fd_sc_hd__buf_4)
    14    0.07    0.10    0.23    4.03 v place6350/X (sky130_fd_sc_hd__buf_4)
                                         net6611 (net)
                  0.10    0.01    4.04 v _27268_/A1 (sky130_fd_sc_hd__o221ai_1)
     2    0.03    0.66    0.56    4.60 ^ _27268_/Y (sky130_fd_sc_hd__o221ai_1)
                                         _10366_ (net)
                  0.66    0.00    4.60 ^ u.u_ibex.u_ibex_core.alu_adder_result_ex\\ALU_33_0_33_0_33_unused_CO_X_Y[0]_HAN_CARLSON/_455_/C (sky130_fd_sc_hd__xor3_1)
     3    0.02    0.16    0.43    5.03 v u.u_ibex.u_ibex_core.alu_adder_result_ex\\ALU_33_0_33_0_33_unused_CO_X_Y[0]_HAN_CARLSON/_455_/X (sky130_fd_sc_hd__xor3_1)
                                         u.u_ibex.u_ibex_core.alu_adder_result_ex\\ALU_33_0_33_0_33_unused_CO_X_Y[0]_HAN_CARLSON/_194_ (net)
                  0.16    0.00    5.03 v u.u_ibex.u_ibex_core.alu_adder_result_ex\\ALU_33_0_33_0_33_unused_CO_X_Y[0]_HAN_CARLSON/_457_/B (sky130_fd_sc_hd__nand2_1)
     3    0.01    0.10    0.15    5.18 ^ u.u_ibex.u_ibex_core.alu_adder_result_ex\\ALU_33_0_33_0_33_unused_CO_X_Y[0]_HAN_CARLSON/_457_/Y (sky130_fd_sc_hd__nand2_1)
                                         u.u_ibex.u_ibex_core.alu_adder_result_ex\\ALU_33_0_33_0_33_unused_CO_X_Y[0]_HAN_CARLSON/_195_ (net)
                  0.10    0.00    5.18 ^ u.u_ibex.u_ibex_core.alu_adder_result_ex\\ALU_33_0_33_0_33_unused_CO_X_Y[0]_HAN_CARLSON/_475_/A (sky130_fd_sc_hd__or2_0)
     3    0.01    0.14    0.18    5.36 ^ u.u_ibex.u_ibex_core.alu_adder_result_ex\\ALU_33_0_33_0_33_unused_CO_X_Y[0]_HAN_CARLSON/_475_/X (sky130_fd_sc_hd__or2_0)
                                         u.u_ibex.u_ibex_core.alu_adder_result_ex\\ALU_33_0_33_0_33_unused_CO_X_Y[0]_HAN_CARLSON/_211_ (net)
                  0.14    0.00    5.36 ^ u.u_ibex.u_ibex_core.alu_adder_result_ex\\ALU_33_0_33_0_33_unused_CO_X_Y[0]_HAN_CARLSON/_476_/B (sky130_fd_sc_hd__nor2_1)
     2    0.01    0.07    0.08    5.44 v u.u_ibex.u_ibex_core.alu_adder_result_ex\\ALU_33_0_33_0_33_unused_CO_X_Y[0]_HAN_CARLSON/_476_/Y (sky130_fd_sc_hd__nor2_1)
                                         u.u_ibex.u_ibex_core.alu_adder_result_ex\\ALU_33_0_33_0_33_unused_CO_X_Y[0]_HAN_CARLSON/_212_ (net)
                  0.07    0.00    5.44 v u.u_ibex.u_ibex_core.alu_adder_result_ex\\ALU_33_0_33_0_33_unused_CO_X_Y[0]_HAN_CARLSON/_287_/B1 (sky130_fd_sc_hd__o311a_1)
     1    0.00    0.06    0.14    5.58 v u.u_ibex.u_ibex_core.alu_adder_result_ex\\ALU_33_0_33_0_33_unused_CO_X_Y[0]_HAN_CARLSON/_287_/X (sky130_fd_sc_hd__o311a_1)
                                         u.u_ibex.u_ibex_core.alu_adder_result_ex\\ALU_33_0_33_0_33_unused_CO_X_Y[0]_HAN_CARLSON/_047_ (net)
                  0.06    0.00    5.58 v u.u_ibex.u_ibex_core.alu_adder_result_ex\\ALU_33_0_33_0_33_unused_CO_X_Y[0]_HAN_CARLSON/_288_/B1 (sky130_fd_sc_hd__a211oi_1)
     3    0.02    0.80    0.68    6.25 ^ u.u_ibex.u_ibex_core.alu_adder_result_ex\\ALU_33_0_33_0_33_unused_CO_X_Y[0]_HAN_CARLSON/_288_/Y (sky130_fd_sc_hd__a211oi_1)
                                         u.u_ibex.u_ibex_core.alu_adder_result_ex\\ALU_33_0_33_0_33_unused_CO_X_Y[0]_HAN_CARLSON/_048_ (net)
                  0.80    0.00    6.25 ^ u.u_ibex.u_ibex_core.alu_adder_result_ex\\ALU_33_0_33_0_33_unused_CO_X_Y[0]_HAN_CARLSON/_364_/A1 (sky130_fd_sc_hd__o31ai_1)
     1    0.01    0.16    0.23    6.48 v u.u_ibex.u_ibex_core.alu_adder_result_ex\\ALU_33_0_33_0_33_unused_CO_X_Y[0]_HAN_CARLSON/_364_/Y (sky130_fd_sc_hd__o31ai_1)
                                         u.u_ibex.u_ibex_core.alu_adder_result_ex\\ALU_33_0_33_0_33_unused_CO_X_Y[0]_HAN_CARLSON/_116_ (net)
                  0.16    0.00    6.48 v u.u_ibex.u_ibex_core.alu_adder_result_ex\\ALU_33_0_33_0_33_unused_CO_X_Y[0]_HAN_CARLSON/place5660/A (sky130_fd_sc_hd__buf_4)
     1    0.01    0.03    0.19    6.67 v u.u_ibex.u_ibex_core.alu_adder_result_ex\\ALU_33_0_33_0_33_unused_CO_X_Y[0]_HAN_CARLSON/place5660/X (sky130_fd_sc_hd__buf_4)
                                         u.u_ibex.u_ibex_core.alu_adder_result_ex\\ALU_33_0_33_0_33_unused_CO_X_Y[0]_HAN_CARLSON/net5918 (net)
                  0.03    0.00    6.67 v u.u_ibex.u_ibex_core.alu_adder_result_ex\\ALU_33_0_33_0_33_unused_CO_X_Y[0]_HAN_CARLSON/_367_/A (sky130_fd_sc_hd__xnor2_2)
     2    0.05    0.61    0.50    7.17 ^ u.u_ibex.u_ibex_core.alu_adder_result_ex\\ALU_33_0_33_0_33_unused_CO_X_Y[0]_HAN_CARLSON/_367_/Y (sky130_fd_sc_hd__xnor2_2)
                                         net936 (net)
                  0.61    0.01    7.18 ^ place5404/A (sky130_fd_sc_hd__buf_12)
     5    0.12    0.14    0.25    7.43 ^ place5404/X (sky130_fd_sc_hd__buf_12)
                                         net5655 (net)
                  0.16    0.04    7.47 ^ place5403/A (sky130_fd_sc_hd__buf_4)
     5    0.02    0.07    0.17    7.64 ^ place5403/X (sky130_fd_sc_hd__buf_4)
                                         net5654 (net)
                  0.07    0.00    7.64 ^ _21144_/_160_/A (sky130_fd_sc_hd__nor2_1)
     2    0.01    0.06    0.06    7.69 v _21144_/_160_/Y (sky130_fd_sc_hd__nor2_1)
                                         _21144_/_050_ (net)
                  0.06    0.00    7.69 v _21144_/_176_/B (sky130_fd_sc_hd__nor4b_1)
     2    0.01    0.40    0.40    8.09 ^ _21144_/_176_/Y (sky130_fd_sc_hd__nor4b_1)
                                         _21144_/_066_ (net)
                  0.40    0.00    8.09 ^ _21144_/_186_/B (sky130_fd_sc_hd__nand4b_1)
     2    0.01    0.15    0.20    8.29 v _21144_/_186_/Y (sky130_fd_sc_hd__nand4b_1)
                                         _21144_/_076_ (net)
                  0.15    0.00    8.29 v _21144_/_135_/C (sky130_fd_sc_hd__nor4_1)
     1    0.00    0.26    0.29    8.58 ^ _21144_/_135_/Y (sky130_fd_sc_hd__nor4_1)
                                         _21144_/_026_ (net)
                  0.26    0.00    8.58 ^ _21144_/place5173/A (sky130_fd_sc_hd__buf_4)
     1    0.01    0.04    0.17    8.74 ^ _21144_/place5173/X (sky130_fd_sc_hd__buf_4)
                                         _21144_/net5424 (net)
                  0.04    0.00    8.74 ^ _21144_/_136_/A2 (sky130_fd_sc_hd__a21o_1)
     2    0.01    0.06    0.12    8.86 ^ _21144_/_136_/X (sky130_fd_sc_hd__a21o_1)
                                         _04224_ (net)
                  0.06    0.00    8.86 ^ _31279_/A_N (sky130_fd_sc_hd__and4b_1)
     1    0.00    0.04    0.19    9.06 v _31279_/X (sky130_fd_sc_hd__and4b_1)
                                         _14374_ (net)
                  0.04    0.00    9.06 v _31412_/B1 (sky130_fd_sc_hd__a21oi_1)
     1    0.06    1.11    0.85    9.90 ^ _31412_/Y (sky130_fd_sc_hd__a21oi_1)
                                         _14507_ (net)
                  1.11    0.01    9.91 ^ place5081/A (sky130_fd_sc_hd__buf_4)
     2    0.01    0.06    0.25   10.17 ^ place5081/X (sky130_fd_sc_hd__buf_4)
                                         net5332 (net)
                  0.06    0.00   10.17 ^ place5080/A (sky130_fd_sc_hd__buf_4)
     2    0.01    0.03    0.11   10.27 ^ place5080/X (sky130_fd_sc_hd__buf_4)
                                         net5331 (net)
                  0.03    0.00   10.27 ^ _32284_/B1 (sky130_fd_sc_hd__a21oi_1)
     1    0.00    0.06    0.03   10.30 v _32284_/Y (sky130_fd_sc_hd__a21oi_1)
                                         _15378_ (net)
                  0.06    0.00   10.30 v _32285_/B1 (sky130_fd_sc_hd__a311oi_1)
     1    0.01    0.44    0.42   10.72 ^ _32285_/Y (sky130_fd_sc_hd__a311oi_1)
                                         _15379_ (net)
                  0.44    0.00   10.72 ^ place5021/A (sky130_fd_sc_hd__buf_4)
     1    0.01    0.05    0.20   10.92 ^ place5021/X (sky130_fd_sc_hd__buf_4)
                                         net5272 (net)
                  0.05    0.00   10.92 ^ _32298_/A2 (sky130_fd_sc_hd__o32a_1)
     1    0.03    0.30    0.32   11.25 ^ _32298_/X (sky130_fd_sc_hd__o32a_1)
                                         _15392_ (net)
                  0.30    0.00   11.25 ^ place5004/A (sky130_fd_sc_hd__buf_12)
     2    0.03    0.05    0.16   11.41 ^ place5004/X (sky130_fd_sc_hd__buf_12)
                                         net5255 (net)
                  0.05    0.00   11.41 ^ _32304_/A2 (sky130_fd_sc_hd__o21ai_1)
     1    0.00    0.13    0.05   11.47 v _32304_/Y (sky130_fd_sc_hd__o21ai_1)
                                         _15397_ (net)
                  0.13    0.00   11.47 v place4988/A (sky130_fd_sc_hd__buf_4)
     2    0.03    0.06    0.21   11.67 v place4988/X (sky130_fd_sc_hd__buf_4)
                                         net5239 (net)
                  0.06    0.00   11.68 v _32303_/A (sky130_fd_sc_hd__clkinv_1)
     1    0.00    0.03    0.05   11.73 ^ _32303_/Y (sky130_fd_sc_hd__clkinv_1)
                                         net945 (net)
                  0.03    0.00   11.73 ^ output701/A (sky130_fd_sc_hd__clkdlybuf4s50_1)
     1    0.00    0.04    0.45   12.18 ^ output701/X (sky130_fd_sc_hd__clkdlybuf4s50_1)
                                         data_req_o (net)
                  0.04    0.00   12.18 ^ data_req_o (out)
                                 12.18   data arrival time

                  0.00   10.00   10.00   clock vclk_core_clock (rise edge)
                          1.10   11.10   clock network delay (ideal)
                          0.00   11.10   clock reconvergence pessimism
                         -2.00    9.09   output external delay
                                  9.09   data required time
-----------------------------------------------------------------------------
                                  9.09   data required time
                                -12.18   data arrival time
-----------------------------------------------------------------------------
                                 -3.08   slack (VIOLATED)



==========================================================================
global place report_power
--------------------------------------------------------------------------
Group                  Internal  Switching    Leakage      Total
                          Power      Power      Power      Power (Watts)
----------------------------------------------------------------
Sequential             4.43e-03   2.61e-04   2.87e-08   4.69e-03  17.7%
Combinational          8.21e-03   1.34e-02   8.45e-08   2.16e-02  81.7%
Clock                 -6.50e-07   1.61e-04   1.87e-12   1.60e-04   0.6%
Macro                  0.00e+00   0.00e+00   0.00e+00   0.00e+00   0.0%
Pad                    0.00e+00   0.00e+00   0.00e+00   0.00e+00   0.0%
----------------------------------------------------------------
Total                  1.26e-02   1.38e-02   1.13e-07   2.65e-02 100.0%
                          47.7%      52.3%       0.0%
