=== M6 paper build record ===
date: 2026-08-11T10:25:46+05:00
git_commit: b0d66661b938ab55075fee650be0bfa55ec5249a
branch: m6-publication-freeze
engine: pdflatex
pdfTeX 3.141592653-2.6-1.40.25 (TeX Live 2023/Debian)
latexmk: not installed
pdf: paper/build/main.pdf (116176 bytes)
=== build log ===
This is pdfTeX, Version 3.141592653-2.6-1.40.25 (TeX Live 2023/Debian) (preloaded format=pdflatex)
 restricted \write18 enabled.
entering extended mode
(./main.tex
LaTeX2e <2023-11-01> patch level 1
L3 programming layer <2024-01-22>
(./vendor/IEEEtran.cls
Document Class: IEEEtran 2015/08/26 V1.8b by Michael Shell
-- See the "IEEEtran_HOWTO" manual for usage information.
-- http://www.michaelshell.org/tex/ieeetran/
(/usr/share/texlive/texmf-dist/tex/latex/psnfss/ot1ptm.fd)
-- Using 8.5in x 11in (letter) paper.
-- Using PDF output.
-- This is a 10 point document.
) (/usr/share/texlive/texmf-dist/tex/latex/amsmath/amsmath.sty
For additional information on amsmath, use the `?' option.
(/usr/share/texlive/texmf-dist/tex/latex/amsmath/amstext.sty
(/usr/share/texlive/texmf-dist/tex/latex/amsmath/amsgen.sty))
(/usr/share/texlive/texmf-dist/tex/latex/amsmath/amsbsy.sty)
(/usr/share/texlive/texmf-dist/tex/latex/amsmath/amsopn.sty))
(/usr/share/texlive/texmf-dist/tex/latex/amsfonts/amssymb.sty
(/usr/share/texlive/texmf-dist/tex/latex/amsfonts/amsfonts.sty))
(/usr/share/texlive/texmf-dist/tex/latex/booktabs/booktabs.sty)
(/usr/share/texlive/texmf-dist/tex/latex/multirow/multirow.sty)
(/usr/share/texlive/texmf-dist/tex/latex/graphics/graphicx.sty
(/usr/share/texlive/texmf-dist/tex/latex/graphics/keyval.sty)
(/usr/share/texlive/texmf-dist/tex/latex/graphics/graphics.sty
(/usr/share/texlive/texmf-dist/tex/latex/graphics/trig.sty)
(/usr/share/texlive/texmf-dist/tex/latex/graphics-cfg/graphics.cfg)
(/usr/share/texlive/texmf-dist/tex/latex/graphics-def/pdftex.def)))
(/usr/share/texlive/texmf-dist/tex/latex/xcolor/xcolor.sty
(/usr/share/texlive/texmf-dist/tex/latex/graphics-cfg/color.cfg)
(/usr/share/texlive/texmf-dist/tex/latex/graphics/mathcolor.ltx))
(/usr/share/texlive/texmf-dist/tex/latex/hyperref/hyperref.sty
(/usr/share/texlive/texmf-dist/tex/generic/iftex/iftex.sty)
(/usr/share/texlive/texmf-dist/tex/latex/kvsetkeys/kvsetkeys.sty)
(/usr/share/texlive/texmf-dist/tex/generic/kvdefinekeys/kvdefinekeys.sty)
(/usr/share/texlive/texmf-dist/tex/generic/pdfescape/pdfescape.sty
(/usr/share/texlive/texmf-dist/tex/generic/ltxcmds/ltxcmds.sty)
(/usr/share/texlive/texmf-dist/tex/generic/pdftexcmds/pdftexcmds.sty
(/usr/share/texlive/texmf-dist/tex/generic/infwarerr/infwarerr.sty)))
(/usr/share/texlive/texmf-dist/tex/latex/hycolor/hycolor.sty)
(/usr/share/texlive/texmf-dist/tex/latex/auxhook/auxhook.sty)
(/usr/share/texlive/texmf-dist/tex/latex/hyperref/nameref.sty
(/usr/share/texlive/texmf-dist/tex/latex/refcount/refcount.sty)
(/usr/share/texlive/texmf-dist/tex/generic/gettitlestring/gettitlestring.sty
(/usr/share/texlive/texmf-dist/tex/latex/kvoptions/kvoptions.sty)))
(/usr/share/texlive/texmf-dist/tex/latex/etoolbox/etoolbox.sty)
(/usr/share/texlive/texmf-dist/tex/latex/hyperref/pd1enc.def)
(/usr/share/texlive/texmf-dist/tex/generic/intcalc/intcalc.sty)
(/usr/share/texlive/texmf-dist/tex/latex/hyperref/puenc.def)
(/usr/share/texlive/texmf-dist/tex/latex/url/url.sty)
(/usr/share/texlive/texmf-dist/tex/generic/bitset/bitset.sty
(/usr/share/texlive/texmf-dist/tex/generic/bigintcalc/bigintcalc.sty))
(/usr/share/texlive/texmf-dist/tex/latex/base/atbegshi-ltx.sty))
(/usr/share/texlive/texmf-dist/tex/latex/hyperref/hpdftex.def
(/usr/share/texlive/texmf-dist/tex/latex/base/atveryend-ltx.sty)
(/usr/share/texlive/texmf-dist/tex/latex/rerunfilecheck/rerunfilecheck.sty
(/usr/share/texlive/texmf-dist/tex/generic/uniquecounter/uniquecounter.sty)))
(/usr/share/texlive/texmf-dist/tex/latex/cleveref/cleveref.sty)
(/usr/share/texlive/texmf-dist/tex/latex/siunitx/siunitx.sty
(/usr/share/texlive/texmf-dist/tex/latex/translations/translations.sty)
(/usr/share/texlive/texmf-dist/tex/latex/tools/array.sty))
(/usr/share/texlive/texmf-dist/tex/latex/tools/tabularx.sty)
(/usr/share/texlive/texmf-dist/tex/latex/pgf/frontendlayer/tikz.sty
(/usr/share/texlive/texmf-dist/tex/latex/pgf/basiclayer/pgf.sty
(/usr/share/texlive/texmf-dist/tex/latex/pgf/utilities/pgfrcs.sty
(/usr/share/texlive/texmf-dist/tex/generic/pgf/utilities/pgfutil-common.tex)
(/usr/share/texlive/texmf-dist/tex/generic/pgf/utilities/pgfutil-latex.def)
(/usr/share/texlive/texmf-dist/tex/generic/pgf/utilities/pgfrcs.code.tex
(/usr/share/texlive/texmf-dist/tex/generic/pgf/pgf.revision.tex)))
(/usr/share/texlive/texmf-dist/tex/latex/pgf/basiclayer/pgfcore.sty
(/usr/share/texlive/texmf-dist/tex/latex/pgf/systemlayer/pgfsys.sty
(/usr/share/texlive/texmf-dist/tex/generic/pgf/systemlayer/pgfsys.code.tex
(/usr/share/texlive/texmf-dist/tex/generic/pgf/utilities/pgfkeys.code.tex
(/usr/share/texlive/texmf-dist/tex/generic/pgf/utilities/pgfkeyslibraryfiltered
.code.tex)) (/usr/share/texlive/texmf-dist/tex/generic/pgf/systemlayer/pgf.cfg)
(/usr/share/texlive/texmf-dist/tex/generic/pgf/systemlayer/pgfsys-pdftex.def
(/usr/share/texlive/texmf-dist/tex/generic/pgf/systemlayer/pgfsys-common-pdf.de
f)))
(/usr/share/texlive/texmf-dist/tex/generic/pgf/systemlayer/pgfsyssoftpath.code.
tex)
(/usr/share/texlive/texmf-dist/tex/generic/pgf/systemlayer/pgfsysprotocol.code.
tex))
(/usr/share/texlive/texmf-dist/tex/generic/pgf/basiclayer/pgfcore.code.tex
(/usr/share/texlive/texmf-dist/tex/generic/pgf/math/pgfmath.code.tex
(/usr/share/texlive/texmf-dist/tex/generic/pgf/math/pgfmathutil.code.tex)
(/usr/share/texlive/texmf-dist/tex/generic/pgf/math/pgfmathparser.code.tex)
(/usr/share/texlive/texmf-dist/tex/generic/pgf/math/pgfmathfunctions.code.tex)
(/usr/share/texlive/texmf-dist/tex/generic/pgf/math/pgfmathfunctions.basic.code
.tex)
(/usr/share/texlive/texmf-dist/tex/generic/pgf/math/pgfmathfunctions.trigonomet
ric.code.tex)
(/usr/share/texlive/texmf-dist/tex/generic/pgf/math/pgfmathfunctions.random.cod
e.tex)
(/usr/share/texlive/texmf-dist/tex/generic/pgf/math/pgfmathfunctions.comparison
.code.tex)
(/usr/share/texlive/texmf-dist/tex/generic/pgf/math/pgfmathfunctions.base.code.
tex)
(/usr/share/texlive/texmf-dist/tex/generic/pgf/math/pgfmathfunctions.round.code
.tex)
(/usr/share/texlive/texmf-dist/tex/generic/pgf/math/pgfmathfunctions.misc.code.
tex)
(/usr/share/texlive/texmf-dist/tex/generic/pgf/math/pgfmathfunctions.integerari
thmetics.code.tex)
(/usr/share/texlive/texmf-dist/tex/generic/pgf/math/pgfmathcalc.code.tex)
(/usr/share/texlive/texmf-dist/tex/generic/pgf/math/pgfmathfloat.code.tex))
(/usr/share/texlive/texmf-dist/tex/generic/pgf/math/pgfint.code.tex)
(/usr/share/texlive/texmf-dist/tex/generic/pgf/basiclayer/pgfcorepoints.code.te
x)
(/usr/share/texlive/texmf-dist/tex/generic/pgf/basiclayer/pgfcorepathconstruct.
code.tex)
(/usr/share/texlive/texmf-dist/tex/generic/pgf/basiclayer/pgfcorepathusage.code
.tex)
(/usr/share/texlive/texmf-dist/tex/generic/pgf/basiclayer/pgfcorescopes.code.te
x)
(/usr/share/texlive/texmf-dist/tex/generic/pgf/basiclayer/pgfcoregraphicstate.c
ode.tex)
(/usr/share/texlive/texmf-dist/tex/generic/pgf/basiclayer/pgfcoretransformation
s.code.tex)
(/usr/share/texlive/texmf-dist/tex/generic/pgf/basiclayer/pgfcorequick.code.tex
)
(/usr/share/texlive/texmf-dist/tex/generic/pgf/basiclayer/pgfcoreobjects.code.t
ex)
(/usr/share/texlive/texmf-dist/tex/generic/pgf/basiclayer/pgfcorepathprocessing
.code.tex)
(/usr/share/texlive/texmf-dist/tex/generic/pgf/basiclayer/pgfcorearrows.code.te
x)
(/usr/share/texlive/texmf-dist/tex/generic/pgf/basiclayer/pgfcoreshade.code.tex
)
(/usr/share/texlive/texmf-dist/tex/generic/pgf/basiclayer/pgfcoreimage.code.tex
)
(/usr/share/texlive/texmf-dist/tex/generic/pgf/basiclayer/pgfcoreexternal.code.
tex)
(/usr/share/texlive/texmf-dist/tex/generic/pgf/basiclayer/pgfcorelayers.code.te
x)
(/usr/share/texlive/texmf-dist/tex/generic/pgf/basiclayer/pgfcoretransparency.c
ode.tex)
(/usr/share/texlive/texmf-dist/tex/generic/pgf/basiclayer/pgfcorepatterns.code.
tex)
(/usr/share/texlive/texmf-dist/tex/generic/pgf/basiclayer/pgfcorerdf.code.tex))
)
(/usr/share/texlive/texmf-dist/tex/generic/pgf/modules/pgfmoduleshapes.code.tex
) (/usr/share/texlive/texmf-dist/tex/generic/pgf/modules/pgfmoduleplot.code.tex
)
(/usr/share/texlive/texmf-dist/tex/latex/pgf/compatibility/pgfcomp-version-0-65
.sty)
(/usr/share/texlive/texmf-dist/tex/latex/pgf/compatibility/pgfcomp-version-1-18
.sty)) (/usr/share/texlive/texmf-dist/tex/latex/pgf/utilities/pgffor.sty
(/usr/share/texlive/texmf-dist/tex/latex/pgf/utilities/pgfkeys.sty
(/usr/share/texlive/texmf-dist/tex/generic/pgf/utilities/pgfkeys.code.tex))
(/usr/share/texlive/texmf-dist/tex/latex/pgf/math/pgfmath.sty
(/usr/share/texlive/texmf-dist/tex/generic/pgf/math/pgfmath.code.tex))
(/usr/share/texlive/texmf-dist/tex/generic/pgf/utilities/pgffor.code.tex))
(/usr/share/texlive/texmf-dist/tex/generic/pgf/frontendlayer/tikz/tikz.code.tex

(/usr/share/texlive/texmf-dist/tex/generic/pgf/libraries/pgflibraryplothandlers
.code.tex)
(/usr/share/texlive/texmf-dist/tex/generic/pgf/modules/pgfmodulematrix.code.tex
)
(/usr/share/texlive/texmf-dist/tex/generic/pgf/frontendlayer/tikz/libraries/tik
zlibrarytopaths.code.tex)))
(/usr/share/texlive/texmf-dist/tex/generic/pgf/libraries/pgflibraryarrows.meta.
code.tex)
(/usr/share/texlive/texmf-dist/tex/generic/pgf/frontendlayer/tikz/libraries/tik
zlibrarypositioning.code.tex)
(/usr/share/texlive/texmf-dist/tex/generic/pgf/frontendlayer/tikz/libraries/tik
zlibraryshapes.geometric.code.tex
(/usr/share/texlive/texmf-dist/tex/generic/pgf/libraries/shapes/pgflibraryshape
s.geometric.code.tex)) (./generated/result_macros.tex)
(./generated/provenance.tex)
(/usr/share/texlive/texmf-dist/tex/latex/l3backend/l3backend-pdftex.def)
No file main.aux.
-- Lines per column: 56 (exact).
(/usr/share/texlive/texmf-dist/tex/context/base/mkii/supp-pdf.mkii
[Loading MPS to PDF converter (version 2006.09.02).]
) (/usr/share/texlive/texmf-dist/tex/latex/epstopdf-pkg/epstopdf-base.sty
(/usr/share/texlive/texmf-dist/tex/latex/latexconfig/epstopdf-sys.cfg))
(/usr/share/texlive/texmf-dist/tex/latex/translations/translations-basic-dictio
nary-english.trsl)
** WARNING: \thanks is locked out when in conference mode (line 28).
(./sections/00_abstract.tex
(/usr/share/texlive/texmf-dist/tex/latex/psnfss/ot1pcr.fd)
Underfull \hbox (badness 10000) in paragraph at lines 13--14
[]\OT1/ptm/b/n/9 Compositional re-sult: Un-der RST-A fail-open

Underfull \hbox (badness 10000) in paragraph at lines 13--14
\OT1/ptm/b/n/9 ini-tial-iza-tion, an un-safe early-DMA protected-

Underfull \hbox (badness 10000) in paragraph at lines 13--14
\OT1/ptm/b/n/9 memory state be-fore \OT1/pcr/b/n/9 secure_ready \OT1/ptm/b/n/9 
is reach-able

Underfull \hbox (badness 10000) in paragraph at lines 13--14
\OT1/ptm/b/n/9 (RE-SET[]ASSUMPTION[]DEPENDENCY). Un-der RST-B
) (./sections/01_introduction.tex
(/usr/share/texlive/texmf-dist/tex/latex/amsfonts/umsa.fd)
(/usr/share/texlive/texmf-dist/tex/latex/amsfonts/umsb.fd)
Underfull \hbox (badness 4060) in paragraph at lines 16--17
[]\OT1/ptm/b/n/10 C1: \OT1/ptm/m/n/10 Com-po-si-tional se-cu-rity model span-ni
ng PMP,
) (./sections/02_background.tex) (./sections/03_threat_model.tex)
(./sections/04_system_model.tex (./figures/architecture.tex

Package pgf Warning: Returning node center instead of a point on node border. D
id you specify a point identical to the center of node ``ic''? on input line 18
.


Overfull \hbox (67.87022pt too wide) in paragraph at lines 25--26
 [][] 
)) (./sections/05_security_properties.tex (./tables/property_summary.tex
Overfull \hbox (11.75119pt too wide) in paragraph at lines 18--18
[]|\OT1/ptm/m/n/9 PDR/Induct.| 

Overfull \hbox (0.50105pt too wide) in paragraph at lines 18--18
[]|\OT1/ptm/m/n/9 Scientific

Overfull \hbox (37.14914pt too wide) in paragraph at lines 18--18
[]|\OT1/ptm/m/n/9 FORMAL[]PROOF| 

Overfull \hbox (37.14914pt too wide) in paragraph at lines 18--18
[]|\OT1/ptm/m/n/9 FORMAL[]PROOF| 

Overfull \hbox (37.14914pt too wide) in paragraph at lines 18--18
[]|\OT1/ptm/m/n/9 FORMAL[]PROOF| 

Overfull \hbox (37.14914pt too wide) in paragraph at lines 18--18
[]|\OT1/ptm/m/n/9 FORMAL[]PROOF| 

Overfull \hbox (37.14914pt too wide) in paragraph at lines 18--18
[]|\OT1/ptm/m/n/9 FORMAL[]PROOF| 

Overfull \hbox (37.14914pt too wide) in paragraph at lines 18--18
[]|\OT1/ptm/m/n/9 FORMAL[]PROOF| 

Overfull \hbox (7.77357pt too wide) in paragraph at lines 18--18
[]|\OT1/ptm/m/n/9 NOT[]RUN| 

Overfull \hbox (7.77357pt too wide) in paragraph at lines 18--18
[]|\OT1/ptm/m/n/9 NOT[]RUN| 

Overfull \hbox (7.77357pt too wide) in paragraph at lines 18--18
[]|\OT1/ptm/m/n/9 NOT[]RUN| 

Overfull \hbox (51.49507pt too wide) in paragraph at lines 18--18
[]|\OT1/ptm/m/n/9 COUNTEREXAMPLE| 

Overfull \hbox (120.49762pt too wide) in paragraph at lines 18--18
[]|\OT1/ptm/m/n/9 RESET[]ASSUMPTION[]DEPENDENCY| 

Overfull \hbox (7.77357pt too wide) in paragraph at lines 18--18
[]|\OT1/ptm/m/n/9 NOT[]RUN| 

Overfull \hbox (120.49762pt too wide) in paragraph at lines 18--18
[]|\OT1/ptm/m/n/9 RESET[]ASSUMPTION[]DEPENDENCY| 

Overfull \hbox (37.14914pt too wide) in paragraph at lines 18--18
[]|\OT1/ptm/m/n/9 FORMAL[]PROOF| 

Overfull \hbox (37.14914pt too wide) in paragraph at lines 18--18
[]|\OT1/ptm/m/n/9 FORMAL[]PROOF| 

Overfull \hbox (37.14914pt too wide) in paragraph at lines 18--18
[]|\OT1/ptm/m/n/9 FORMAL[]PROOF| 

Overfull \hbox (35.67323pt too wide) in paragraph at lines 18--18
[]|\OT1/ptm/m/n/9 BOUNDED[]PASS| 

Overfull \hbox (35.67323pt too wide) in paragraph at lines 18--18
[]|\OT1/ptm/m/n/9 BOUNDED[]PASS| 

Underfull \hbox (badness 10000) in paragraph at lines 18--18
[]|\OT1/ptm/m/n/9 FAIL

Underfull \hbox (badness 10000) in paragraph at lines 18--18
\OT1/ptm/m/n/9 clas-si-fi-

Underfull \hbox (badness 10000) in paragraph at lines 18--18
\OT1/ptm/m/n/9 ca-tion:

Overfull \hbox (62.9791pt too wide) in paragraph at lines 18--18
\OT1/ptm/m/n/9 BOUNDED[]EVIDENCE)| 

Overfull \hbox (59.98213pt too wide) in paragraph at lines 18--18
[]|\OT1/ptm/m/n/9 BOUNDED[]EVIDENCE| 
)) (./sections/06_verification_methodology.tex
(./figures/verification_workflow.tex)) (./sections/07_results.tex
(./tables/reset_comparison.tex
Overfull \hbox (228.13364pt too wide) in paragraph at lines 6--14
 [][] 
) (./figures/reset_ordering.tex
Overfull \hbox (51.097pt too wide) in paragraph at lines 24--25
 [][] 

Underfull \hbox (badness 7558) in paragraph at lines 25--25
\OT1/ptm/m/n/8 Fig. 3.  []Reset-ordering con-trast for SP-08. RST-A CE is RE-
) (./tables/claims_evidence.tex
Underfull \hbox (badness 1803) in paragraph at lines 18--18
[]|\OT1/ptm/m/n/8 Fail-open re-set model per-mits reach-able early-DMA
) (./tables/assumption_sensitivity.tex
Underfull \hbox (badness 10000) in paragraph at lines 18--18
[]|\OT1/ptm/m/n/9 If re-

Overfull \hbox (26.44534pt too wide) in paragraph at lines 18--18
\OT1/ptm/m/n/9 moved/weakened| 

Underfull \hbox (badness 10000) in paragraph at lines 18--18
[]|\OT1/ptm/m/n/9 ENV-4

Underfull \hbox (badness 10000) in paragraph at lines 18--18
\OT1/ptm/m/n/9 FIX-2

Underfull \hbox (badness 10000) in paragraph at lines 18--18
\OT1/ptm/m/n/9 pri-mary

Underfull \hbox (badness 10000) in paragraph at lines 18--18
[]|\OT1/ptm/m/n/9 CE

Underfull \hbox (badness 10000) in paragraph at lines 18--18
\OT1/ptm/m/n/9 re-turns

Underfull \hbox (badness 10000) in paragraph at lines 18--18
[]|\OT1/ptm/m/n/9 ENV-4

Underfull \hbox (badness 10000) in paragraph at lines 18--18
\OT1/ptm/m/n/9 FIX-2

Underfull \hbox (badness 10000) in paragraph at lines 18--18
\OT1/ptm/m/n/9 pri-mary

Underfull \hbox (badness 10000) in paragraph at lines 18--18
[]|\OT1/ptm/m/n/9 FIX-2

Underfull \hbox (badness 10000) in paragraph at lines 18--18
\OT1/ptm/m/n/9 pri-mary

Underfull \hbox (badness 10000) in paragraph at lines 18--18
[]|\OT1/ptm/m/n/9 ENV-4

Underfull \hbox (badness 10000) in paragraph at lines 18--18
\OT1/ptm/m/n/9 FIX-2

Underfull \hbox (badness 10000) in paragraph at lines 18--18
\OT1/ptm/m/n/9 pri-mary

Overfull \hbox (0.9573pt too wide) in paragraph at lines 18--18
[]|\OT1/ptm/m/n/9 txn[]active

Underfull \hbox (badness 10000) in paragraph at lines 18--18
\OT1/ptm/m/n/9 anyinit

Underfull \hbox (badness 10000) in paragraph at lines 18--18
[]|\OT1/ptm/m/n/9 ENV-4

Underfull \hbox (badness 10000) in paragraph at lines 18--18
\OT1/ptm/m/n/9 FIX-2

Underfull \hbox (badness 10000) in paragraph at lines 18--18
\OT1/ptm/m/n/9 pri-mary

Underfull \hbox (badness 10000) in paragraph at lines 18--18
[]|\OT1/ptm/m/n/9 spurious

Underfull \hbox (badness 10000) in paragraph at lines 18--18
\OT1/ptm/m/n/9 ini[]w

Underfull \hbox (badness 10000) in paragraph at lines 18--18
\OT1/ptm/m/n/9 at re-set

Underfull \hbox (badness 10000) in paragraph at lines 18--18
[]|\OT1/ptm/m/n/9 ENV-4

Underfull \hbox (badness 10000) in paragraph at lines 18--18
\OT1/ptm/m/n/9 FIX-2

Underfull \hbox (badness 10000) in paragraph at lines 18--18
\OT1/ptm/m/n/9 pri-mary

Underfull \hbox (badness 10000) in paragraph at lines 18--18
[]|\OT1/ptm/m/n/9 illegal

Underfull \hbox (badness 10000) in paragraph at lines 18--18
\OT1/ptm/m/n/9 AW

Underfull \hbox (badness 10000) in paragraph at lines 18--18
[]|\OT1/ptm/m/n/9 ENV-4

Underfull \hbox (badness 10000) in paragraph at lines 18--18
\OT1/ptm/m/n/9 FIX-2

Underfull \hbox (badness 10000) in paragraph at lines 18--18
\OT1/ptm/m/n/9 pri-mary

Underfull \hbox (badness 10000) in paragraph at lines 18--18
[]|\OT1/ptm/m/n/9 W

Underfull \hbox (badness 10000) in paragraph at lines 18--18
\OT1/ptm/m/n/9 with-out
)) (./sections/08_discussion.tex) (./sections/09_related_work.tex)
(./sections/10_limitations.tex (./sections/10_limitations_body.tex
Underfull \hbox (badness 1354) in paragraph at lines 4--5
\OT1/ptm/m/n/10 compliant RISC-V IOPMP un-less ex-plic-itly demon-
[1{/var/lib/texmf/fonts/map/pdftex/updmap/pdftex.map}{/usr/share/texlive/texmf-
dist/fonts/enc/dvips/base/8r.enc}]
Underfull \hbox (badness 10000) in paragraph at lines 8--9
[]\OT1/ptm/b/n/10 SP-11 \OT1/ptm/m/n/10 for-mal har-ness: PRE-UN-SAT (FOR-

Underfull \hbox (badness 10000) in paragraph at lines 9--10
[]\OT1/ptm/b/n/10 Yices un-avail-able \OT1/ptm/m/n/10 --- PDR wit-ness re-play

Underfull \hbox (badness 10000) in paragraph at lines 10--11
[]\OT1/ptm/b/n/10 RST-A coun-terex-am-ple \OT1/ptm/m/n/10 is RE-
)) (./sections/11_reproducibility.tex

LaTeX Warning: Reference `app:repro' on page 2 undefined on input line 17.

) (./sections/12_conclusion.tex)
No file main.bbl.
(./appendix/full_property_matrix.tex
Overfull \hbox (237.90936pt too wide) in paragraph at lines 6--19
[][] 
) (./appendix/formal_assumptions.tex) (./appendix/toolchain.tex [2]
Underfull \hbox (badness 10000) in paragraph at lines 9--10
[]\OT1/ptm/b/n/8 Yices: \OT1/ptm/m/n/8 not in-stalled --- PDR wit-ness re-play 
un-avail-able
) (./appendix/artifact_reproduction.tex)
Overfull \hbox (14.91924pt too wide) in paragraph at lines 13--51
[]\OT1/ptm/m/n/8 Counterexample traces: \OT1/pcr/m/n/8 results/formal/counterex
amples/SP-08/\OT1/ptm/m/n/8 .

Underfull \hbox (badness 10000) in paragraph at lines 13--51


** Conference Paper **
Before submitting the final camera ready copy, remember to:

 1. Manually equalize the lengths of two columns on the last page
 of your paper;

 2. Ensure that any PostScript and/or PDF output post-processing
 uses only Type 1 fonts and that every step in the generation
 process uses the appropriate paper size.

[3] (build/main.aux)

LaTeX Warning: There were undefined references.


LaTeX Warning: Label(s) may have changed. Rerun to get cross-references right.


Package rerunfilecheck Warning: File `main.out' has changed.
(rerunfilecheck)                Rerun to get outlines right
(rerunfilecheck)                or use package `bookmark'.

 )
(see the transcript file for additional information)</usr/share/texlive/texmf-d
ist/fonts/type1/public/amsfonts/cm/cmsy6.pfb></usr/share/texlive/texmf-dist/fon
ts/type1/public/amsfonts/cm/cmsy7.pfb></usr/share/texlive/texmf-dist/fonts/type
1/urw/courier/ucrb8a.pfb></usr/share/texlive/texmf-dist/fonts/type1/urw/courier
/ucrr8a.pfb></usr/share/texlive/texmf-dist/fonts/type1/urw/times/utmb8a.pfb></u
sr/share/texlive/texmf-dist/fonts/type1/urw/times/utmbi8a.pfb></usr/share/texli
ve/texmf-dist/fonts/type1/urw/times/utmr8a.pfb></usr/share/texlive/texmf-dist/f
onts/type1/urw/times/utmri8a.pfb>
Output written on build/main.pdf (3 pages, 114752 bytes).
Transcript written on build/main.log.
This is BibTeX, Version 0.99d (TeX Live 2023/Debian)
The top-level auxiliary file: build/main.aux
I couldn't open style file IEEEtran.bst
---line 45 of file build/main.aux
 : \bibstyle{IEEEtran
 :                   }
I'm skipping whatever remains of this command
I found no \citation commands---while reading file build/main.aux
I found no style file---while reading file build/main.aux
(There were 3 error messages)
This is pdfTeX, Version 3.141592653-2.6-1.40.25 (TeX Live 2023/Debian) (preloaded format=pdflatex)
 restricted \write18 enabled.
entering extended mode
(./main.tex
LaTeX2e <2023-11-01> patch level 1
L3 programming layer <2024-01-22>
(./vendor/IEEEtran.cls
Document Class: IEEEtran 2015/08/26 V1.8b by Michael Shell
-- See the "IEEEtran_HOWTO" manual for usage information.
-- http://www.michaelshell.org/tex/ieeetran/
(/usr/share/texlive/texmf-dist/tex/latex/psnfss/ot1ptm.fd)
-- Using 8.5in x 11in (letter) paper.
-- Using PDF output.
-- This is a 10 point document.
) (/usr/share/texlive/texmf-dist/tex/latex/amsmath/amsmath.sty
For additional information on amsmath, use the `?' option.
(/usr/share/texlive/texmf-dist/tex/latex/amsmath/amstext.sty
(/usr/share/texlive/texmf-dist/tex/latex/amsmath/amsgen.sty))
(/usr/share/texlive/texmf-dist/tex/latex/amsmath/amsbsy.sty)
(/usr/share/texlive/texmf-dist/tex/latex/amsmath/amsopn.sty))
(/usr/share/texlive/texmf-dist/tex/latex/amsfonts/amssymb.sty
(/usr/share/texlive/texmf-dist/tex/latex/amsfonts/amsfonts.sty))
(/usr/share/texlive/texmf-dist/tex/latex/booktabs/booktabs.sty)
(/usr/share/texlive/texmf-dist/tex/latex/multirow/multirow.sty)
(/usr/share/texlive/texmf-dist/tex/latex/graphics/graphicx.sty
(/usr/share/texlive/texmf-dist/tex/latex/graphics/keyval.sty)
(/usr/share/texlive/texmf-dist/tex/latex/graphics/graphics.sty
(/usr/share/texlive/texmf-dist/tex/latex/graphics/trig.sty)
(/usr/share/texlive/texmf-dist/tex/latex/graphics-cfg/graphics.cfg)
(/usr/share/texlive/texmf-dist/tex/latex/graphics-def/pdftex.def)))
(/usr/share/texlive/texmf-dist/tex/latex/xcolor/xcolor.sty
(/usr/share/texlive/texmf-dist/tex/latex/graphics-cfg/color.cfg)
(/usr/share/texlive/texmf-dist/tex/latex/graphics/mathcolor.ltx))
(/usr/share/texlive/texmf-dist/tex/latex/hyperref/hyperref.sty
(/usr/share/texlive/texmf-dist/tex/generic/iftex/iftex.sty)
(/usr/share/texlive/texmf-dist/tex/latex/kvsetkeys/kvsetkeys.sty)
(/usr/share/texlive/texmf-dist/tex/generic/kvdefinekeys/kvdefinekeys.sty)
(/usr/share/texlive/texmf-dist/tex/generic/pdfescape/pdfescape.sty
(/usr/share/texlive/texmf-dist/tex/generic/ltxcmds/ltxcmds.sty)
(/usr/share/texlive/texmf-dist/tex/generic/pdftexcmds/pdftexcmds.sty
(/usr/share/texlive/texmf-dist/tex/generic/infwarerr/infwarerr.sty)))
(/usr/share/texlive/texmf-dist/tex/latex/hycolor/hycolor.sty)
(/usr/share/texlive/texmf-dist/tex/latex/auxhook/auxhook.sty)
(/usr/share/texlive/texmf-dist/tex/latex/hyperref/nameref.sty
(/usr/share/texlive/texmf-dist/tex/latex/refcount/refcount.sty)
(/usr/share/texlive/texmf-dist/tex/generic/gettitlestring/gettitlestring.sty
(/usr/share/texlive/texmf-dist/tex/latex/kvoptions/kvoptions.sty)))
(/usr/share/texlive/texmf-dist/tex/latex/etoolbox/etoolbox.sty)
(/usr/share/texlive/texmf-dist/tex/latex/hyperref/pd1enc.def)
(/usr/share/texlive/texmf-dist/tex/generic/intcalc/intcalc.sty)
(/usr/share/texlive/texmf-dist/tex/latex/hyperref/puenc.def)
(/usr/share/texlive/texmf-dist/tex/latex/url/url.sty)
(/usr/share/texlive/texmf-dist/tex/generic/bitset/bitset.sty
(/usr/share/texlive/texmf-dist/tex/generic/bigintcalc/bigintcalc.sty))
(/usr/share/texlive/texmf-dist/tex/latex/base/atbegshi-ltx.sty))
(/usr/share/texlive/texmf-dist/tex/latex/hyperref/hpdftex.def
(/usr/share/texlive/texmf-dist/tex/latex/base/atveryend-ltx.sty)
(/usr/share/texlive/texmf-dist/tex/latex/rerunfilecheck/rerunfilecheck.sty
(/usr/share/texlive/texmf-dist/tex/generic/uniquecounter/uniquecounter.sty)))
(/usr/share/texlive/texmf-dist/tex/latex/cleveref/cleveref.sty)
(/usr/share/texlive/texmf-dist/tex/latex/siunitx/siunitx.sty
(/usr/share/texlive/texmf-dist/tex/latex/translations/translations.sty)
(/usr/share/texlive/texmf-dist/tex/latex/tools/array.sty))
(/usr/share/texlive/texmf-dist/tex/latex/tools/tabularx.sty)
(/usr/share/texlive/texmf-dist/tex/latex/pgf/frontendlayer/tikz.sty
(/usr/share/texlive/texmf-dist/tex/latex/pgf/basiclayer/pgf.sty
(/usr/share/texlive/texmf-dist/tex/latex/pgf/utilities/pgfrcs.sty
(/usr/share/texlive/texmf-dist/tex/generic/pgf/utilities/pgfutil-common.tex)
(/usr/share/texlive/texmf-dist/tex/generic/pgf/utilities/pgfutil-latex.def)
(/usr/share/texlive/texmf-dist/tex/generic/pgf/utilities/pgfrcs.code.tex
(/usr/share/texlive/texmf-dist/tex/generic/pgf/pgf.revision.tex)))
(/usr/share/texlive/texmf-dist/tex/latex/pgf/basiclayer/pgfcore.sty
(/usr/share/texlive/texmf-dist/tex/latex/pgf/systemlayer/pgfsys.sty
(/usr/share/texlive/texmf-dist/tex/generic/pgf/systemlayer/pgfsys.code.tex
(/usr/share/texlive/texmf-dist/tex/generic/pgf/utilities/pgfkeys.code.tex
(/usr/share/texlive/texmf-dist/tex/generic/pgf/utilities/pgfkeyslibraryfiltered
.code.tex)) (/usr/share/texlive/texmf-dist/tex/generic/pgf/systemlayer/pgf.cfg)
(/usr/share/texlive/texmf-dist/tex/generic/pgf/systemlayer/pgfsys-pdftex.def
(/usr/share/texlive/texmf-dist/tex/generic/pgf/systemlayer/pgfsys-common-pdf.de
f)))
(/usr/share/texlive/texmf-dist/tex/generic/pgf/systemlayer/pgfsyssoftpath.code.
tex)
(/usr/share/texlive/texmf-dist/tex/generic/pgf/systemlayer/pgfsysprotocol.code.
tex))
(/usr/share/texlive/texmf-dist/tex/generic/pgf/basiclayer/pgfcore.code.tex
(/usr/share/texlive/texmf-dist/tex/generic/pgf/math/pgfmath.code.tex
(/usr/share/texlive/texmf-dist/tex/generic/pgf/math/pgfmathutil.code.tex)
(/usr/share/texlive/texmf-dist/tex/generic/pgf/math/pgfmathparser.code.tex)
(/usr/share/texlive/texmf-dist/tex/generic/pgf/math/pgfmathfunctions.code.tex)
(/usr/share/texlive/texmf-dist/tex/generic/pgf/math/pgfmathfunctions.basic.code
.tex)
(/usr/share/texlive/texmf-dist/tex/generic/pgf/math/pgfmathfunctions.trigonomet
ric.code.tex)
(/usr/share/texlive/texmf-dist/tex/generic/pgf/math/pgfmathfunctions.random.cod
e.tex)
(/usr/share/texlive/texmf-dist/tex/generic/pgf/math/pgfmathfunctions.comparison
.code.tex)
(/usr/share/texlive/texmf-dist/tex/generic/pgf/math/pgfmathfunctions.base.code.
tex)
(/usr/share/texlive/texmf-dist/tex/generic/pgf/math/pgfmathfunctions.round.code
.tex)
(/usr/share/texlive/texmf-dist/tex/generic/pgf/math/pgfmathfunctions.misc.code.
tex)
(/usr/share/texlive/texmf-dist/tex/generic/pgf/math/pgfmathfunctions.integerari
thmetics.code.tex)
(/usr/share/texlive/texmf-dist/tex/generic/pgf/math/pgfmathcalc.code.tex)
(/usr/share/texlive/texmf-dist/tex/generic/pgf/math/pgfmathfloat.code.tex))
(/usr/share/texlive/texmf-dist/tex/generic/pgf/math/pgfint.code.tex)
(/usr/share/texlive/texmf-dist/tex/generic/pgf/basiclayer/pgfcorepoints.code.te
x)
(/usr/share/texlive/texmf-dist/tex/generic/pgf/basiclayer/pgfcorepathconstruct.
code.tex)
(/usr/share/texlive/texmf-dist/tex/generic/pgf/basiclayer/pgfcorepathusage.code
.tex)
(/usr/share/texlive/texmf-dist/tex/generic/pgf/basiclayer/pgfcorescopes.code.te
x)
(/usr/share/texlive/texmf-dist/tex/generic/pgf/basiclayer/pgfcoregraphicstate.c
ode.tex)
(/usr/share/texlive/texmf-dist/tex/generic/pgf/basiclayer/pgfcoretransformation
s.code.tex)
(/usr/share/texlive/texmf-dist/tex/generic/pgf/basiclayer/pgfcorequick.code.tex
)
(/usr/share/texlive/texmf-dist/tex/generic/pgf/basiclayer/pgfcoreobjects.code.t
ex)
(/usr/share/texlive/texmf-dist/tex/generic/pgf/basiclayer/pgfcorepathprocessing
.code.tex)
(/usr/share/texlive/texmf-dist/tex/generic/pgf/basiclayer/pgfcorearrows.code.te
x)
(/usr/share/texlive/texmf-dist/tex/generic/pgf/basiclayer/pgfcoreshade.code.tex
)
(/usr/share/texlive/texmf-dist/tex/generic/pgf/basiclayer/pgfcoreimage.code.tex
)
(/usr/share/texlive/texmf-dist/tex/generic/pgf/basiclayer/pgfcoreexternal.code.
tex)
(/usr/share/texlive/texmf-dist/tex/generic/pgf/basiclayer/pgfcorelayers.code.te
x)
(/usr/share/texlive/texmf-dist/tex/generic/pgf/basiclayer/pgfcoretransparency.c
ode.tex)
(/usr/share/texlive/texmf-dist/tex/generic/pgf/basiclayer/pgfcorepatterns.code.
tex)
(/usr/share/texlive/texmf-dist/tex/generic/pgf/basiclayer/pgfcorerdf.code.tex))
)
(/usr/share/texlive/texmf-dist/tex/generic/pgf/modules/pgfmoduleshapes.code.tex
) (/usr/share/texlive/texmf-dist/tex/generic/pgf/modules/pgfmoduleplot.code.tex
)
(/usr/share/texlive/texmf-dist/tex/latex/pgf/compatibility/pgfcomp-version-0-65
.sty)
(/usr/share/texlive/texmf-dist/tex/latex/pgf/compatibility/pgfcomp-version-1-18
.sty)) (/usr/share/texlive/texmf-dist/tex/latex/pgf/utilities/pgffor.sty
(/usr/share/texlive/texmf-dist/tex/latex/pgf/utilities/pgfkeys.sty
(/usr/share/texlive/texmf-dist/tex/generic/pgf/utilities/pgfkeys.code.tex))
(/usr/share/texlive/texmf-dist/tex/latex/pgf/math/pgfmath.sty
(/usr/share/texlive/texmf-dist/tex/generic/pgf/math/pgfmath.code.tex))
(/usr/share/texlive/texmf-dist/tex/generic/pgf/utilities/pgffor.code.tex))
(/usr/share/texlive/texmf-dist/tex/generic/pgf/frontendlayer/tikz/tikz.code.tex

(/usr/share/texlive/texmf-dist/tex/generic/pgf/libraries/pgflibraryplothandlers
.code.tex)
(/usr/share/texlive/texmf-dist/tex/generic/pgf/modules/pgfmodulematrix.code.tex
)
(/usr/share/texlive/texmf-dist/tex/generic/pgf/frontendlayer/tikz/libraries/tik
zlibrarytopaths.code.tex)))
(/usr/share/texlive/texmf-dist/tex/generic/pgf/libraries/pgflibraryarrows.meta.
code.tex)
(/usr/share/texlive/texmf-dist/tex/generic/pgf/frontendlayer/tikz/libraries/tik
zlibrarypositioning.code.tex)
(/usr/share/texlive/texmf-dist/tex/generic/pgf/frontendlayer/tikz/libraries/tik
zlibraryshapes.geometric.code.tex
(/usr/share/texlive/texmf-dist/tex/generic/pgf/libraries/shapes/pgflibraryshape
s.geometric.code.tex)) (./generated/result_macros.tex)
(./generated/provenance.tex)
(/usr/share/texlive/texmf-dist/tex/latex/l3backend/l3backend-pdftex.def)
(build/main.aux)
-- Lines per column: 56 (exact).
(/usr/share/texlive/texmf-dist/tex/context/base/mkii/supp-pdf.mkii
[Loading MPS to PDF converter (version 2006.09.02).]
) (/usr/share/texlive/texmf-dist/tex/latex/epstopdf-pkg/epstopdf-base.sty
(/usr/share/texlive/texmf-dist/tex/latex/latexconfig/epstopdf-sys.cfg))
(build/main.out) (build/main.out)
(/usr/share/texlive/texmf-dist/tex/latex/translations/translations-basic-dictio
nary-english.trsl)
** WARNING: \thanks is locked out when in conference mode (line 28).
(./sections/00_abstract.tex
(/usr/share/texlive/texmf-dist/tex/latex/psnfss/ot1pcr.fd)
Underfull \hbox (badness 10000) in paragraph at lines 13--14
[]\OT1/ptm/b/n/9 Compositional re-sult: Un-der RST-A fail-open

Underfull \hbox (badness 10000) in paragraph at lines 13--14
\OT1/ptm/b/n/9 ini-tial-iza-tion, an un-safe early-DMA protected-

Underfull \hbox (badness 10000) in paragraph at lines 13--14
\OT1/ptm/b/n/9 memory state be-fore \OT1/pcr/b/n/9 secure_ready \OT1/ptm/b/n/9 
is reach-able

Underfull \hbox (badness 10000) in paragraph at lines 13--14
\OT1/ptm/b/n/9 (RE-SET[]ASSUMPTION[]DEPENDENCY). Un-der RST-B
) (./sections/01_introduction.tex
(/usr/share/texlive/texmf-dist/tex/latex/amsfonts/umsa.fd)
(/usr/share/texlive/texmf-dist/tex/latex/amsfonts/umsb.fd)
Underfull \hbox (badness 4060) in paragraph at lines 16--17
[]\OT1/ptm/b/n/10 C1: \OT1/ptm/m/n/10 Com-po-si-tional se-cu-rity model span-ni
ng PMP,
) (./sections/02_background.tex) (./sections/03_threat_model.tex)
(./sections/04_system_model.tex (./figures/architecture.tex

Package pgf Warning: Returning node center instead of a point on node border. D
id you specify a point identical to the center of node ``ic''? on input line 18
.


Overfull \hbox (67.87022pt too wide) in paragraph at lines 25--26
 [][] 
)) (./sections/05_security_properties.tex (./tables/property_summary.tex
Overfull \hbox (11.75119pt too wide) in paragraph at lines 18--18
[]|\OT1/ptm/m/n/9 PDR/Induct.| 

Overfull \hbox (0.50105pt too wide) in paragraph at lines 18--18
[]|\OT1/ptm/m/n/9 Scientific

Overfull \hbox (37.14914pt too wide) in paragraph at lines 18--18
[]|\OT1/ptm/m/n/9 FORMAL[]PROOF| 

Overfull \hbox (37.14914pt too wide) in paragraph at lines 18--18
[]|\OT1/ptm/m/n/9 FORMAL[]PROOF| 

Overfull \hbox (37.14914pt too wide) in paragraph at lines 18--18
[]|\OT1/ptm/m/n/9 FORMAL[]PROOF| 

Overfull \hbox (37.14914pt too wide) in paragraph at lines 18--18
[]|\OT1/ptm/m/n/9 FORMAL[]PROOF| 

Overfull \hbox (37.14914pt too wide) in paragraph at lines 18--18
[]|\OT1/ptm/m/n/9 FORMAL[]PROOF| 

Overfull \hbox (37.14914pt too wide) in paragraph at lines 18--18
[]|\OT1/ptm/m/n/9 FORMAL[]PROOF| 

Overfull \hbox (7.77357pt too wide) in paragraph at lines 18--18
[]|\OT1/ptm/m/n/9 NOT[]RUN| 

Overfull \hbox (7.77357pt too wide) in paragraph at lines 18--18
[]|\OT1/ptm/m/n/9 NOT[]RUN| 

Overfull \hbox (7.77357pt too wide) in paragraph at lines 18--18
[]|\OT1/ptm/m/n/9 NOT[]RUN| 

Overfull \hbox (51.49507pt too wide) in paragraph at lines 18--18
[]|\OT1/ptm/m/n/9 COUNTEREXAMPLE| 

Overfull \hbox (120.49762pt too wide) in paragraph at lines 18--18
[]|\OT1/ptm/m/n/9 RESET[]ASSUMPTION[]DEPENDENCY| 

Overfull \hbox (7.77357pt too wide) in paragraph at lines 18--18
[]|\OT1/ptm/m/n/9 NOT[]RUN| 

Overfull \hbox (120.49762pt too wide) in paragraph at lines 18--18
[]|\OT1/ptm/m/n/9 RESET[]ASSUMPTION[]DEPENDENCY| 

Overfull \hbox (37.14914pt too wide) in paragraph at lines 18--18
[]|\OT1/ptm/m/n/9 FORMAL[]PROOF| 

Overfull \hbox (37.14914pt too wide) in paragraph at lines 18--18
[]|\OT1/ptm/m/n/9 FORMAL[]PROOF| 

Overfull \hbox (37.14914pt too wide) in paragraph at lines 18--18
[]|\OT1/ptm/m/n/9 FORMAL[]PROOF| 

Overfull \hbox (35.67323pt too wide) in paragraph at lines 18--18
[]|\OT1/ptm/m/n/9 BOUNDED[]PASS| 

Overfull \hbox (35.67323pt too wide) in paragraph at lines 18--18
[]|\OT1/ptm/m/n/9 BOUNDED[]PASS| 

Underfull \hbox (badness 10000) in paragraph at lines 18--18
[]|\OT1/ptm/m/n/9 FAIL

Underfull \hbox (badness 10000) in paragraph at lines 18--18
\OT1/ptm/m/n/9 clas-si-fi-

Underfull \hbox (badness 10000) in paragraph at lines 18--18
\OT1/ptm/m/n/9 ca-tion:

Overfull \hbox (62.9791pt too wide) in paragraph at lines 18--18
\OT1/ptm/m/n/9 BOUNDED[]EVIDENCE)| 

Overfull \hbox (59.98213pt too wide) in paragraph at lines 18--18
[]|\OT1/ptm/m/n/9 BOUNDED[]EVIDENCE| 
)) (./sections/06_verification_methodology.tex
(./figures/verification_workflow.tex)) (./sections/07_results.tex
(./tables/reset_comparison.tex
Overfull \hbox (228.13364pt too wide) in paragraph at lines 6--14
 [][] 
) (./figures/reset_ordering.tex
Overfull \hbox (51.097pt too wide) in paragraph at lines 24--25
 [][] 

Underfull \hbox (badness 7558) in paragraph at lines 25--25
\OT1/ptm/m/n/8 Fig. 3.  []Reset-ordering con-trast for SP-08. RST-A CE is RE-
) (./tables/claims_evidence.tex
Underfull \hbox (badness 1803) in paragraph at lines 18--18
[]|\OT1/ptm/m/n/8 Fail-open re-set model per-mits reach-able early-DMA
) (./tables/assumption_sensitivity.tex
Underfull \hbox (badness 10000) in paragraph at lines 18--18
[]|\OT1/ptm/m/n/9 If re-

Overfull \hbox (26.44534pt too wide) in paragraph at lines 18--18
\OT1/ptm/m/n/9 moved/weakened| 

Underfull \hbox (badness 10000) in paragraph at lines 18--18
[]|\OT1/ptm/m/n/9 ENV-4

Underfull \hbox (badness 10000) in paragraph at lines 18--18
\OT1/ptm/m/n/9 FIX-2

Underfull \hbox (badness 10000) in paragraph at lines 18--18
\OT1/ptm/m/n/9 pri-mary

Underfull \hbox (badness 10000) in paragraph at lines 18--18
[]|\OT1/ptm/m/n/9 CE

Underfull \hbox (badness 10000) in paragraph at lines 18--18
\OT1/ptm/m/n/9 re-turns

Underfull \hbox (badness 10000) in paragraph at lines 18--18
[]|\OT1/ptm/m/n/9 ENV-4

Underfull \hbox (badness 10000) in paragraph at lines 18--18
\OT1/ptm/m/n/9 FIX-2

Underfull \hbox (badness 10000) in paragraph at lines 18--18
\OT1/ptm/m/n/9 pri-mary

Underfull \hbox (badness 10000) in paragraph at lines 18--18
[]|\OT1/ptm/m/n/9 FIX-2

Underfull \hbox (badness 10000) in paragraph at lines 18--18
\OT1/ptm/m/n/9 pri-mary

Underfull \hbox (badness 10000) in paragraph at lines 18--18
[]|\OT1/ptm/m/n/9 ENV-4

Underfull \hbox (badness 10000) in paragraph at lines 18--18
\OT1/ptm/m/n/9 FIX-2

Underfull \hbox (badness 10000) in paragraph at lines 18--18
\OT1/ptm/m/n/9 pri-mary

Overfull \hbox (0.9573pt too wide) in paragraph at lines 18--18
[]|\OT1/ptm/m/n/9 txn[]active

Underfull \hbox (badness 10000) in paragraph at lines 18--18
\OT1/ptm/m/n/9 anyinit

Underfull \hbox (badness 10000) in paragraph at lines 18--18
[]|\OT1/ptm/m/n/9 ENV-4

Underfull \hbox (badness 10000) in paragraph at lines 18--18
\OT1/ptm/m/n/9 FIX-2

Underfull \hbox (badness 10000) in paragraph at lines 18--18
\OT1/ptm/m/n/9 pri-mary

Underfull \hbox (badness 10000) in paragraph at lines 18--18
[]|\OT1/ptm/m/n/9 spurious

Underfull \hbox (badness 10000) in paragraph at lines 18--18
\OT1/ptm/m/n/9 ini[]w

Underfull \hbox (badness 10000) in paragraph at lines 18--18
\OT1/ptm/m/n/9 at re-set

Underfull \hbox (badness 10000) in paragraph at lines 18--18
[]|\OT1/ptm/m/n/9 ENV-4

Underfull \hbox (badness 10000) in paragraph at lines 18--18
\OT1/ptm/m/n/9 FIX-2

Underfull \hbox (badness 10000) in paragraph at lines 18--18
\OT1/ptm/m/n/9 pri-mary

Underfull \hbox (badness 10000) in paragraph at lines 18--18
[]|\OT1/ptm/m/n/9 illegal

Underfull \hbox (badness 10000) in paragraph at lines 18--18
\OT1/ptm/m/n/9 AW

Underfull \hbox (badness 10000) in paragraph at lines 18--18
[]|\OT1/ptm/m/n/9 ENV-4

Underfull \hbox (badness 10000) in paragraph at lines 18--18
\OT1/ptm/m/n/9 FIX-2

Underfull \hbox (badness 10000) in paragraph at lines 18--18
\OT1/ptm/m/n/9 pri-mary

Underfull \hbox (badness 10000) in paragraph at lines 18--18
[]|\OT1/ptm/m/n/9 W

Underfull \hbox (badness 10000) in paragraph at lines 18--18
\OT1/ptm/m/n/9 with-out
)) (./sections/08_discussion.tex) (./sections/09_related_work.tex)
(./sections/10_limitations.tex (./sections/10_limitations_body.tex
Underfull \hbox (badness 1354) in paragraph at lines 4--5
\OT1/ptm/m/n/10 compliant RISC-V IOPMP un-less ex-plic-itly demon-
[1{/var/lib/texmf/fonts/map/pdftex/updmap/pdftex.map}{/usr/share/texlive/texmf-
dist/fonts/enc/dvips/base/8r.enc}]
Underfull \hbox (badness 10000) in paragraph at lines 8--9
[]\OT1/ptm/b/n/10 SP-11 \OT1/ptm/m/n/10 for-mal har-ness: PRE-UN-SAT (FOR-

Underfull \hbox (badness 10000) in paragraph at lines 9--10
[]\OT1/ptm/b/n/10 Yices un-avail-able \OT1/ptm/m/n/10 --- PDR wit-ness re-play

Underfull \hbox (badness 10000) in paragraph at lines 10--11
[]\OT1/ptm/b/n/10 RST-A coun-terex-am-ple \OT1/ptm/m/n/10 is RE-
)) (./sections/11_reproducibility.tex) (./sections/12_conclusion.tex)
(build/main.bbl) (./appendix/full_property_matrix.tex
Overfull \hbox (237.90936pt too wide) in paragraph at lines 6--19
[][] 
) (./appendix/formal_assumptions.tex) (./appendix/toolchain.tex [2]
Underfull \hbox (badness 10000) in paragraph at lines 9--10
[]\OT1/ptm/b/n/8 Yices: \OT1/ptm/m/n/8 not in-stalled --- PDR wit-ness re-play 
un-avail-able
) (./appendix/artifact_reproduction.tex)
Overfull \hbox (14.91924pt too wide) in paragraph at lines 13--51
[]\OT1/ptm/m/n/8 Counterexample traces: \OT1/pcr/m/n/8 results/formal/counterex
amples/SP-08/\OT1/ptm/m/n/8 .

Underfull \hbox (badness 10000) in paragraph at lines 13--51


** Conference Paper **
Before submitting the final camera ready copy, remember to:

 1. Manually equalize the lengths of two columns on the last page
 of your paper;

 2. Ensure that any PostScript and/or PDF output post-processing
 uses only Type 1 fonts and that every step in the generation
 process uses the appropriate paper size.

[3] (build/main.aux) )
(see the transcript file for additional information)</usr/share/texlive/texmf-d
ist/fonts/type1/public/amsfonts/cm/cmsy6.pfb></usr/share/texlive/texmf-dist/fon
ts/type1/public/amsfonts/cm/cmsy7.pfb></usr/share/texlive/texmf-dist/fonts/type
1/urw/courier/ucrb8a.pfb></usr/share/texlive/texmf-dist/fonts/type1/urw/courier
/ucrr8a.pfb></usr/share/texlive/texmf-dist/fonts/type1/urw/times/utmb8a.pfb></u
sr/share/texlive/texmf-dist/fonts/type1/urw/times/utmbi8a.pfb></usr/share/texli
ve/texmf-dist/fonts/type1/urw/times/utmr8a.pfb></usr/share/texlive/texmf-dist/f
onts/type1/urw/times/utmri8a.pfb>
Output written on build/main.pdf (3 pages, 116176 bytes).
Transcript written on build/main.log.
This is pdfTeX, Version 3.141592653-2.6-1.40.25 (TeX Live 2023/Debian) (preloaded format=pdflatex)
 restricted \write18 enabled.
entering extended mode
(./main.tex
LaTeX2e <2023-11-01> patch level 1
L3 programming layer <2024-01-22>
(./vendor/IEEEtran.cls
Document Class: IEEEtran 2015/08/26 V1.8b by Michael Shell
-- See the "IEEEtran_HOWTO" manual for usage information.
-- http://www.michaelshell.org/tex/ieeetran/
(/usr/share/texlive/texmf-dist/tex/latex/psnfss/ot1ptm.fd)
-- Using 8.5in x 11in (letter) paper.
-- Using PDF output.
-- This is a 10 point document.
) (/usr/share/texlive/texmf-dist/tex/latex/amsmath/amsmath.sty
For additional information on amsmath, use the `?' option.
(/usr/share/texlive/texmf-dist/tex/latex/amsmath/amstext.sty
(/usr/share/texlive/texmf-dist/tex/latex/amsmath/amsgen.sty))
(/usr/share/texlive/texmf-dist/tex/latex/amsmath/amsbsy.sty)
(/usr/share/texlive/texmf-dist/tex/latex/amsmath/amsopn.sty))
(/usr/share/texlive/texmf-dist/tex/latex/amsfonts/amssymb.sty
(/usr/share/texlive/texmf-dist/tex/latex/amsfonts/amsfonts.sty))
(/usr/share/texlive/texmf-dist/tex/latex/booktabs/booktabs.sty)
(/usr/share/texlive/texmf-dist/tex/latex/multirow/multirow.sty)
(/usr/share/texlive/texmf-dist/tex/latex/graphics/graphicx.sty
(/usr/share/texlive/texmf-dist/tex/latex/graphics/keyval.sty)
(/usr/share/texlive/texmf-dist/tex/latex/graphics/graphics.sty
(/usr/share/texlive/texmf-dist/tex/latex/graphics/trig.sty)
(/usr/share/texlive/texmf-dist/tex/latex/graphics-cfg/graphics.cfg)
(/usr/share/texlive/texmf-dist/tex/latex/graphics-def/pdftex.def)))
(/usr/share/texlive/texmf-dist/tex/latex/xcolor/xcolor.sty
(/usr/share/texlive/texmf-dist/tex/latex/graphics-cfg/color.cfg)
(/usr/share/texlive/texmf-dist/tex/latex/graphics/mathcolor.ltx))
(/usr/share/texlive/texmf-dist/tex/latex/hyperref/hyperref.sty
(/usr/share/texlive/texmf-dist/tex/generic/iftex/iftex.sty)
(/usr/share/texlive/texmf-dist/tex/latex/kvsetkeys/kvsetkeys.sty)
(/usr/share/texlive/texmf-dist/tex/generic/kvdefinekeys/kvdefinekeys.sty)
(/usr/share/texlive/texmf-dist/tex/generic/pdfescape/pdfescape.sty
(/usr/share/texlive/texmf-dist/tex/generic/ltxcmds/ltxcmds.sty)
(/usr/share/texlive/texmf-dist/tex/generic/pdftexcmds/pdftexcmds.sty
(/usr/share/texlive/texmf-dist/tex/generic/infwarerr/infwarerr.sty)))
(/usr/share/texlive/texmf-dist/tex/latex/hycolor/hycolor.sty)
(/usr/share/texlive/texmf-dist/tex/latex/auxhook/auxhook.sty)
(/usr/share/texlive/texmf-dist/tex/latex/hyperref/nameref.sty
(/usr/share/texlive/texmf-dist/tex/latex/refcount/refcount.sty)
(/usr/share/texlive/texmf-dist/tex/generic/gettitlestring/gettitlestring.sty
(/usr/share/texlive/texmf-dist/tex/latex/kvoptions/kvoptions.sty)))
(/usr/share/texlive/texmf-dist/tex/latex/etoolbox/etoolbox.sty)
(/usr/share/texlive/texmf-dist/tex/latex/hyperref/pd1enc.def)
(/usr/share/texlive/texmf-dist/tex/generic/intcalc/intcalc.sty)
(/usr/share/texlive/texmf-dist/tex/latex/hyperref/puenc.def)
(/usr/share/texlive/texmf-dist/tex/latex/url/url.sty)
(/usr/share/texlive/texmf-dist/tex/generic/bitset/bitset.sty
(/usr/share/texlive/texmf-dist/tex/generic/bigintcalc/bigintcalc.sty))
(/usr/share/texlive/texmf-dist/tex/latex/base/atbegshi-ltx.sty))
(/usr/share/texlive/texmf-dist/tex/latex/hyperref/hpdftex.def
(/usr/share/texlive/texmf-dist/tex/latex/base/atveryend-ltx.sty)
(/usr/share/texlive/texmf-dist/tex/latex/rerunfilecheck/rerunfilecheck.sty
(/usr/share/texlive/texmf-dist/tex/generic/uniquecounter/uniquecounter.sty)))
(/usr/share/texlive/texmf-dist/tex/latex/cleveref/cleveref.sty)
(/usr/share/texlive/texmf-dist/tex/latex/siunitx/siunitx.sty
(/usr/share/texlive/texmf-dist/tex/latex/translations/translations.sty)
(/usr/share/texlive/texmf-dist/tex/latex/tools/array.sty))
(/usr/share/texlive/texmf-dist/tex/latex/tools/tabularx.sty)
(/usr/share/texlive/texmf-dist/tex/latex/pgf/frontendlayer/tikz.sty
(/usr/share/texlive/texmf-dist/tex/latex/pgf/basiclayer/pgf.sty
(/usr/share/texlive/texmf-dist/tex/latex/pgf/utilities/pgfrcs.sty
(/usr/share/texlive/texmf-dist/tex/generic/pgf/utilities/pgfutil-common.tex)
(/usr/share/texlive/texmf-dist/tex/generic/pgf/utilities/pgfutil-latex.def)
(/usr/share/texlive/texmf-dist/tex/generic/pgf/utilities/pgfrcs.code.tex
(/usr/share/texlive/texmf-dist/tex/generic/pgf/pgf.revision.tex)))
(/usr/share/texlive/texmf-dist/tex/latex/pgf/basiclayer/pgfcore.sty
(/usr/share/texlive/texmf-dist/tex/latex/pgf/systemlayer/pgfsys.sty
(/usr/share/texlive/texmf-dist/tex/generic/pgf/systemlayer/pgfsys.code.tex
(/usr/share/texlive/texmf-dist/tex/generic/pgf/utilities/pgfkeys.code.tex
(/usr/share/texlive/texmf-dist/tex/generic/pgf/utilities/pgfkeyslibraryfiltered
.code.tex)) (/usr/share/texlive/texmf-dist/tex/generic/pgf/systemlayer/pgf.cfg)
(/usr/share/texlive/texmf-dist/tex/generic/pgf/systemlayer/pgfsys-pdftex.def
(/usr/share/texlive/texmf-dist/tex/generic/pgf/systemlayer/pgfsys-common-pdf.de
f)))
(/usr/share/texlive/texmf-dist/tex/generic/pgf/systemlayer/pgfsyssoftpath.code.
tex)
(/usr/share/texlive/texmf-dist/tex/generic/pgf/systemlayer/pgfsysprotocol.code.
tex))
(/usr/share/texlive/texmf-dist/tex/generic/pgf/basiclayer/pgfcore.code.tex
(/usr/share/texlive/texmf-dist/tex/generic/pgf/math/pgfmath.code.tex
(/usr/share/texlive/texmf-dist/tex/generic/pgf/math/pgfmathutil.code.tex)
(/usr/share/texlive/texmf-dist/tex/generic/pgf/math/pgfmathparser.code.tex)
(/usr/share/texlive/texmf-dist/tex/generic/pgf/math/pgfmathfunctions.code.tex)
(/usr/share/texlive/texmf-dist/tex/generic/pgf/math/pgfmathfunctions.basic.code
.tex)
(/usr/share/texlive/texmf-dist/tex/generic/pgf/math/pgfmathfunctions.trigonomet
ric.code.tex)
(/usr/share/texlive/texmf-dist/tex/generic/pgf/math/pgfmathfunctions.random.cod
e.tex)
(/usr/share/texlive/texmf-dist/tex/generic/pgf/math/pgfmathfunctions.comparison
.code.tex)
(/usr/share/texlive/texmf-dist/tex/generic/pgf/math/pgfmathfunctions.base.code.
tex)
(/usr/share/texlive/texmf-dist/tex/generic/pgf/math/pgfmathfunctions.round.code
.tex)
(/usr/share/texlive/texmf-dist/tex/generic/pgf/math/pgfmathfunctions.misc.code.
tex)
(/usr/share/texlive/texmf-dist/tex/generic/pgf/math/pgfmathfunctions.integerari
thmetics.code.tex)
(/usr/share/texlive/texmf-dist/tex/generic/pgf/math/pgfmathcalc.code.tex)
(/usr/share/texlive/texmf-dist/tex/generic/pgf/math/pgfmathfloat.code.tex))
(/usr/share/texlive/texmf-dist/tex/generic/pgf/math/pgfint.code.tex)
(/usr/share/texlive/texmf-dist/tex/generic/pgf/basiclayer/pgfcorepoints.code.te
x)
(/usr/share/texlive/texmf-dist/tex/generic/pgf/basiclayer/pgfcorepathconstruct.
code.tex)
(/usr/share/texlive/texmf-dist/tex/generic/pgf/basiclayer/pgfcorepathusage.code
.tex)
(/usr/share/texlive/texmf-dist/tex/generic/pgf/basiclayer/pgfcorescopes.code.te
x)
(/usr/share/texlive/texmf-dist/tex/generic/pgf/basiclayer/pgfcoregraphicstate.c
ode.tex)
(/usr/share/texlive/texmf-dist/tex/generic/pgf/basiclayer/pgfcoretransformation
s.code.tex)
(/usr/share/texlive/texmf-dist/tex/generic/pgf/basiclayer/pgfcorequick.code.tex
)
(/usr/share/texlive/texmf-dist/tex/generic/pgf/basiclayer/pgfcoreobjects.code.t
ex)
(/usr/share/texlive/texmf-dist/tex/generic/pgf/basiclayer/pgfcorepathprocessing
.code.tex)
(/usr/share/texlive/texmf-dist/tex/generic/pgf/basiclayer/pgfcorearrows.code.te
x)
(/usr/share/texlive/texmf-dist/tex/generic/pgf/basiclayer/pgfcoreshade.code.tex
)
(/usr/share/texlive/texmf-dist/tex/generic/pgf/basiclayer/pgfcoreimage.code.tex
)
(/usr/share/texlive/texmf-dist/tex/generic/pgf/basiclayer/pgfcoreexternal.code.
tex)
(/usr/share/texlive/texmf-dist/tex/generic/pgf/basiclayer/pgfcorelayers.code.te
x)
(/usr/share/texlive/texmf-dist/tex/generic/pgf/basiclayer/pgfcoretransparency.c
ode.tex)
(/usr/share/texlive/texmf-dist/tex/generic/pgf/basiclayer/pgfcorepatterns.code.
tex)
(/usr/share/texlive/texmf-dist/tex/generic/pgf/basiclayer/pgfcorerdf.code.tex))
)
(/usr/share/texlive/texmf-dist/tex/generic/pgf/modules/pgfmoduleshapes.code.tex
) (/usr/share/texlive/texmf-dist/tex/generic/pgf/modules/pgfmoduleplot.code.tex
)
(/usr/share/texlive/texmf-dist/tex/latex/pgf/compatibility/pgfcomp-version-0-65
.sty)
(/usr/share/texlive/texmf-dist/tex/latex/pgf/compatibility/pgfcomp-version-1-18
.sty)) (/usr/share/texlive/texmf-dist/tex/latex/pgf/utilities/pgffor.sty
(/usr/share/texlive/texmf-dist/tex/latex/pgf/utilities/pgfkeys.sty
(/usr/share/texlive/texmf-dist/tex/generic/pgf/utilities/pgfkeys.code.tex))
(/usr/share/texlive/texmf-dist/tex/latex/pgf/math/pgfmath.sty
(/usr/share/texlive/texmf-dist/tex/generic/pgf/math/pgfmath.code.tex))
(/usr/share/texlive/texmf-dist/tex/generic/pgf/utilities/pgffor.code.tex))
(/usr/share/texlive/texmf-dist/tex/generic/pgf/frontendlayer/tikz/tikz.code.tex

(/usr/share/texlive/texmf-dist/tex/generic/pgf/libraries/pgflibraryplothandlers
.code.tex)
(/usr/share/texlive/texmf-dist/tex/generic/pgf/modules/pgfmodulematrix.code.tex
)
(/usr/share/texlive/texmf-dist/tex/generic/pgf/frontendlayer/tikz/libraries/tik
zlibrarytopaths.code.tex)))
(/usr/share/texlive/texmf-dist/tex/generic/pgf/libraries/pgflibraryarrows.meta.
code.tex)
(/usr/share/texlive/texmf-dist/tex/generic/pgf/frontendlayer/tikz/libraries/tik
zlibrarypositioning.code.tex)
(/usr/share/texlive/texmf-dist/tex/generic/pgf/frontendlayer/tikz/libraries/tik
zlibraryshapes.geometric.code.tex
(/usr/share/texlive/texmf-dist/tex/generic/pgf/libraries/shapes/pgflibraryshape
s.geometric.code.tex)) (./generated/result_macros.tex)
(./generated/provenance.tex)
(/usr/share/texlive/texmf-dist/tex/latex/l3backend/l3backend-pdftex.def)
(build/main.aux)
-- Lines per column: 56 (exact).
(/usr/share/texlive/texmf-dist/tex/context/base/mkii/supp-pdf.mkii
[Loading MPS to PDF converter (version 2006.09.02).]
) (/usr/share/texlive/texmf-dist/tex/latex/epstopdf-pkg/epstopdf-base.sty
(/usr/share/texlive/texmf-dist/tex/latex/latexconfig/epstopdf-sys.cfg))
(build/main.out) (build/main.out)
(/usr/share/texlive/texmf-dist/tex/latex/translations/translations-basic-dictio
nary-english.trsl)
** WARNING: \thanks is locked out when in conference mode (line 28).
(./sections/00_abstract.tex
(/usr/share/texlive/texmf-dist/tex/latex/psnfss/ot1pcr.fd)
Underfull \hbox (badness 10000) in paragraph at lines 13--14
[]\OT1/ptm/b/n/9 Compositional re-sult: Un-der RST-A fail-open

Underfull \hbox (badness 10000) in paragraph at lines 13--14
\OT1/ptm/b/n/9 ini-tial-iza-tion, an un-safe early-DMA protected-

Underfull \hbox (badness 10000) in paragraph at lines 13--14
\OT1/ptm/b/n/9 memory state be-fore \OT1/pcr/b/n/9 secure_ready \OT1/ptm/b/n/9 
is reach-able

Underfull \hbox (badness 10000) in paragraph at lines 13--14
\OT1/ptm/b/n/9 (RE-SET[]ASSUMPTION[]DEPENDENCY). Un-der RST-B
) (./sections/01_introduction.tex
(/usr/share/texlive/texmf-dist/tex/latex/amsfonts/umsa.fd)
(/usr/share/texlive/texmf-dist/tex/latex/amsfonts/umsb.fd)
Underfull \hbox (badness 4060) in paragraph at lines 16--17
[]\OT1/ptm/b/n/10 C1: \OT1/ptm/m/n/10 Com-po-si-tional se-cu-rity model span-ni
ng PMP,
) (./sections/02_background.tex) (./sections/03_threat_model.tex)
(./sections/04_system_model.tex (./figures/architecture.tex

Package pgf Warning: Returning node center instead of a point on node border. D
id you specify a point identical to the center of node ``ic''? on input line 18
.


Overfull \hbox (67.87022pt too wide) in paragraph at lines 25--26
 [][] 
)) (./sections/05_security_properties.tex (./tables/property_summary.tex
Overfull \hbox (11.75119pt too wide) in paragraph at lines 18--18
[]|\OT1/ptm/m/n/9 PDR/Induct.| 

Overfull \hbox (0.50105pt too wide) in paragraph at lines 18--18
[]|\OT1/ptm/m/n/9 Scientific

Overfull \hbox (37.14914pt too wide) in paragraph at lines 18--18
[]|\OT1/ptm/m/n/9 FORMAL[]PROOF| 

Overfull \hbox (37.14914pt too wide) in paragraph at lines 18--18
[]|\OT1/ptm/m/n/9 FORMAL[]PROOF| 

Overfull \hbox (37.14914pt too wide) in paragraph at lines 18--18
[]|\OT1/ptm/m/n/9 FORMAL[]PROOF| 

Overfull \hbox (37.14914pt too wide) in paragraph at lines 18--18
[]|\OT1/ptm/m/n/9 FORMAL[]PROOF| 

Overfull \hbox (37.14914pt too wide) in paragraph at lines 18--18
[]|\OT1/ptm/m/n/9 FORMAL[]PROOF| 

Overfull \hbox (37.14914pt too wide) in paragraph at lines 18--18
[]|\OT1/ptm/m/n/9 FORMAL[]PROOF| 

Overfull \hbox (7.77357pt too wide) in paragraph at lines 18--18
[]|\OT1/ptm/m/n/9 NOT[]RUN| 

Overfull \hbox (7.77357pt too wide) in paragraph at lines 18--18
[]|\OT1/ptm/m/n/9 NOT[]RUN| 

Overfull \hbox (7.77357pt too wide) in paragraph at lines 18--18
[]|\OT1/ptm/m/n/9 NOT[]RUN| 

Overfull \hbox (51.49507pt too wide) in paragraph at lines 18--18
[]|\OT1/ptm/m/n/9 COUNTEREXAMPLE| 

Overfull \hbox (120.49762pt too wide) in paragraph at lines 18--18
[]|\OT1/ptm/m/n/9 RESET[]ASSUMPTION[]DEPENDENCY| 

Overfull \hbox (7.77357pt too wide) in paragraph at lines 18--18
[]|\OT1/ptm/m/n/9 NOT[]RUN| 

Overfull \hbox (120.49762pt too wide) in paragraph at lines 18--18
[]|\OT1/ptm/m/n/9 RESET[]ASSUMPTION[]DEPENDENCY| 

Overfull \hbox (37.14914pt too wide) in paragraph at lines 18--18
[]|\OT1/ptm/m/n/9 FORMAL[]PROOF| 

Overfull \hbox (37.14914pt too wide) in paragraph at lines 18--18
[]|\OT1/ptm/m/n/9 FORMAL[]PROOF| 

Overfull \hbox (37.14914pt too wide) in paragraph at lines 18--18
[]|\OT1/ptm/m/n/9 FORMAL[]PROOF| 

Overfull \hbox (35.67323pt too wide) in paragraph at lines 18--18
[]|\OT1/ptm/m/n/9 BOUNDED[]PASS| 

Overfull \hbox (35.67323pt too wide) in paragraph at lines 18--18
[]|\OT1/ptm/m/n/9 BOUNDED[]PASS| 

Underfull \hbox (badness 10000) in paragraph at lines 18--18
[]|\OT1/ptm/m/n/9 FAIL

Underfull \hbox (badness 10000) in paragraph at lines 18--18
\OT1/ptm/m/n/9 clas-si-fi-

Underfull \hbox (badness 10000) in paragraph at lines 18--18
\OT1/ptm/m/n/9 ca-tion:

Overfull \hbox (62.9791pt too wide) in paragraph at lines 18--18
\OT1/ptm/m/n/9 BOUNDED[]EVIDENCE)| 

Overfull \hbox (59.98213pt too wide) in paragraph at lines 18--18
[]|\OT1/ptm/m/n/9 BOUNDED[]EVIDENCE| 
)) (./sections/06_verification_methodology.tex
(./figures/verification_workflow.tex)) (./sections/07_results.tex
(./tables/reset_comparison.tex
Overfull \hbox (228.13364pt too wide) in paragraph at lines 6--14
 [][] 
) (./figures/reset_ordering.tex
Overfull \hbox (51.097pt too wide) in paragraph at lines 24--25
 [][] 

Underfull \hbox (badness 7558) in paragraph at lines 25--25
\OT1/ptm/m/n/8 Fig. 3.  []Reset-ordering con-trast for SP-08. RST-A CE is RE-
) (./tables/claims_evidence.tex
Underfull \hbox (badness 1803) in paragraph at lines 18--18
[]|\OT1/ptm/m/n/8 Fail-open re-set model per-mits reach-able early-DMA
) (./tables/assumption_sensitivity.tex
Underfull \hbox (badness 10000) in paragraph at lines 18--18
[]|\OT1/ptm/m/n/9 If re-

Overfull \hbox (26.44534pt too wide) in paragraph at lines 18--18
\OT1/ptm/m/n/9 moved/weakened| 

Underfull \hbox (badness 10000) in paragraph at lines 18--18
[]|\OT1/ptm/m/n/9 ENV-4

Underfull \hbox (badness 10000) in paragraph at lines 18--18
\OT1/ptm/m/n/9 FIX-2

Underfull \hbox (badness 10000) in paragraph at lines 18--18
\OT1/ptm/m/n/9 pri-mary

Underfull \hbox (badness 10000) in paragraph at lines 18--18
[]|\OT1/ptm/m/n/9 CE

Underfull \hbox (badness 10000) in paragraph at lines 18--18
\OT1/ptm/m/n/9 re-turns

Underfull \hbox (badness 10000) in paragraph at lines 18--18
[]|\OT1/ptm/m/n/9 ENV-4

Underfull \hbox (badness 10000) in paragraph at lines 18--18
\OT1/ptm/m/n/9 FIX-2

Underfull \hbox (badness 10000) in paragraph at lines 18--18
\OT1/ptm/m/n/9 pri-mary

Underfull \hbox (badness 10000) in paragraph at lines 18--18
[]|\OT1/ptm/m/n/9 FIX-2

Underfull \hbox (badness 10000) in paragraph at lines 18--18
\OT1/ptm/m/n/9 pri-mary

Underfull \hbox (badness 10000) in paragraph at lines 18--18
[]|\OT1/ptm/m/n/9 ENV-4

Underfull \hbox (badness 10000) in paragraph at lines 18--18
\OT1/ptm/m/n/9 FIX-2

Underfull \hbox (badness 10000) in paragraph at lines 18--18
\OT1/ptm/m/n/9 pri-mary

Overfull \hbox (0.9573pt too wide) in paragraph at lines 18--18
[]|\OT1/ptm/m/n/9 txn[]active

Underfull \hbox (badness 10000) in paragraph at lines 18--18
\OT1/ptm/m/n/9 anyinit

Underfull \hbox (badness 10000) in paragraph at lines 18--18
[]|\OT1/ptm/m/n/9 ENV-4

Underfull \hbox (badness 10000) in paragraph at lines 18--18
\OT1/ptm/m/n/9 FIX-2

Underfull \hbox (badness 10000) in paragraph at lines 18--18
\OT1/ptm/m/n/9 pri-mary

Underfull \hbox (badness 10000) in paragraph at lines 18--18
[]|\OT1/ptm/m/n/9 spurious

Underfull \hbox (badness 10000) in paragraph at lines 18--18
\OT1/ptm/m/n/9 ini[]w

Underfull \hbox (badness 10000) in paragraph at lines 18--18
\OT1/ptm/m/n/9 at re-set

Underfull \hbox (badness 10000) in paragraph at lines 18--18
[]|\OT1/ptm/m/n/9 ENV-4

Underfull \hbox (badness 10000) in paragraph at lines 18--18
\OT1/ptm/m/n/9 FIX-2

Underfull \hbox (badness 10000) in paragraph at lines 18--18
\OT1/ptm/m/n/9 pri-mary

Underfull \hbox (badness 10000) in paragraph at lines 18--18
[]|\OT1/ptm/m/n/9 illegal

Underfull \hbox (badness 10000) in paragraph at lines 18--18
\OT1/ptm/m/n/9 AW

Underfull \hbox (badness 10000) in paragraph at lines 18--18
[]|\OT1/ptm/m/n/9 ENV-4

Underfull \hbox (badness 10000) in paragraph at lines 18--18
\OT1/ptm/m/n/9 FIX-2

Underfull \hbox (badness 10000) in paragraph at lines 18--18
\OT1/ptm/m/n/9 pri-mary

Underfull \hbox (badness 10000) in paragraph at lines 18--18
[]|\OT1/ptm/m/n/9 W

Underfull \hbox (badness 10000) in paragraph at lines 18--18
\OT1/ptm/m/n/9 with-out
)) (./sections/08_discussion.tex) (./sections/09_related_work.tex)
(./sections/10_limitations.tex (./sections/10_limitations_body.tex
Underfull \hbox (badness 1354) in paragraph at lines 4--5
\OT1/ptm/m/n/10 compliant RISC-V IOPMP un-less ex-plic-itly demon-
[1{/var/lib/texmf/fonts/map/pdftex/updmap/pdftex.map}{/usr/share/texlive/texmf-
dist/fonts/enc/dvips/base/8r.enc}]
Underfull \hbox (badness 10000) in paragraph at lines 8--9
[]\OT1/ptm/b/n/10 SP-11 \OT1/ptm/m/n/10 for-mal har-ness: PRE-UN-SAT (FOR-

Underfull \hbox (badness 10000) in paragraph at lines 9--10
[]\OT1/ptm/b/n/10 Yices un-avail-able \OT1/ptm/m/n/10 --- PDR wit-ness re-play

Underfull \hbox (badness 10000) in paragraph at lines 10--11
[]\OT1/ptm/b/n/10 RST-A coun-terex-am-ple \OT1/ptm/m/n/10 is RE-
)) (./sections/11_reproducibility.tex) (./sections/12_conclusion.tex)
(build/main.bbl) (./appendix/full_property_matrix.tex
Overfull \hbox (237.90936pt too wide) in paragraph at lines 6--19
[][] 
) (./appendix/formal_assumptions.tex) (./appendix/toolchain.tex [2]
Underfull \hbox (badness 10000) in paragraph at lines 9--10
[]\OT1/ptm/b/n/8 Yices: \OT1/ptm/m/n/8 not in-stalled --- PDR wit-ness re-play 
un-avail-able
) (./appendix/artifact_reproduction.tex)
Overfull \hbox (14.91924pt too wide) in paragraph at lines 13--51
[]\OT1/ptm/m/n/8 Counterexample traces: \OT1/pcr/m/n/8 results/formal/counterex
amples/SP-08/\OT1/ptm/m/n/8 .

Underfull \hbox (badness 10000) in paragraph at lines 13--51


** Conference Paper **
Before submitting the final camera ready copy, remember to:

 1. Manually equalize the lengths of two columns on the last page
 of your paper;

 2. Ensure that any PostScript and/or PDF output post-processing
 uses only Type 1 fonts and that every step in the generation
 process uses the appropriate paper size.

[3] (build/main.aux) )
(see the transcript file for additional information)</usr/share/texlive/texmf-d
ist/fonts/type1/public/amsfonts/cm/cmsy6.pfb></usr/share/texlive/texmf-dist/fon
ts/type1/public/amsfonts/cm/cmsy7.pfb></usr/share/texlive/texmf-dist/fonts/type
1/urw/courier/ucrb8a.pfb></usr/share/texlive/texmf-dist/fonts/type1/urw/courier
/ucrr8a.pfb></usr/share/texlive/texmf-dist/fonts/type1/urw/times/utmb8a.pfb></u
sr/share/texlive/texmf-dist/fonts/type1/urw/times/utmbi8a.pfb></usr/share/texli
ve/texmf-dist/fonts/type1/urw/times/utmr8a.pfb></usr/share/texlive/texmf-dist/f
onts/type1/urw/times/utmri8a.pfb>
Output written on build/main.pdf (3 pages, 116176 bytes).
Transcript written on build/main.log.
