=== I1 ===

 /----------------------------------------------------------------------------\
 |  yosys -- Yosys Open SYnthesis Suite                                       |
 |  Copyright (C) 2012 - 2026  Claire Xenia Wolf <claire@yosyshq.com>         |
 |  Distributed under an ISC-like license, type "license" to see terms        |
 \----------------------------------------------------------------------------/
 Yosys 0.68+ (git sha1 832843ad0-dirty, Release, GNU /home/conda/feedstock_root/build_artifacts/yosys_1785933756519/_build_env/bin/x86_64-conda-linux-gnu-c++ 14.4.0) [github.com/conda-forge/yosys-feedstock at main]

-- Running command `
    read_slang /home/mmr/ricv_paper/third_party/zero-day-labs-riscv-iopmp/rtl/interfaces/axi_support/rv_iopmp_data_abstractor_axi.sv;
    hierarchy -top rv_iopmp_data_abstractor_axi;
    proc; flatten; opt; stat
  ' --

1. Executing SLANG frontend.
Top level design units:
    rv_iopmp_data_abstractor_axi

third_party/zero-day-labs-riscv-iopmp/rtl/interfaces/axi_support/rv_iopmp_data_abstractor_axi.sv:29:12: error: unknown class or package 'rv_iopmp_pkg'
    output rv_iopmp_pkg::access_t                  access_type_o,
           ^~~~~~~~~~~~
third_party/zero-day-labs-riscv-iopmp/rtl/interfaces/axi_support/rv_iopmp_data_abstractor_axi.sv:51:1: error: unknown class or package 'axi_pkg'
axi_pkg::burst_t burst_type_n, burst_type_q;
^~~~~~~
third_party/zero-day-labs-riscv-iopmp/rtl/interfaces/axi_support/rv_iopmp_data_abstractor_axi.sv:52:1: error: unknown class or package 'axi_pkg'
axi_pkg::len_t burst_length_n, burst_length_q;
^~~~~~~
third_party/zero-day-labs-riscv-iopmp/rtl/interfaces/axi_support/rv_iopmp_data_abstractor_axi.sv:53:1: error: unknown class or package 'axi_pkg'
axi_pkg::size_t size_n, size_q;
^~~~~~~
third_party/zero-day-labs-riscv-iopmp/rtl/interfaces/axi_support/rv_iopmp_data_abstractor_axi.sv:69:40: error: invalid member access for type 'axi_req_nsaid_t' (aka 'logic')
assign sid_o = aw_request_q ? slv_req_i.aw.nsaid : slv_req_i.ar.nsaid;
                              ~~~~~~~~~^~~
third_party/zero-day-labs-riscv-iopmp/rtl/interfaces/axi_support/rv_iopmp_data_abstractor_axi.sv:69:61: error: invalid member access for type 'axi_req_nsaid_t' (aka 'logic')
assign sid_o = aw_request_q ? slv_req_i.aw.nsaid : slv_req_i.ar.nsaid;
                                                   ~~~~~~~~~^~~
third_party/zero-day-labs-riscv-iopmp/rtl/interfaces/axi_support/rv_iopmp_data_abstractor_axi.sv:70:39: error: unknown class or package 'rv_iopmp_pkg'
assign access_type_o = aw_request_q ? rv_iopmp_pkg::ACCESS_WRITE : rv_iopmp_pkg::ACCESS_READ;
                                      ^~~~~~~~~~~~
third_party/zero-day-labs-riscv-iopmp/rtl/interfaces/axi_support/rv_iopmp_data_abstractor_axi.sv:70:68: error: unknown class or package 'rv_iopmp_pkg'
assign access_type_o = aw_request_q ? rv_iopmp_pkg::ACCESS_WRITE : rv_iopmp_pkg::ACCESS_READ;
                                                                   ^~~~~~~~~~~~
third_party/zero-day-labs-riscv-iopmp/rtl/interfaces/axi_support/rv_iopmp_data_abstractor_axi.sv:74:19: error: invalid member access for type 'axi_req_t' (aka 'logic')
assign axi_aux_req.aw_valid = write_hs_active && !write_aw_done_q && slv_req_i.aw_valid;
       ~~~~~~~~~~~^~~~~~~~~
third_party/zero-day-labs-riscv-iopmp/rtl/interfaces/axi_support/rv_iopmp_data_abstractor_axi.sv:74:79: error: invalid member access for type 'axi_req_nsaid_t' (aka 'logic')
assign axi_aux_req.aw_valid = write_hs_active && !write_aw_done_q && slv_req_i.aw_valid;
                                                                     ~~~~~~~~~^~~~~~~~~
third_party/zero-day-labs-riscv-iopmp/rtl/interfaces/axi_support/rv_iopmp_data_abstractor_axi.sv:75:19: error: invalid member access for type 'axi_req_t' (aka 'logic')
assign axi_aux_req.aw.id = slv_req_i.aw.id;
       ~~~~~~~~~~~^~~
third_party/zero-day-labs-riscv-iopmp/rtl/interfaces/axi_support/rv_iopmp_data_abstractor_axi.sv:75:37: error: invalid member access for type 'axi_req_nsaid_t' (aka 'logic')
assign axi_aux_req.aw.id = slv_req_i.aw.id;
                           ~~~~~~~~~^~~
third_party/zero-day-labs-riscv-iopmp/rtl/interfaces/axi_support/rv_iopmp_data_abstractor_axi.sv:76:19: error: invalid member access for type 'axi_req_t' (aka 'logic')
assign axi_aux_req.aw.addr = slv_req_i.aw.addr;
       ~~~~~~~~~~~^~~
third_party/zero-day-labs-riscv-iopmp/rtl/interfaces/axi_support/rv_iopmp_data_abstractor_axi.sv:76:39: error: invalid member access for type 'axi_req_nsaid_t' (aka 'logic')
assign axi_aux_req.aw.addr = slv_req_i.aw.addr;
                             ~~~~~~~~~^~~
third_party/zero-day-labs-riscv-iopmp/rtl/interfaces/axi_support/rv_iopmp_data_abstractor_axi.sv:77:19: error: invalid member access for type 'axi_req_t' (aka 'logic')
assign axi_aux_req.aw.len = slv_req_i.aw.len;
       ~~~~~~~~~~~^~~
third_party/zero-day-labs-riscv-iopmp/rtl/interfaces/axi_support/rv_iopmp_data_abstractor_axi.sv:77:38: error: invalid member access for type 'axi_req_nsaid_t' (aka 'logic')
assign axi_aux_req.aw.len = slv_req_i.aw.len;
                            ~~~~~~~~~^~~
third_party/zero-day-labs-riscv-iopmp/rtl/interfaces/axi_support/rv_iopmp_data_abstractor_axi.sv:78:19: error: invalid member access for type 'axi_req_t' (aka 'logic')
assign axi_aux_req.aw.size = slv_req_i.aw.size;
       ~~~~~~~~~~~^~~
third_party/zero-day-labs-riscv-iopmp/rtl/interfaces/axi_support/rv_iopmp_data_abstractor_axi.sv:78:39: error: invalid member access for type 'axi_req_nsaid_t' (aka 'logic')
assign axi_aux_req.aw.size = slv_req_i.aw.size;
                             ~~~~~~~~~^~~
third_party/zero-day-labs-riscv-iopmp/rtl/interfaces/axi_support/rv_iopmp_data_abstractor_axi.sv:79:19: error: invalid member access for type 'axi_req_t' (aka 'logic')
assign axi_aux_req.aw.burst = slv_req_i.aw.burst;
       ~~~~~~~~~~~^~~
third_party/zero-day-labs-riscv-iopmp/rtl/interfaces/axi_support/rv_iopmp_data_abstractor_axi.sv:79:40: error: invalid member access for type 'axi_req_nsaid_t' (aka 'logic')
assign axi_aux_req.aw.burst = slv_req_i.aw.burst;
                              ~~~~~~~~~^~~
fatal error: too many errors emitted, stopping now [--error-limit=]

Build failed: 20 errors, 0 warnings
ERROR: Design elaboration failed; see full log for details
read_slang failed for I1
