=== In-flight RC-IF ===
  IF01-A RST-B delay=8 ...
    -> PASS [SIMULATION_EVIDENCE] admit=0 commit_auth=0 rst=0 peek=0x5151A5A5;no_auth_commit
  IF01-B RST-B delay=8 ...
    -> INCONCLUSIVE [INCONCLUSIVE] admit=0 commit_auth=0 rst=0 peek=0x5151A5A5;no_admit
  IF01-C RST-B delay=8 ...
    -> INCONCLUSIVE [INCONCLUSIVE] admit=0 commit_auth=0 rst=0 peek=0x5151A5A5;no_admit
  IF01-D RST-B delay=8 ...
    -> INCONCLUSIVE [INCONCLUSIVE] admit=0 commit_auth=0 rst=0 peek=0x5151A5A5;no_admit
  IF02-A RST-B delay=8 ...
    -> INCONCLUSIVE [INCONCLUSIVE] auth_cpu_commits=0 before_rst=0 after_rst=0 rst=0 peek=0x5151A5A5;cpu_reset_land
  IF02-B RST-B delay=8 ...
    -> INCONCLUSIVE [INCONCLUSIVE] auth_cpu_commits=0 before_rst=0 after_rst=0 rst=0 peek=0x5151A5A5;cpu_reset_land
  IF02-C RST-B delay=8 ...
    -> INCONCLUSIVE [INCONCLUSIVE] auth_cpu_commits=0 before_rst=0 after_rst=0 rst=0 peek=0x5151A5A5;cpu_reset_land
  IF03-A RST-A delay=0 ...
    -> PASS [RESET_ASSUMPTION_DEPENDENCY] err=0 peek=0xDADA0120 model=RST-A
  IF03-A RST-B delay=0 ...
    -> PASS [SIMULATION_EVIDENCE] err=1 peek=0x5151A5A5 model=RST-B
  IF03-B RST-B delay=0 ...
    -> PASS [SIMULATION_EVIDENCE] err=1 peek=0x5151A5A5 model=RST-B
  IF03-C RST-B delay=0 ...
    -> PASS [SIMULATION_EVIDENCE] err= peek=0x5151A5A5 model=RST-B;ic_down
  IF03-D RST-B delay=0 ...
    -> PASS [SIMULATION_EVIDENCE] err= peek=0x5151A5A5 model=RST-B;sec_reset_after_pmp
  STALE-01 RST-B delay=8 ...
    -> INCONCLUSIVE [INCONCLUSIVE] stale_post_err=
Wrote /home/mmr/ricv_paper/results/tables/m7_inflight_reset_matrix.csv
Wrote /home/mmr/ricv_paper/results/tables/m7_reset_evidence_levels.csv
