=== In-flight RC-IF ===
  IF01-A RST-B delay=8 ...
    -> INCONCLUSIVE [INCONCLUSIVE] admit=2019 commit_auth=2034 rst=2019 peek=0x11111111;admit_window_zero_width_or_
  IF01-B RST-B delay=8 ...
    -> PASS [SIMULATION_EVIDENCE] admit=2019 commit_auth=2034 rst=2021 peek=0x11111111;ModelA_completes_after_rese
  IF01-C RST-B delay=8 ...
    -> PASS [SIMULATION_EVIDENCE] admit=2019 commit_auth=2034 rst=2025 peek=0x11111111;ModelA_completes_after_rese
  IF01-D RST-B delay=8 ...
    -> PASS [SIMULATION_EVIDENCE] admit=2019 commit_auth=0 rst=2020 peek=0x5151A5A5;no_auth_commit_after_reset
  IF02-A RST-B delay=8 ...
    -> INCONCLUSIVE [INCONCLUSIVE] auth_cpu_commits=2 before_rst=0 after_rst=2 rst=2028 peek=0xB0040004;multiple_po
  IF02-B RST-B delay=8 ...
    -> INCONCLUSIVE [INCONCLUSIVE] auth_cpu_commits=2 before_rst=0 after_rst=2 rst=2031 peek=0xB0040004;multiple_po
  IF02-C RST-B delay=8 ...
    -> PASS [SIMULATION_EVIDENCE] auth_cpu_commits=2 before_rst=1 after_rst=1 rst=2042 peek=0xB0040004;ModelA_or_s
  IF03-A RST-A delay=0 ...
    -> PASS [RESET_ASSUMPTION_DEPENDENCY] err=0 peek=0xDADA0120 model=RST-A
  IF03-A RST-B delay=0 ...
    -> PASS [SIMULATION_EVIDENCE] err=1 peek=0x5151A5A5 model=RST-B
  IF03-B RST-B delay=0 ...
    -> PASS [SIMULATION_EVIDENCE] err=1 peek=0x5151A5A5 model=RST-B
  IF03-C RST-B delay=0 ...
    -> PASS [SIMULATION_EVIDENCE] err= peek=0x5151A5A5 model=RST-B;ic_down
  IF03-D RST-B delay=0 ...
    -> PASS [SIMULATION_EVIDENCE] err= peek=0x5151A5A5 model=RST-B;sec_reset_after_pmp
  STALE-01 RST-B delay=8 ...
    -> INCONCLUSIVE [INCONCLUSIVE] stale_post_err=
Wrote /home/mmr/ricv_paper/results/tables/m7_inflight_reset_matrix.csv
Wrote /home/mmr/ricv_paper/results/tables/m7_reset_evidence_levels.csv
